{
  "summary": {
    "algo": "FG-DSCR-GC-OnlineNorm-Optuna",
    "num_containers": 200,
    "num_nodes": 8,
    "ACT": 288.7529583333333,
    "AMS": 612.7364583333333,
    "downloaded_mb": 108808,
    "reused_mb": 0,
    "reuse_rate": 0.0,
    "objective": 450.7447083333333
  },
  "assignment": {
    "edge-1": [
      "c019",
      "c078",
      "c060",
      "c155",
      "c147",
      "c126",
      "c097",
      "c092",
      "c167",
      "c127",
      "c009",
      "c005",
      "c114",
      "c138",
      "c141",
      "c028",
      "c103",
      "c011",
      "c033",
      "c194",
      "c117",
      "c108",
      "c082"
    ],
    "edge-2": [
      "c017",
      "c106",
      "c037",
      "c030",
      "c034",
      "c149",
      "c104",
      "c116",
      "c161",
      "c032",
      "c159",
      "c135",
      "c120",
      "c158",
      "c195",
      "c186",
      "c137",
      "c101",
      "c077",
      "c110",
      "c146",
      "c184",
      "c013",
      "c015",
      "c023",
      "c093",
      "c098",
      "c069",
      "c036"
    ],
    "edge-3": [
      "c199",
      "c123",
      "c142",
      "c052",
      "c053",
      "c196",
      "c105",
      "c180",
      "c156",
      "c018",
      "c169",
      "c118",
      "c070",
      "c001",
      "c100",
      "c014",
      "c102",
      "c062",
      "c171",
      "c096",
      "c113",
      "c168",
      "c119",
      "c029"
    ],
    "edge-4": [
      "c129",
      "c006",
      "c003",
      "c182",
      "c007",
      "c076",
      "c152",
      "c177",
      "c183",
      "c090",
      "c083",
      "c041",
      "c094",
      "c043",
      "c181",
      "c143",
      "c075",
      "c026",
      "c148",
      "c004",
      "c157",
      "c074",
      "c095",
      "c173"
    ],
    "edge-5": [
      "c057",
      "c164",
      "c122",
      "c025",
      "c058",
      "c067",
      "c088",
      "c109",
      "c068",
      "c045",
      "c139",
      "c044",
      "c056",
      "c193",
      "c039",
      "c008",
      "c132",
      "c150",
      "c042",
      "c081",
      "c085",
      "c050",
      "c179",
      "c084",
      "c170",
      "c012"
    ],
    "edge-6": [
      "c160",
      "c079",
      "c178",
      "c061",
      "c190",
      "c091",
      "c022",
      "c140",
      "c031",
      "c151",
      "c064",
      "c175",
      "c046",
      "c125",
      "c192",
      "c040",
      "c087",
      "c189",
      "c048",
      "c187",
      "c002",
      "c072",
      "c198",
      "c172",
      "c111"
    ],
    "edge-7": [
      "c016",
      "c121",
      "c066",
      "c010",
      "c188",
      "c027",
      "c134",
      "c107",
      "c089",
      "c136",
      "c080",
      "c162",
      "c055",
      "c154",
      "c200",
      "c163",
      "c073",
      "c191",
      "c185",
      "c038",
      "c124",
      "c059",
      "c047",
      "c165",
      "c115"
    ],
    "edge-8": [
      "c166",
      "c063",
      "c051",
      "c176",
      "c144",
      "c071",
      "c020",
      "c130",
      "c035",
      "c133",
      "c197",
      "c153",
      "c065",
      "c112",
      "c024",
      "c021",
      "c131",
      "c054",
      "c174",
      "c145",
      "c086",
      "c128",
      "c099",
      "c049"
    ]
  },
  "ordered_queues": {
    "edge-1": [
      "c194",
      "c033",
      "c011",
      "c103",
      "c028",
      "c141",
      "c114",
      "c009",
      "c138",
      "c005",
      "c097",
      "c127",
      "c167",
      "c092",
      "c126",
      "c147",
      "c019",
      "c060",
      "c078",
      "c082",
      "c108",
      "c117",
      "c155"
    ],
    "edge-2": [
      "c023",
      "c015",
      "c013",
      "c184",
      "c146",
      "c137",
      "c110",
      "c077",
      "c101",
      "c135",
      "c159",
      "c186",
      "c158",
      "c195",
      "c120",
      "c149",
      "c104",
      "c032",
      "c116",
      "c161",
      "c034",
      "c017",
      "c030",
      "c036",
      "c037",
      "c069",
      "c093",
      "c098",
      "c106"
    ],
    "edge-3": [
      "c113",
      "c096",
      "c171",
      "c014",
      "c062",
      "c070",
      "c102",
      "c118",
      "c100",
      "c001",
      "c180",
      "c018",
      "c169",
      "c156",
      "c105",
      "c196",
      "c029",
      "c052",
      "c053",
      "c119",
      "c123",
      "c142",
      "c168",
      "c199"
    ],
    "edge-4": [
      "c148",
      "c026",
      "c075",
      "c143",
      "c181",
      "c043",
      "c041",
      "c090",
      "c183",
      "c094",
      "c083",
      "c076",
      "c177",
      "c152",
      "c007",
      "c182",
      "c003",
      "c004",
      "c006",
      "c074",
      "c095",
      "c129",
      "c157",
      "c173"
    ],
    "edge-5": [
      "c179",
      "c050",
      "c085",
      "c042",
      "c132",
      "c008",
      "c150",
      "c056",
      "c044",
      "c139",
      "c081",
      "c039",
      "c193",
      "c088",
      "c109",
      "c045",
      "c068",
      "c025",
      "c058",
      "c067",
      "c012",
      "c057",
      "c084",
      "c122",
      "c164",
      "c170"
    ],
    "edge-6": [
      "c187",
      "c189",
      "c040",
      "c048",
      "c192",
      "c087",
      "c046",
      "c151",
      "c125",
      "c064",
      "c175",
      "c031",
      "c190",
      "c140",
      "c022",
      "c091",
      "c061",
      "c178",
      "c002",
      "c072",
      "c079",
      "c111",
      "c160",
      "c172",
      "c198"
    ],
    "edge-7": [
      "c059",
      "c124",
      "c038",
      "c073",
      "c163",
      "c185",
      "c191",
      "c162",
      "c200",
      "c055",
      "c154",
      "c107",
      "c080",
      "c136",
      "c089",
      "c134",
      "c027",
      "c010",
      "c016",
      "c047",
      "c066",
      "c115",
      "c121",
      "c165",
      "c188"
    ],
    "edge-8": [
      "c145",
      "c174",
      "c131",
      "c021",
      "c024",
      "c054",
      "c153",
      "c197",
      "c112",
      "c065",
      "c020",
      "c133",
      "c035",
      "c130",
      "c071",
      "c144",
      "c049",
      "c051",
      "c063",
      "c086",
      "c099",
      "c128",
      "c166",
      "c176"
    ]
  }
}
