{
  "summary": {
    "algo": "FG-DSCR-GC-K8s-selected",
    "num_containers": 300,
    "num_assigned": 92,
    "num_failed": 208,
    "fail_rate": 0.6933333333333334,
    "num_nodes": 8,
    "ACT": 123.2830615942029,
    "AMS": 210.31041666666664,
    "downloaded_mb": 9960,
    "reused_mb": 80716,
    "reuse_rate": 0.8901583660505537,
    "objective_base": 166.7967391304348,
    "fail_penalty": 693.3333333333334,
    "lambda_fail": 1000.0,
    "objective": 860.1300724637681
  },
  "assignment": {
    "edge-1": [
      "c041",
      "c095",
      "c129",
      "c158",
      "c175",
      "c205",
      "c230",
      "c240",
      "c241",
      "c251",
      "c252",
      "c272",
      "c281",
      "c009"
    ],
    "edge-2": [
      "c296",
      "c028",
      "c043",
      "c088",
      "c143",
      "c174",
      "c180",
      "c003",
      "c022",
      "c049",
      "c159"
    ],
    "edge-3": [
      "c012",
      "c053",
      "c083",
      "c132",
      "c171",
      "c183",
      "c189",
      "c200",
      "c203",
      "c217",
      "c153",
      "c177"
    ],
    "edge-4": [
      "c078",
      "c136",
      "c155",
      "c239",
      "c261",
      "c265",
      "c266",
      "c032",
      "c033",
      "c044",
      "c198"
    ],
    "edge-5": [
      "c219",
      "c280",
      "c068",
      "c154",
      "c264",
      "c283",
      "c071",
      "c020",
      "c109",
      "c065",
      "c037",
      "c148"
    ],
    "edge-6": [
      "c051",
      "c116",
      "c156",
      "c169",
      "c185",
      "c187",
      "c199",
      "c214",
      "c262"
    ],
    "edge-7": [
      "c166",
      "c191",
      "c211",
      "c245",
      "c260",
      "c267",
      "c277",
      "c292",
      "c294",
      "c297",
      "c005",
      "c015"
    ],
    "edge-8": [
      "c220",
      "c285",
      "c050",
      "c062",
      "c073",
      "c087",
      "c101",
      "c112",
      "c114",
      "c151",
      "c179"
    ]
  },
  "ordered_queues": {
    "edge-1": [
      "c009",
      "c041",
      "c095",
      "c129",
      "c158",
      "c175",
      "c205",
      "c230",
      "c240",
      "c241",
      "c251",
      "c252",
      "c272",
      "c281"
    ],
    "edge-2": [
      "c003",
      "c022",
      "c028",
      "c043",
      "c049",
      "c088",
      "c143",
      "c159",
      "c174",
      "c180",
      "c296"
    ],
    "edge-3": [
      "c012",
      "c053",
      "c083",
      "c132",
      "c171",
      "c183",
      "c189",
      "c200",
      "c203",
      "c217",
      "c153",
      "c177"
    ],
    "edge-4": [
      "c032",
      "c033",
      "c044",
      "c078",
      "c136",
      "c155",
      "c198",
      "c239",
      "c261",
      "c265",
      "c266"
    ],
    "edge-5": [
      "c068",
      "c071",
      "c154",
      "c219",
      "c264",
      "c280",
      "c283",
      "c020",
      "c037",
      "c065",
      "c109",
      "c148"
    ],
    "edge-6": [
      "c051",
      "c116",
      "c156",
      "c169",
      "c185",
      "c187",
      "c199",
      "c214",
      "c262"
    ],
    "edge-7": [
      "c005",
      "c015",
      "c166",
      "c191",
      "c211",
      "c245",
      "c260",
      "c267",
      "c277",
      "c292",
      "c294",
      "c297"
    ],
    "edge-8": [
      "c050",
      "c062",
      "c073",
      "c087",
      "c101",
      "c112",
      "c114",
      "c151",
      "c220",
      "c285",
      "c179"
    ]
  }
}
