{
  "summary": {
    "algo": "FG-DSCR-GC-K8s-selected",
    "num_containers": 300,
    "num_assigned": 95,
    "num_failed": 205,
    "fail_rate": 0.6833333333333333,
    "num_nodes": 8,
    "ACT": 126.22697368421052,
    "AMS": 217.75625000000002,
    "downloaded_mb": 11648,
    "reused_mb": 80718,
    "reuse_rate": 0.8738929909273975,
    "objective_base": 171.99161184210527,
    "fail_penalty": 683.3333333333334,
    "lambda_fail": 1000.0,
    "objective": 855.3249451754386
  },
  "assignment": {
    "edge-1": [
      "c129",
      "c158",
      "c175",
      "c205",
      "c240",
      "c241",
      "c251",
      "c252",
      "c272",
      "c281",
      "c009",
      "c148",
      "c042"
    ],
    "edge-2": [
      "c296",
      "c028",
      "c043",
      "c088",
      "c143",
      "c174",
      "c180",
      "c003",
      "c022",
      "c049",
      "c280"
    ],
    "edge-3": [
      "c012",
      "c053",
      "c083",
      "c132",
      "c171",
      "c183",
      "c189",
      "c200",
      "c203",
      "c217",
      "c068",
      "c154",
      "c264",
      "c283",
      "c071"
    ],
    "edge-4": [
      "c078",
      "c136",
      "c155",
      "c239",
      "c261",
      "c265",
      "c266",
      "c032",
      "c033",
      "c020",
      "c046"
    ],
    "edge-5": [
      "c245",
      "c260",
      "c267",
      "c277",
      "c292",
      "c294",
      "c297",
      "c005",
      "c015",
      "c095",
      "c037",
      "c138"
    ],
    "edge-6": [
      "c044",
      "c051",
      "c116",
      "c156",
      "c159",
      "c169",
      "c185",
      "c187",
      "c219",
      "c103"
    ],
    "edge-7": [
      "c073",
      "c087",
      "c101",
      "c112",
      "c151",
      "c166",
      "c191",
      "c198",
      "c041",
      "c230",
      "c065",
      "c140"
    ],
    "edge-8": [
      "c199",
      "c214",
      "c220",
      "c262",
      "c285",
      "c050",
      "c062",
      "c114",
      "c211",
      "c109",
      "c179"
    ]
  },
  "ordered_queues": {
    "edge-1": [
      "c009",
      "c129",
      "c158",
      "c175",
      "c205",
      "c240",
      "c241",
      "c251",
      "c252",
      "c272",
      "c281",
      "c042",
      "c148"
    ],
    "edge-2": [
      "c003",
      "c022",
      "c028",
      "c043",
      "c049",
      "c088",
      "c143",
      "c174",
      "c180",
      "c280",
      "c296"
    ],
    "edge-3": [
      "c012",
      "c053",
      "c068",
      "c071",
      "c083",
      "c132",
      "c154",
      "c171",
      "c183",
      "c189",
      "c200",
      "c203",
      "c217",
      "c264",
      "c283"
    ],
    "edge-4": [
      "c032",
      "c033",
      "c078",
      "c136",
      "c155",
      "c239",
      "c261",
      "c265",
      "c266",
      "c020",
      "c046"
    ],
    "edge-5": [
      "c005",
      "c015",
      "c095",
      "c245",
      "c260",
      "c267",
      "c277",
      "c292",
      "c294",
      "c297",
      "c037",
      "c138"
    ],
    "edge-6": [
      "c044",
      "c051",
      "c116",
      "c156",
      "c159",
      "c169",
      "c185",
      "c187",
      "c219",
      "c103"
    ],
    "edge-7": [
      "c041",
      "c073",
      "c087",
      "c101",
      "c112",
      "c151",
      "c166",
      "c191",
      "c198",
      "c230",
      "c065",
      "c140"
    ],
    "edge-8": [
      "c050",
      "c062",
      "c114",
      "c199",
      "c211",
      "c214",
      "c220",
      "c262",
      "c285",
      "c109",
      "c179"
    ]
  }
}
