{
  "summary": {
    "algo": "FG-DSCR-GC-K8s-selected",
    "num_containers": 1000,
    "num_assigned": 188,
    "num_failed": 812,
    "fail_rate": 0.812,
    "num_nodes": 8,
    "ACT": 224.10053191489362,
    "AMS": 422.8525000000001,
    "downloaded_mb": 57873,
    "reused_mb": 33870,
    "reuse_rate": 0.3691834799385239,
    "objective_base": 323.47651595744685,
    "fail_penalty": 812.0,
    "lambda_fail": 1000.0,
    "objective": 1135.4765159574467
  },
  "assignment": {
    "edge-1": [
      "c091",
      "c935",
      "c398",
      "c138",
      "c725",
      "c437",
      "c876",
      "c795",
      "c462",
      "c484",
      "c042",
      "c636",
      "c736",
      "c243",
      "c295",
      "c483",
      "c046",
      "c468",
      "c787",
      "c926",
      "c418",
      "c801",
      "c909",
      "c785"
    ],
    "edge-2": [
      "c360",
      "c443",
      "c987",
      "c928",
      "c504",
      "c583",
      "c473",
      "c693",
      "c988",
      "c525",
      "c142",
      "c299",
      "c684",
      "c732",
      "c942",
      "c748",
      "c903",
      "c874",
      "c259",
      "c548",
      "c465",
      "c115",
      "c697"
    ],
    "edge-3": [
      "c369",
      "c833",
      "c568",
      "c676",
      "c777",
      "c228",
      "c025",
      "c085",
      "c471",
      "c494",
      "c075",
      "c237",
      "c738",
      "c364",
      "c509",
      "c835",
      "c350",
      "c380",
      "c162",
      "c482",
      "c273",
      "c250",
      "c422"
    ],
    "edge-4": [
      "c551",
      "c286",
      "c426",
      "c532",
      "c023",
      "c921",
      "c472",
      "c630",
      "c407",
      "c055",
      "c395",
      "c673",
      "c972",
      "c591",
      "c678",
      "c761",
      "c805",
      "c992",
      "c269",
      "c582",
      "c920",
      "c202",
      "c412",
      "c435"
    ],
    "edge-5": [
      "c580",
      "c161",
      "c925",
      "c918",
      "c790",
      "c570",
      "c871",
      "c559",
      "c031",
      "c103",
      "c282",
      "c041",
      "c053",
      "c189",
      "c203",
      "c230",
      "c280",
      "c378",
      "c537",
      "c572",
      "c315",
      "c503",
      "c775",
      "c536"
    ],
    "edge-6": [
      "c167",
      "c071",
      "c336",
      "c981",
      "c930",
      "c959",
      "c984",
      "c083",
      "c401",
      "c589",
      "c629",
      "c730",
      "c753",
      "c068",
      "c154",
      "c264",
      "c459",
      "c562",
      "c782",
      "c844",
      "c444",
      "c845",
      "c211",
      "c310"
    ],
    "edge-7": [
      "c375",
      "c690",
      "c235",
      "c007",
      "c843",
      "c256",
      "c659",
      "c661",
      "c689",
      "c978",
      "c862",
      "c333",
      "c344",
      "c491",
      "c754",
      "c374",
      "c982",
      "c766",
      "c158",
      "c351",
      "c145",
      "c541",
      "c376"
    ],
    "edge-8": [
      "c976",
      "c024",
      "c592",
      "c540",
      "c712",
      "c110",
      "c715",
      "c213",
      "c057",
      "c290",
      "c382",
      "c670",
      "c873",
      "c637",
      "c512",
      "c597",
      "c318",
      "c875",
      "c210",
      "c867",
      "c723",
      "c102",
      "c955"
    ]
  },
  "ordered_queues": {
    "edge-1": [
      "c042",
      "c046",
      "c138",
      "c418",
      "c437",
      "c725",
      "c876",
      "c468",
      "c787",
      "c243",
      "c295",
      "c398",
      "c483",
      "c795",
      "c935",
      "c484",
      "c801",
      "c909",
      "c091",
      "c785",
      "c462",
      "c636",
      "c736",
      "c926"
    ],
    "edge-2": [
      "c115",
      "c903",
      "c693",
      "c874",
      "c928",
      "c525",
      "c360",
      "c443",
      "c732",
      "c697",
      "c504",
      "c583",
      "c748",
      "c987",
      "c142",
      "c299",
      "c684",
      "c473",
      "c988",
      "c465",
      "c259",
      "c548",
      "c942"
    ],
    "edge-3": [
      "c162",
      "c273",
      "c364",
      "c369",
      "c471",
      "c482",
      "c494",
      "c509",
      "c568",
      "c676",
      "c777",
      "c833",
      "c835",
      "c237",
      "c250",
      "c738",
      "c350",
      "c228",
      "c085",
      "c380",
      "c422",
      "c025",
      "c075"
    ],
    "edge-4": [
      "c591",
      "c678",
      "c023",
      "c286",
      "c395",
      "c472",
      "c673",
      "c920",
      "c972",
      "c761",
      "c630",
      "c269",
      "c532",
      "c582",
      "c426",
      "c551",
      "c921",
      "c805",
      "c407",
      "c055",
      "c202",
      "c412",
      "c435",
      "c992"
    ],
    "edge-5": [
      "c041",
      "c053",
      "c189",
      "c203",
      "c230",
      "c280",
      "c315",
      "c378",
      "c503",
      "c537",
      "c031",
      "c103",
      "c161",
      "c282",
      "c790",
      "c925",
      "c580",
      "c572",
      "c775",
      "c559",
      "c570",
      "c918",
      "c536",
      "c871"
    ],
    "edge-6": [
      "c068",
      "c071",
      "c083",
      "c154",
      "c211",
      "c264",
      "c310",
      "c336",
      "c401",
      "c459",
      "c562",
      "c589",
      "c629",
      "c730",
      "c753",
      "c782",
      "c844",
      "c930",
      "c959",
      "c981",
      "c167",
      "c444",
      "c845",
      "c984"
    ],
    "edge-7": [
      "c235",
      "c333",
      "c344",
      "c491",
      "c754",
      "c766",
      "c256",
      "c375",
      "c659",
      "c661",
      "c689",
      "c978",
      "c145",
      "c541",
      "c376",
      "c374",
      "c007",
      "c843",
      "c690",
      "c862",
      "c982",
      "c158",
      "c351"
    ],
    "edge-8": [
      "c057",
      "c110",
      "c290",
      "c382",
      "c637",
      "c024",
      "c213",
      "c592",
      "c712",
      "c873",
      "c540",
      "c715",
      "c867",
      "c976",
      "c955",
      "c102",
      "c512",
      "c597",
      "c210",
      "c723",
      "c318",
      "c875",
      "c670"
    ]
  }
}
