{
  "summary": {
    "algo": "FG-DSCR-GC-K8s-selected",
    "num_containers": 400,
    "num_assigned": 155,
    "num_failed": 245,
    "fail_rate": 0.6125,
    "num_nodes": 8,
    "ACT": 258.4965898617511,
    "AMS": 528.347619047619,
    "downloaded_mb": 79170,
    "reused_mb": 0,
    "reuse_rate": 0.0,
    "objective_base": 393.42210445468504,
    "fail_penalty": 612.5,
    "lambda_fail": 1000.0,
    "objective": 1005.922104454685
  },
  "assignment": {
    "edge-1": [
      "c091",
      "c369",
      "c161",
      "c228",
      "c025",
      "c364",
      "c350",
      "c380",
      "c162",
      "c273",
      "c031",
      "c103",
      "c282",
      "c374",
      "c141",
      "c205",
      "c240",
      "c252",
      "c233",
      "c171",
      "c217"
    ],
    "edge-2": [
      "c360",
      "c286",
      "c237",
      "c023",
      "c395",
      "c299",
      "c250",
      "c318",
      "c115",
      "c389",
      "c292",
      "c032",
      "c159",
      "c185",
      "c139",
      "c015",
      "c332",
      "c105",
      "c283",
      "c108"
    ],
    "edge-3": [
      "c085",
      "c235",
      "c333",
      "c344",
      "c126",
      "c002",
      "c337",
      "c080",
      "c270",
      "c284",
      "c265",
      "c323",
      "c225",
      "c039",
      "c178",
      "c146"
    ],
    "edge-4": [
      "c398",
      "c243",
      "c295",
      "c210",
      "c145",
      "c056",
      "c301",
      "c390",
      "c288",
      "c372",
      "c144",
      "c176",
      "c212",
      "c157",
      "c306",
      "c190",
      "c206",
      "c232",
      "c338"
    ],
    "edge-5": [
      "c167",
      "c071",
      "c336",
      "c083",
      "c068",
      "c154",
      "c264",
      "c055",
      "c007",
      "c041",
      "c053",
      "c189",
      "c203",
      "c230",
      "c280",
      "c378",
      "c158",
      "c351",
      "c211",
      "c310",
      "c315",
      "c251",
      "c272"
    ],
    "edge-6": [
      "c024",
      "c213",
      "c102",
      "c376",
      "c069",
      "c257",
      "c244",
      "c215",
      "c165",
      "c118",
      "c003",
      "c239",
      "c070",
      "c387",
      "c227",
      "c132",
      "c200",
      "c079"
    ],
    "edge-7": [
      "c375",
      "c138",
      "c256",
      "c042",
      "c142",
      "c269",
      "c046",
      "c259",
      "c314",
      "c182",
      "c130",
      "c377",
      "c072",
      "c067",
      "c303",
      "c370",
      "c319",
      "c064",
      "c246",
      "c179"
    ],
    "edge-8": [
      "c075",
      "c110",
      "c057",
      "c290",
      "c382",
      "c202",
      "c077",
      "c355",
      "c112",
      "c114",
      "c198",
      "c304",
      "c317",
      "c368",
      "c016",
      "c063",
      "c030",
      "c113"
    ]
  },
  "ordered_queues": {
    "edge-1": [
      "c091",
      "c350",
      "c228",
      "c233",
      "c374",
      "c162",
      "c025",
      "c171",
      "c031",
      "c141",
      "c273",
      "c380",
      "c103",
      "c364",
      "c205",
      "c369",
      "c161",
      "c282",
      "c217",
      "c240",
      "c252"
    ],
    "edge-2": [
      "c015",
      "c108",
      "c360",
      "c139",
      "c237",
      "c032",
      "c299",
      "c115",
      "c250",
      "c023",
      "c318",
      "c389",
      "c286",
      "c159",
      "c395",
      "c332",
      "c105",
      "c185",
      "c283",
      "c292"
    ],
    "edge-3": [
      "c085",
      "c270",
      "c126",
      "c225",
      "c235",
      "c333",
      "c002",
      "c337",
      "c039",
      "c080",
      "c344",
      "c284",
      "c178",
      "c146",
      "c265",
      "c323"
    ],
    "edge-4": [
      "c145",
      "c210",
      "c212",
      "c144",
      "c372",
      "c306",
      "c243",
      "c190",
      "c056",
      "c206",
      "c288",
      "c176",
      "c295",
      "c157",
      "c301",
      "c338",
      "c232",
      "c390",
      "c398"
    ],
    "edge-5": [
      "c041",
      "c053",
      "c068",
      "c071",
      "c083",
      "c154",
      "c158",
      "c189",
      "c203",
      "c211",
      "c230",
      "c251",
      "c264",
      "c272",
      "c280",
      "c167",
      "c310",
      "c055",
      "c007",
      "c315",
      "c336",
      "c351",
      "c378"
    ],
    "edge-6": [
      "c102",
      "c376",
      "c257",
      "c079",
      "c070",
      "c244",
      "c024",
      "c069",
      "c213",
      "c118",
      "c227",
      "c165",
      "c387",
      "c215",
      "c003",
      "c132",
      "c200",
      "c239"
    ],
    "edge-7": [
      "c142",
      "c042",
      "c067",
      "c259",
      "c130",
      "c269",
      "c046",
      "c256",
      "c370",
      "c319",
      "c375",
      "c182",
      "c138",
      "c377",
      "c314",
      "c064",
      "c179",
      "c072",
      "c246",
      "c303"
    ],
    "edge-8": [
      "c063",
      "c016",
      "c075",
      "c030",
      "c077",
      "c355",
      "c057",
      "c113",
      "c110",
      "c202",
      "c290",
      "c368",
      "c382",
      "c112",
      "c114",
      "c198",
      "c304",
      "c317"
    ]
  }
}
