{
  "summary": {
    "algo": "FG-DSCR-GC-K8s-selected",
    "num_containers": 500,
    "num_assigned": 154,
    "num_failed": 346,
    "fail_rate": 0.692,
    "num_nodes": 8,
    "ACT": 253.02012987012986,
    "AMS": 500.81,
    "downloaded_mb": 75374,
    "reused_mb": 0,
    "reuse_rate": 0.0,
    "objective_base": 376.91506493506495,
    "fail_penalty": 692.0,
    "lambda_fail": 1000.0,
    "objective": 1068.915064935065
  },
  "assignment": {
    "edge-1": [
      "c091",
      "c398",
      "c110",
      "c484",
      "c057",
      "c290",
      "c382",
      "c243",
      "c295",
      "c483",
      "c210",
      "c202",
      "c412",
      "c444",
      "c145",
      "c056",
      "c301",
      "c390",
      "c270",
      "c157"
    ],
    "edge-2": [
      "c360",
      "c443",
      "c228",
      "c025",
      "c085",
      "c426",
      "c075",
      "c350",
      "c380",
      "c482",
      "c407",
      "c273",
      "c142",
      "c374",
      "c422",
      "c476",
      "c077",
      "c244",
      "c284",
      "c165",
      "c416"
    ],
    "edge-3": [
      "c369",
      "c435",
      "c471",
      "c494",
      "c235",
      "c364",
      "c162",
      "c333",
      "c344",
      "c491",
      "c318",
      "c126",
      "c272",
      "c292",
      "c032",
      "c159",
      "c185",
      "c406",
      "c355",
      "c370"
    ],
    "edge-4": [
      "c167",
      "c024",
      "c007",
      "c213",
      "c299",
      "c465",
      "c069",
      "c481",
      "c419",
      "c337",
      "c487",
      "c480",
      "c303",
      "c252",
      "c304",
      "c317"
    ],
    "edge-5": [
      "c375",
      "c138",
      "c437",
      "c256",
      "c042",
      "c046",
      "c418",
      "c102",
      "c376",
      "c314",
      "c182",
      "c478",
      "c130",
      "c002",
      "c454",
      "c067",
      "c080",
      "c455"
    ],
    "edge-6": [
      "c286",
      "c237",
      "c023",
      "c472",
      "c395",
      "c250",
      "c269",
      "c259",
      "c288",
      "c402",
      "c372",
      "c144",
      "c389",
      "c377",
      "c072",
      "c139",
      "c215",
      "c112"
    ],
    "edge-7": [
      "c161",
      "c055",
      "c462",
      "c031",
      "c103",
      "c282",
      "c115",
      "c257",
      "c141",
      "c176",
      "c212",
      "c015",
      "c205",
      "c240",
      "c114",
      "c198",
      "c233",
      "c070"
    ],
    "edge-8": [
      "c071",
      "c336",
      "c083",
      "c401",
      "c068",
      "c154",
      "c264",
      "c459",
      "c473",
      "c041",
      "c053",
      "c189",
      "c203",
      "c230",
      "c280",
      "c378",
      "c158",
      "c351",
      "c468",
      "c211",
      "c310",
      "c315",
      "c251"
    ]
  },
  "ordered_queues": {
    "edge-1": [
      "c091",
      "c057",
      "c145",
      "c210",
      "c110",
      "c243",
      "c202",
      "c270",
      "c484",
      "c290",
      "c056",
      "c295",
      "c301",
      "c382",
      "c398",
      "c157",
      "c390",
      "c483",
      "c412",
      "c444"
    ],
    "edge-2": [
      "c350",
      "c360",
      "c228",
      "c407",
      "c142",
      "c374",
      "c244",
      "c426",
      "c025",
      "c085",
      "c075",
      "c380",
      "c077",
      "c416",
      "c422",
      "c273",
      "c443",
      "c476",
      "c284",
      "c482",
      "c165"
    ],
    "edge-3": [
      "c162",
      "c126",
      "c364",
      "c235",
      "c369",
      "c355",
      "c318",
      "c333",
      "c032",
      "c370",
      "c435",
      "c344",
      "c471",
      "c491",
      "c494",
      "c159",
      "c185",
      "c272",
      "c292",
      "c406"
    ],
    "edge-4": [
      "c419",
      "c465",
      "c167",
      "c299",
      "c007",
      "c024",
      "c069",
      "c337",
      "c487",
      "c213",
      "c480",
      "c481",
      "c303",
      "c252",
      "c304",
      "c317"
    ],
    "edge-5": [
      "c102",
      "c376",
      "c478",
      "c042",
      "c067",
      "c130",
      "c256",
      "c046",
      "c375",
      "c002",
      "c182",
      "c138",
      "c080",
      "c314",
      "c455",
      "c418",
      "c437",
      "c454"
    ],
    "edge-6": [
      "c139",
      "c237",
      "c372",
      "c023",
      "c250",
      "c259",
      "c389",
      "c144",
      "c286",
      "c269",
      "c288",
      "c395",
      "c377",
      "c402",
      "c472",
      "c072",
      "c215",
      "c112"
    ],
    "edge-7": [
      "c070",
      "c257",
      "c233",
      "c055",
      "c141",
      "c115",
      "c462",
      "c031",
      "c103",
      "c176",
      "c212",
      "c015",
      "c161",
      "c282",
      "c114",
      "c198",
      "c205",
      "c240"
    ],
    "edge-8": [
      "c041",
      "c053",
      "c068",
      "c071",
      "c083",
      "c154",
      "c158",
      "c189",
      "c203",
      "c211",
      "c230",
      "c251",
      "c264",
      "c280",
      "c310",
      "c315",
      "c473",
      "c336",
      "c351",
      "c378",
      "c401",
      "c459",
      "c468"
    ]
  }
}
