{
  "summary": {
    "algo": "FG-DSCR-GC-K8s-selected",
    "num_containers": 700,
    "num_assigned": 172,
    "num_failed": 528,
    "fail_rate": 0.7542857142857143,
    "num_nodes": 8,
    "ACT": 205.61705426356593,
    "AMS": 389.0283333333334,
    "downloaded_mb": 48334,
    "reused_mb": 28565,
    "reuse_rate": 0.3714612673766889,
    "objective_base": 297.3226937984497,
    "fail_penalty": 754.2857142857143,
    "lambda_fail": 1000.0,
    "objective": 1051.608408084164
  },
  "assignment": {
    "edge-1": [
      "c091",
      "c161",
      "c570",
      "c559",
      "c031",
      "c103",
      "c282",
      "c572",
      "c591",
      "c678",
      "c158",
      "c351",
      "c468",
      "c548",
      "c211",
      "c310",
      "c315",
      "c503",
      "c314",
      "c389",
      "c674",
      "c607",
      "c210"
    ],
    "edge-2": [
      "c360",
      "c443",
      "c504",
      "c380",
      "c583",
      "c473",
      "c007",
      "c422",
      "c670",
      "c126",
      "c182",
      "c523",
      "c251",
      "c272",
      "c478",
      "c664",
      "c130",
      "c476",
      "c233"
    ],
    "edge-3": [
      "c369",
      "c568",
      "c676",
      "c228",
      "c025",
      "c085",
      "c435",
      "c471",
      "c494",
      "c075",
      "c237",
      "c364",
      "c509",
      "c350",
      "c162",
      "c482",
      "c630",
      "c407",
      "c693",
      "c462",
      "c256",
      "c661",
      "c689",
      "c273"
    ],
    "edge-4": [
      "c551",
      "c690",
      "c426",
      "c532",
      "c110",
      "c057",
      "c290",
      "c382",
      "c525",
      "c269",
      "c582",
      "c637",
      "c259",
      "c202",
      "c412",
      "c444",
      "c102",
      "c376",
      "c115",
      "c641",
      "c257",
      "c697"
    ],
    "edge-5": [
      "c580",
      "c071",
      "c336",
      "c083",
      "c401",
      "c589",
      "c629",
      "c068",
      "c154",
      "c264",
      "c459",
      "c562",
      "c055",
      "c041",
      "c053",
      "c189",
      "c203",
      "c230",
      "c280",
      "c378",
      "c546",
      "c653",
      "c292",
      "c537"
    ],
    "edge-6": [
      "c167",
      "c398",
      "c235",
      "c333",
      "c344",
      "c491",
      "c484",
      "c142",
      "c299",
      "c684",
      "c243",
      "c295",
      "c483",
      "c512",
      "c597",
      "c465",
      "c536",
      "c141",
      "c077",
      "c565",
      "c545"
    ],
    "edge-7": [
      "c375",
      "c024",
      "c592",
      "c540",
      "c659",
      "c213",
      "c250",
      "c318",
      "c056",
      "c301",
      "c390",
      "c288",
      "c402",
      "c069",
      "c372",
      "c144",
      "c700",
      "c377",
      "c002"
    ],
    "edge-8": [
      "c286",
      "c138",
      "c023",
      "c437",
      "c472",
      "c395",
      "c673",
      "c042",
      "c374",
      "c636",
      "c046",
      "c418",
      "c145",
      "c541",
      "c647",
      "c602",
      "c176",
      "c072",
      "c552",
      "c481"
    ]
  },
  "ordered_queues": {
    "edge-1": [
      "c158",
      "c211",
      "c310",
      "c315",
      "c351",
      "c468",
      "c503",
      "c572",
      "c031",
      "c103",
      "c161",
      "c282",
      "c314",
      "c548",
      "c559",
      "c570",
      "c591",
      "c091",
      "c607",
      "c210",
      "c674",
      "c389",
      "c678"
    ],
    "edge-2": [
      "c233",
      "c360",
      "c380",
      "c422",
      "c443",
      "c504",
      "c523",
      "c583",
      "c478",
      "c473",
      "c007",
      "c476",
      "c670",
      "c664",
      "c182",
      "c130",
      "c126",
      "c251",
      "c272"
    ],
    "edge-3": [
      "c162",
      "c273",
      "c364",
      "c369",
      "c435",
      "c471",
      "c482",
      "c494",
      "c509",
      "c568",
      "c676",
      "c630",
      "c350",
      "c256",
      "c661",
      "c689",
      "c085",
      "c228",
      "c407",
      "c693",
      "c025",
      "c237",
      "c075",
      "c462"
    ],
    "edge-4": [
      "c057",
      "c110",
      "c202",
      "c290",
      "c382",
      "c412",
      "c444",
      "c637",
      "c259",
      "c269",
      "c532",
      "c582",
      "c697",
      "c525",
      "c641",
      "c102",
      "c376",
      "c257",
      "c426",
      "c551",
      "c115",
      "c690"
    ],
    "edge-5": [
      "c041",
      "c053",
      "c068",
      "c071",
      "c083",
      "c154",
      "c189",
      "c203",
      "c230",
      "c264",
      "c280",
      "c292",
      "c336",
      "c378",
      "c401",
      "c459",
      "c537",
      "c580",
      "c562",
      "c589",
      "c055",
      "c546",
      "c653",
      "c629"
    ],
    "edge-6": [
      "c243",
      "c295",
      "c398",
      "c483",
      "c484",
      "c235",
      "c333",
      "c344",
      "c491",
      "c465",
      "c512",
      "c597",
      "c565",
      "c167",
      "c142",
      "c299",
      "c684",
      "c141",
      "c077",
      "c536",
      "c545"
    ],
    "edge-7": [
      "c024",
      "c069",
      "c213",
      "c592",
      "c056",
      "c301",
      "c390",
      "c540",
      "c144",
      "c288",
      "c402",
      "c372",
      "c375",
      "c318",
      "c659",
      "c250",
      "c377",
      "c700",
      "c002"
    ],
    "edge-8": [
      "c042",
      "c046",
      "c138",
      "c418",
      "c437",
      "c023",
      "c286",
      "c395",
      "c472",
      "c673",
      "c145",
      "c541",
      "c374",
      "c602",
      "c636",
      "c647",
      "c072",
      "c176",
      "c481",
      "c552"
    ]
  }
}
