{
  "summary": {
    "algo": "FG-DSCR-GC-K8s-selected",
    "num_containers": 900,
    "num_assigned": 182,
    "num_failed": 718,
    "fail_rate": 0.7977777777777778,
    "num_nodes": 8,
    "ACT": 231.09279609279605,
    "AMS": 434.8885416666667,
    "downloaded_mb": 86309,
    "reused_mb": 0,
    "reuse_rate": 0.0,
    "objective_base": 332.9906688797314,
    "fail_penalty": 797.7777777777778,
    "lambda_fail": 1000.0,
    "objective": 1130.7684466575092
  },
  "assignment": {
    "edge-1": [
      "c091",
      "c286",
      "c504",
      "c023",
      "c570",
      "c472",
      "c583",
      "c559",
      "c273",
      "c395",
      "c673",
      "c636",
      "c422",
      "c732",
      "c736",
      "c670",
      "c318",
      "c875",
      "c548",
      "c211",
      "c541",
      "c376",
      "c697"
    ],
    "edge-2": [
      "c360",
      "c443",
      "c580",
      "c138",
      "c725",
      "c437",
      "c876",
      "c380",
      "c007",
      "c843",
      "c754",
      "c042",
      "c041",
      "c053",
      "c189",
      "c203",
      "c230",
      "c280",
      "c378",
      "c537",
      "c314",
      "c390",
      "c288",
      "c402"
    ],
    "edge-3": [
      "c167",
      "c690",
      "c540",
      "c862",
      "c715",
      "c290",
      "c382",
      "c637",
      "c512",
      "c597",
      "c867",
      "c202",
      "c412",
      "c444",
      "c845",
      "c310",
      "c315",
      "c503",
      "c775",
      "c465",
      "c115",
      "c898"
    ],
    "edge-4": [
      "c161",
      "c532",
      "c790",
      "c213",
      "c031",
      "c103",
      "c282",
      "c269",
      "c582",
      "c873",
      "c046",
      "c259",
      "c418",
      "c785",
      "c723",
      "c102",
      "c145",
      "c069",
      "c771",
      "c888"
    ],
    "edge-5": [
      "c369",
      "c833",
      "c568",
      "c676",
      "c777",
      "c228",
      "c025",
      "c435",
      "c471",
      "c494",
      "c024",
      "c592",
      "c235",
      "c509",
      "c835",
      "c350",
      "c162",
      "c482",
      "c712",
      "c110",
      "c333",
      "c344",
      "c491",
      "c801"
    ],
    "edge-6": [
      "c375",
      "c075",
      "c237",
      "c738",
      "c693",
      "c256",
      "c659",
      "c661",
      "c689",
      "c572",
      "c591",
      "c678",
      "c761",
      "c805",
      "c250",
      "c158",
      "c351",
      "c468",
      "c787",
      "c874",
      "c545",
      "c602",
      "c233"
    ],
    "edge-7": [
      "c551",
      "c071",
      "c336",
      "c426",
      "c083",
      "c401",
      "c589",
      "c629",
      "c730",
      "c753",
      "c068",
      "c154",
      "c264",
      "c459",
      "c562",
      "c782",
      "c844",
      "c871",
      "c462",
      "c057",
      "c536",
      "c647",
      "c126",
      "c364"
    ],
    "edge-8": [
      "c085",
      "c398",
      "c795",
      "c630",
      "c407",
      "c473",
      "c055",
      "c484",
      "c525",
      "c142",
      "c374",
      "c299",
      "c684",
      "c766",
      "c243",
      "c295",
      "c483",
      "c748",
      "c210",
      "c056",
      "c301",
      "c884"
    ]
  },
  "ordered_queues": {
    "edge-1": [
      "c023",
      "c548",
      "c286",
      "c559",
      "c395",
      "c091",
      "c697",
      "c541",
      "c376",
      "c636",
      "c422",
      "c570",
      "c273",
      "c472",
      "c504",
      "c318",
      "c875",
      "c732",
      "c736",
      "c670",
      "c673",
      "c583",
      "c211"
    ],
    "edge-2": [
      "c041",
      "c053",
      "c189",
      "c203",
      "c230",
      "c042",
      "c138",
      "c280",
      "c437",
      "c580",
      "c360",
      "c007",
      "c380",
      "c288",
      "c843",
      "c725",
      "c443",
      "c314",
      "c754",
      "c390",
      "c402",
      "c378",
      "c876",
      "c537"
    ],
    "edge-3": [
      "c202",
      "c290",
      "c382",
      "c310",
      "c412",
      "c465",
      "c512",
      "c540",
      "c444",
      "c597",
      "c167",
      "c115",
      "c690",
      "c715",
      "c898",
      "c315",
      "c637",
      "c862",
      "c867",
      "c845",
      "c503",
      "c775"
    ],
    "edge-4": [
      "c031",
      "c103",
      "c161",
      "c282",
      "c259",
      "c145",
      "c102",
      "c785",
      "c269",
      "c069",
      "c771",
      "c532",
      "c213",
      "c790",
      "c582",
      "c046",
      "c723",
      "c873",
      "c888",
      "c418"
    ],
    "edge-5": [
      "c162",
      "c369",
      "c435",
      "c471",
      "c482",
      "c494",
      "c509",
      "c568",
      "c676",
      "c235",
      "c024",
      "c777",
      "c333",
      "c350",
      "c228",
      "c025",
      "c344",
      "c833",
      "c592",
      "c491",
      "c835",
      "c712",
      "c110",
      "c801"
    ],
    "edge-6": [
      "c158",
      "c351",
      "c468",
      "c545",
      "c572",
      "c591",
      "c256",
      "c678",
      "c375",
      "c237",
      "c233",
      "c659",
      "c693",
      "c250",
      "c661",
      "c075",
      "c874",
      "c602",
      "c689",
      "c738",
      "c761",
      "c787",
      "c805"
    ],
    "edge-7": [
      "c068",
      "c071",
      "c083",
      "c154",
      "c264",
      "c336",
      "c401",
      "c459",
      "c562",
      "c589",
      "c629",
      "c730",
      "c753",
      "c782",
      "c426",
      "c551",
      "c536",
      "c462",
      "c647",
      "c126",
      "c364",
      "c057",
      "c844",
      "c871"
    ],
    "edge-8": [
      "c243",
      "c295",
      "c398",
      "c210",
      "c630",
      "c525",
      "c884",
      "c407",
      "c142",
      "c374",
      "c055",
      "c299",
      "c473",
      "c484",
      "c748",
      "c684",
      "c085",
      "c056",
      "c483",
      "c766",
      "c301",
      "c795"
    ]
  }
}
