{
  "summary": {
    "algo": "FG-DSCR-GC-JointJsysOptuna",
    "num_containers": 700,
    "num_nodes": 8,
    "ACT": 1133.582982142857,
    "AMS": 2132.6588541666656,
    "downloaded_mb": 365300,
    "reused_mb": 0,
    "reuse_rate": 0.0,
    "objective": 1633.1209181547613
  },
  "assignment": {
    "edge-1": [
      "c574",
      "c623",
      "c196",
      "c271",
      "c633",
      "c652",
      "c287",
      "c111",
      "c436",
      "c677",
      "c221",
      "c620",
      "c671",
      "c681",
      "c093",
      "c236",
      "c291",
      "c470",
      "c599",
      "c354",
      "c578",
      "c640",
      "c195",
      "c497",
      "c475",
      "c593",
      "c305",
      "c414",
      "c072",
      "c400",
      "c547",
      "c181",
      "c215",
      "c371",
      "c585",
      "c631",
      "c226",
      "c415",
      "c429",
      "c523",
      "c504",
      "c583",
      "c069",
      "c227",
      "c024",
      "c387",
      "c592",
      "c293",
      "c538",
      "c118",
      "c097",
      "c165",
      "c379",
      "c556",
      "c699",
      "c060",
      "c339",
      "c438",
      "c455",
      "c146",
      "c023",
      "c395",
      "c673",
      "c472",
      "c286",
      "c314",
      "c570",
      "c491",
      "c569",
      "c192",
      "c002",
      "c172",
      "c080",
      "c274",
      "c149",
      "c536",
      "c647",
      "c690"
    ],
    "edge-2": [
      "c553",
      "c656",
      "c028",
      "c043",
      "c088",
      "c449",
      "c493",
      "c501",
      "c508",
      "c528",
      "c601",
      "c003",
      "c022",
      "c049",
      "c078",
      "c136",
      "c155",
      "c239",
      "c261",
      "c265",
      "c266",
      "c323",
      "c325",
      "c328",
      "c330",
      "c367",
      "c408",
      "c467",
      "c479",
      "c531",
      "c567",
      "c579",
      "c588",
      "c590",
      "c624",
      "c644",
      "c032",
      "c033",
      "c044",
      "c051",
      "c116",
      "c156",
      "c159",
      "c169",
      "c185",
      "c187",
      "c199",
      "c214",
      "c220",
      "c262",
      "c285",
      "c327",
      "c356",
      "c424",
      "c439",
      "c474",
      "c521",
      "c534",
      "c550",
      "c560",
      "c566",
      "c575",
      "c610",
      "c632",
      "c639",
      "c687",
      "c050",
      "c062",
      "c073",
      "c596",
      "c682",
      "c512",
      "c597",
      "c016",
      "c465",
      "c346",
      "c473",
      "c492",
      "c688",
      "c193",
      "c581",
      "c229",
      "c100",
      "c691",
      "c340",
      "c603",
      "c242",
      "c253",
      "c145",
      "c541",
      "c309",
      "c642",
      "c121",
      "c641",
      "c697",
      "c255"
    ],
    "edge-3": [
      "c010",
      "c127",
      "c348",
      "c144",
      "c224",
      "c243",
      "c295",
      "c362",
      "c483",
      "c173",
      "c178",
      "c288",
      "c402",
      "c442",
      "c338",
      "c398",
      "c335",
      "c476",
      "c394",
      "c486",
      "c495",
      "c670",
      "c168",
      "c273",
      "c364",
      "c496",
      "c509",
      "c435",
      "c453",
      "c471",
      "c494",
      "c162",
      "c482",
      "c568",
      "c676",
      "c369",
      "c218",
      "c289",
      "c035",
      "c533",
      "c176",
      "c207",
      "c284",
      "c373",
      "c549",
      "c648",
      "c679",
      "c125",
      "c210",
      "c231",
      "c234",
      "c329",
      "c488",
      "c674",
      "c212",
      "c275",
      "c372",
      "c518",
      "c626",
      "c056",
      "c301",
      "c390",
      "c484",
      "c696",
      "c540",
      "c298",
      "c300",
      "c086",
      "c040",
      "c450",
      "c133",
      "c548",
      "c034",
      "c182",
      "c320",
      "c559",
      "c672",
      "c232",
      "c029",
      "c516"
    ],
    "edge-4": [
      "c211",
      "c245",
      "c267",
      "c277",
      "c292",
      "c294",
      "c297",
      "c304",
      "c307",
      "c308",
      "c310",
      "c315",
      "c316",
      "c317",
      "c361",
      "c381",
      "c383",
      "c431",
      "c502",
      "c503",
      "c507",
      "c514",
      "c520",
      "c524",
      "c543",
      "c557",
      "c577",
      "c595",
      "c600",
      "c619",
      "c627",
      "c686",
      "c005",
      "c015",
      "c041",
      "c095",
      "c129",
      "c158",
      "c175",
      "c205",
      "c230",
      "c240",
      "c241",
      "c251",
      "c252",
      "c272",
      "c281",
      "c302",
      "c341",
      "c351",
      "c353",
      "c391",
      "c406",
      "c421",
      "c430",
      "c433",
      "c446",
      "c456",
      "c468",
      "c469",
      "c526",
      "c537",
      "c572",
      "c584",
      "c650",
      "c666",
      "c685",
      "c009",
      "c012",
      "c249",
      "c616",
      "c254",
      "c645",
      "c451",
      "c244",
      "c419",
      "c426",
      "c607",
      "c551",
      "c170",
      "c660",
      "c680",
      "c695",
      "c359",
      "c388",
      "c248",
      "c464",
      "c079",
      "c257",
      "c411",
      "c006",
      "c108",
      "c407",
      "c102",
      "c350",
      "c519"
    ],
    "edge-5": [
      "c013",
      "c058",
      "c011",
      "c365",
      "c076",
      "c163",
      "c081",
      "c119",
      "c564",
      "c635",
      "c664",
      "c216",
      "c306",
      "c104",
      "c084",
      "c675",
      "c573",
      "c276",
      "c505",
      "c007",
      "c128",
      "c197",
      "c490",
      "c018",
      "c201",
      "c355",
      "c152",
      "c027",
      "c571",
      "c669",
      "c693",
      "c238",
      "c357",
      "c458",
      "c115",
      "c416",
      "c089",
      "c077",
      "c208",
      "c657",
      "c665",
      "c075",
      "c131",
      "c270",
      "c001",
      "c030",
      "c099",
      "c141",
      "c184",
      "c405",
      "c036",
      "c441",
      "c085",
      "c432",
      "c222",
      "c604",
      "c558",
      "c019",
      "c299",
      "c684",
      "c692",
      "c055",
      "c326",
      "c386",
      "c096",
      "c614",
      "c025",
      "c167",
      "c063",
      "c070",
      "c580",
      "c147",
      "c618",
      "c655",
      "c279",
      "c066",
      "c409",
      "c090"
    ],
    "edge-6": [
      "c053",
      "c083",
      "c132",
      "c171",
      "c183",
      "c189",
      "c200",
      "c203",
      "c217",
      "c219",
      "c280",
      "c334",
      "c378",
      "c392",
      "c401",
      "c413",
      "c445",
      "c498",
      "c510",
      "c545",
      "c589",
      "c591",
      "c611",
      "c621",
      "c628",
      "c629",
      "c678",
      "c694",
      "c068",
      "c154",
      "c264",
      "c283",
      "c459",
      "c463",
      "c562",
      "c071",
      "c336",
      "c477",
      "c082",
      "c092",
      "c160",
      "c368",
      "c529",
      "c544",
      "c668",
      "c047",
      "c366",
      "c612",
      "c634",
      "c026",
      "c094",
      "c202",
      "c412",
      "c427",
      "c444",
      "c481",
      "c622",
      "c017",
      "c290",
      "c382",
      "c637",
      "c057",
      "c615",
      "c110",
      "c134",
      "c278",
      "c117",
      "c342",
      "c074",
      "c397",
      "c209",
      "c337",
      "c487",
      "c542",
      "c126",
      "c235",
      "c333",
      "c344",
      "c048",
      "c087",
      "c101",
      "c112",
      "c296",
      "c363",
      "c428",
      "c198",
      "c114",
      "c151",
      "c143",
      "c174",
      "c322",
      "c191",
      "c180",
      "c166",
      "c321",
      "c260",
      "c343"
    ],
    "edge-7": [
      "c440",
      "c004",
      "c157",
      "c331",
      "c377",
      "c646",
      "c150",
      "c259",
      "c312",
      "c403",
      "c448",
      "c561",
      "c039",
      "c269",
      "c582",
      "c532",
      "c319",
      "c194",
      "c499",
      "c517",
      "c137",
      "c422",
      "c530",
      "c380",
      "c443",
      "c045",
      "c399",
      "c098",
      "c358",
      "c608",
      "c700",
      "c313",
      "c511",
      "c021",
      "c527",
      "c190",
      "c206",
      "c539",
      "c410",
      "c124",
      "c389",
      "c513",
      "c522",
      "c113",
      "c139",
      "c250",
      "c237",
      "c263",
      "c613",
      "c223",
      "c466",
      "c130",
      "c061",
      "c067",
      "c256",
      "c617",
      "c659",
      "c594",
      "c661",
      "c689",
      "c375",
      "c576",
      "c347",
      "c423",
      "c602",
      "c636",
      "c667",
      "c462",
      "c311",
      "c417",
      "c186",
      "c352",
      "c587",
      "c258",
      "c318",
      "c535",
      "c225",
      "c370",
      "c233",
      "c360",
      "c107",
      "c349",
      "c525",
      "c630",
      "c091"
    ],
    "edge-8": [
      "c020",
      "c109",
      "c065",
      "c324",
      "c384",
      "c396",
      "c434",
      "c605",
      "c663",
      "c037",
      "c148",
      "c153",
      "c177",
      "c179",
      "c268",
      "c454",
      "c418",
      "c425",
      "c447",
      "c452",
      "c606",
      "c649",
      "c658",
      "c042",
      "c046",
      "c140",
      "c247",
      "c303",
      "c420",
      "c662",
      "c683",
      "c135",
      "c437",
      "c654",
      "c105",
      "c138",
      "c489",
      "c120",
      "c054",
      "c123",
      "c393",
      "c164",
      "c345",
      "c485",
      "c552",
      "c555",
      "c609",
      "c643",
      "c014",
      "c059",
      "c457",
      "c546",
      "c598",
      "c653",
      "c698",
      "c103",
      "c246",
      "c282",
      "c500",
      "c554",
      "c651",
      "c031",
      "c106",
      "c332",
      "c161",
      "c506",
      "c052",
      "c404",
      "c038",
      "c515",
      "c625",
      "c188",
      "c385",
      "c204",
      "c213",
      "c460",
      "c480",
      "c064",
      "c461",
      "c374",
      "c142",
      "c478",
      "c376",
      "c122",
      "c228",
      "c565",
      "c638",
      "c586",
      "c008",
      "c563"
    ]
  },
  "ordered_queues": {
    "edge-1": [
      "c093",
      "c111",
      "c195",
      "c196",
      "c221",
      "c236",
      "c271",
      "c287",
      "c291",
      "c354",
      "c072",
      "c436",
      "c181",
      "c023",
      "c060",
      "c470",
      "c215",
      "c097",
      "c226",
      "c475",
      "c118",
      "c305",
      "c497",
      "c146",
      "c371",
      "c165",
      "c574",
      "c400",
      "c286",
      "c578",
      "c293",
      "c414",
      "c339",
      "c599",
      "c415",
      "c379",
      "c002",
      "c620",
      "c429",
      "c395",
      "c080",
      "c504",
      "c623",
      "c438",
      "c149",
      "c172",
      "c523",
      "c455",
      "c633",
      "c192",
      "c472",
      "c024",
      "c547",
      "c640",
      "c274",
      "c538",
      "c069",
      "c583",
      "c536",
      "c556",
      "c652",
      "c227",
      "c647",
      "c314",
      "c491",
      "c585",
      "c673",
      "c690",
      "c387",
      "c671",
      "c569",
      "c570",
      "c593",
      "c699",
      "c592",
      "c677",
      "c631",
      "c681"
    ],
    "edge-2": [
      "c003",
      "c022",
      "c028",
      "c032",
      "c033",
      "c043",
      "c044",
      "c049",
      "c050",
      "c051",
      "c062",
      "c073",
      "c078",
      "c088",
      "c116",
      "c136",
      "c155",
      "c156",
      "c159",
      "c169",
      "c185",
      "c187",
      "c199",
      "c214",
      "c220",
      "c239",
      "c261",
      "c262",
      "c265",
      "c266",
      "c285",
      "c323",
      "c325",
      "c327",
      "c328",
      "c330",
      "c356",
      "c367",
      "c408",
      "c424",
      "c439",
      "c449",
      "c467",
      "c474",
      "c479",
      "c493",
      "c501",
      "c508",
      "c521",
      "c528",
      "c531",
      "c534",
      "c550",
      "c553",
      "c560",
      "c566",
      "c567",
      "c575",
      "c579",
      "c588",
      "c590",
      "c601",
      "c610",
      "c624",
      "c016",
      "c465",
      "c145",
      "c121",
      "c255",
      "c697",
      "c242",
      "c603",
      "c641",
      "c309",
      "c253",
      "c642",
      "c512",
      "c541",
      "c632",
      "c340",
      "c229",
      "c691",
      "c346",
      "c100",
      "c581",
      "c596",
      "c473",
      "c193",
      "c597",
      "c688",
      "c492",
      "c682",
      "c639",
      "c644",
      "c656",
      "c687"
    ],
    "edge-3": [
      "c010",
      "c127",
      "c144",
      "c173",
      "c178",
      "c224",
      "c243",
      "c162",
      "c035",
      "c168",
      "c207",
      "c273",
      "c056",
      "c288",
      "c335",
      "c125",
      "c210",
      "c364",
      "c176",
      "c295",
      "c369",
      "c231",
      "c212",
      "c394",
      "c234",
      "c218",
      "c435",
      "c275",
      "c034",
      "c338",
      "c453",
      "c284",
      "c040",
      "c372",
      "c471",
      "c289",
      "c086",
      "c348",
      "c476",
      "c301",
      "c133",
      "c484",
      "c482",
      "c329",
      "c182",
      "c488",
      "c486",
      "c373",
      "c232",
      "c362",
      "c494",
      "c390",
      "c298",
      "c533",
      "c029",
      "c516",
      "c300",
      "c495",
      "c518",
      "c398",
      "c320",
      "c496",
      "c540",
      "c674",
      "c450",
      "c549",
      "c509",
      "c696",
      "c548",
      "c626",
      "c568",
      "c402",
      "c559",
      "c648",
      "c670",
      "c442",
      "c672",
      "c679",
      "c676",
      "c483"
    ],
    "edge-4": [
      "c005",
      "c009",
      "c012",
      "c015",
      "c041",
      "c095",
      "c129",
      "c158",
      "c175",
      "c205",
      "c211",
      "c230",
      "c240",
      "c241",
      "c245",
      "c251",
      "c252",
      "c267",
      "c272",
      "c277",
      "c281",
      "c292",
      "c294",
      "c297",
      "c302",
      "c304",
      "c307",
      "c308",
      "c310",
      "c315",
      "c316",
      "c317",
      "c341",
      "c351",
      "c353",
      "c361",
      "c381",
      "c383",
      "c391",
      "c406",
      "c421",
      "c430",
      "c431",
      "c433",
      "c446",
      "c456",
      "c468",
      "c469",
      "c502",
      "c503",
      "c507",
      "c514",
      "c520",
      "c524",
      "c526",
      "c537",
      "c543",
      "c557",
      "c572",
      "c577",
      "c584",
      "c595",
      "c600",
      "c619",
      "c244",
      "c254",
      "c419",
      "c426",
      "c519",
      "c350",
      "c006",
      "c451",
      "c079",
      "c627",
      "c108",
      "c102",
      "c257",
      "c248",
      "c407",
      "c359",
      "c660",
      "c551",
      "c411",
      "c464",
      "c388",
      "c680",
      "c607",
      "c249",
      "c695",
      "c170",
      "c645",
      "c616",
      "c650",
      "c666",
      "c685",
      "c686"
    ],
    "edge-5": [
      "c115",
      "c001",
      "c027",
      "c030",
      "c011",
      "c238",
      "c099",
      "c013",
      "c152",
      "c019",
      "c131",
      "c075",
      "c222",
      "c357",
      "c058",
      "c036",
      "c270",
      "c299",
      "c077",
      "c066",
      "c571",
      "c076",
      "c085",
      "c432",
      "c090",
      "c063",
      "c018",
      "c089",
      "c216",
      "c416",
      "c084",
      "c184",
      "c279",
      "c007",
      "c558",
      "c081",
      "c025",
      "c070",
      "c326",
      "c197",
      "c306",
      "c409",
      "c604",
      "c208",
      "c669",
      "c405",
      "c167",
      "c147",
      "c104",
      "c580",
      "c119",
      "c096",
      "c128",
      "c386",
      "c655",
      "c201",
      "c684",
      "c564",
      "c618",
      "c614",
      "c055",
      "c657",
      "c441",
      "c573",
      "c692",
      "c458",
      "c276",
      "c355",
      "c163",
      "c141",
      "c635",
      "c665",
      "c693",
      "c490",
      "c675",
      "c505",
      "c664",
      "c365"
    ],
    "edge-6": [
      "c053",
      "c068",
      "c071",
      "c083",
      "c087",
      "c101",
      "c112",
      "c114",
      "c132",
      "c143",
      "c151",
      "c154",
      "c166",
      "c171",
      "c174",
      "c180",
      "c183",
      "c189",
      "c191",
      "c198",
      "c200",
      "c203",
      "c217",
      "c219",
      "c260",
      "c264",
      "c280",
      "c283",
      "c296",
      "c321",
      "c322",
      "c334",
      "c336",
      "c343",
      "c363",
      "c378",
      "c392",
      "c401",
      "c413",
      "c428",
      "c017",
      "c445",
      "c026",
      "c047",
      "c459",
      "c057",
      "c082",
      "c463",
      "c092",
      "c094",
      "c110",
      "c498",
      "c160",
      "c202",
      "c510",
      "c290",
      "c366",
      "c545",
      "c368",
      "c382",
      "c562",
      "c412",
      "c427",
      "c074",
      "c589",
      "c444",
      "c117",
      "c126",
      "c477",
      "c134",
      "c481",
      "c591",
      "c209",
      "c529",
      "c235",
      "c278",
      "c544",
      "c611",
      "c333",
      "c612",
      "c337",
      "c615",
      "c342",
      "c048",
      "c621",
      "c344",
      "c622",
      "c397",
      "c634",
      "c487",
      "c628",
      "c542",
      "c637",
      "c668",
      "c629",
      "c678",
      "c694"
    ],
    "edge-7": [
      "c004",
      "c039",
      "c150",
      "c157",
      "c259",
      "c061",
      "c269",
      "c067",
      "c312",
      "c130",
      "c021",
      "c319",
      "c223",
      "c098",
      "c331",
      "c256",
      "c186",
      "c113",
      "c190",
      "c263",
      "c225",
      "c377",
      "c124",
      "c206",
      "c375",
      "c258",
      "c137",
      "c403",
      "c313",
      "c139",
      "c466",
      "c311",
      "c194",
      "c107",
      "c630",
      "c358",
      "c525",
      "c347",
      "c349",
      "c233",
      "c318",
      "c237",
      "c360",
      "c594",
      "c440",
      "c091",
      "c423",
      "c380",
      "c399",
      "c352",
      "c250",
      "c613",
      "c462",
      "c448",
      "c511",
      "c422",
      "c370",
      "c389",
      "c617",
      "c576",
      "c527",
      "c443",
      "c532",
      "c417",
      "c659",
      "c410",
      "c602",
      "c539",
      "c499",
      "c535",
      "c561",
      "c661",
      "c636",
      "c513",
      "c608",
      "c517",
      "c587",
      "c667",
      "c689",
      "c522",
      "c582",
      "c045",
      "c700",
      "c530",
      "c646"
    ],
    "edge-8": [
      "c020",
      "c037",
      "c042",
      "c046",
      "c065",
      "c105",
      "c109",
      "c135",
      "c138",
      "c140",
      "c148",
      "c153",
      "c177",
      "c014",
      "c179",
      "c031",
      "c247",
      "c054",
      "c059",
      "c268",
      "c103",
      "c303",
      "c106",
      "c324",
      "c120",
      "c384",
      "c123",
      "c396",
      "c161",
      "c418",
      "c164",
      "c246",
      "c420",
      "c282",
      "c425",
      "c332",
      "c434",
      "c345",
      "c437",
      "c393",
      "c447",
      "c457",
      "c452",
      "c485",
      "c038",
      "c500",
      "c052",
      "c454",
      "c064",
      "c546",
      "c489",
      "c188",
      "c552",
      "c605",
      "c204",
      "c554",
      "c213",
      "c606",
      "c555",
      "c385",
      "c649",
      "c598",
      "c404",
      "c563",
      "c008",
      "c460",
      "c609",
      "c586",
      "c122",
      "c654",
      "c228",
      "c376",
      "c638",
      "c565",
      "c478",
      "c374",
      "c142",
      "c461",
      "c480",
      "c643",
      "c658",
      "c506",
      "c651",
      "c662",
      "c515",
      "c653",
      "c625",
      "c663",
      "c698",
      "c683"
    ]
  }
}
