{
  "algo": "GAHRL-objective-greedy",
  "num_containers": 900,
  "num_scheduled_containers": 94,
  "num_assigned": 94,
  "ca_triggered": 806,
  "ca_rate": 0.8955555555555555,
  "ca_penalty": 895.5555555555555,
  "lambda_ca": 1000.0,
  "num_nodes": 8,
  "ACT": 125.89109042553184,
  "AMS": 257.6,
  "downloaded_mb": 16246,
  "reused_mb": 30083,
  "reuse_rate": 0.6493341103844245,
  "objective_without_ca_penalty": 191.74554521276593,
  "objective_ca": 1087.3011007683215,
  "objective": 1087.3011007683215,
  "params": {
    "lambda_latency": 0.5,
    "w_resource": 0.3,
    "w_imbalance": 0.2,
    "w_cache_pressure": 0.2,
    "w_layer_hit": 0.2,
    "order": "cache"
  }
}
	Command being timed: "scripts/k8s_ca_figs/run_one_k8s_ca.sh gahrl results/drtp/k8s_ca_figs/cases/fig2_cache/case_cache2048_req900.json results/drtp/k8s_ca_figs/fig2_cache/gahrl_cache2048_req900.json"
	User time (seconds): 0.13
	System time (seconds): 0.02
	Percent of CPU this job got: 99%
	Elapsed (wall clock) time (h:mm:ss or m:ss): 0:00.15
	Average shared text size (kbytes): 0
	Average unshared data size (kbytes): 0
	Average stack size (kbytes): 0
	Average total size (kbytes): 0
	Maximum resident set size (kbytes): 13780
	Average resident set size (kbytes): 0
	Major (requiring I/O) page faults: 0
	Minor (reclaiming a frame) page faults: 3096
	Voluntary context switches: 8
	Involuntary context switches: 16
	Swaps: 0
	File system inputs: 0
	File system outputs: 80
	Socket messages sent: 0
	Socket messages received: 0
	Signals delivered: 0
	Page size (bytes): 4096
	Exit status: 0
