{
  "algo": "LRScheduler-source-inspired",
  "num_containers": 200,
  "num_scheduled_containers": 96,
  "num_assigned": 96,
  "ca_triggered": 104,
  "ca_rate": 0.52,
  "ca_penalty": 520.0,
  "lambda_ca": 1000.0,
  "num_nodes": 8,
  "ACT": 144.2171875000001,
  "AMS": 377.4833333333333,
  "downloaded_mb": 25667,
  "reused_mb": 28808,
  "reuse_rate": 0.5288297384121157,
  "objective_without_ca_penalty": 260.8502604166667,
  "objective_ca": 780.8502604166667,
  "objective": 780.8502604166667,
  "params": {
    "layer_mb_threshold": 10.0,
    "std_threshold": 0.16,
    "cpu_threshold": 0.6,
    "high_weight": 2.0,
    "low_weight": 0.5,
    "plugin_weight_layer": 2.0,
    "plugin_weight_resource": 1.0
  }
}
	Command being timed: "scripts/k8s_ca_figs/run_one_k8s_ca.sh lrs results/drtp/k8s_ca_figs/cases/fig2_cache/case_cache1152_req200.json results/drtp/k8s_ca_figs/fig2_cache/lrs_cache1152_req200.json"
	User time (seconds): 0.06
	System time (seconds): 0.01
	Percent of CPU this job got: 98%
	Elapsed (wall clock) time (h:mm:ss or m:ss): 0:00.08
	Average shared text size (kbytes): 0
	Average unshared data size (kbytes): 0
	Average stack size (kbytes): 0
	Average total size (kbytes): 0
	Maximum resident set size (kbytes): 11672
	Average resident set size (kbytes): 0
	Major (requiring I/O) page faults: 0
	Minor (reclaiming a frame) page faults: 2352
	Voluntary context switches: 7
	Involuntary context switches: 7
	Swaps: 0
	File system inputs: 0
	File system outputs: 64
	Socket messages sent: 0
	Socket messages received: 0
	Signals delivered: 0
	Page size (bytes): 4096
	Exit status: 0
