{
  "algo": "LASA-reimpl-K8sCA",
  "num_containers": 300,
  "num_scheduled_containers": 91,
  "num_assigned": 91,
  "ca_triggered": 209,
  "ca_rate": 0.6966666666666667,
  "ca_penalty": 696.6666666666666,
  "lambda_ca": 1000.0,
  "num_nodes": 8,
  "ACT": 118.746336996337,
  "AMS": 266.08750000000003,
  "downloaded_mb": 7135,
  "reused_mb": 8359,
  "reuse_rate": 0.5394991609655351,
  "objective_without_ca_penalty": 192.4169184981685,
  "objective_ca": 889.0835851648351,
  "objective": 889.0835851648351,
  "elapsed_s_internal": 1.31697416305542
}
	Command being timed: "scripts/k8s_ca_figs/run_one_k8s_ca.sh lasa results/drtp/k8s_ca_figs/cases/fig2_cache/case_cache1792_req300.json results/drtp/k8s_ca_figs/fig2_cache/lasa_cache1792_req300.json"
	User time (seconds): 1.36
	System time (seconds): 0.01
	Percent of CPU this job got: 99%
	Elapsed (wall clock) time (h:mm:ss or m:ss): 0:01.38
	Average shared text size (kbytes): 0
	Average unshared data size (kbytes): 0
	Average stack size (kbytes): 0
	Average total size (kbytes): 0
	Maximum resident set size (kbytes): 12532
	Average resident set size (kbytes): 0
	Major (requiring I/O) page faults: 0
	Minor (reclaiming a frame) page faults: 2691
	Voluntary context switches: 8
	Involuntary context switches: 138
	Swaps: 0
	File system inputs: 0
	File system outputs: 64
	Socket messages sent: 0
	Socket messages received: 0
	Signals delivered: 0
	Page size (bytes): 4096
	Exit status: 0
