{
  "algo": "LRScheduler-source-inspired",
  "num_containers": 500,
  "num_scheduled_containers": 91,
  "num_assigned": 91,
  "ca_triggered": 409,
  "ca_rate": 0.818,
  "ca_penalty": 818.0,
  "lambda_ca": 1000.0,
  "num_nodes": 8,
  "ACT": 130.9798534798536,
  "AMS": 293.25000000000006,
  "downloaded_mb": 20409,
  "reused_mb": 30209,
  "reuse_rate": 0.5968035086332925,
  "objective_without_ca_penalty": 212.11492673992683,
  "objective_ca": 1030.114926739927,
  "objective": 1030.114926739927,
  "params": {
    "layer_mb_threshold": 10.0,
    "std_threshold": 0.16,
    "cpu_threshold": 0.6,
    "high_weight": 2.0,
    "low_weight": 0.5,
    "plugin_weight_layer": 2.0,
    "plugin_weight_resource": 1.0
  }
}
	Command being timed: "scripts/k8s_ca_figs/run_one_k8s_ca.sh lrs results/drtp/k8s_ca_figs/cases/fig2_cache/case_cache2048_req500.json results/drtp/k8s_ca_figs/fig2_cache/lrs_cache2048_req500.json"
	User time (seconds): 0.05
	System time (seconds): 0.01
	Percent of CPU this job got: 98%
	Elapsed (wall clock) time (h:mm:ss or m:ss): 0:00.07
	Average shared text size (kbytes): 0
	Average unshared data size (kbytes): 0
	Average stack size (kbytes): 0
	Average total size (kbytes): 0
	Maximum resident set size (kbytes): 12424
	Average resident set size (kbytes): 0
	Major (requiring I/O) page faults: 0
	Minor (reclaiming a frame) page faults: 2658
	Voluntary context switches: 7
	Involuntary context switches: 7
	Swaps: 0
	File system inputs: 0
	File system outputs: 72
	Socket messages sent: 0
	Socket messages received: 0
	Signals delivered: 0
	Page size (bytes): 4096
	Exit status: 0
