{
  "algo": "GAHRL-objective-greedy",
  "num_containers": 300,
  "num_scheduled_containers": 95,
  "num_assigned": 95,
  "ca_triggered": 205,
  "ca_rate": 0.6833333333333333,
  "ca_penalty": 683.3333333333334,
  "lambda_ca": 1000.0,
  "num_nodes": 8,
  "ACT": 126.1717105263157,
  "AMS": 256.9666666666667,
  "downloaded_mb": 16388,
  "reused_mb": 30408,
  "reuse_rate": 0.6497991281306095,
  "objective_without_ca_penalty": 191.5691885964912,
  "objective_ca": 874.9025219298246,
  "objective": 874.9025219298246,
  "params": {
    "lambda_latency": 0.5,
    "w_resource": 0.3,
    "w_imbalance": 0.2,
    "w_cache_pressure": 0.2,
    "w_layer_hit": 0.2,
    "order": "cache"
  }
}
	Command being timed: "scripts/k8s_ca_figs/run_one_k8s_ca.sh gahrl results/drtp/k8s_ca_figs/cases/fig2_cache/case_cache2048_req300.json results/drtp/k8s_ca_figs/fig2_cache/gahrl_cache2048_req300.json"
	User time (seconds): 0.06
	System time (seconds): 0.01
	Percent of CPU this job got: 100%
	Elapsed (wall clock) time (h:mm:ss or m:ss): 0:00.08
	Average shared text size (kbytes): 0
	Average unshared data size (kbytes): 0
	Average stack size (kbytes): 0
	Average total size (kbytes): 0
	Maximum resident set size (kbytes): 12032
	Average resident set size (kbytes): 0
	Major (requiring I/O) page faults: 0
	Minor (reclaiming a frame) page faults: 2504
	Voluntary context switches: 8
	Involuntary context switches: 8
	Swaps: 0
	File system inputs: 0
	File system outputs: 72
	Socket messages sent: 0
	Socket messages received: 0
	Signals delivered: 0
	Page size (bytes): 4096
	Exit status: 0
