{
  "summary": {
    "algo": "FG-DSCR-GC-K8sCA-tuned",
    "num_containers": 200,
    "num_assigned": 96,
    "num_failed": 104,
    "fail_rate": 0.52,
    "num_nodes": 8,
    "ACT": 131.21601562499998,
    "AMS": 243.375,
    "downloaded_mb": 21373,
    "reused_mb": 33057,
    "reuse_rate": 0.6073305162594158,
    "objective_base": 187.29550781249998,
    "fail_penalty": 520.0,
    "lambda_fail": 1000.0,
    "objective": 707.2955078125
  },
  "assignment": {
    "edge-1": [
      "c011",
      "c021",
      "c026",
      "c033",
      "c040",
      "c042",
      "c048",
      "c054",
      "c069",
      "c072",
      "c085"
    ],
    "edge-2": [
      "c001",
      "c022",
      "c038",
      "c041",
      "c046",
      "c059",
      "c061",
      "c065",
      "c068",
      "c071",
      "c087",
      "c088"
    ],
    "edge-3": [
      "c018",
      "c028",
      "c031",
      "c043",
      "c062",
      "c073",
      "c075",
      "c077",
      "c080",
      "c082",
      "c093",
      "c097"
    ],
    "edge-4": [
      "c002",
      "c003",
      "c004",
      "c006",
      "c008",
      "c010",
      "c012",
      "c013",
      "c014",
      "c015",
      "c016",
      "c017",
      "c084"
    ],
    "edge-5": [
      "c019",
      "c029",
      "c030",
      "c036",
      "c037",
      "c047",
      "c049",
      "c051",
      "c063",
      "c086",
      "c094"
    ],
    "edge-6": [
      "c005",
      "c009",
      "c024",
      "c032",
      "c035",
      "c044",
      "c045",
      "c055",
      "c064",
      "c066",
      "c083",
      "c090"
    ],
    "edge-7": [
      "c020",
      "c023",
      "c039",
      "c050",
      "c056",
      "c070",
      "c074",
      "c076",
      "c078",
      "c079",
      "c081",
      "c091",
      "c092"
    ],
    "edge-8": [
      "c007",
      "c025",
      "c027",
      "c034",
      "c052",
      "c053",
      "c057",
      "c058",
      "c060",
      "c067",
      "c089",
      "c095"
    ]
  },
  "ordered_queues": {
    "edge-1": [
      "c085",
      "c048",
      "c011",
      "c042",
      "c054",
      "c026",
      "c033",
      "c040",
      "c021",
      "c069",
      "c072"
    ],
    "edge-2": [
      "c059",
      "c038",
      "c087",
      "c001",
      "c065",
      "c041",
      "c046",
      "c022",
      "c068",
      "c061",
      "c071",
      "c088"
    ],
    "edge-3": [
      "c075",
      "c062",
      "c077",
      "c028",
      "c073",
      "c018",
      "c031",
      "c080",
      "c043",
      "c097",
      "c082",
      "c093"
    ],
    "edge-4": [
      "c002",
      "c003",
      "c004",
      "c006",
      "c010",
      "c012",
      "c016",
      "c017",
      "c084",
      "c015",
      "c013",
      "c008",
      "c014"
    ],
    "edge-5": [
      "c019",
      "c029",
      "c030",
      "c036",
      "c037",
      "c047",
      "c049",
      "c051",
      "c063",
      "c086",
      "c094"
    ],
    "edge-6": [
      "c005",
      "c055",
      "c064",
      "c083",
      "c009",
      "c090",
      "c032",
      "c035",
      "c045",
      "c024",
      "c044",
      "c066"
    ],
    "edge-7": [
      "c023",
      "c050",
      "c081",
      "c056",
      "c070",
      "c039",
      "c074",
      "c078",
      "c079",
      "c091",
      "c092",
      "c020",
      "c076"
    ],
    "edge-8": [
      "c025",
      "c027",
      "c034",
      "c058",
      "c067",
      "c052",
      "c053",
      "c057",
      "c060",
      "c095",
      "c089",
      "c007"
    ]
  }
}
	Command being timed: "scripts/k8s_ca_figs/run_one_k8s_ca.sh fg results/drtp/k8s_ca_figs/cases/fig2_cache/case_cache1280_req200.json results/drtp/k8s_ca_figs/fig2_cache/fg_cache1280_req200.json"
	User time (seconds): 0.56
	System time (seconds): 0.02
	Percent of CPU this job got: 100%
	Elapsed (wall clock) time (h:mm:ss or m:ss): 0:00.58
	Average shared text size (kbytes): 0
	Average unshared data size (kbytes): 0
	Average stack size (kbytes): 0
	Average total size (kbytes): 0
	Maximum resident set size (kbytes): 17460
	Average resident set size (kbytes): 0
	Major (requiring I/O) page faults: 0
	Minor (reclaiming a frame) page faults: 3706
	Voluntary context switches: 8
	Involuntary context switches: 59
	Swaps: 0
	File system inputs: 0
	File system outputs: 272
	Socket messages sent: 0
	Socket messages received: 0
	Signals delivered: 0
	Page size (bytes): 4096
	Exit status: 0
