{
  "algo": "GAHRL-objective-greedy",
  "num_containers": 600,
  "num_scheduled_containers": 95,
  "num_assigned": 95,
  "ca_triggered": 505,
  "ca_rate": 0.8416666666666667,
  "ca_penalty": 841.6666666666666,
  "lambda_ca": 1000.0,
  "num_nodes": 8,
  "ACT": 128.99622807017548,
  "AMS": 261.66666666666663,
  "downloaded_mb": 19354,
  "reused_mb": 27442,
  "reuse_rate": 0.5864176425335499,
  "objective_without_ca_penalty": 195.33144736842104,
  "objective_ca": 1036.9981140350876,
  "objective": 1036.9981140350876,
  "params": {
    "lambda_latency": 0.5,
    "w_resource": 0.3,
    "w_imbalance": 0.2,
    "w_cache_pressure": 0.2,
    "w_layer_hit": 0.2,
    "order": "cache"
  }
}
	Command being timed: "scripts/k8s_ca_figs/run_one_k8s_ca.sh gahrl results/drtp/k8s_ca_figs/cases/fig2_cache/case_cache1024_req600.json results/drtp/k8s_ca_figs/fig2_cache/gahrl_cache1024_req600.json"
	User time (seconds): 0.08
	System time (seconds): 0.01
	Percent of CPU this job got: 100%
	Elapsed (wall clock) time (h:mm:ss or m:ss): 0:00.09
	Average shared text size (kbytes): 0
	Average unshared data size (kbytes): 0
	Average stack size (kbytes): 0
	Average total size (kbytes): 0
	Maximum resident set size (kbytes): 13104
	Average resident set size (kbytes): 0
	Major (requiring I/O) page faults: 0
	Minor (reclaiming a frame) page faults: 2795
	Voluntary context switches: 8
	Involuntary context switches: 11
	Swaps: 0
	File system inputs: 0
	File system outputs: 72
	Socket messages sent: 0
	Socket messages received: 0
	Signals delivered: 0
	Page size (bytes): 4096
	Exit status: 0
