{
  "algo": "ORR-inspired-LGreedy",
  "num_containers": 600,
  "num_scheduled_containers": 94,
  "num_assigned": 94,
  "ca_triggered": 506,
  "ca_rate": 0.8433333333333334,
  "ca_penalty": 843.3333333333334,
  "lambda_ca": 1000.0,
  "num_nodes": 8,
  "ACT": 121.8171985815603,
  "AMS": 265.23333333333335,
  "downloaded_mb": 14380,
  "reused_mb": 32469,
  "reuse_rate": 0.6930564152916818,
  "objective_without_ca_penalty": 193.52526595744683,
  "objective_ca": 1036.8585992907801,
  "objective": 1036.8585992907801,
  "prefetch_mb": 0,
  "count_prefetch_in_downloaded": false
}
	Command being timed: "scripts/k8s_ca_figs/run_one_k8s_ca.sh orr results/drtp/k8s_ca_figs/cases/fig2_cache/case_cache1664_req600.json results/drtp/k8s_ca_figs/fig2_cache/orr_cache1664_req600.json"
	User time (seconds): 0.10
	System time (seconds): 0.01
	Percent of CPU this job got: 100%
	Elapsed (wall clock) time (h:mm:ss or m:ss): 0:00.11
	Average shared text size (kbytes): 0
	Average unshared data size (kbytes): 0
	Average stack size (kbytes): 0
	Average total size (kbytes): 0
	Maximum resident set size (kbytes): 13472
	Average resident set size (kbytes): 0
	Major (requiring I/O) page faults: 0
	Minor (reclaiming a frame) page faults: 2905
	Voluntary context switches: 8
	Involuntary context switches: 13
	Swaps: 0
	File system inputs: 0
	File system outputs: 72
	Socket messages sent: 0
	Socket messages received: 0
	Signals delivered: 0
	Page size (bytes): 4096
	Exit status: 0
