{
  "algo": "ORR-inspired-LGreedy",
  "num_containers": 200,
  "num_scheduled_containers": 97,
  "num_assigned": 97,
  "ca_triggered": 103,
  "ca_rate": 0.515,
  "ca_penalty": 515.0,
  "lambda_ca": 1000.0,
  "num_nodes": 8,
  "ACT": 133.10902061855674,
  "AMS": 258.29999999999995,
  "downloaded_mb": 16724,
  "reused_mb": 38255,
  "reuse_rate": 0.6958111278851925,
  "objective_without_ca_penalty": 195.70451030927836,
  "objective_ca": 710.7045103092784,
  "objective": 710.7045103092784,
  "prefetch_mb": 0,
  "count_prefetch_in_downloaded": false
}
	Command being timed: "scripts/k8s_ca_figs/run_one_k8s_ca.sh orr results/drtp/k8s_ca_figs/cases/fig2_cache/case_cache1792_req200.json results/drtp/k8s_ca_figs/fig2_cache/orr_cache1792_req200.json"
	User time (seconds): 0.10
	System time (seconds): 0.00
	Percent of CPU this job got: 99%
	Elapsed (wall clock) time (h:mm:ss or m:ss): 0:00.11
	Average shared text size (kbytes): 0
	Average unshared data size (kbytes): 0
	Average stack size (kbytes): 0
	Average total size (kbytes): 0
	Maximum resident set size (kbytes): 12412
	Average resident set size (kbytes): 0
	Major (requiring I/O) page faults: 0
	Minor (reclaiming a frame) page faults: 2517
	Voluntary context switches: 8
	Involuntary context switches: 10
	Swaps: 0
	File system inputs: 0
	File system outputs: 64
	Socket messages sent: 0
	Socket messages received: 0
	Signals delivered: 0
	Page size (bytes): 4096
	Exit status: 0
