{
  "algo": "ORR-inspired-LGreedy",
  "num_containers": 400,
  "num_scheduled_containers": 94,
  "num_assigned": 94,
  "ca_triggered": 306,
  "ca_rate": 0.765,
  "ca_penalty": 765.0,
  "lambda_ca": 1000.0,
  "num_nodes": 8,
  "ACT": 122.94813829787235,
  "AMS": 281.7833333333333,
  "downloaded_mb": 16315,
  "reused_mb": 30534,
  "reuse_rate": 0.6517535059446307,
  "objective_without_ca_penalty": 202.36573581560282,
  "objective_ca": 967.3657358156029,
  "objective": 967.3657358156029,
  "prefetch_mb": 0,
  "count_prefetch_in_downloaded": false
}
	Command being timed: "scripts/k8s_ca_figs/run_one_k8s_ca.sh orr results/drtp/k8s_ca_figs/cases/fig2_cache/case_cache1536_req400.json results/drtp/k8s_ca_figs/fig2_cache/orr_cache1536_req400.json"
	User time (seconds): 0.09
	System time (seconds): 0.01
	Percent of CPU this job got: 99%
	Elapsed (wall clock) time (h:mm:ss or m:ss): 0:00.11
	Average shared text size (kbytes): 0
	Average unshared data size (kbytes): 0
	Average stack size (kbytes): 0
	Average total size (kbytes): 0
	Maximum resident set size (kbytes): 12844
	Average resident set size (kbytes): 0
	Major (requiring I/O) page faults: 0
	Minor (reclaiming a frame) page faults: 2724
	Voluntary context switches: 8
	Involuntary context switches: 12
	Swaps: 0
	File system inputs: 0
	File system outputs: 72
	Socket messages sent: 0
	Socket messages received: 0
	Signals delivered: 0
	Page size (bytes): 4096
	Exit status: 0
