{
  "algo": "LRScheduler-source-inspired",
  "num_containers": 900,
  "num_scheduled_containers": 95,
  "num_assigned": 95,
  "ca_triggered": 805,
  "ca_rate": 0.8944444444444445,
  "ca_penalty": 894.4444444444445,
  "lambda_ca": 1000.0,
  "num_nodes": 8,
  "ACT": 130.26377192982457,
  "AMS": 286.3833333333334,
  "downloaded_mb": 20461,
  "reused_mb": 26335,
  "reuse_rate": 0.5627617745106419,
  "objective_without_ca_penalty": 208.323552631579,
  "objective_ca": 1102.7679970760234,
  "objective": 1102.7679970760234,
  "params": {
    "layer_mb_threshold": 10.0,
    "std_threshold": 0.16,
    "cpu_threshold": 0.6,
    "high_weight": 2.0,
    "low_weight": 0.5,
    "plugin_weight_layer": 2.0,
    "plugin_weight_resource": 1.0
  }
}
	Command being timed: "scripts/k8s_ca_figs/run_one_k8s_ca.sh lrs results/drtp/k8s_ca_figs/cases/fig2_cache/case_cache1024_req900.json results/drtp/k8s_ca_figs/fig2_cache/lrs_cache1024_req900.json"
	User time (seconds): 0.12
	System time (seconds): 0.00
	Percent of CPU this job got: 99%
	Elapsed (wall clock) time (h:mm:ss or m:ss): 0:00.13
	Average shared text size (kbytes): 0
	Average unshared data size (kbytes): 0
	Average stack size (kbytes): 0
	Average total size (kbytes): 0
	Maximum resident set size (kbytes): 13788
	Average resident set size (kbytes): 0
	Major (requiring I/O) page faults: 0
	Minor (reclaiming a frame) page faults: 3051
	Voluntary context switches: 8
	Involuntary context switches: 12
	Swaps: 0
	File system inputs: 0
	File system outputs: 80
	Socket messages sent: 0
	Socket messages received: 0
	Signals delivered: 0
	Page size (bytes): 4096
	Exit status: 0
