{
  "algo": "ORR-inspired-LGreedy",
  "num_containers": 500,
  "num_scheduled_containers": 92,
  "num_assigned": 92,
  "ca_triggered": 408,
  "ca_rate": 0.816,
  "ca_penalty": 816.0,
  "lambda_ca": 1000.0,
  "num_nodes": 8,
  "ACT": 123.0337862318841,
  "AMS": 274.26666666666665,
  "downloaded_mb": 16736,
  "reused_mb": 34354,
  "reuse_rate": 0.6724212174593854,
  "objective_without_ca_penalty": 198.65022644927538,
  "objective_ca": 1014.6502264492754,
  "objective": 1014.6502264492754,
  "prefetch_mb": 0,
  "count_prefetch_in_downloaded": false
}
	Command being timed: "scripts/k8s_ca_figs/run_one_k8s_ca.sh orr results/drtp/k8s_ca_figs/cases/fig2_cache/case_cache2048_req500.json results/drtp/k8s_ca_figs/fig2_cache/orr_cache2048_req500.json"
	User time (seconds): 0.09
	System time (seconds): 0.02
	Percent of CPU this job got: 100%
	Elapsed (wall clock) time (h:mm:ss or m:ss): 0:00.12
	Average shared text size (kbytes): 0
	Average unshared data size (kbytes): 0
	Average stack size (kbytes): 0
	Average total size (kbytes): 0
	Maximum resident set size (kbytes): 13160
	Average resident set size (kbytes): 0
	Major (requiring I/O) page faults: 0
	Minor (reclaiming a frame) page faults: 2816
	Voluntary context switches: 8
	Involuntary context switches: 13
	Swaps: 0
	File system inputs: 0
	File system outputs: 72
	Socket messages sent: 0
	Socket messages received: 0
	Signals delivered: 0
	Page size (bytes): 4096
	Exit status: 0
