{
  "algo": "ORR-inspired-LGreedy",
  "num_containers": 1000,
  "num_scheduled_containers": 95,
  "num_assigned": 95,
  "ca_triggered": 905,
  "ca_rate": 0.905,
  "ca_penalty": 905.0,
  "lambda_ca": 1000.0,
  "num_nodes": 8,
  "ACT": 125.37293859649122,
  "AMS": 252.41250000000002,
  "downloaded_mb": 15816,
  "reused_mb": 30980,
  "reuse_rate": 0.6620223950765023,
  "objective_without_ca_penalty": 188.89271929824562,
  "objective_ca": 1093.8927192982455,
  "objective": 1093.8927192982455,
  "prefetch_mb": 0,
  "count_prefetch_in_downloaded": false
}
	Command being timed: "scripts/k8s_ca_figs/run_one_k8s_ca.sh orr results/drtp/k8s_ca_figs/cases/fig2_cache/case_cache1024_req1000.json results/drtp/k8s_ca_figs/fig2_cache/orr_cache1024_req1000.json"
	User time (seconds): 0.09
	System time (seconds): 0.02
	Percent of CPU this job got: 99%
	Elapsed (wall clock) time (h:mm:ss or m:ss): 0:00.11
	Average shared text size (kbytes): 0
	Average unshared data size (kbytes): 0
	Average stack size (kbytes): 0
	Average total size (kbytes): 0
	Maximum resident set size (kbytes): 14704
	Average resident set size (kbytes): 0
	Major (requiring I/O) page faults: 0
	Minor (reclaiming a frame) page faults: 3311
	Voluntary context switches: 8
	Involuntary context switches: 10
	Swaps: 0
	File system inputs: 0
	File system outputs: 88
	Socket messages sent: 0
	Socket messages received: 0
	Signals delivered: 0
	Page size (bytes): 4096
	Exit status: 0
