{
  "algo": "ORR-inspired-LGreedy",
  "num_containers": 1000,
  "num_scheduled_containers": 93,
  "num_assigned": 93,
  "ca_triggered": 907,
  "ca_rate": 0.907,
  "ca_penalty": 907.0,
  "lambda_ca": 1000.0,
  "num_nodes": 8,
  "ACT": 120.94198028673843,
  "AMS": 259.5,
  "downloaded_mb": 15475,
  "reused_mb": 30774,
  "reuse_rate": 0.66539817077126,
  "objective_without_ca_penalty": 190.22099014336922,
  "objective_ca": 1097.2209901433691,
  "objective": 1097.2209901433691,
  "prefetch_mb": 0,
  "count_prefetch_in_downloaded": false
}
	Command being timed: "scripts/k8s_ca_figs/run_one_k8s_ca.sh orr results/drtp/k8s_ca_figs/cases/fig2_cache/case_cache1792_req1000.json results/drtp/k8s_ca_figs/fig2_cache/orr_cache1792_req1000.json"
	User time (seconds): 0.13
	System time (seconds): 0.00
	Percent of CPU this job got: 100%
	Elapsed (wall clock) time (h:mm:ss or m:ss): 0:00.14
	Average shared text size (kbytes): 0
	Average unshared data size (kbytes): 0
	Average stack size (kbytes): 0
	Average total size (kbytes): 0
	Maximum resident set size (kbytes): 14688
	Average resident set size (kbytes): 0
	Major (requiring I/O) page faults: 0
	Minor (reclaiming a frame) page faults: 3309
	Voluntary context switches: 8
	Involuntary context switches: 14
	Swaps: 0
	File system inputs: 0
	File system outputs: 80
	Socket messages sent: 0
	Socket messages received: 0
	Signals delivered: 0
	Page size (bytes): 4096
	Exit status: 0
