{
  "algo": "GAHRL-objective-greedy",
  "num_containers": 400,
  "num_scheduled_containers": 94,
  "num_assigned": 94,
  "ca_triggered": 306,
  "ca_rate": 0.765,
  "ca_penalty": 765.0,
  "lambda_ca": 1000.0,
  "num_nodes": 8,
  "ACT": 124.22686170212754,
  "AMS": 273.1166666666667,
  "downloaded_mb": 16621,
  "reused_mb": 29708,
  "reuse_rate": 0.6412398281853698,
  "objective_without_ca_penalty": 198.6717641843971,
  "objective_ca": 963.671764184397,
  "objective": 963.671764184397,
  "params": {
    "lambda_latency": 0.5,
    "w_resource": 0.3,
    "w_imbalance": 0.2,
    "w_cache_pressure": 0.2,
    "w_layer_hit": 0.2,
    "order": "cache"
  }
}
	Command being timed: "scripts/k8s_ca_figs/run_one_k8s_ca.sh gahrl results/drtp/k8s_ca_figs/cases/fig2_cache/case_cache1536_req400.json results/drtp/k8s_ca_figs/fig2_cache/gahrl_cache1536_req400.json"
	User time (seconds): 0.05
	System time (seconds): 0.02
	Percent of CPU this job got: 98%
	Elapsed (wall clock) time (h:mm:ss or m:ss): 0:00.08
	Average shared text size (kbytes): 0
	Average unshared data size (kbytes): 0
	Average stack size (kbytes): 0
	Average total size (kbytes): 0
	Maximum resident set size (kbytes): 12296
	Average resident set size (kbytes): 0
	Major (requiring I/O) page faults: 0
	Minor (reclaiming a frame) page faults: 2592
	Voluntary context switches: 8
	Involuntary context switches: 9
	Swaps: 0
	File system inputs: 0
	File system outputs: 72
	Socket messages sent: 0
	Socket messages received: 0
	Signals delivered: 0
	Page size (bytes): 4096
	Exit status: 0
