{
  "algo": "GAHRL-objective-greedy",
  "num_containers": 300,
  "num_scheduled_containers": 94,
  "num_assigned": 94,
  "ca_triggered": 206,
  "ca_rate": 0.6866666666666666,
  "ca_penalty": 686.6666666666666,
  "lambda_ca": 1000.0,
  "num_nodes": 8,
  "ACT": 127.27562056737574,
  "AMS": 255.28750000000002,
  "downloaded_mb": 18599,
  "reused_mb": 27730,
  "reuse_rate": 0.5985451876794232,
  "objective_without_ca_penalty": 191.2815602836879,
  "objective_ca": 877.9482269503545,
  "objective": 877.9482269503545,
  "params": {
    "lambda_latency": 0.5,
    "w_resource": 0.3,
    "w_imbalance": 0.2,
    "w_cache_pressure": 0.2,
    "w_layer_hit": 0.2,
    "order": "cache"
  }
}
	Command being timed: "scripts/k8s_ca_figs/run_one_k8s_ca.sh gahrl results/drtp/k8s_ca_figs/cases/fig2_cache/case_cache1152_req300.json results/drtp/k8s_ca_figs/fig2_cache/gahrl_cache1152_req300.json"
	User time (seconds): 0.06
	System time (seconds): 0.02
	Percent of CPU this job got: 98%
	Elapsed (wall clock) time (h:mm:ss or m:ss): 0:00.08
	Average shared text size (kbytes): 0
	Average unshared data size (kbytes): 0
	Average stack size (kbytes): 0
	Average total size (kbytes): 0
	Maximum resident set size (kbytes): 12072
	Average resident set size (kbytes): 0
	Major (requiring I/O) page faults: 0
	Minor (reclaiming a frame) page faults: 2511
	Voluntary context switches: 8
	Involuntary context switches: 10
	Swaps: 0
	File system inputs: 0
	File system outputs: 72
	Socket messages sent: 0
	Socket messages received: 0
	Signals delivered: 0
	Page size (bytes): 4096
	Exit status: 0
