{
  "algo": "GAHRL-objective-greedy",
  "num_containers": 800,
  "num_scheduled_containers": 95,
  "num_assigned": 95,
  "ca_triggered": 705,
  "ca_rate": 0.88125,
  "ca_penalty": 881.25,
  "lambda_ca": 1000.0,
  "num_nodes": 8,
  "ACT": 127.80999999999989,
  "AMS": 275.58333333333337,
  "downloaded_mb": 17739,
  "reused_mb": 29057,
  "reuse_rate": 0.6209291392426703,
  "objective_without_ca_penalty": 201.69666666666663,
  "objective_ca": 1082.9466666666667,
  "objective": 1082.9466666666667,
  "params": {
    "lambda_latency": 0.5,
    "w_resource": 0.3,
    "w_imbalance": 0.2,
    "w_cache_pressure": 0.2,
    "w_layer_hit": 0.2,
    "order": "cache"
  }
}
	Command being timed: "scripts/k8s_ca_figs/run_one_k8s_ca.sh gahrl results/drtp/k8s_ca_figs/cases/fig2_cache/case_cache1792_req800.json results/drtp/k8s_ca_figs/fig2_cache/gahrl_cache1792_req800.json"
	User time (seconds): 0.13
	System time (seconds): 0.01
	Percent of CPU this job got: 99%
	Elapsed (wall clock) time (h:mm:ss or m:ss): 0:00.14
	Average shared text size (kbytes): 0
	Average unshared data size (kbytes): 0
	Average stack size (kbytes): 0
	Average total size (kbytes): 0
	Maximum resident set size (kbytes): 13580
	Average resident set size (kbytes): 0
	Major (requiring I/O) page faults: 0
	Minor (reclaiming a frame) page faults: 2993
	Voluntary context switches: 8
	Involuntary context switches: 15
	Swaps: 0
	File system inputs: 0
	File system outputs: 80
	Socket messages sent: 0
	Socket messages received: 0
	Signals delivered: 0
	Page size (bytes): 4096
	Exit status: 0
