{
  "algo": "LRScheduler-source-inspired",
  "num_containers": 300,
  "num_scheduled_containers": 94,
  "num_assigned": 94,
  "ca_triggered": 206,
  "ca_rate": 0.6866666666666666,
  "ca_penalty": 686.6666666666666,
  "lambda_ca": 1000.0,
  "num_nodes": 8,
  "ACT": 127.59680851063823,
  "AMS": 258.73333333333335,
  "downloaded_mb": 18347,
  "reused_mb": 27982,
  "reuse_rate": 0.6039845453171879,
  "objective_without_ca_penalty": 193.16507092198577,
  "objective_ca": 879.8317375886525,
  "objective": 879.8317375886525,
  "params": {
    "layer_mb_threshold": 10.0,
    "std_threshold": 0.16,
    "cpu_threshold": 0.6,
    "high_weight": 2.0,
    "low_weight": 0.5,
    "plugin_weight_layer": 2.0,
    "plugin_weight_resource": 1.0
  }
}
	Command being timed: "scripts/k8s_ca_figs/run_one_k8s_ca.sh lrs results/drtp/k8s_ca_figs/cases/fig2_cache/case_cache1408_req300.json results/drtp/k8s_ca_figs/fig2_cache/lrs_cache1408_req300.json"
	User time (seconds): 0.08
	System time (seconds): 0.00
	Percent of CPU this job got: 100%
	Elapsed (wall clock) time (h:mm:ss or m:ss): 0:00.09
	Average shared text size (kbytes): 0
	Average unshared data size (kbytes): 0
	Average stack size (kbytes): 0
	Average total size (kbytes): 0
	Maximum resident set size (kbytes): 11948
	Average resident set size (kbytes): 0
	Major (requiring I/O) page faults: 0
	Minor (reclaiming a frame) page faults: 2460
	Voluntary context switches: 8
	Involuntary context switches: 8
	Swaps: 0
	File system inputs: 0
	File system outputs: 72
	Socket messages sent: 0
	Socket messages received: 0
	Signals delivered: 0
	Page size (bytes): 4096
	Exit status: 0
