{
  "algo": "GAHRL-objective-greedy",
  "num_containers": 600,
  "num_scheduled_containers": 96,
  "num_assigned": 96,
  "ca_triggered": 504,
  "ca_rate": 0.84,
  "ca_penalty": 840.0,
  "lambda_ca": 1000.0,
  "num_nodes": 8,
  "ACT": 130.0633680555554,
  "AMS": 263.4625000000001,
  "downloaded_mb": 19091,
  "reused_mb": 29286,
  "reuse_rate": 0.6053703206069,
  "objective_without_ca_penalty": 196.76293402777776,
  "objective_ca": 1036.7629340277776,
  "objective": 1036.7629340277776,
  "params": {
    "lambda_latency": 0.5,
    "w_resource": 0.3,
    "w_imbalance": 0.2,
    "w_cache_pressure": 0.2,
    "w_layer_hit": 0.2,
    "order": "cache"
  }
}
	Command being timed: "scripts/k8s_ca_figs/run_one_k8s_ca.sh gahrl results/drtp/k8s_ca_figs/cases/fig2_cache/case_cache1152_req600.json results/drtp/k8s_ca_figs/fig2_cache/gahrl_cache1152_req600.json"
	User time (seconds): 0.08
	System time (seconds): 0.00
	Percent of CPU this job got: 98%
	Elapsed (wall clock) time (h:mm:ss or m:ss): 0:00.09
	Average shared text size (kbytes): 0
	Average unshared data size (kbytes): 0
	Average stack size (kbytes): 0
	Average total size (kbytes): 0
	Maximum resident set size (kbytes): 13076
	Average resident set size (kbytes): 0
	Major (requiring I/O) page faults: 0
	Minor (reclaiming a frame) page faults: 2799
	Voluntary context switches: 8
	Involuntary context switches: 10
	Swaps: 0
	File system inputs: 0
	File system outputs: 80
	Socket messages sent: 0
	Socket messages received: 0
	Signals delivered: 0
	Page size (bytes): 4096
	Exit status: 0
