{
  "algo": "GAHRL-objective-greedy",
  "num_containers": 200,
  "num_scheduled_containers": 96,
  "num_assigned": 96,
  "ca_triggered": 104,
  "ca_rate": 0.52,
  "ca_penalty": 520.0,
  "lambda_ca": 1000.0,
  "num_nodes": 8,
  "ACT": 131.34861111111118,
  "AMS": 259.56666666666666,
  "downloaded_mb": 16815,
  "reused_mb": 37660,
  "reuse_rate": 0.691326296466269,
  "objective_without_ca_penalty": 195.45763888888894,
  "objective_ca": 715.4576388888889,
  "objective": 715.4576388888889,
  "params": {
    "lambda_latency": 0.5,
    "w_resource": 0.3,
    "w_imbalance": 0.2,
    "w_cache_pressure": 0.2,
    "w_layer_hit": 0.2,
    "order": "cache"
  }
}
	Command being timed: "scripts/k8s_ca_figs/run_one_k8s_ca.sh gahrl results/drtp/k8s_ca_figs/cases/fig2_cache/case_cache2048_req200.json results/drtp/k8s_ca_figs/fig2_cache/gahrl_cache2048_req200.json"
	User time (seconds): 0.06
	System time (seconds): 0.00
	Percent of CPU this job got: 98%
	Elapsed (wall clock) time (h:mm:ss or m:ss): 0:00.06
	Average shared text size (kbytes): 0
	Average unshared data size (kbytes): 0
	Average stack size (kbytes): 0
	Average total size (kbytes): 0
	Maximum resident set size (kbytes): 11768
	Average resident set size (kbytes): 0
	Major (requiring I/O) page faults: 0
	Minor (reclaiming a frame) page faults: 2392
	Voluntary context switches: 8
	Involuntary context switches: 6
	Swaps: 0
	File system inputs: 0
	File system outputs: 64
	Socket messages sent: 0
	Socket messages received: 0
	Signals delivered: 0
	Page size (bytes): 4096
	Exit status: 0
