{
  "summary": {
    "num_containers": 500,
    "num_scheduled_containers": 91,
    "num_assigned": 91,
    "ca_triggered": 409,
    "ca_rate": 0.818,
    "ca_penalty": 818.0,
    "lambda_ca": 1000.0,
    "num_nodes": 8,
    "ACT": 141.24065934065933,
    "AMS": 246.41927083333334,
    "downloaded_mb": 26294,
    "reused_mb": 24282,
    "reuse_rate": 0.48010914267636823,
    "objective_without_ca_penalty": 193.82996508699634,
    "objective_ca": 1011.8299650869964,
    "objective": 1011.8299650869964
  },
  "assignment": {
    "edge-1": [
      "c005",
      "c011",
      "c017",
      "c023",
      "c036",
      "c049",
      "c056",
      "c066",
      "c072",
      "c081",
      "c085",
      "c087",
      "c095"
    ],
    "edge-2": [
      "c001",
      "c012",
      "c018",
      "c028",
      "c033",
      "c044",
      "c051",
      "c058",
      "c062",
      "c073",
      "c080"
    ],
    "edge-3": [
      "c006",
      "c010",
      "c020",
      "c029",
      "c040",
      "c046",
      "c053",
      "c068",
      "c078",
      "c086",
      "c088"
    ],
    "edge-4": [
      "c002",
      "c015",
      "c019",
      "c021",
      "c027",
      "c035",
      "c041",
      "c047",
      "c055",
      "c060",
      "c069",
      "c077"
    ],
    "edge-5": [
      "c007",
      "c014",
      "c022",
      "c032",
      "c042",
      "c050",
      "c065",
      "c075",
      "c083"
    ],
    "edge-6": [
      "c003",
      "c016",
      "c025",
      "c030",
      "c037",
      "c043",
      "c052",
      "c063",
      "c067",
      "c071",
      "c084",
      "c092"
    ],
    "edge-7": [
      "c008",
      "c013",
      "c024",
      "c031",
      "c034",
      "c038",
      "c045",
      "c054",
      "c059",
      "c064",
      "c074",
      "c079",
      "c089"
    ],
    "edge-8": [
      "c004",
      "c009",
      "c026",
      "c039",
      "c048",
      "c057",
      "c061",
      "c070",
      "c076",
      "c082"
    ]
  },
  "ordered_queues": {
    "edge-1": [
      "c072",
      "c049",
      "c036",
      "c023",
      "c017",
      "c095",
      "c066",
      "c087",
      "c056",
      "c011",
      "c085",
      "c081",
      "c005"
    ],
    "edge-2": [
      "c044",
      "c033",
      "c012",
      "c051",
      "c062",
      "c028",
      "c018",
      "c080",
      "c073",
      "c058",
      "c001"
    ],
    "edge-3": [
      "c068",
      "c088",
      "c053",
      "c046",
      "c040",
      "c086",
      "c078",
      "c029",
      "c020",
      "c010",
      "c006"
    ],
    "edge-4": [
      "c069",
      "c077",
      "c060",
      "c055",
      "c047",
      "c041",
      "c035",
      "c027",
      "c021",
      "c019",
      "c015",
      "c002"
    ],
    "edge-5": [
      "c050",
      "c022",
      "c042",
      "c014",
      "c075",
      "c083",
      "c065",
      "c032",
      "c007"
    ],
    "edge-6": [
      "c092",
      "c084",
      "c071",
      "c052",
      "c037",
      "c025",
      "c016",
      "c067",
      "c063",
      "c043",
      "c030",
      "c003"
    ],
    "edge-7": [
      "c079",
      "c074",
      "c059",
      "c054",
      "c034",
      "c031",
      "c045",
      "c024",
      "c089",
      "c064",
      "c013",
      "c038",
      "c008"
    ],
    "edge-8": [
      "c076",
      "c070",
      "c026",
      "c009",
      "c082",
      "c057",
      "c048",
      "c061",
      "c039",
      "c004"
    ]
  }
}
	Command being timed: "scripts/k8s_ca_figs/run_one_k8s_ca.sh ilrsa results/drtp/k8s_ca_figs/cases/fig2_cache/case_cache1280_req500.json results/drtp/k8s_ca_figs/fig2_cache/ilrsa_cache1280_req500.json"
	User time (seconds): 0.44
	System time (seconds): 0.02
	Percent of CPU this job got: 99%
	Elapsed (wall clock) time (h:mm:ss or m:ss): 0:00.46
	Average shared text size (kbytes): 0
	Average unshared data size (kbytes): 0
	Average stack size (kbytes): 0
	Average total size (kbytes): 0
	Maximum resident set size (kbytes): 25916
	Average resident set size (kbytes): 0
	Major (requiring I/O) page faults: 0
	Minor (reclaiming a frame) page faults: 7941
	Voluntary context switches: 8
	Involuntary context switches: 45
	Swaps: 0
	File system inputs: 0
	File system outputs: 32
	Socket messages sent: 0
	Socket messages received: 0
	Signals delivered: 0
	Page size (bytes): 4096
	Exit status: 0
