{
  "algo": "GAHRL-objective-greedy",
  "num_containers": 300,
  "num_scheduled_containers": 94,
  "num_assigned": 94,
  "ca_triggered": 206,
  "ca_rate": 0.6866666666666666,
  "ca_penalty": 686.6666666666666,
  "lambda_ca": 1000.0,
  "num_nodes": 8,
  "ACT": 125.89242021276583,
  "AMS": 305.1,
  "downloaded_mb": 17530,
  "reused_mb": 28799,
  "reuse_rate": 0.6216192881348616,
  "objective_without_ca_penalty": 215.49621010638293,
  "objective_ca": 902.1628767730496,
  "objective": 902.1628767730496,
  "params": {
    "lambda_latency": 0.5,
    "w_resource": 0.3,
    "w_imbalance": 0.2,
    "w_cache_pressure": 0.2,
    "w_layer_hit": 0.2,
    "order": "cache"
  }
}
	Command being timed: "scripts/k8s_ca_figs/run_one_k8s_ca.sh gahrl results/drtp/k8s_ca_figs/cases/fig2_cache/case_cache1280_req300.json results/drtp/k8s_ca_figs/fig2_cache/gahrl_cache1280_req300.json"
	User time (seconds): 0.07
	System time (seconds): 0.01
	Percent of CPU this job got: 98%
	Elapsed (wall clock) time (h:mm:ss or m:ss): 0:00.08
	Average shared text size (kbytes): 0
	Average unshared data size (kbytes): 0
	Average stack size (kbytes): 0
	Average total size (kbytes): 0
	Maximum resident set size (kbytes): 11856
	Average resident set size (kbytes): 0
	Major (requiring I/O) page faults: 0
	Minor (reclaiming a frame) page faults: 2494
	Voluntary context switches: 8
	Involuntary context switches: 9
	Swaps: 0
	File system inputs: 0
	File system outputs: 72
	Socket messages sent: 0
	Socket messages received: 0
	Signals delivered: 0
	Page size (bytes): 4096
	Exit status: 0
