{
  "algo": "LASA-reimpl-K8sCA",
  "num_containers": 800,
  "num_scheduled_containers": 93,
  "num_assigned": 93,
  "ca_triggered": 707,
  "ca_rate": 0.88375,
  "ca_penalty": 883.75,
  "lambda_ca": 1000.0,
  "num_nodes": 8,
  "ACT": 114.57827060931896,
  "AMS": 298.3125,
  "downloaded_mb": 3912,
  "reused_mb": 3865,
  "reuse_rate": 0.496978269255497,
  "objective_without_ca_penalty": 206.44538530465948,
  "objective_ca": 1090.1953853046596,
  "objective": 1090.1953853046596,
  "elapsed_s_internal": 4.450362920761108
}
	Command being timed: "scripts/k8s_ca_figs/run_one_k8s_ca.sh lasa results/drtp/k8s_ca_figs/cases/fig2_cache/case_cache2048_req800.json results/drtp/k8s_ca_figs/fig2_cache/lasa_cache2048_req800.json"
	User time (seconds): 4.50
	System time (seconds): 0.01
	Percent of CPU this job got: 99%
	Elapsed (wall clock) time (h:mm:ss or m:ss): 0:04.52
	Average shared text size (kbytes): 0
	Average unshared data size (kbytes): 0
	Average stack size (kbytes): 0
	Average total size (kbytes): 0
	Maximum resident set size (kbytes): 14544
	Average resident set size (kbytes): 0
	Major (requiring I/O) page faults: 0
	Minor (reclaiming a frame) page faults: 3319
	Voluntary context switches: 8
	Involuntary context switches: 449
	Swaps: 0
	File system inputs: 0
	File system outputs: 80
	Socket messages sent: 0
	Socket messages received: 0
	Signals delivered: 0
	Page size (bytes): 4096
	Exit status: 0
