{
  "summary": {
    "algo": "FG-DSCR-GC-K8sCA-tuned",
    "num_containers": 600,
    "num_assigned": 115,
    "num_failed": 485,
    "fail_rate": 0.8083333333333333,
    "num_nodes": 10,
    "ACT": 122.32909420289855,
    "AMS": 233.75625,
    "downloaded_mb": 21548,
    "reused_mb": 34316,
    "reuse_rate": 0.6142775311470715,
    "objective_base": 178.04267210144928,
    "fail_penalty": 808.3333333333334,
    "lambda_fail": 1000.0,
    "objective": 986.3760054347827
  },
  "assignment": {
    "edge-1": [
      "c018_scale_17",
      "c025_scale_24",
      "c043_scale_42",
      "c044_scale_43",
      "c049_scale_48",
      "c050_scale_49",
      "c051_scale_50",
      "c053_scale_52",
      "c062_scale_61",
      "c068_scale_67",
      "c113_scale_112",
      "c115_scale_114",
      "c118_scale_117"
    ],
    "edge-2": [
      "c001_scale_0",
      "c004_scale_3",
      "c006_scale_5",
      "c007_scale_6",
      "c008_scale_7",
      "c011_scale_10",
      "c013_scale_12",
      "c016_scale_15",
      "c017_scale_16",
      "c026_scale_25",
      "c110_scale_109"
    ],
    "edge-3": [
      "c019_scale_18",
      "c024_scale_23",
      "c038_scale_37",
      "c052_scale_51",
      "c064_scale_63",
      "c066_scale_65",
      "c069_scale_68",
      "c075_scale_74",
      "c077_scale_76",
      "c089_scale_88",
      "c096_scale_95"
    ],
    "edge-4": [
      "c002_scale_1",
      "c027_scale_26",
      "c036_scale_35",
      "c047_scale_46",
      "c048_scale_47",
      "c057_scale_56",
      "c080_scale_79",
      "c082_scale_81",
      "c085_scale_84",
      "c086_scale_85",
      "c107_scale_106",
      "c108_scale_107"
    ],
    "edge-5": [
      "c020_scale_19",
      "c037_scale_36",
      "c042_scale_41",
      "c046_scale_45",
      "c061_scale_60",
      "c065_scale_64",
      "c067_scale_66",
      "c084_scale_83",
      "c090_scale_89",
      "c104_scale_103",
      "c105_scale_104"
    ],
    "edge-6": [
      "c003_scale_2",
      "c005_scale_4",
      "c009_scale_8",
      "c012_scale_11",
      "c015_scale_14",
      "c022_scale_21",
      "c028_scale_27",
      "c032_scale_31",
      "c033_scale_32",
      "c041_scale_40",
      "c093_scale_92"
    ],
    "edge-7": [
      "c021_scale_20",
      "c030_scale_29",
      "c056_scale_55",
      "c063_scale_62",
      "c070_scale_69",
      "c079_scale_78",
      "c087_scale_86",
      "c088_scale_87",
      "c095_scale_94",
      "c098_scale_97",
      "c099_scale_98"
    ],
    "edge-8": [
      "c010_scale_9",
      "c029_scale_28",
      "c034_scale_33",
      "c035_scale_34",
      "c040_scale_39",
      "c058_scale_57",
      "c072_scale_71",
      "c076_scale_75",
      "c081_scale_80",
      "c102_scale_101",
      "c109_scale_108",
      "c114_scale_113"
    ],
    "edge-9": [
      "c023_scale_22",
      "c045_scale_44",
      "c060_scale_59",
      "c074_scale_73",
      "c091_scale_90",
      "c092_scale_91",
      "c094_scale_93",
      "c097_scale_96",
      "c100_scale_99",
      "c101_scale_100"
    ],
    "edge-10": [
      "c014_scale_13",
      "c031_scale_30",
      "c039_scale_38",
      "c054_scale_53",
      "c055_scale_54",
      "c059_scale_58",
      "c071_scale_70",
      "c073_scale_72",
      "c078_scale_77",
      "c083_scale_82",
      "c103_scale_102",
      "c106_scale_105",
      "c112_scale_111"
    ]
  },
  "ordered_queues": {
    "edge-1": [
      "c043_scale_42",
      "c044_scale_43",
      "c049_scale_48",
      "c050_scale_49",
      "c051_scale_50",
      "c053_scale_52",
      "c062_scale_61",
      "c068_scale_67",
      "c025_scale_24",
      "c115_scale_114",
      "c113_scale_112",
      "c018_scale_17",
      "c118_scale_117"
    ],
    "edge-2": [
      "c008_scale_7",
      "c006_scale_5",
      "c016_scale_15",
      "c001_scale_0",
      "c007_scale_6",
      "c011_scale_10",
      "c013_scale_12",
      "c017_scale_16",
      "c026_scale_25",
      "c110_scale_109",
      "c004_scale_3"
    ],
    "edge-3": [
      "c024_scale_23",
      "c038_scale_37",
      "c052_scale_51",
      "c064_scale_63",
      "c069_scale_68",
      "c075_scale_74",
      "c077_scale_76",
      "c089_scale_88",
      "c066_scale_65",
      "c096_scale_95",
      "c019_scale_18"
    ],
    "edge-4": [
      "c107_scale_106",
      "c048_scale_47",
      "c047_scale_46",
      "c057_scale_56",
      "c082_scale_81",
      "c108_scale_107",
      "c036_scale_35",
      "c085_scale_84",
      "c027_scale_26",
      "c002_scale_1",
      "c080_scale_79",
      "c086_scale_85"
    ],
    "edge-5": [
      "c020_scale_19",
      "c037_scale_36",
      "c042_scale_41",
      "c046_scale_45",
      "c065_scale_64",
      "c105_scale_104",
      "c090_scale_89",
      "c084_scale_83",
      "c104_scale_103",
      "c061_scale_60",
      "c067_scale_66"
    ],
    "edge-6": [
      "c003_scale_2",
      "c005_scale_4",
      "c009_scale_8",
      "c012_scale_11",
      "c015_scale_14",
      "c022_scale_21",
      "c028_scale_27",
      "c032_scale_31",
      "c033_scale_32",
      "c041_scale_40",
      "c093_scale_92"
    ],
    "edge-7": [
      "c063_scale_62",
      "c070_scale_69",
      "c079_scale_78",
      "c030_scale_29",
      "c099_scale_98",
      "c021_scale_20",
      "c098_scale_97",
      "c087_scale_86",
      "c056_scale_55",
      "c088_scale_87",
      "c095_scale_94"
    ],
    "edge-8": [
      "c102_scale_101",
      "c029_scale_28",
      "c058_scale_57",
      "c076_scale_75",
      "c081_scale_80",
      "c034_scale_33",
      "c040_scale_39",
      "c035_scale_34",
      "c010_scale_9",
      "c072_scale_71",
      "c109_scale_108",
      "c114_scale_113"
    ],
    "edge-9": [
      "c091_scale_90",
      "c100_scale_99",
      "c045_scale_44",
      "c023_scale_22",
      "c060_scale_59",
      "c097_scale_96",
      "c092_scale_91",
      "c094_scale_93",
      "c074_scale_73",
      "c101_scale_100"
    ],
    "edge-10": [
      "c014_scale_13",
      "c031_scale_30",
      "c054_scale_53",
      "c059_scale_58",
      "c103_scale_102",
      "c106_scale_105",
      "c071_scale_70",
      "c073_scale_72",
      "c078_scale_77",
      "c083_scale_82",
      "c112_scale_111",
      "c055_scale_54",
      "c039_scale_38"
    ]
  }
}
	Command being timed: "scripts/k8s_ca_figs/run_one_k8s_ca.sh fg cases/drtp_scale_nodes/drtp_img88_nodes10_cache1024mb_600.json results/drtp/k8s_ca_figs/fig3_scale_fixed/fg_cat88_edge10_req600.json"
	User time (seconds): 0.91
	System time (seconds): 0.02
	Percent of CPU this job got: 100%
	Elapsed (wall clock) time (h:mm:ss or m:ss): 0:00.93
	Average shared text size (kbytes): 0
	Average unshared data size (kbytes): 0
	Average stack size (kbytes): 0
	Average total size (kbytes): 0
	Maximum resident set size (kbytes): 18560
	Average resident set size (kbytes): 0
	Major (requiring I/O) page faults: 0
	Minor (reclaiming a frame) page faults: 4215
	Voluntary context switches: 7
	Involuntary context switches: 95
	Swaps: 0
	File system inputs: 0
	File system outputs: 360
	Socket messages sent: 0
	Socket messages received: 0
	Signals delivered: 0
	Page size (bytes): 4096
	Exit status: 0
