{
  "summary": {
    "algo": "FG-DSCR-GC-K8sCA-tuned",
    "num_containers": 600,
    "num_assigned": 203,
    "num_failed": 397,
    "fail_rate": 0.6616666666666666,
    "num_nodes": 18,
    "ACT": 119.60892857142859,
    "AMS": 233.16134259259258,
    "downloaded_mb": 48725,
    "reused_mb": 56138,
    "reuse_rate": 0.5353461182685981,
    "objective_base": 176.38513558201058,
    "fail_penalty": 661.6666666666666,
    "lambda_fail": 1000.0,
    "objective": 838.0518022486772
  },
  "assignment": {
    "edge-1": [
      "c029",
      "c048",
      "c066",
      "c090",
      "c091",
      "c100",
      "c102",
      "c123",
      "c160",
      "c161",
      "c200",
      "c203",
      "c205"
    ],
    "edge-2": [
      "c001",
      "c006",
      "c007",
      "c008",
      "c011",
      "c013",
      "c019",
      "c021",
      "c030",
      "c075"
    ],
    "edge-3": [
      "c034",
      "c040",
      "c086",
      "c118",
      "c133",
      "c146",
      "c163",
      "c165",
      "c169",
      "c191",
      "c192"
    ],
    "edge-4": [
      "c002",
      "c074",
      "c080",
      "c117",
      "c126",
      "c134",
      "c135",
      "c138",
      "c140",
      "c148",
      "c181",
      "c190"
    ],
    "edge-5": [
      "c036",
      "c061",
      "c067",
      "c085",
      "c113",
      "c124",
      "c130",
      "c139",
      "c152",
      "c164",
      "c184",
      "c186"
    ],
    "edge-6": [
      "c003",
      "c005",
      "c009",
      "c012",
      "c015",
      "c022",
      "c028",
      "c032",
      "c033",
      "c041",
      "c043",
      "c049"
    ],
    "edge-7": [
      "c045",
      "c079",
      "c108",
      "c122",
      "c137",
      "c162",
      "c168",
      "c172",
      "c174",
      "c175",
      "c182"
    ],
    "edge-8": [
      "c004",
      "c039",
      "c072",
      "c107",
      "c145",
      "c147",
      "c150",
      "c153",
      "c157",
      "c173",
      "c177",
      "c179"
    ],
    "edge-9": [
      "c010",
      "c035",
      "c093",
      "c111",
      "c127",
      "c144",
      "c156",
      "c178",
      "c180"
    ],
    "edge-10": [
      "c014",
      "c031",
      "c054",
      "c059",
      "c103",
      "c106",
      "c116",
      "c120",
      "c158",
      "c159",
      "c196",
      "c198"
    ],
    "edge-11": [
      "c016",
      "c044",
      "c050",
      "c051",
      "c053",
      "c062",
      "c063",
      "c068",
      "c070",
      "c071",
      "c073",
      "c176"
    ],
    "edge-12": [
      "c017",
      "c026",
      "c047",
      "c057",
      "c082",
      "c092",
      "c094",
      "c110",
      "c112",
      "c114",
      "c132",
      "c193",
      "c194"
    ],
    "edge-13": [
      "c018",
      "c058",
      "c076",
      "c081",
      "c084",
      "c104",
      "c119",
      "c121",
      "c170"
    ],
    "edge-14": [
      "c020",
      "c037",
      "c042",
      "c046",
      "c065",
      "c105",
      "c109",
      "c129",
      "c171",
      "c187",
      "c202"
    ],
    "edge-15": [
      "c023",
      "c060",
      "c078",
      "c083",
      "c087",
      "c088",
      "c095",
      "c097",
      "c101",
      "c195"
    ],
    "edge-16": [
      "c024",
      "c038",
      "c052",
      "c064",
      "c069",
      "c098",
      "c141",
      "c151",
      "c154",
      "c155",
      "c188",
      "c189"
    ],
    "edge-17": [
      "c025",
      "c056",
      "c099",
      "c125",
      "c128",
      "c131",
      "c142",
      "c149",
      "c166",
      "c167",
      "c183",
      "c185"
    ],
    "edge-18": [
      "c027",
      "c055",
      "c077",
      "c089",
      "c096",
      "c115",
      "c136",
      "c143",
      "c197",
      "c199"
    ]
  },
  "ordered_queues": {
    "edge-1": [
      "c091",
      "c048",
      "c102",
      "c029",
      "c100",
      "c066",
      "c090",
      "c160",
      "c123",
      "c161",
      "c200",
      "c203",
      "c205"
    ],
    "edge-2": [
      "c008",
      "c006",
      "c001",
      "c030",
      "c007",
      "c075",
      "c019",
      "c011",
      "c013",
      "c021"
    ],
    "edge-3": [
      "c034",
      "c040",
      "c086",
      "c133",
      "c163",
      "c118",
      "c146",
      "c165",
      "c192",
      "c169",
      "c191"
    ],
    "edge-4": [
      "c074",
      "c117",
      "c126",
      "c134",
      "c135",
      "c138",
      "c140",
      "c148",
      "c002",
      "c080",
      "c190",
      "c181"
    ],
    "edge-5": [
      "c036",
      "c085",
      "c184",
      "c113",
      "c124",
      "c139",
      "c152",
      "c061",
      "c067",
      "c130",
      "c186",
      "c164"
    ],
    "edge-6": [
      "c003",
      "c005",
      "c009",
      "c012",
      "c015",
      "c022",
      "c028",
      "c032",
      "c033",
      "c041",
      "c043",
      "c049"
    ],
    "edge-7": [
      "c122",
      "c108",
      "c079",
      "c045",
      "c137",
      "c162",
      "c168",
      "c172",
      "c182",
      "c174",
      "c175"
    ],
    "edge-8": [
      "c107",
      "c004",
      "c039",
      "c150",
      "c157",
      "c145",
      "c147",
      "c153",
      "c177",
      "c179",
      "c173",
      "c072"
    ],
    "edge-9": [
      "c010",
      "c127",
      "c144",
      "c178",
      "c035",
      "c093",
      "c111",
      "c156",
      "c180"
    ],
    "edge-10": [
      "c014",
      "c031",
      "c054",
      "c059",
      "c103",
      "c106",
      "c120",
      "c116",
      "c158",
      "c159",
      "c198",
      "c196"
    ],
    "edge-11": [
      "c044",
      "c050",
      "c051",
      "c053",
      "c062",
      "c068",
      "c071",
      "c073",
      "c063",
      "c070",
      "c016",
      "c176"
    ],
    "edge-12": [
      "c017",
      "c026",
      "c047",
      "c057",
      "c082",
      "c092",
      "c094",
      "c110",
      "c193",
      "c194",
      "c112",
      "c114",
      "c132"
    ],
    "edge-13": [
      "c121",
      "c058",
      "c076",
      "c081",
      "c119",
      "c084",
      "c104",
      "c170",
      "c018"
    ],
    "edge-14": [
      "c020",
      "c037",
      "c042",
      "c046",
      "c065",
      "c105",
      "c109",
      "c202",
      "c129",
      "c171",
      "c187"
    ],
    "edge-15": [
      "c078",
      "c083",
      "c087",
      "c088",
      "c095",
      "c101",
      "c023",
      "c060",
      "c097",
      "c195"
    ],
    "edge-16": [
      "c024",
      "c038",
      "c052",
      "c064",
      "c069",
      "c188",
      "c141",
      "c151",
      "c154",
      "c098",
      "c155",
      "c189"
    ],
    "edge-17": [
      "c142",
      "c099",
      "c131",
      "c128",
      "c025",
      "c167",
      "c056",
      "c125",
      "c149",
      "c166",
      "c183",
      "c185"
    ],
    "edge-18": [
      "c077",
      "c089",
      "c096",
      "c115",
      "c027",
      "c055",
      "c197",
      "c136",
      "c143",
      "c199"
    ]
  }
}
	Command being timed: "scripts/k8s_ca_figs/run_one_k8s_ca.sh fg results/drtp/k8s_ca_figs/cases/fig3_scale/case_cat88_edge18_req600.json results/drtp/k8s_ca_figs/fig3_scale/fg_cat88_edge18_req600.json"
	User time (seconds): 4.09
	System time (seconds): 0.01
	Percent of CPU this job got: 99%
	Elapsed (wall clock) time (h:mm:ss or m:ss): 0:04.11
	Average shared text size (kbytes): 0
	Average unshared data size (kbytes): 0
	Average stack size (kbytes): 0
	Average total size (kbytes): 0
	Maximum resident set size (kbytes): 18808
	Average resident set size (kbytes): 0
	Major (requiring I/O) page faults: 0
	Minor (reclaiming a frame) page faults: 4287
	Voluntary context switches: 8
	Involuntary context switches: 416
	Swaps: 0
	File system inputs: 0
	File system outputs: 568
	Socket messages sent: 0
	Socket messages received: 0
	Signals delivered: 0
	Page size (bytes): 4096
	Exit status: 0
