{
  "summary": {
    "algo": "FG-DSCR-GC-K8sCA-tuned",
    "num_containers": 1000,
    "num_assigned": 69,
    "num_failed": 931,
    "fail_rate": 0.931,
    "num_nodes": 6,
    "ACT": 119.40175120772946,
    "AMS": 233.9409722222222,
    "downloaded_mb": 13658,
    "reused_mb": 17889,
    "reuse_rate": 0.5670586743588931,
    "objective_base": 176.67136171497583,
    "fail_penalty": 931.0,
    "lambda_fail": 1000.0,
    "objective": 1107.6713617149758
  },
  "assignment": {
    "edge-1": [
      "c005_scale_4",
      "c022_scale_21",
      "c025_scale_24",
      "c031_scale_30",
      "c036_scale_35",
      "c045_scale_44",
      "c047_scale_46",
      "c052_scale_51",
      "c053_scale_52",
      "c066_scale_65",
      "c067_scale_66",
      "c068_scale_67"
    ],
    "edge-2": [
      "c001_scale_0",
      "c016_scale_15",
      "c017_scale_16",
      "c027_scale_26",
      "c033_scale_32",
      "c039_scale_38",
      "c048_scale_47",
      "c050_scale_49",
      "c055_scale_54",
      "c061_scale_60",
      "c065_scale_64"
    ],
    "edge-3": [
      "c007_scale_6",
      "c014_scale_13",
      "c020_scale_19",
      "c026_scale_25",
      "c029_scale_28",
      "c042_scale_41",
      "c043_scale_42",
      "c051_scale_50",
      "c054_scale_53",
      "c056_scale_55",
      "c060_scale_59",
      "c064_scale_63",
      "c071_scale_70"
    ],
    "edge-4": [
      "c002_scale_1",
      "c003_scale_2",
      "c006_scale_5",
      "c010_scale_9",
      "c011_scale_10",
      "c013_scale_12",
      "c015_scale_14",
      "c018_scale_17",
      "c019_scale_18"
    ],
    "edge-5": [
      "c008_scale_7",
      "c021_scale_20",
      "c028_scale_27",
      "c030_scale_29",
      "c035_scale_34",
      "c038_scale_37",
      "c046_scale_45",
      "c057_scale_56",
      "c058_scale_57",
      "c062_scale_61",
      "c063_scale_62"
    ],
    "edge-6": [
      "c004_scale_3",
      "c009_scale_8",
      "c012_scale_11",
      "c023_scale_22",
      "c024_scale_23",
      "c032_scale_31",
      "c034_scale_33",
      "c037_scale_36",
      "c040_scale_39",
      "c041_scale_40",
      "c044_scale_43",
      "c049_scale_48",
      "c059_scale_58"
    ]
  },
  "ordered_queues": {
    "edge-1": [
      "c066_scale_65",
      "c068_scale_67",
      "c025_scale_24",
      "c031_scale_30",
      "c047_scale_46",
      "c053_scale_52",
      "c067_scale_66",
      "c052_scale_51",
      "c036_scale_35",
      "c005_scale_4",
      "c022_scale_21",
      "c045_scale_44"
    ],
    "edge-2": [
      "c027_scale_26",
      "c039_scale_38",
      "c016_scale_15",
      "c061_scale_60",
      "c055_scale_54",
      "c017_scale_16",
      "c048_scale_47",
      "c050_scale_49",
      "c065_scale_64",
      "c001_scale_0",
      "c033_scale_32"
    ],
    "edge-3": [
      "c014_scale_13",
      "c029_scale_28",
      "c043_scale_42",
      "c060_scale_59",
      "c020_scale_19",
      "c056_scale_55",
      "c007_scale_6",
      "c026_scale_25",
      "c071_scale_70",
      "c042_scale_41",
      "c051_scale_50",
      "c054_scale_53",
      "c064_scale_63"
    ],
    "edge-4": [
      "c003_scale_2",
      "c006_scale_5",
      "c011_scale_10",
      "c013_scale_12",
      "c015_scale_14",
      "c019_scale_18",
      "c010_scale_9",
      "c018_scale_17",
      "c002_scale_1"
    ],
    "edge-5": [
      "c057_scale_56",
      "c058_scale_57",
      "c021_scale_20",
      "c035_scale_34",
      "c046_scale_45",
      "c008_scale_7",
      "c028_scale_27",
      "c038_scale_37",
      "c030_scale_29",
      "c063_scale_62",
      "c062_scale_61"
    ],
    "edge-6": [
      "c023_scale_22",
      "c024_scale_23",
      "c032_scale_31",
      "c037_scale_36",
      "c040_scale_39",
      "c041_scale_40",
      "c044_scale_43",
      "c034_scale_33",
      "c012_scale_11",
      "c059_scale_58",
      "c009_scale_8",
      "c049_scale_48",
      "c004_scale_3"
    ]
  }
}
	Command being timed: "scripts/k8s_ca_figs/run_one_k8s_ca.sh fg cases/drtp_scale_nodes/drtp_img50_nodes6_cache1024mb_1000.json results/drtp/k8s_ca_figs/fig3_scale_fixed/fg_cat50_edge6_req1000.json"
	User time (seconds): 0.32
	System time (seconds): 0.02
	Percent of CPU this job got: 100%
	Elapsed (wall clock) time (h:mm:ss or m:ss): 0:00.34
	Average shared text size (kbytes): 0
	Average unshared data size (kbytes): 0
	Average stack size (kbytes): 0
	Average total size (kbytes): 0
	Maximum resident set size (kbytes): 19772
	Average resident set size (kbytes): 0
	Major (requiring I/O) page faults: 0
	Minor (reclaiming a frame) page faults: 4662
	Voluntary context switches: 8
	Involuntary context switches: 33
	Swaps: 0
	File system inputs: 0
	File system outputs: 248
	Socket messages sent: 0
	Socket messages received: 0
	Signals delivered: 0
	Page size (bytes): 4096
	Exit status: 0
