{
  "summary": {
    "algo": "FG-DSCR-GC-K8sCA-tuned",
    "num_containers": 600,
    "num_assigned": 160,
    "num_failed": 440,
    "fail_rate": 0.7333333333333333,
    "num_nodes": 14,
    "ACT": 120.47377604166665,
    "AMS": 226.6261904761905,
    "downloaded_mb": 29130,
    "reused_mb": 48880,
    "reuse_rate": 0.6265863350852455,
    "objective_base": 173.54998325892856,
    "fail_penalty": 733.3333333333333,
    "lambda_fail": 1000.0,
    "objective": 906.8833165922618
  },
  "assignment": {
    "edge-1": [
      "c023",
      "c060",
      "c074",
      "c097",
      "c117",
      "c118",
      "c122",
      "c126",
      "c127",
      "c134",
      "c135"
    ],
    "edge-2": [
      "c001",
      "c006",
      "c007",
      "c008",
      "c011",
      "c013",
      "c019",
      "c020",
      "c030",
      "c138"
    ],
    "edge-3": [
      "c024",
      "c038",
      "c052",
      "c064",
      "c069",
      "c100",
      "c102",
      "c104",
      "c119",
      "c142",
      "c153",
      "c162"
    ],
    "edge-4": [
      "c002",
      "c056",
      "c079",
      "c080",
      "c099",
      "c108",
      "c121",
      "c124",
      "c125",
      "c133",
      "c155",
      "c159"
    ],
    "edge-5": [
      "c025",
      "c045",
      "c082",
      "c091",
      "c092",
      "c094",
      "c110",
      "c128",
      "c129",
      "c131",
      "c132"
    ],
    "edge-6": [
      "c003",
      "c005",
      "c009",
      "c012",
      "c015",
      "c022",
      "c028",
      "c032",
      "c033",
      "c041",
      "c146",
      "c149"
    ],
    "edge-7": [
      "c027",
      "c055",
      "c063",
      "c070",
      "c075",
      "c077",
      "c089",
      "c107",
      "c113",
      "c115",
      "c145",
      "c150",
      "c152"
    ],
    "edge-8": [
      "c004",
      "c039",
      "c043",
      "c044",
      "c049",
      "c050",
      "c051",
      "c053",
      "c062",
      "c148",
      "c157"
    ],
    "edge-9": [
      "c010",
      "c035",
      "c061",
      "c067",
      "c087",
      "c088",
      "c095",
      "c101",
      "c112",
      "c114",
      "c130",
      "c151",
      "c158"
    ],
    "edge-10": [
      "c014",
      "c031",
      "c054",
      "c059",
      "c072",
      "c103",
      "c106",
      "c120",
      "c123",
      "c141",
      "c147",
      "c161"
    ],
    "edge-11": [
      "c016",
      "c029",
      "c034",
      "c040",
      "c066",
      "c086",
      "c090",
      "c093",
      "c111"
    ],
    "edge-12": [
      "c017",
      "c026",
      "c047",
      "c048",
      "c057",
      "c068",
      "c071",
      "c073",
      "c078",
      "c083",
      "c136",
      "c139"
    ],
    "edge-13": [
      "c018",
      "c036",
      "c058",
      "c076",
      "c081",
      "c084",
      "c085",
      "c096",
      "c137",
      "c140",
      "c144"
    ],
    "edge-14": [
      "c021",
      "c037",
      "c042",
      "c046",
      "c065",
      "c098",
      "c105",
      "c109",
      "c116",
      "c143",
      "c154"
    ]
  },
  "ordered_queues": {
    "edge-1": [
      "c122",
      "c074",
      "c117",
      "c126",
      "c134",
      "c023",
      "c060",
      "c097",
      "c118",
      "c127",
      "c135"
    ],
    "edge-2": [
      "c008",
      "c006",
      "c001",
      "c030",
      "c007",
      "c019",
      "c011",
      "c013",
      "c020",
      "c138"
    ],
    "edge-3": [
      "c102",
      "c142",
      "c100",
      "c024",
      "c038",
      "c052",
      "c064",
      "c069",
      "c104",
      "c119",
      "c162",
      "c153"
    ],
    "edge-4": [
      "c121",
      "c108",
      "c079",
      "c099",
      "c002",
      "c080",
      "c124",
      "c056",
      "c125",
      "c133",
      "c155",
      "c159"
    ],
    "edge-5": [
      "c091",
      "c131",
      "c128",
      "c082",
      "c092",
      "c094",
      "c110",
      "c025",
      "c045",
      "c129",
      "c132"
    ],
    "edge-6": [
      "c003",
      "c005",
      "c009",
      "c012",
      "c015",
      "c022",
      "c028",
      "c032",
      "c033",
      "c041",
      "c149",
      "c146"
    ],
    "edge-7": [
      "c107",
      "c145",
      "c027",
      "c152",
      "c115",
      "c055",
      "c063",
      "c070",
      "c075",
      "c077",
      "c089",
      "c113",
      "c150"
    ],
    "edge-8": [
      "c043",
      "c044",
      "c049",
      "c050",
      "c051",
      "c053",
      "c062",
      "c004",
      "c039",
      "c157",
      "c148"
    ],
    "edge-9": [
      "c087",
      "c088",
      "c095",
      "c101",
      "c112",
      "c114",
      "c151",
      "c158",
      "c061",
      "c067",
      "c130",
      "c035",
      "c010"
    ],
    "edge-10": [
      "c014",
      "c031",
      "c054",
      "c059",
      "c103",
      "c106",
      "c120",
      "c123",
      "c161",
      "c147",
      "c141",
      "c072"
    ],
    "edge-11": [
      "c029",
      "c066",
      "c090",
      "c016",
      "c034",
      "c040",
      "c086",
      "c093",
      "c111"
    ],
    "edge-12": [
      "c068",
      "c071",
      "c073",
      "c078",
      "c083",
      "c136",
      "c048",
      "c017",
      "c026",
      "c047",
      "c057",
      "c139"
    ],
    "edge-13": [
      "c058",
      "c076",
      "c081",
      "c084",
      "c036",
      "c085",
      "c096",
      "c018",
      "c137",
      "c144",
      "c140"
    ],
    "edge-14": [
      "c037",
      "c042",
      "c046",
      "c065",
      "c105",
      "c109",
      "c021",
      "c098",
      "c116",
      "c143",
      "c154"
    ]
  }
}
	Command being timed: "scripts/k8s_ca_figs/run_one_k8s_ca.sh fg results/drtp/k8s_ca_figs/cases/fig3_scale/case_cat88_edge14_req600.json results/drtp/k8s_ca_figs/fig3_scale/fg_cat88_edge14_req600.json"
	User time (seconds): 2.26
	System time (seconds): 0.01
	Percent of CPU this job got: 99%
	Elapsed (wall clock) time (h:mm:ss or m:ss): 0:02.27
	Average shared text size (kbytes): 0
	Average unshared data size (kbytes): 0
	Average stack size (kbytes): 0
	Average total size (kbytes): 0
	Maximum resident set size (kbytes): 18752
	Average resident set size (kbytes): 0
	Major (requiring I/O) page faults: 0
	Minor (reclaiming a frame) page faults: 4268
	Voluntary context switches: 8
	Involuntary context switches: 226
	Swaps: 0
	File system inputs: 0
	File system outputs: 456
	Socket messages sent: 0
	Socket messages received: 0
	Signals delivered: 0
	Page size (bytes): 4096
	Exit status: 0
