{
  "summary": {
    "algo": "FG-DSCR-GC-K8sCA-tuned",
    "num_containers": 400,
    "num_assigned": 92,
    "num_failed": 308,
    "fail_rate": 0.77,
    "num_nodes": 8,
    "ACT": 121.94021739130434,
    "AMS": 228.32864583333333,
    "downloaded_mb": 14430,
    "reused_mb": 26227,
    "reuse_rate": 0.6450795680940551,
    "objective_base": 175.13443161231885,
    "fail_penalty": 770.0,
    "lambda_fail": 1000.0,
    "objective": 945.1344316123188
  },
  "assignment": {
    "edge-1": [
      "c007_scale_6",
      "c016_scale_15",
      "c021_scale_20",
      "c033_scale_32",
      "c035_scale_34",
      "c061_scale_60",
      "c075_scale_74",
      "c078_scale_77",
      "c079_scale_78",
      "c080_scale_79"
    ],
    "edge-2": [
      "c001_scale_0",
      "c025_scale_24",
      "c031_scale_30",
      "c036_scale_35",
      "c047_scale_46",
      "c053_scale_52",
      "c070_scale_69",
      "c072_scale_71",
      "c073_scale_72",
      "c085_scale_84",
      "c091_scale_90",
      "c092_scale_91"
    ],
    "edge-3": [
      "c009_scale_8",
      "c017_scale_16",
      "c034_scale_33",
      "c048_scale_47",
      "c049_scale_48",
      "c050_scale_49",
      "c055_scale_54",
      "c057_scale_56",
      "c063_scale_62",
      "c067_scale_66",
      "c081_scale_80",
      "c083_scale_82"
    ],
    "edge-4": [
      "c002_scale_1",
      "c003_scale_2",
      "c006_scale_5",
      "c010_scale_9",
      "c011_scale_10",
      "c013_scale_12",
      "c015_scale_14",
      "c018_scale_17",
      "c019_scale_18"
    ],
    "edge-5": [
      "c008_scale_7",
      "c027_scale_26",
      "c028_scale_27",
      "c038_scale_37",
      "c046_scale_45",
      "c059_scale_58",
      "c065_scale_64",
      "c071_scale_70",
      "c077_scale_76",
      "c088_scale_87",
      "c090_scale_89",
      "c093_scale_92"
    ],
    "edge-6": [
      "c004_scale_3",
      "c014_scale_13",
      "c020_scale_19",
      "c029_scale_28",
      "c030_scale_29",
      "c043_scale_42",
      "c056_scale_55",
      "c058_scale_57",
      "c060_scale_59",
      "c066_scale_65",
      "c068_scale_67",
      "c076_scale_75",
      "c087_scale_86"
    ],
    "edge-7": [
      "c012_scale_11",
      "c023_scale_22",
      "c024_scale_23",
      "c032_scale_31",
      "c037_scale_36",
      "c040_scale_39",
      "c041_scale_40",
      "c042_scale_41",
      "c044_scale_43",
      "c051_scale_50",
      "c052_scale_51",
      "c054_scale_53",
      "c082_scale_81"
    ],
    "edge-8": [
      "c005_scale_4",
      "c022_scale_21",
      "c026_scale_25",
      "c039_scale_38",
      "c045_scale_44",
      "c062_scale_61",
      "c064_scale_63",
      "c069_scale_68",
      "c074_scale_73",
      "c084_scale_83",
      "c086_scale_85"
    ]
  },
  "ordered_queues": {
    "edge-1": [
      "c007_scale_6",
      "c016_scale_15",
      "c061_scale_60",
      "c080_scale_79",
      "c021_scale_20",
      "c035_scale_34",
      "c075_scale_74",
      "c033_scale_32",
      "c078_scale_77",
      "c079_scale_78"
    ],
    "edge-2": [
      "c070_scale_69",
      "c091_scale_90",
      "c085_scale_84",
      "c025_scale_24",
      "c031_scale_30",
      "c047_scale_46",
      "c053_scale_52",
      "c072_scale_71",
      "c092_scale_91",
      "c036_scale_35",
      "c001_scale_0",
      "c073_scale_72"
    ],
    "edge-3": [
      "c034_scale_33",
      "c057_scale_56",
      "c081_scale_80",
      "c009_scale_8",
      "c055_scale_54",
      "c049_scale_48",
      "c067_scale_66",
      "c083_scale_82",
      "c017_scale_16",
      "c048_scale_47",
      "c050_scale_49",
      "c063_scale_62"
    ],
    "edge-4": [
      "c003_scale_2",
      "c006_scale_5",
      "c011_scale_10",
      "c013_scale_12",
      "c015_scale_14",
      "c019_scale_18",
      "c010_scale_9",
      "c018_scale_17",
      "c002_scale_1"
    ],
    "edge-5": [
      "c027_scale_26",
      "c090_scale_89",
      "c046_scale_45",
      "c059_scale_58",
      "c065_scale_64",
      "c071_scale_70",
      "c008_scale_7",
      "c028_scale_27",
      "c038_scale_37",
      "c077_scale_76",
      "c088_scale_87",
      "c093_scale_92"
    ],
    "edge-6": [
      "c014_scale_13",
      "c029_scale_28",
      "c043_scale_42",
      "c060_scale_59",
      "c020_scale_19",
      "c056_scale_55",
      "c058_scale_57",
      "c004_scale_3",
      "c066_scale_65",
      "c068_scale_67",
      "c076_scale_75",
      "c087_scale_86",
      "c030_scale_29"
    ],
    "edge-7": [
      "c023_scale_22",
      "c024_scale_23",
      "c032_scale_31",
      "c037_scale_36",
      "c040_scale_39",
      "c041_scale_40",
      "c042_scale_41",
      "c044_scale_43",
      "c051_scale_50",
      "c054_scale_53",
      "c082_scale_81",
      "c012_scale_11",
      "c052_scale_51"
    ],
    "edge-8": [
      "c062_scale_61",
      "c064_scale_63",
      "c069_scale_68",
      "c074_scale_73",
      "c086_scale_85",
      "c039_scale_38",
      "c005_scale_4",
      "c022_scale_21",
      "c045_scale_44",
      "c084_scale_83",
      "c026_scale_25"
    ]
  }
}
	Command being timed: "scripts/k8s_ca_figs/run_one_k8s_ca.sh fg cases/drtp_scale_nodes/drtp_img50_nodes8_cache1024mb_400.json results/drtp/k8s_ca_figs/fig3_scale_fixed/fg_cat50_edge8_req400.json"
	User time (seconds): 0.53
	System time (seconds): 0.01
	Percent of CPU this job got: 99%
	Elapsed (wall clock) time (h:mm:ss or m:ss): 0:00.54
	Average shared text size (kbytes): 0
	Average unshared data size (kbytes): 0
	Average stack size (kbytes): 0
	Average total size (kbytes): 0
	Maximum resident set size (kbytes): 17820
	Average resident set size (kbytes): 0
	Major (requiring I/O) page faults: 0
	Minor (reclaiming a frame) page faults: 3929
	Voluntary context switches: 8
	Involuntary context switches: 57
	Swaps: 0
	File system inputs: 0
	File system outputs: 288
	Socket messages sent: 0
	Socket messages received: 0
	Signals delivered: 0
	Page size (bytes): 4096
	Exit status: 0
