{
  "summary": {
    "algo": "FG-DSCR-GC-K8sCA-tuned",
    "num_containers": 200,
    "num_assigned": 74,
    "num_failed": 126,
    "fail_rate": 0.63,
    "num_nodes": 6,
    "ACT": 142.40016891891892,
    "AMS": 262.8097222222222,
    "downloaded_mb": 21230,
    "reused_mb": 20257,
    "reuse_rate": 0.488273435051944,
    "objective_base": 202.60494557057058,
    "fail_penalty": 630.0,
    "lambda_fail": 1000.0,
    "objective": 832.6049455705706
  },
  "assignment": {
    "edge-1": [
      "c007",
      "c025",
      "c027",
      "c034",
      "c043",
      "c055",
      "c058",
      "c060",
      "c061",
      "c068",
      "c071"
    ],
    "edge-2": [
      "c001",
      "c019",
      "c029",
      "c030",
      "c036",
      "c037",
      "c041",
      "c046",
      "c062",
      "c065"
    ],
    "edge-3": [
      "c011",
      "c020",
      "c023",
      "c026",
      "c033",
      "c039",
      "c042",
      "c044",
      "c054",
      "c056",
      "c059",
      "c070",
      "c072",
      "c073",
      "c076"
    ],
    "edge-4": [
      "c002",
      "c003",
      "c004",
      "c006",
      "c008",
      "c010",
      "c012",
      "c013",
      "c014",
      "c015",
      "c016",
      "c017",
      "c063"
    ],
    "edge-5": [
      "c018",
      "c022",
      "c031",
      "c038",
      "c040",
      "c048",
      "c050",
      "c052",
      "c053",
      "c057",
      "c066",
      "c069"
    ],
    "edge-6": [
      "c005",
      "c009",
      "c021",
      "c024",
      "c028",
      "c032",
      "c035",
      "c045",
      "c047",
      "c049",
      "c051",
      "c064",
      "c067"
    ]
  },
  "ordered_queues": {
    "edge-1": [
      "c025",
      "c027",
      "c034",
      "c058",
      "c061",
      "c071",
      "c043",
      "c055",
      "c068",
      "c007",
      "c060"
    ],
    "edge-2": [
      "c019",
      "c029",
      "c030",
      "c036",
      "c037",
      "c062",
      "c041",
      "c046",
      "c001",
      "c065"
    ],
    "edge-3": [
      "c059",
      "c023",
      "c011",
      "c042",
      "c054",
      "c026",
      "c033",
      "c073",
      "c056",
      "c070",
      "c039",
      "c044",
      "c020",
      "c076",
      "c072"
    ],
    "edge-4": [
      "c002",
      "c003",
      "c004",
      "c006",
      "c010",
      "c012",
      "c016",
      "c017",
      "c063",
      "c015",
      "c013",
      "c008",
      "c014"
    ],
    "edge-5": [
      "c050",
      "c048",
      "c038",
      "c040",
      "c052",
      "c053",
      "c018",
      "c031",
      "c057",
      "c022",
      "c066",
      "c069"
    ],
    "edge-6": [
      "c005",
      "c064",
      "c009",
      "c032",
      "c035",
      "c045",
      "c024",
      "c028",
      "c021",
      "c047",
      "c049",
      "c067",
      "c051"
    ]
  }
}
	Command being timed: "scripts/k8s_ca_figs/run_one_k8s_ca.sh fg results/drtp/k8s_ca_figs/cases/fig3_scale/case_cat88_edge6_req200.json results/drtp/k8s_ca_figs/fig3_scale/fg_cat88_edge6_req200.json"
	User time (seconds): 0.39
	System time (seconds): 0.00
	Percent of CPU this job got: 99%
	Elapsed (wall clock) time (h:mm:ss or m:ss): 0:00.39
	Average shared text size (kbytes): 0
	Average unshared data size (kbytes): 0
	Average stack size (kbytes): 0
	Average total size (kbytes): 0
	Maximum resident set size (kbytes): 17556
	Average resident set size (kbytes): 0
	Major (requiring I/O) page faults: 0
	Minor (reclaiming a frame) page faults: 3707
	Voluntary context switches: 8
	Involuntary context switches: 41
	Swaps: 0
	File system inputs: 0
	File system outputs: 216
	Socket messages sent: 0
	Socket messages received: 0
	Signals delivered: 0
	Page size (bytes): 4096
	Exit status: 0
