{
  "summary": {
    "algo": "FG-DSCR-GC-K8sCA-tuned",
    "num_containers": 400,
    "num_assigned": 136,
    "num_failed": 264,
    "fail_rate": 0.66,
    "num_nodes": 12,
    "ACT": 119.08658088235292,
    "AMS": 226.5715277777778,
    "downloaded_mb": 21019,
    "reused_mb": 37485,
    "reuse_rate": 0.6407254204840694,
    "objective_base": 172.82905433006536,
    "fail_penalty": 660.0,
    "lambda_fail": 1000.0,
    "objective": 832.8290543300653
  },
  "assignment": {
    "edge-1": [
      "c009_scale_8",
      "c027_scale_26",
      "c036_scale_35",
      "c039_scale_38",
      "c055_scale_54",
      "c082_scale_81",
      "c096_scale_95",
      "c105_scale_104",
      "c116_scale_115",
      "c118_scale_117"
    ],
    "edge-2": [
      "c001_scale_0",
      "c034_scale_33",
      "c052_scale_51",
      "c076_scale_75",
      "c086_scale_85",
      "c092_scale_91",
      "c093_scale_92",
      "c094_scale_93",
      "c102_scale_101",
      "c104_scale_103",
      "c115_scale_114",
      "c117_scale_116",
      "c127_scale_126"
    ],
    "edge-3": [
      "c012_scale_11",
      "c033_scale_32",
      "c059_scale_58",
      "c089_scale_88",
      "c101_scale_100",
      "c111_scale_110",
      "c114_scale_113",
      "c120_scale_119"
    ],
    "edge-4": [
      "c002_scale_1",
      "c003_scale_2",
      "c006_scale_5",
      "c010_scale_9",
      "c011_scale_10",
      "c013_scale_12",
      "c015_scale_14",
      "c019_scale_18",
      "c023_scale_22",
      "c024_scale_23"
    ],
    "edge-5": [
      "c014_scale_13",
      "c020_scale_19",
      "c029_scale_28",
      "c043_scale_42",
      "c056_scale_55",
      "c060_scale_59",
      "c081_scale_80",
      "c088_scale_87",
      "c103_scale_102",
      "c108_scale_107",
      "c110_scale_109",
      "c133_scale_132",
      "c136_scale_135"
    ],
    "edge-6": [
      "c004_scale_3",
      "c021_scale_20",
      "c032_scale_31",
      "c035_scale_34",
      "c037_scale_36",
      "c040_scale_39",
      "c041_scale_40",
      "c042_scale_41",
      "c044_scale_43",
      "c045_scale_44",
      "c051_scale_50",
      "c119_scale_118"
    ],
    "edge-7": [
      "c016_scale_15",
      "c026_scale_25",
      "c057_scale_56",
      "c058_scale_57",
      "c061_scale_60",
      "c072_scale_71",
      "c097_scale_96",
      "c107_scale_106",
      "c112_scale_111",
      "c124_scale_123",
      "c126_scale_125"
    ],
    "edge-8": [
      "c005_scale_4",
      "c022_scale_21",
      "c054_scale_53",
      "c062_scale_61",
      "c064_scale_63",
      "c069_scale_68",
      "c074_scale_73",
      "c078_scale_77",
      "c079_scale_78",
      "c084_scale_83",
      "c121_scale_120",
      "c131_scale_130"
    ],
    "edge-9": [
      "c017_scale_16",
      "c048_scale_47",
      "c050_scale_49",
      "c063_scale_62",
      "c070_scale_69",
      "c073_scale_72",
      "c090_scale_89",
      "c091_scale_90",
      "c095_scale_94",
      "c099_scale_98",
      "c100_scale_99",
      "c125_scale_124"
    ],
    "edge-10": [
      "c007_scale_6",
      "c025_scale_24",
      "c031_scale_30",
      "c047_scale_46",
      "c049_scale_48",
      "c053_scale_52",
      "c066_scale_65",
      "c067_scale_66",
      "c068_scale_67",
      "c077_scale_76",
      "c080_scale_79",
      "c085_scale_84",
      "c128_scale_127",
      "c129_scale_128"
    ],
    "edge-11": [
      "c018_scale_17",
      "c030_scale_29",
      "c075_scale_74",
      "c083_scale_82",
      "c106_scale_105",
      "c109_scale_108",
      "c113_scale_112",
      "c122_scale_121",
      "c123_scale_122",
      "c132_scale_131"
    ],
    "edge-12": [
      "c008_scale_7",
      "c028_scale_27",
      "c038_scale_37",
      "c046_scale_45",
      "c065_scale_64",
      "c071_scale_70",
      "c087_scale_86",
      "c098_scale_97",
      "c130_scale_129",
      "c134_scale_133",
      "c135_scale_134"
    ]
  },
  "ordered_queues": {
    "edge-1": [
      "c082_scale_81",
      "c116_scale_115",
      "c027_scale_26",
      "c039_scale_38",
      "c009_scale_8",
      "c055_scale_54",
      "c105_scale_104",
      "c118_scale_117",
      "c036_scale_35",
      "c096_scale_95"
    ],
    "edge-2": [
      "c034_scale_33",
      "c086_scale_85",
      "c093_scale_92",
      "c094_scale_93",
      "c102_scale_101",
      "c104_scale_103",
      "c052_scale_51",
      "c092_scale_91",
      "c117_scale_116",
      "c076_scale_75",
      "c115_scale_114",
      "c001_scale_0",
      "c127_scale_126"
    ],
    "edge-3": [
      "c111_scale_110",
      "c114_scale_113",
      "c120_scale_119",
      "c012_scale_11",
      "c059_scale_58",
      "c033_scale_32",
      "c089_scale_88",
      "c101_scale_100"
    ],
    "edge-4": [
      "c003_scale_2",
      "c006_scale_5",
      "c011_scale_10",
      "c013_scale_12",
      "c015_scale_14",
      "c019_scale_18",
      "c023_scale_22",
      "c024_scale_23",
      "c010_scale_9",
      "c002_scale_1"
    ],
    "edge-5": [
      "c014_scale_13",
      "c029_scale_28",
      "c043_scale_42",
      "c060_scale_59",
      "c088_scale_87",
      "c108_scale_107",
      "c020_scale_19",
      "c056_scale_55",
      "c081_scale_80",
      "c103_scale_102",
      "c136_scale_135",
      "c110_scale_109",
      "c133_scale_132"
    ],
    "edge-6": [
      "c032_scale_31",
      "c037_scale_36",
      "c040_scale_39",
      "c041_scale_40",
      "c042_scale_41",
      "c044_scale_43",
      "c051_scale_50",
      "c021_scale_20",
      "c035_scale_34",
      "c004_scale_3",
      "c045_scale_44",
      "c119_scale_118"
    ],
    "edge-7": [
      "c057_scale_56",
      "c112_scale_111",
      "c058_scale_57",
      "c097_scale_96",
      "c016_scale_15",
      "c061_scale_60",
      "c072_scale_71",
      "c107_scale_106",
      "c124_scale_123",
      "c026_scale_25",
      "c126_scale_125"
    ],
    "edge-8": [
      "c054_scale_53",
      "c062_scale_61",
      "c064_scale_63",
      "c069_scale_68",
      "c074_scale_73",
      "c078_scale_77",
      "c079_scale_78",
      "c121_scale_120",
      "c131_scale_130",
      "c005_scale_4",
      "c022_scale_21",
      "c084_scale_83"
    ],
    "edge-9": [
      "c017_scale_16",
      "c048_scale_47",
      "c050_scale_49",
      "c063_scale_62",
      "c073_scale_72",
      "c095_scale_94",
      "c100_scale_99",
      "c090_scale_89",
      "c099_scale_98",
      "c070_scale_69",
      "c091_scale_90",
      "c125_scale_124"
    ],
    "edge-10": [
      "c025_scale_24",
      "c031_scale_30",
      "c047_scale_46",
      "c053_scale_52",
      "c077_scale_76",
      "c085_scale_84",
      "c066_scale_65",
      "c068_scale_67",
      "c080_scale_79",
      "c007_scale_6",
      "c049_scale_48",
      "c067_scale_66",
      "c129_scale_128",
      "c128_scale_127"
    ],
    "edge-11": [
      "c109_scale_108",
      "c132_scale_131",
      "c018_scale_17",
      "c075_scale_74",
      "c083_scale_82",
      "c030_scale_29",
      "c123_scale_122",
      "c113_scale_112",
      "c106_scale_105",
      "c122_scale_121"
    ],
    "edge-12": [
      "c135_scale_134",
      "c046_scale_45",
      "c087_scale_86",
      "c065_scale_64",
      "c071_scale_70",
      "c098_scale_97",
      "c008_scale_7",
      "c028_scale_27",
      "c038_scale_37",
      "c134_scale_133",
      "c130_scale_129"
    ]
  }
}
	Command being timed: "scripts/k8s_ca_figs/run_one_k8s_ca.sh fg cases/drtp_scale_nodes/drtp_img50_nodes12_cache1024mb_400.json results/drtp/k8s_ca_figs/fig3_scale_fixed/fg_cat50_edge12_req400.json"
	User time (seconds): 1.19
	System time (seconds): 0.01
	Percent of CPU this job got: 99%
	Elapsed (wall clock) time (h:mm:ss or m:ss): 0:01.21
	Average shared text size (kbytes): 0
	Average unshared data size (kbytes): 0
	Average stack size (kbytes): 0
	Average total size (kbytes): 0
	Maximum resident set size (kbytes): 18052
	Average resident set size (kbytes): 0
	Major (requiring I/O) page faults: 0
	Minor (reclaiming a frame) page faults: 3956
	Voluntary context switches: 6
	Involuntary context switches: 128
	Swaps: 0
	File system inputs: 0
	File system outputs: 416
	Socket messages sent: 0
	Socket messages received: 0
	Signals delivered: 0
	Page size (bytes): 4096
	Exit status: 0
