{
  "summary": {
    "algo": "FG-DSCR-GC-K8sCA-tuned",
    "num_containers": 800,
    "num_assigned": 183,
    "num_failed": 617,
    "fail_rate": 0.77125,
    "num_nodes": 16,
    "ACT": 120.42299635701276,
    "AMS": 227.79765625000002,
    "downloaded_mb": 34654,
    "reused_mb": 57947,
    "reuse_rate": 0.6257707800131748,
    "objective_base": 174.11032630350638,
    "fail_penalty": 771.25,
    "lambda_fail": 1000.0,
    "objective": 945.3603263035063
  },
  "assignment": {
    "edge-1": [
      "c025",
      "c056",
      "c100",
      "c108",
      "c122",
      "c125",
      "c137",
      "c147",
      "c150",
      "c168",
      "c177",
      "c202"
    ],
    "edge-2": [
      "c001",
      "c006",
      "c007",
      "c008",
      "c011",
      "c013",
      "c019",
      "c021",
      "c030",
      "c046"
    ],
    "edge-3": [
      "c027",
      "c055",
      "c079",
      "c096",
      "c113",
      "c115",
      "c124",
      "c139",
      "c145",
      "c149",
      "c172",
      "c198"
    ],
    "edge-4": [
      "c002",
      "c061",
      "c067",
      "c080",
      "c099",
      "c123",
      "c128",
      "c130",
      "c131",
      "c161",
      "c164",
      "c165"
    ],
    "edge-5": [
      "c029",
      "c036",
      "c058",
      "c076",
      "c081",
      "c084",
      "c085",
      "c104",
      "c119",
      "c163",
      "c167"
    ],
    "edge-6": [
      "c003",
      "c005",
      "c009",
      "c012",
      "c015",
      "c022",
      "c028",
      "c032",
      "c033",
      "c041",
      "c043",
      "c053",
      "c154"
    ],
    "edge-7": [
      "c034",
      "c040",
      "c086",
      "c098",
      "c133",
      "c135",
      "c138",
      "c140",
      "c148",
      "c174",
      "c179"
    ],
    "edge-8": [
      "c004",
      "c039",
      "c066",
      "c074",
      "c090",
      "c107",
      "c117",
      "c126",
      "c134",
      "c170"
    ],
    "edge-9": [
      "c010",
      "c035",
      "c072",
      "c121",
      "c127",
      "c129",
      "c132",
      "c136",
      "c144",
      "c156",
      "c158",
      "c159"
    ],
    "edge-10": [
      "c014",
      "c031",
      "c054",
      "c059",
      "c097",
      "c103",
      "c106",
      "c118",
      "c120",
      "c142",
      "c171",
      "c173"
    ],
    "edge-11": [
      "c016",
      "c044",
      "c049",
      "c050",
      "c051",
      "c062",
      "c063",
      "c068",
      "c070",
      "c151",
      "c157"
    ],
    "edge-12": [
      "c017",
      "c026",
      "c047",
      "c048",
      "c057",
      "c082",
      "c092",
      "c094",
      "c101",
      "c166",
      "c182"
    ],
    "edge-13": [
      "c018",
      "c045",
      "c091",
      "c093",
      "c111",
      "c141",
      "c146",
      "c152",
      "c175",
      "c189"
    ],
    "edge-14": [
      "c020",
      "c037",
      "c042",
      "c065",
      "c102",
      "c105",
      "c109",
      "c114",
      "c116",
      "c153",
      "c162",
      "c185"
    ],
    "edge-15": [
      "c023",
      "c060",
      "c071",
      "c073",
      "c078",
      "c083",
      "c087",
      "c088",
      "c095",
      "c112",
      "c169",
      "c176"
    ],
    "edge-16": [
      "c024",
      "c038",
      "c052",
      "c064",
      "c069",
      "c075",
      "c077",
      "c089",
      "c110",
      "c143",
      "c155",
      "c160"
    ]
  },
  "ordered_queues": {
    "edge-1": [
      "c122",
      "c108",
      "c100",
      "c147",
      "c025",
      "c137",
      "c056",
      "c125",
      "c150",
      "c168",
      "c202",
      "c177"
    ],
    "edge-2": [
      "c008",
      "c006",
      "c001",
      "c030",
      "c007",
      "c019",
      "c011",
      "c013",
      "c021",
      "c046"
    ],
    "edge-3": [
      "c145",
      "c079",
      "c096",
      "c055",
      "c115",
      "c027",
      "c113",
      "c124",
      "c139",
      "c149",
      "c172",
      "c198"
    ],
    "edge-4": [
      "c099",
      "c131",
      "c128",
      "c061",
      "c067",
      "c130",
      "c123",
      "c161",
      "c164",
      "c002",
      "c080",
      "c165"
    ],
    "edge-5": [
      "c029",
      "c058",
      "c076",
      "c081",
      "c119",
      "c163",
      "c084",
      "c104",
      "c036",
      "c085",
      "c167"
    ],
    "edge-6": [
      "c003",
      "c005",
      "c009",
      "c012",
      "c015",
      "c022",
      "c028",
      "c032",
      "c033",
      "c041",
      "c043",
      "c053",
      "c154"
    ],
    "edge-7": [
      "c034",
      "c040",
      "c086",
      "c133",
      "c135",
      "c138",
      "c140",
      "c148",
      "c179",
      "c098",
      "c174"
    ],
    "edge-8": [
      "c107",
      "c074",
      "c117",
      "c126",
      "c134",
      "c066",
      "c090",
      "c170",
      "c004",
      "c039"
    ],
    "edge-9": [
      "c129",
      "c132",
      "c136",
      "c156",
      "c158",
      "c159",
      "c121",
      "c035",
      "c010",
      "c127",
      "c144",
      "c072"
    ],
    "edge-10": [
      "c014",
      "c031",
      "c054",
      "c059",
      "c103",
      "c106",
      "c120",
      "c142",
      "c097",
      "c118",
      "c173",
      "c171"
    ],
    "edge-11": [
      "c044",
      "c049",
      "c050",
      "c051",
      "c062",
      "c068",
      "c151",
      "c063",
      "c070",
      "c016",
      "c157"
    ],
    "edge-12": [
      "c017",
      "c026",
      "c047",
      "c057",
      "c082",
      "c092",
      "c094",
      "c048",
      "c182",
      "c101",
      "c166"
    ],
    "edge-13": [
      "c091",
      "c141",
      "c152",
      "c045",
      "c018",
      "c146",
      "c093",
      "c111",
      "c175",
      "c189"
    ],
    "edge-14": [
      "c020",
      "c037",
      "c042",
      "c065",
      "c105",
      "c109",
      "c153",
      "c102",
      "c162",
      "c114",
      "c116",
      "c185"
    ],
    "edge-15": [
      "c071",
      "c073",
      "c078",
      "c083",
      "c087",
      "c088",
      "c095",
      "c112",
      "c169",
      "c023",
      "c060",
      "c176"
    ],
    "edge-16": [
      "c024",
      "c038",
      "c052",
      "c064",
      "c069",
      "c075",
      "c077",
      "c089",
      "c110",
      "c160",
      "c143",
      "c155"
    ]
  }
}
	Command being timed: "scripts/k8s_ca_figs/run_one_k8s_ca.sh fg results/drtp/k8s_ca_figs/cases/fig3_scale/case_cat88_edge16_req800.json results/drtp/k8s_ca_figs/fig3_scale/fg_cat88_edge16_req800.json"
	User time (seconds): 3.11
	System time (seconds): 0.04
	Percent of CPU this job got: 99%
	Elapsed (wall clock) time (h:mm:ss or m:ss): 0:03.16
	Average shared text size (kbytes): 0
	Average unshared data size (kbytes): 0
	Average stack size (kbytes): 0
	Average total size (kbytes): 0
	Maximum resident set size (kbytes): 19356
	Average resident set size (kbytes): 0
	Major (requiring I/O) page faults: 0
	Minor (reclaiming a frame) page faults: 4523
	Voluntary context switches: 8
	Involuntary context switches: 315
	Swaps: 0
	File system inputs: 0
	File system outputs: 520
	Socket messages sent: 0
	Socket messages received: 0
	Signals delivered: 0
	Page size (bytes): 4096
	Exit status: 0
