{
  "summary": {
    "algo": "FG-DSCR-GC-K8sCA-tuned",
    "num_containers": 400,
    "num_assigned": 94,
    "num_failed": 306,
    "fail_rate": 0.765,
    "num_nodes": 8,
    "ACT": 140.3740425531915,
    "AMS": 265.105,
    "downloaded_mb": 26042,
    "reused_mb": 20251,
    "reuse_rate": 0.43745274663556044,
    "objective_base": 202.73952127659575,
    "fail_penalty": 765.0,
    "lambda_fail": 1000.0,
    "objective": 967.7395212765957
  },
  "assignment": {
    "edge-1": [
      "c001",
      "c004",
      "c006",
      "c007",
      "c008",
      "c011",
      "c013",
      "c016",
      "c017",
      "c026",
      "c080"
    ],
    "edge-2": [
      "c002",
      "c024",
      "c038",
      "c047",
      "c048",
      "c052",
      "c057",
      "c064",
      "c069",
      "c075",
      "c077",
      "c089",
      "c091"
    ],
    "edge-3": [
      "c003",
      "c005",
      "c009",
      "c012",
      "c015",
      "c022",
      "c028",
      "c032",
      "c033",
      "c041",
      "c084",
      "c085"
    ],
    "edge-4": [
      "c010",
      "c025",
      "c029",
      "c035",
      "c039",
      "c055",
      "c061",
      "c066",
      "c067",
      "c074",
      "c090",
      "c092"
    ],
    "edge-5": [
      "c014",
      "c027",
      "c031",
      "c045",
      "c054",
      "c058",
      "c059",
      "c073",
      "c081",
      "c082",
      "c083"
    ],
    "edge-6": [
      "c018",
      "c023",
      "c036",
      "c053",
      "c060",
      "c062",
      "c063",
      "c068",
      "c070",
      "c071",
      "c079",
      "c087",
      "c102"
    ],
    "edge-7": [
      "c019",
      "c021",
      "c030",
      "c043",
      "c044",
      "c049",
      "c050",
      "c051",
      "c078",
      "c103"
    ],
    "edge-8": [
      "c020",
      "c034",
      "c037",
      "c040",
      "c042",
      "c046",
      "c056",
      "c065",
      "c072",
      "c076",
      "c086",
      "c088"
    ]
  },
  "ordered_queues": {
    "edge-1": [
      "c008",
      "c006",
      "c016",
      "c001",
      "c007",
      "c011",
      "c013",
      "c004",
      "c080",
      "c017",
      "c026"
    ],
    "edge-2": [
      "c091",
      "c048",
      "c075",
      "c077",
      "c089",
      "c024",
      "c038",
      "c052",
      "c064",
      "c069",
      "c047",
      "c057",
      "c002"
    ],
    "edge-3": [
      "c003",
      "c005",
      "c009",
      "c012",
      "c015",
      "c022",
      "c085",
      "c084",
      "c028",
      "c032",
      "c033",
      "c041"
    ],
    "edge-4": [
      "c029",
      "c066",
      "c090",
      "c025",
      "c055",
      "c061",
      "c067",
      "c039",
      "c035",
      "c010",
      "c074",
      "c092"
    ],
    "edge-5": [
      "c058",
      "c081",
      "c027",
      "c014",
      "c031",
      "c054",
      "c059",
      "c045",
      "c082",
      "c073",
      "c083"
    ],
    "edge-6": [
      "c063",
      "c070",
      "c102",
      "c079",
      "c053",
      "c062",
      "c068",
      "c071",
      "c087",
      "c036",
      "c018",
      "c023",
      "c060"
    ],
    "edge-7": [
      "c030",
      "c019",
      "c043",
      "c044",
      "c049",
      "c050",
      "c051",
      "c078",
      "c021",
      "c103"
    ],
    "edge-8": [
      "c020",
      "c037",
      "c042",
      "c046",
      "c065",
      "c034",
      "c040",
      "c086",
      "c076",
      "c056",
      "c072",
      "c088"
    ]
  }
}
	Command being timed: "scripts/k8s_ca_figs/run_one_k8s_ca.sh fg results/drtp/k8s_ca_figs/cases/fig4_network/case_homo_bad_cache1280_req400.json results/drtp/k8s_ca_figs/fig4_network/fg_homo_bad_cache1280_req400.json"
	User time (seconds): 0.60
	System time (seconds): 0.03
	Percent of CPU this job got: 99%
	Elapsed (wall clock) time (h:mm:ss or m:ss): 0:00.63
	Average shared text size (kbytes): 0
	Average unshared data size (kbytes): 0
	Average stack size (kbytes): 0
	Average total size (kbytes): 0
	Maximum resident set size (kbytes): 18012
	Average resident set size (kbytes): 0
	Major (requiring I/O) page faults: 0
	Minor (reclaiming a frame) page faults: 3981
	Voluntary context switches: 8
	Involuntary context switches: 62
	Swaps: 0
	File system inputs: 0
	File system outputs: 272
	Socket messages sent: 0
	Socket messages received: 0
	Signals delivered: 0
	Page size (bytes): 4096
	Exit status: 0
