{
  "summary": {
    "algo": "FG-DSCR-GC-K8sCA-tuned",
    "num_containers": 900,
    "num_assigned": 94,
    "num_failed": 806,
    "fail_rate": 0.8955555555555555,
    "num_nodes": 8,
    "ACT": 128.67023936170213,
    "AMS": 239.1253125,
    "downloaded_mb": 20242,
    "reused_mb": 26051,
    "reuse_rate": 0.5627416672067052,
    "objective_base": 183.89777593085108,
    "fail_penalty": 895.5555555555555,
    "lambda_fail": 1000.0,
    "objective": 1079.4533314864066
  },
  "assignment": {
    "edge-1": [
      "c001",
      "c004",
      "c006",
      "c007",
      "c008",
      "c011",
      "c013",
      "c016",
      "c017",
      "c026",
      "c080"
    ],
    "edge-2": [
      "c002",
      "c021",
      "c027",
      "c036",
      "c043",
      "c044",
      "c049",
      "c050",
      "c063",
      "c086",
      "c088"
    ],
    "edge-3": [
      "c018",
      "c025",
      "c029",
      "c030",
      "c045",
      "c061",
      "c066",
      "c067",
      "c075",
      "c076",
      "c081",
      "c082"
    ],
    "edge-4": [
      "c019",
      "c024",
      "c038",
      "c052",
      "c055",
      "c056",
      "c064",
      "c069",
      "c074",
      "c077",
      "c089",
      "c090"
    ],
    "edge-5": [
      "c003",
      "c005",
      "c009",
      "c012",
      "c015",
      "c022",
      "c028",
      "c032",
      "c033",
      "c041",
      "c084",
      "c085"
    ],
    "edge-6": [
      "c014",
      "c031",
      "c039",
      "c054",
      "c058",
      "c059",
      "c068",
      "c070",
      "c071",
      "c073",
      "c083",
      "c087",
      "c091"
    ],
    "edge-7": [
      "c010",
      "c023",
      "c034",
      "c035",
      "c040",
      "c051",
      "c053",
      "c060",
      "c062",
      "c078",
      "c103"
    ],
    "edge-8": [
      "c020",
      "c037",
      "c042",
      "c046",
      "c047",
      "c048",
      "c057",
      "c065",
      "c072",
      "c079",
      "c092",
      "c102"
    ]
  },
  "ordered_queues": {
    "edge-1": [
      "c008",
      "c006",
      "c016",
      "c001",
      "c007",
      "c011",
      "c013",
      "c004",
      "c080",
      "c017",
      "c026"
    ],
    "edge-2": [
      "c063",
      "c043",
      "c044",
      "c036",
      "c027",
      "c049",
      "c021",
      "c002",
      "c086",
      "c050",
      "c088"
    ],
    "edge-3": [
      "c029",
      "c066",
      "c025",
      "c030",
      "c075",
      "c076",
      "c081",
      "c018",
      "c061",
      "c067",
      "c045",
      "c082"
    ],
    "edge-4": [
      "c090",
      "c024",
      "c038",
      "c052",
      "c064",
      "c069",
      "c055",
      "c019",
      "c077",
      "c089",
      "c074",
      "c056"
    ],
    "edge-5": [
      "c003",
      "c005",
      "c009",
      "c012",
      "c015",
      "c022",
      "c028",
      "c032",
      "c033",
      "c041",
      "c085",
      "c084"
    ],
    "edge-6": [
      "c091",
      "c070",
      "c068",
      "c071",
      "c073",
      "c083",
      "c087",
      "c058",
      "c014",
      "c031",
      "c054",
      "c059",
      "c039"
    ],
    "edge-7": [
      "c034",
      "c040",
      "c051",
      "c053",
      "c062",
      "c078",
      "c035",
      "c010",
      "c023",
      "c060",
      "c103"
    ],
    "edge-8": [
      "c102",
      "c079",
      "c048",
      "c047",
      "c057",
      "c092",
      "c020",
      "c037",
      "c042",
      "c046",
      "c065",
      "c072"
    ]
  }
}
	Command being timed: "scripts/k8s_ca_figs/run_one_k8s_ca.sh fg results/drtp/k8s_ca_figs/cases/fig4_network/case_hetero_bad_cache1024_req900.json results/drtp/k8s_ca_figs/fig4_network/fg_hetero_bad_cache1024_req900.json"
	User time (seconds): 0.65
	System time (seconds): 0.01
	Percent of CPU this job got: 99%
	Elapsed (wall clock) time (h:mm:ss or m:ss): 0:00.67
	Average shared text size (kbytes): 0
	Average unshared data size (kbytes): 0
	Average stack size (kbytes): 0
	Average total size (kbytes): 0
	Maximum resident set size (kbytes): 19460
	Average resident set size (kbytes): 0
	Major (requiring I/O) page faults: 0
	Minor (reclaiming a frame) page faults: 4594
	Voluntary context switches: 8
	Involuntary context switches: 66
	Swaps: 0
	File system inputs: 0
	File system outputs: 280
	Socket messages sent: 0
	Socket messages received: 0
	Signals delivered: 0
	Page size (bytes): 4096
	Exit status: 0
