{
  "algo": "GAHRL-objective-greedy",
  "num_containers": 500,
  "num_scheduled_containers": 91,
  "num_assigned": 91,
  "ca_triggered": 409,
  "ca_rate": 0.818,
  "ca_penalty": 818.0,
  "lambda_ca": 1000.0,
  "num_nodes": 8,
  "ACT": 128.00563186813184,
  "AMS": 270.18333333333334,
  "downloaded_mb": 19843,
  "reused_mb": 30775,
  "reuse_rate": 0.6079853016713422,
  "objective_without_ca_penalty": 199.0944826007326,
  "objective_ca": 1017.0944826007326,
  "objective": 1017.0944826007326,
  "params": {
    "lambda_latency": 0.5,
    "w_resource": 0.3,
    "w_imbalance": 0.2,
    "w_cache_pressure": 0.2,
    "w_layer_hit": 0.2,
    "order": "cache"
  }
}
	Command being timed: "scripts/k8s_ca_figs/run_one_k8s_ca.sh gahrl cases/drtp_cache_only_sweep_88/drtp_img88_cacheonly_1024mb_500.json results/drtp/k8s_ca_figs/fig5_overall/gahrl_cache1024_req500.json"
	User time (seconds): 0.12
	System time (seconds): 0.00
	Percent of CPU this job got: 99%
	Elapsed (wall clock) time (h:mm:ss or m:ss): 0:00.13
	Average shared text size (kbytes): 0
	Average unshared data size (kbytes): 0
	Average stack size (kbytes): 0
	Average total size (kbytes): 0
	Maximum resident set size (kbytes): 12740
	Average resident set size (kbytes): 0
	Major (requiring I/O) page faults: 0
	Minor (reclaiming a frame) page faults: 2704
	Voluntary context switches: 8
	Involuntary context switches: 15
	Swaps: 0
	File system inputs: 0
	File system outputs: 72
	Socket messages sent: 0
	Socket messages received: 0
	Signals delivered: 0
	Page size (bytes): 4096
	Exit status: 0
