{
  "algo": "LASA-reimpl-K8sCA",
  "num_containers": 500,
  "num_scheduled_containers": 94,
  "num_assigned": 94,
  "ca_triggered": 406,
  "ca_rate": 0.812,
  "ca_penalty": 812.0,
  "lambda_ca": 1000.0,
  "num_nodes": 8,
  "ACT": 115.52353723404254,
  "AMS": 260.86249999999995,
  "downloaded_mb": 5184,
  "reused_mb": 4853,
  "reuse_rate": 0.48351100926571683,
  "objective_without_ca_penalty": 188.19301861702124,
  "objective_ca": 1000.1930186170213,
  "objective": 1000.1930186170213,
  "elapsed_s_internal": 2.3936409950256348
}
	Command being timed: "scripts/k8s_ca_figs/run_one_k8s_ca.sh lasa cases/drtp_cache_only_sweep_88/drtp_img88_cacheonly_1024mb_500.json results/drtp/k8s_ca_figs/fig5_overall/lasa_cache1024_req500.json"
	User time (seconds): 2.43
	System time (seconds): 0.00
	Percent of CPU this job got: 99%
	Elapsed (wall clock) time (h:mm:ss or m:ss): 0:02.44
	Average shared text size (kbytes): 0
	Average unshared data size (kbytes): 0
	Average stack size (kbytes): 0
	Average total size (kbytes): 0
	Maximum resident set size (kbytes): 13400
	Average resident set size (kbytes): 0
	Major (requiring I/O) page faults: 0
	Minor (reclaiming a frame) page faults: 2952
	Voluntary context switches: 8
	Involuntary context switches: 247
	Swaps: 0
	File system inputs: 0
	File system outputs: 72
	Socket messages sent: 0
	Socket messages received: 0
	Signals delivered: 0
	Page size (bytes): 4096
	Exit status: 0
