{
  "algo": "ORR-inspired-LGreedy",
  "num_containers": 300,
  "num_scheduled_containers": 94,
  "num_assigned": 94,
  "ca_triggered": 206,
  "ca_rate": 0.6866666666666666,
  "ca_penalty": 686.6666666666666,
  "lambda_ca": 1000.0,
  "num_nodes": 8,
  "ACT": 122.31795212765951,
  "AMS": 248.60000000000002,
  "downloaded_mb": 15618,
  "reused_mb": 30711,
  "reuse_rate": 0.6628893349737746,
  "objective_without_ca_penalty": 185.45897606382977,
  "objective_ca": 872.1256427304963,
  "objective": 872.1256427304963,
  "prefetch_mb": 0,
  "count_prefetch_in_downloaded": false
}
	Command being timed: "scripts/k8s_ca_figs/run_one_k8s_ca.sh orr cases/drtp_cache_only_sweep_88/drtp_img88_cacheonly_1024mb_300.json results/drtp/k8s_ca_figs/fig5_overall/orr_cache1024_req300.json"
	User time (seconds): 0.06
	System time (seconds): 0.01
	Percent of CPU this job got: 98%
	Elapsed (wall clock) time (h:mm:ss or m:ss): 0:00.08
	Average shared text size (kbytes): 0
	Average unshared data size (kbytes): 0
	Average stack size (kbytes): 0
	Average total size (kbytes): 0
	Maximum resident set size (kbytes): 12308
	Average resident set size (kbytes): 0
	Major (requiring I/O) page faults: 0
	Minor (reclaiming a frame) page faults: 2601
	Voluntary context switches: 8
	Involuntary context switches: 8
	Swaps: 0
	File system inputs: 0
	File system outputs: 72
	Socket messages sent: 0
	Socket messages received: 0
	Signals delivered: 0
	Page size (bytes): 4096
	Exit status: 0
