{
  "algo": "ORR-inspired-LGreedy",
  "num_containers": 400,
  "num_scheduled_containers": 96,
  "num_assigned": 96,
  "ca_triggered": 304,
  "ca_rate": 0.76,
  "ca_penalty": 760.0,
  "lambda_ca": 1000.0,
  "num_nodes": 8,
  "ACT": 124.96050347222219,
  "AMS": 265.15,
  "downloaded_mb": 16502,
  "reused_mb": 31875,
  "reuse_rate": 0.6588874878557992,
  "objective_without_ca_penalty": 195.05525173611107,
  "objective_ca": 955.0552517361111,
  "objective": 955.0552517361111,
  "prefetch_mb": 0,
  "count_prefetch_in_downloaded": false
}
	Command being timed: "scripts/k8s_ca_figs/run_one_k8s_ca.sh orr cases/drtp_cache_only_sweep_88/drtp_img88_cacheonly_1024mb_400.json results/drtp/k8s_ca_figs/fig5_overall/orr_cache1024_req400.json"
	User time (seconds): 0.10
	System time (seconds): 0.01
	Percent of CPU this job got: 99%
	Elapsed (wall clock) time (h:mm:ss or m:ss): 0:00.12
	Average shared text size (kbytes): 0
	Average unshared data size (kbytes): 0
	Average stack size (kbytes): 0
	Average total size (kbytes): 0
	Maximum resident set size (kbytes): 12856
	Average resident set size (kbytes): 0
	Major (requiring I/O) page faults: 0
	Minor (reclaiming a frame) page faults: 2717
	Voluntary context switches: 8
	Involuntary context switches: 13
	Swaps: 0
	File system inputs: 0
	File system outputs: 72
	Socket messages sent: 0
	Socket messages received: 0
	Signals delivered: 0
	Page size (bytes): 4096
	Exit status: 0
