{
  "summary": {
    "num_containers": 800,
    "num_scheduled_containers": 94,
    "num_assigned": 94,
    "ca_triggered": 706,
    "ca_rate": 0.8825,
    "ca_penalty": 882.5,
    "lambda_ca": 1000.0,
    "num_nodes": 8,
    "ACT": 135.1601063829787,
    "AMS": 245.796875,
    "downloaded_mb": 25062,
    "reused_mb": 21231,
    "reuse_rate": 0.45862225390447797,
    "objective_without_ca_penalty": 190.47849069148936,
    "objective_ca": 1072.9784906914892,
    "objective": 1072.9784906914892
  },
  "assignment": {
    "edge-1": [
      "c005",
      "c012",
      "c022",
      "c028",
      "c032",
      "c039",
      "c048",
      "c055",
      "c061",
      "c069",
      "c075",
      "c081"
    ],
    "edge-2": [
      "c001",
      "c014",
      "c018",
      "c026",
      "c034",
      "c040",
      "c047",
      "c056",
      "c063",
      "c068",
      "c076"
    ],
    "edge-3": [
      "c006",
      "c009",
      "c019",
      "c027",
      "c038",
      "c046",
      "c053",
      "c062",
      "c074",
      "c082"
    ],
    "edge-4": [
      "c002",
      "c016",
      "c020",
      "c029",
      "c036",
      "c042",
      "c049",
      "c060",
      "c065",
      "c073",
      "c079",
      "c085"
    ],
    "edge-5": [
      "c007",
      "c010",
      "c017",
      "c023",
      "c035",
      "c041",
      "c054",
      "c064",
      "c070",
      "c077",
      "c084",
      "c089",
      "c091"
    ],
    "edge-6": [
      "c003",
      "c015",
      "c021",
      "c030",
      "c037",
      "c044",
      "c051",
      "c057",
      "c066",
      "c078",
      "c088"
    ],
    "edge-7": [
      "c008",
      "c013",
      "c024",
      "c033",
      "c045",
      "c052",
      "c058",
      "c071",
      "c080",
      "c086",
      "c090",
      "c102"
    ],
    "edge-8": [
      "c004",
      "c011",
      "c025",
      "c031",
      "c043",
      "c050",
      "c059",
      "c067",
      "c072",
      "c083",
      "c087",
      "c092",
      "c103"
    ]
  },
  "ordered_queues": {
    "edge-1": [
      "c081",
      "c061",
      "c075",
      "c032",
      "c028",
      "c022",
      "c012",
      "c005",
      "c069",
      "c048",
      "c055",
      "c039"
    ],
    "edge-2": [
      "c076",
      "c014",
      "c056",
      "c040",
      "c034",
      "c047",
      "c026",
      "c018",
      "c068",
      "c063",
      "c001"
    ],
    "edge-3": [
      "c074",
      "c082",
      "c046",
      "c038",
      "c027",
      "c019",
      "c062",
      "c053",
      "c009",
      "c006"
    ],
    "edge-4": [
      "c079",
      "c060",
      "c029",
      "c016",
      "c073",
      "c049",
      "c085",
      "c036",
      "c065",
      "c042",
      "c020",
      "c002"
    ],
    "edge-5": [
      "c091",
      "c023",
      "c017",
      "c035",
      "c010",
      "c054",
      "c064",
      "c084",
      "c089",
      "c077",
      "c070",
      "c041",
      "c007"
    ],
    "edge-6": [
      "c066",
      "c057",
      "c037",
      "c088",
      "c078",
      "c051",
      "c044",
      "c015",
      "c003",
      "c030",
      "c021"
    ],
    "edge-7": [
      "c102",
      "c090",
      "c045",
      "c086",
      "c080",
      "c071",
      "c033",
      "c052",
      "c024",
      "c058",
      "c013",
      "c008"
    ],
    "edge-8": [
      "c103",
      "c059",
      "c031",
      "c025",
      "c011",
      "c067",
      "c083",
      "c087",
      "c092",
      "c072",
      "c050",
      "c043",
      "c004"
    ]
  }
}
	Command being timed: "scripts/k8s_ca_figs/run_one_k8s_ca.sh ilrsa cases/drtp_cache_only_sweep_88/drtp_img88_cacheonly_1024mb_800.json results/drtp/k8s_ca_figs/fig5_overall/ilrsa_cache1024_req800.json"
	User time (seconds): 0.53
	System time (seconds): 0.01
	Percent of CPU this job got: 99%
	Elapsed (wall clock) time (h:mm:ss or m:ss): 0:00.54
	Average shared text size (kbytes): 0
	Average unshared data size (kbytes): 0
	Average stack size (kbytes): 0
	Average total size (kbytes): 0
	Maximum resident set size (kbytes): 33692
	Average resident set size (kbytes): 0
	Major (requiring I/O) page faults: 0
	Minor (reclaiming a frame) page faults: 9301
	Voluntary context switches: 8
	Involuntary context switches: 54
	Swaps: 0
	File system inputs: 0
	File system outputs: 32
	Socket messages sent: 0
	Socket messages received: 0
	Signals delivered: 0
	Page size (bytes): 4096
	Exit status: 0
