{
  "summary": {
    "algo": "FG-DSCR-GC-K8s-selected",
    "num_containers": 200,
    "num_assigned": 73,
    "num_failed": 127,
    "fail_rate": 0.635,
    "num_nodes": 4,
    "ACT": 179.22248858447486,
    "AMS": 343.77083333333326,
    "downloaded_mb": 13290,
    "reused_mb": 22912,
    "reuse_rate": 0.6328932103198718,
    "objective_base": 261.49666095890404,
    "fail_penalty": 635.0,
    "lambda_fail": 1000.0,
    "objective": 896.496660958904
  },
  "assignment": {
    "edge-1": [
      "c071_scale_70",
      "c083_scale_82",
      "c068_scale_67",
      "c154_scale_153",
      "c055_scale_54",
      "c007_scale_6",
      "c041_scale_40",
      "c053_scale_52",
      "c189_scale_188",
      "c158_scale_157",
      "c072_scale_71",
      "c032_scale_31",
      "c159_scale_158",
      "c185_scale_184",
      "c015_scale_14",
      "c112_scale_111",
      "c070_scale_69",
      "c064_scale_63",
      "c171_scale_170",
      "c008_scale_7"
    ],
    "edge-2": [
      "c091_scale_90",
      "c161_scale_160",
      "c025_scale_24",
      "c138_scale_137",
      "c162_scale_161",
      "c031_scale_30",
      "c103_scale_102",
      "c042_scale_41",
      "c046_scale_45",
      "c102_scale_101",
      "c145_scale_144",
      "c115_scale_114",
      "c126_scale_125",
      "c182_scale_181",
      "c130_scale_129",
      "c141_scale_140",
      "c067_scale_66",
      "c139_scale_138",
      "c179_scale_178"
    ],
    "edge-3": [
      "c085_scale_84",
      "c075_scale_74",
      "c110_scale_109",
      "c057_scale_56",
      "c144_scale_143",
      "c077_scale_76",
      "c114_scale_113",
      "c198_scale_197",
      "c003_scale_2",
      "c108_scale_107",
      "c132_scale_131",
      "c200_scale_199",
      "c016_scale_15",
      "c063_scale_62",
      "c178_scale_177",
      "c146_scale_145",
      "c023_scale_22"
    ],
    "edge-4": [
      "c167_scale_166",
      "c024_scale_23",
      "c142_scale_141",
      "c056_scale_55",
      "c069_scale_68",
      "c002_scale_1",
      "c176_scale_175",
      "c080_scale_79",
      "c157_scale_156",
      "c165_scale_164",
      "c118_scale_117",
      "c105_scale_104",
      "c190_scale_189",
      "c079_scale_78",
      "c030_scale_29",
      "c113_scale_112",
      "c039_scale_38"
    ]
  },
  "ordered_queues": {
    "edge-1": [
      "c015_scale_14",
      "c032_scale_31",
      "c041_scale_40",
      "c053_scale_52",
      "c068_scale_67",
      "c071_scale_70",
      "c083_scale_82",
      "c112_scale_111",
      "c154_scale_153",
      "c158_scale_157",
      "c159_scale_158",
      "c171_scale_170",
      "c185_scale_184",
      "c189_scale_188",
      "c070_scale_69",
      "c008_scale_7",
      "c007_scale_6",
      "c055_scale_54",
      "c064_scale_63",
      "c072_scale_71"
    ],
    "edge-2": [
      "c091_scale_90",
      "c102_scale_101",
      "c145_scale_144",
      "c141_scale_140",
      "c025_scale_24",
      "c042_scale_41",
      "c046_scale_45",
      "c138_scale_137",
      "c179_scale_178",
      "c115_scale_114",
      "c139_scale_138",
      "c067_scale_66",
      "c130_scale_129",
      "c031_scale_30",
      "c103_scale_102",
      "c161_scale_160",
      "c182_scale_181",
      "c126_scale_125",
      "c162_scale_161"
    ],
    "edge-3": [
      "c063_scale_62",
      "c003_scale_2",
      "c114_scale_113",
      "c132_scale_131",
      "c198_scale_197",
      "c200_scale_199",
      "c108_scale_107",
      "c075_scale_74",
      "c077_scale_76",
      "c016_scale_15",
      "c085_scale_84",
      "c144_scale_143",
      "c178_scale_177",
      "c023_scale_22",
      "c146_scale_145",
      "c057_scale_56",
      "c110_scale_109"
    ],
    "edge-4": [
      "c142_scale_141",
      "c079_scale_78",
      "c167_scale_166",
      "c030_scale_29",
      "c039_scale_38",
      "c157_scale_156",
      "c113_scale_112",
      "c002_scale_1",
      "c080_scale_79",
      "c190_scale_189",
      "c118_scale_117",
      "c165_scale_164",
      "c056_scale_55",
      "c176_scale_175",
      "c024_scale_23",
      "c069_scale_68",
      "c105_scale_104"
    ]
  }
}
