{
  "summary": {
    "algo": "FG-DSCR-GC-K8s-selected",
    "num_containers": 2000,
    "num_assigned": 192,
    "num_failed": 1808,
    "fail_rate": 0.904,
    "num_nodes": 8,
    "ACT": 213.65355902777776,
    "AMS": 423.7822916666667,
    "downloaded_mb": 24505,
    "reused_mb": 63771,
    "reuse_rate": 0.7224047306176085,
    "objective_base": 318.71792534722226,
    "fail_penalty": 904.0,
    "lambda_fail": 1000.0,
    "objective": 1222.7179253472223
  },
  "assignment": {
    "edge-1": [
      "c928_scale_1927",
      "c935_scale_934",
      "c935_scale_1934",
      "c398_scale_397",
      "c398_scale_1397",
      "c075_scale_74",
      "c075_scale_1074",
      "c509_scale_508",
      "c835_scale_834",
      "c364_scale_1363",
      "c509_scale_1508",
      "c835_scale_1834",
      "c162_scale_161",
      "c482_scale_481",
      "c162_scale_1161",
      "c482_scale_1481",
      "c795_scale_794",
      "c795_scale_1794",
      "c844_scale_1843",
      "c871_scale_1870",
      "c754_scale_753",
      "c333_scale_1332",
      "c344_scale_1343",
      "c491_scale_1490"
    ],
    "edge-2": [
      "c091_scale_90",
      "c091_scale_1090",
      "c375_scale_374",
      "c375_scale_1374",
      "c690_scale_689",
      "c690_scale_1689",
      "c237_scale_236",
      "c738_scale_737",
      "c237_scale_1236",
      "c738_scale_1737",
      "c790_scale_789",
      "c790_scale_1789",
      "c844_scale_843",
      "c871_scale_870",
      "c068_scale_1067",
      "c154_scale_1153",
      "c264_scale_1263",
      "c459_scale_1458",
      "c562_scale_1561",
      "c782_scale_1781",
      "c689_scale_688",
      "c978_scale_977",
      "c256_scale_1255",
      "c659_scale_1658"
    ],
    "edge-3": [
      "c580_scale_579",
      "c580_scale_1579",
      "c071_scale_70",
      "c336_scale_335",
      "c981_scale_980",
      "c071_scale_1070",
      "c336_scale_1335",
      "c981_scale_1980",
      "c930_scale_929",
      "c959_scale_958",
      "c984_scale_983",
      "c930_scale_1929",
      "c959_scale_1958",
      "c984_scale_1983",
      "c083_scale_82",
      "c401_scale_400",
      "c589_scale_588",
      "c629_scale_628",
      "c730_scale_729",
      "c753_scale_752",
      "c007_scale_1006",
      "c462_scale_461",
      "c462_scale_1461",
      "c256_scale_255"
    ],
    "edge-4": [
      "c360_scale_359",
      "c360_scale_1359",
      "c443_scale_442",
      "c443_scale_1442",
      "c987_scale_986",
      "c987_scale_1986",
      "c024_scale_23",
      "c592_scale_591",
      "c024_scale_1023",
      "c592_scale_1591",
      "c235_scale_234",
      "c235_scale_1234",
      "c083_scale_1082",
      "c401_scale_1400",
      "c589_scale_1588",
      "c629_scale_1628",
      "c730_scale_1729",
      "c753_scale_1752",
      "c380_scale_379",
      "c380_scale_1379",
      "c661_scale_1660",
      "c689_scale_1688",
      "c978_scale_1977",
      "c862_scale_861"
    ],
    "edge-5": [
      "c551_scale_550",
      "c551_scale_1550",
      "c286_scale_285",
      "c286_scale_1285",
      "c426_scale_425",
      "c426_scale_1425",
      "c532_scale_531",
      "c532_scale_1531",
      "c023_scale_22",
      "c023_scale_1022",
      "c350_scale_349",
      "c350_scale_1349",
      "c921_scale_920",
      "c921_scale_1920",
      "c472_scale_471",
      "c472_scale_1471",
      "c110_scale_109",
      "c110_scale_1109",
      "c473_scale_1472",
      "c055_scale_54",
      "c055_scale_1054",
      "c693_scale_1692",
      "c007_scale_6",
      "c843_scale_842"
    ],
    "edge-6": [
      "c369_scale_368",
      "c833_scale_832",
      "c369_scale_1368",
      "c833_scale_1832",
      "c568_scale_567",
      "c676_scale_675",
      "c777_scale_776",
      "c568_scale_1567",
      "c676_scale_1675",
      "c777_scale_1776",
      "c161_scale_160",
      "c925_scale_924",
      "c161_scale_1160",
      "c925_scale_1924",
      "c228_scale_227",
      "c228_scale_1227",
      "c435_scale_434",
      "c471_scale_470",
      "c494_scale_493",
      "c435_scale_1434",
      "c471_scale_1470",
      "c494_scale_1493",
      "c364_scale_363",
      "c693_scale_692"
    ],
    "edge-7": [
      "c167_scale_166",
      "c167_scale_1166",
      "c025_scale_24",
      "c025_scale_1024",
      "c085_scale_84",
      "c085_scale_1084",
      "c138_scale_137",
      "c725_scale_724",
      "c138_scale_1137",
      "c725_scale_1724",
      "c437_scale_436",
      "c876_scale_875",
      "c437_scale_1436",
      "c876_scale_1875",
      "c068_scale_67",
      "c154_scale_153",
      "c264_scale_263",
      "c459_scale_458",
      "c562_scale_561",
      "c782_scale_781",
      "c862_scale_1861",
      "c333_scale_332",
      "c344_scale_343",
      "c491_scale_490"
    ],
    "edge-8": [
      "c928_scale_927",
      "c976_scale_975",
      "c976_scale_1975",
      "c504_scale_503",
      "c504_scale_1503",
      "c918_scale_917",
      "c918_scale_1917",
      "c570_scale_569",
      "c570_scale_1569",
      "c540_scale_539",
      "c540_scale_1539",
      "c712_scale_711",
      "c712_scale_1711",
      "c583_scale_582",
      "c583_scale_1582",
      "c630_scale_629",
      "c630_scale_1629",
      "c407_scale_406",
      "c407_scale_1406",
      "c473_scale_472",
      "c843_scale_1842",
      "c659_scale_658",
      "c661_scale_660",
      "c754_scale_1753"
    ]
  },
  "ordered_queues": {
    "edge-1": [
      "c162_scale_1161",
      "c162_scale_161",
      "c364_scale_1363",
      "c482_scale_1481",
      "c482_scale_481",
      "c509_scale_1508",
      "c509_scale_508",
      "c835_scale_1834",
      "c835_scale_834",
      "c398_scale_1397",
      "c398_scale_397",
      "c795_scale_1794",
      "c795_scale_794",
      "c935_scale_1934",
      "c935_scale_934",
      "c928_scale_1927",
      "c075_scale_1074",
      "c075_scale_74",
      "c333_scale_1332",
      "c344_scale_1343",
      "c491_scale_1490",
      "c754_scale_753",
      "c844_scale_1843",
      "c871_scale_1870"
    ],
    "edge-2": [
      "c068_scale_1067",
      "c154_scale_1153",
      "c264_scale_1263",
      "c459_scale_1458",
      "c562_scale_1561",
      "c782_scale_1781",
      "c844_scale_843",
      "c871_scale_870",
      "c256_scale_1255",
      "c375_scale_1374",
      "c375_scale_374",
      "c659_scale_1658",
      "c689_scale_688",
      "c978_scale_977",
      "c091_scale_1090",
      "c091_scale_90",
      "c237_scale_1236",
      "c237_scale_236",
      "c738_scale_1737",
      "c738_scale_737",
      "c690_scale_1689",
      "c690_scale_689",
      "c790_scale_1789",
      "c790_scale_789"
    ],
    "edge-3": [
      "c071_scale_1070",
      "c071_scale_70",
      "c083_scale_82",
      "c336_scale_1335",
      "c336_scale_335",
      "c401_scale_400",
      "c589_scale_588",
      "c629_scale_628",
      "c730_scale_729",
      "c753_scale_752",
      "c930_scale_1929",
      "c930_scale_929",
      "c959_scale_1958",
      "c959_scale_958",
      "c981_scale_1980",
      "c981_scale_980",
      "c984_scale_1983",
      "c984_scale_983",
      "c580_scale_1579",
      "c580_scale_579",
      "c007_scale_1006",
      "c462_scale_1461",
      "c462_scale_461",
      "c256_scale_255"
    ],
    "edge-4": [
      "c083_scale_1082",
      "c401_scale_1400",
      "c589_scale_1588",
      "c629_scale_1628",
      "c730_scale_1729",
      "c753_scale_1752",
      "c360_scale_1359",
      "c360_scale_359",
      "c380_scale_1379",
      "c380_scale_379",
      "c443_scale_1442",
      "c443_scale_442",
      "c987_scale_1986",
      "c987_scale_986",
      "c024_scale_1023",
      "c024_scale_23",
      "c592_scale_1591",
      "c592_scale_591",
      "c661_scale_1660",
      "c689_scale_1688",
      "c978_scale_1977",
      "c235_scale_1234",
      "c235_scale_234",
      "c862_scale_861"
    ],
    "edge-5": [
      "c426_scale_1425",
      "c426_scale_425",
      "c551_scale_1550",
      "c551_scale_550",
      "c921_scale_1920",
      "c921_scale_920",
      "c350_scale_1349",
      "c350_scale_349",
      "c023_scale_1022",
      "c023_scale_22",
      "c286_scale_1285",
      "c286_scale_285",
      "c472_scale_1471",
      "c472_scale_471",
      "c473_scale_1472",
      "c055_scale_1054",
      "c055_scale_54",
      "c693_scale_1692",
      "c007_scale_6",
      "c843_scale_842",
      "c532_scale_1531",
      "c532_scale_531",
      "c110_scale_109",
      "c110_scale_1109"
    ],
    "edge-6": [
      "c364_scale_363",
      "c369_scale_1368",
      "c369_scale_368",
      "c435_scale_1434",
      "c435_scale_434",
      "c471_scale_1470",
      "c471_scale_470",
      "c494_scale_1493",
      "c494_scale_493",
      "c568_scale_1567",
      "c568_scale_567",
      "c676_scale_1675",
      "c676_scale_675",
      "c777_scale_1776",
      "c777_scale_776",
      "c833_scale_1832",
      "c833_scale_832",
      "c228_scale_1227",
      "c228_scale_227",
      "c161_scale_1160",
      "c161_scale_160",
      "c925_scale_1924",
      "c925_scale_924",
      "c693_scale_692"
    ],
    "edge-7": [
      "c138_scale_1137",
      "c138_scale_137",
      "c437_scale_1436",
      "c437_scale_436",
      "c725_scale_1724",
      "c725_scale_724",
      "c876_scale_1875",
      "c876_scale_875",
      "c025_scale_1024",
      "c025_scale_24",
      "c167_scale_1166",
      "c167_scale_166",
      "c068_scale_67",
      "c154_scale_153",
      "c085_scale_1084",
      "c085_scale_84",
      "c264_scale_263",
      "c333_scale_332",
      "c344_scale_343",
      "c491_scale_490",
      "c862_scale_1861",
      "c459_scale_458",
      "c562_scale_561",
      "c782_scale_781"
    ],
    "edge-8": [
      "c630_scale_1629",
      "c630_scale_629",
      "c928_scale_927",
      "c407_scale_1406",
      "c407_scale_406",
      "c570_scale_1569",
      "c570_scale_569",
      "c918_scale_1917",
      "c918_scale_917",
      "c504_scale_1503",
      "c504_scale_503",
      "c583_scale_1582",
      "c583_scale_582",
      "c540_scale_1539",
      "c540_scale_539",
      "c976_scale_1975",
      "c976_scale_975",
      "c473_scale_472",
      "c659_scale_658",
      "c661_scale_660",
      "c843_scale_1842",
      "c712_scale_1711",
      "c712_scale_711",
      "c754_scale_1753"
    ]
  }
}
