{
  "summary": {
    "algo": "FG-DSCR-GC-K8s-selected",
    "num_containers": 400,
    "num_assigned": 88,
    "num_failed": 312,
    "fail_rate": 0.78,
    "num_nodes": 4,
    "ACT": 209.3328125,
    "AMS": 415.7072916666666,
    "downloaded_mb": 16964,
    "reused_mb": 25549,
    "reuse_rate": 0.6009691153294286,
    "objective_base": 312.5200520833333,
    "fail_penalty": 780.0,
    "lambda_fail": 1000.0,
    "objective": 1092.5200520833332
  },
  "assignment": {
    "edge-1": [
      "c375_scale_374",
      "c398_scale_397",
      "c075_scale_74",
      "c110_scale_109",
      "c256_scale_255",
      "c057_scale_56",
      "c290_scale_289",
      "c382_scale_381",
      "c243_scale_242",
      "c295_scale_294",
      "c318_scale_317",
      "c210_scale_209",
      "c202_scale_201",
      "c102_scale_101",
      "c145_scale_144",
      "c314_scale_313",
      "c056_scale_55",
      "c301_scale_300",
      "c372_scale_371",
      "c144_scale_143",
      "c233_scale_232"
    ],
    "edge-2": [
      "c091_scale_90",
      "c360_scale_359",
      "c167_scale_166",
      "c161_scale_160",
      "c228_scale_227",
      "c025_scale_24",
      "c085_scale_84",
      "c138_scale_137",
      "c237_scale_236",
      "c350_scale_349",
      "c380_scale_379",
      "c031_scale_30",
      "c103_scale_102",
      "c282_scale_281",
      "c042_scale_41",
      "c250_scale_249",
      "c046_scale_45",
      "c259_scale_258",
      "c376_scale_375",
      "c115_scale_114",
      "c389_scale_388",
      "c292_scale_291",
      "c257_scale_256",
      "c211_scale_210"
    ],
    "edge-3": [
      "c286_scale_285",
      "c024_scale_23",
      "c235_scale_234",
      "c023_scale_22",
      "c333_scale_332",
      "c344_scale_343",
      "c395_scale_394",
      "c213_scale_212",
      "c299_scale_298",
      "c310_scale_309",
      "c315_scale_314",
      "c126_scale_125",
      "c390_scale_389",
      "c288_scale_287",
      "c069_scale_68",
      "c182_scale_181",
      "c251_scale_250",
      "c272_scale_271",
      "c130_scale_129"
    ],
    "edge-4": [
      "c369_scale_368",
      "c071_scale_70",
      "c336_scale_335",
      "c364_scale_363",
      "c083_scale_82",
      "c162_scale_161",
      "c068_scale_67",
      "c154_scale_153",
      "c264_scale_263",
      "c055_scale_54",
      "c007_scale_6",
      "c273_scale_272",
      "c041_scale_40",
      "c053_scale_52",
      "c189_scale_188",
      "c203_scale_202",
      "c230_scale_229",
      "c280_scale_279",
      "c378_scale_377",
      "c142_scale_141",
      "c374_scale_373",
      "c269_scale_268",
      "c158_scale_157",
      "c351_scale_350"
    ]
  },
  "ordered_queues": {
    "edge-1": [
      "c102_scale_101",
      "c145_scale_144",
      "c210_scale_209",
      "c372_scale_371",
      "c144_scale_143",
      "c243_scale_242",
      "c295_scale_294",
      "c398_scale_397",
      "c233_scale_232",
      "c057_scale_56",
      "c110_scale_109",
      "c202_scale_201",
      "c290_scale_289",
      "c382_scale_381",
      "c075_scale_74",
      "c256_scale_255",
      "c375_scale_374",
      "c318_scale_317",
      "c056_scale_55",
      "c301_scale_300",
      "c314_scale_313"
    ],
    "edge-2": [
      "c350_scale_349",
      "c091_scale_90",
      "c228_scale_227",
      "c376_scale_375",
      "c360_scale_359",
      "c257_scale_256",
      "c380_scale_379",
      "c025_scale_24",
      "c167_scale_166",
      "c237_scale_236",
      "c250_scale_249",
      "c389_scale_388",
      "c085_scale_84",
      "c115_scale_114",
      "c031_scale_30",
      "c103_scale_102",
      "c161_scale_160",
      "c282_scale_281",
      "c259_scale_258",
      "c042_scale_41",
      "c046_scale_45",
      "c138_scale_137",
      "c211_scale_210",
      "c292_scale_291"
    ],
    "edge-3": [
      "c126_scale_125",
      "c235_scale_234",
      "c333_scale_332",
      "c344_scale_343",
      "c299_scale_298",
      "c023_scale_22",
      "c286_scale_285",
      "c395_scale_394",
      "c130_scale_129",
      "c024_scale_23",
      "c069_scale_68",
      "c213_scale_212",
      "c182_scale_181",
      "c390_scale_389",
      "c288_scale_287",
      "c251_scale_250",
      "c272_scale_271",
      "c310_scale_309",
      "c315_scale_314"
    ],
    "edge-4": [
      "c041_scale_40",
      "c053_scale_52",
      "c068_scale_67",
      "c071_scale_70",
      "c083_scale_82",
      "c154_scale_153",
      "c158_scale_157",
      "c189_scale_188",
      "c203_scale_202",
      "c230_scale_229",
      "c264_scale_263",
      "c280_scale_279",
      "c336_scale_335",
      "c351_scale_350",
      "c378_scale_377",
      "c142_scale_141",
      "c374_scale_373",
      "c162_scale_161",
      "c273_scale_272",
      "c364_scale_363",
      "c369_scale_368",
      "c007_scale_6",
      "c055_scale_54",
      "c269_scale_268"
    ]
  }
}
