{
  "summary": {
    "algo": "FG-DSCR-GC-K8s-selected",
    "num_containers": 200,
    "num_assigned": 155,
    "num_failed": 45,
    "fail_rate": 0.225,
    "num_nodes": 16,
    "ACT": 125.23317204301073,
    "AMS": 233.5057291666667,
    "downloaded_mb": 11416,
    "reused_mb": 36547,
    "reuse_rate": 0.7619831953797719,
    "objective_base": 179.3694506048387,
    "fail_penalty": 225.0,
    "lambda_fail": 1000.0,
    "objective": 404.3694506048387
  },
  "assignment": {
    "edge-1": [
      "c192_scale_191",
      "c051_scale_50",
      "c168_scale_167",
      "c181_scale_180",
      "c102_scale_101",
      "c053_scale_52",
      "c040_scale_39",
      "c101_scale_100",
      "c083_scale_82"
    ],
    "edge-2": [
      "c147_scale_146",
      "c033_scale_32",
      "c109_scale_108",
      "c139_scale_138",
      "c135_scale_134",
      "c081_scale_80",
      "c134_scale_133",
      "c190_scale_189",
      "c027_scale_26",
      "c166_scale_165",
      "c153_scale_152",
      "c176_scale_175",
      "c156_scale_155",
      "c026_scale_25"
    ],
    "edge-3": [
      "c164_scale_163",
      "c009_scale_8",
      "c096_scale_95",
      "c078_scale_77",
      "c167_scale_166",
      "c074_scale_73"
    ],
    "edge-4": [
      "c047_scale_46",
      "c144_scale_143",
      "c025_scale_24",
      "c005_scale_4",
      "c155_scale_154",
      "c016_scale_15",
      "c165_scale_164",
      "c172_scale_171",
      "c179_scale_178",
      "c038_scale_37",
      "c108_scale_107",
      "c186_scale_185"
    ],
    "edge-5": [
      "c132_scale_131",
      "c088_scale_87",
      "c055_scale_54",
      "c002_scale_1",
      "c008_scale_7",
      "c127_scale_126",
      "c173_scale_172",
      "c032_scale_31",
      "c059_scale_58"
    ],
    "edge-6": [
      "c180_scale_179",
      "c021_scale_20",
      "c128_scale_127",
      "c041_scale_40",
      "c113_scale_112",
      "c072_scale_71",
      "c117_scale_116",
      "c175_scale_174",
      "c068_scale_67",
      "c100_scale_99"
    ],
    "edge-7": [
      "c067_scale_66",
      "c122_scale_121",
      "c163_scale_162",
      "c052_scale_51",
      "c114_scale_113",
      "c160_scale_159",
      "c034_scale_33",
      "c131_scale_130",
      "c195_scale_194"
    ],
    "edge-8": [
      "c045_scale_44",
      "c010_scale_9",
      "c157_scale_156",
      "c029_scale_28",
      "c036_scale_35",
      "c121_scale_120",
      "c075_scale_74",
      "c184_scale_183",
      "c071_scale_70",
      "c162_scale_161",
      "c023_scale_22",
      "c046_scale_45"
    ],
    "edge-9": [
      "c030_scale_29",
      "c196_scale_195",
      "c057_scale_56",
      "c126_scale_125",
      "c076_scale_75",
      "c013_scale_12",
      "c107_scale_106",
      "c178_scale_177"
    ],
    "edge-10": [
      "c136_scale_135",
      "c174_scale_173",
      "c011_scale_10",
      "c151_scale_150",
      "c182_scale_181",
      "c069_scale_68",
      "c095_scale_94",
      "c119_scale_118",
      "c140_scale_139",
      "c146_scale_145",
      "c111_scale_110",
      "c090_scale_89",
      "c017_scale_16"
    ],
    "edge-11": [
      "c061_scale_60",
      "c080_scale_79",
      "c116_scale_115",
      "c142_scale_141",
      "c187_scale_186",
      "c018_scale_17",
      "c086_scale_85",
      "c130_scale_129"
    ],
    "edge-12": [
      "c092_scale_91",
      "c189_scale_188",
      "c188_scale_187",
      "c200_scale_199",
      "c037_scale_36",
      "c154_scale_153",
      "c077_scale_76",
      "c063_scale_62"
    ],
    "edge-13": [
      "c082_scale_81",
      "c019_scale_18",
      "c141_scale_140",
      "c158_scale_157",
      "c050_scale_49",
      "c194_scale_193",
      "c043_scale_42"
    ],
    "edge-14": [
      "c098_scale_97",
      "c171_scale_170",
      "c003_scale_2",
      "c024_scale_23",
      "c058_scale_57",
      "c060_scale_59",
      "c185_scale_184",
      "c145_scale_144",
      "c065_scale_64"
    ],
    "edge-15": [
      "c042_scale_41",
      "c084_scale_83",
      "c112_scale_111",
      "c044_scale_43",
      "c049_scale_48",
      "c066_scale_65",
      "c001_scale_0",
      "c143_scale_142",
      "c089_scale_88",
      "c161_scale_160"
    ],
    "edge-16": [
      "c094_scale_93",
      "c028_scale_27",
      "c048_scale_47",
      "c199_scale_198",
      "c035_scale_34",
      "c150_scale_149",
      "c177_scale_176",
      "c079_scale_78",
      "c129_scale_128",
      "c118_scale_117",
      "c104_scale_103"
    ]
  },
  "ordered_queues": {
    "edge-1": [
      "c192_scale_191",
      "c040_scale_39",
      "c051_scale_50",
      "c053_scale_52",
      "c083_scale_82",
      "c101_scale_100",
      "c102_scale_101",
      "c168_scale_167",
      "c181_scale_180"
    ],
    "edge-2": [
      "c026_scale_25",
      "c027_scale_26",
      "c033_scale_32",
      "c081_scale_80",
      "c109_scale_108",
      "c134_scale_133",
      "c139_scale_138",
      "c190_scale_189",
      "c135_scale_134",
      "c147_scale_146",
      "c166_scale_165",
      "c153_scale_152",
      "c176_scale_175",
      "c156_scale_155"
    ],
    "edge-3": [
      "c074_scale_73",
      "c078_scale_77",
      "c167_scale_166",
      "c009_scale_8",
      "c096_scale_95",
      "c164_scale_163"
    ],
    "edge-4": [
      "c005_scale_4",
      "c016_scale_15",
      "c025_scale_24",
      "c038_scale_37",
      "c047_scale_46",
      "c144_scale_143",
      "c155_scale_154",
      "c165_scale_164",
      "c172_scale_171",
      "c179_scale_178",
      "c186_scale_185",
      "c108_scale_107"
    ],
    "edge-5": [
      "c002_scale_1",
      "c008_scale_7",
      "c032_scale_31",
      "c055_scale_54",
      "c059_scale_58",
      "c127_scale_126",
      "c173_scale_172",
      "c088_scale_87",
      "c132_scale_131"
    ],
    "edge-6": [
      "c021_scale_20",
      "c041_scale_40",
      "c113_scale_112",
      "c128_scale_127",
      "c180_scale_179",
      "c068_scale_67",
      "c072_scale_71",
      "c100_scale_99",
      "c117_scale_116",
      "c175_scale_174"
    ],
    "edge-7": [
      "c160_scale_159",
      "c067_scale_66",
      "c122_scale_121",
      "c163_scale_162",
      "c034_scale_33",
      "c052_scale_51",
      "c114_scale_113",
      "c195_scale_194",
      "c131_scale_130"
    ],
    "edge-8": [
      "c010_scale_9",
      "c029_scale_28",
      "c036_scale_35",
      "c045_scale_44",
      "c075_scale_74",
      "c121_scale_120",
      "c157_scale_156",
      "c162_scale_161",
      "c184_scale_183",
      "c071_scale_70",
      "c046_scale_45",
      "c023_scale_22"
    ],
    "edge-9": [
      "c030_scale_29",
      "c057_scale_56",
      "c076_scale_75",
      "c107_scale_106",
      "c126_scale_125",
      "c196_scale_195",
      "c013_scale_12",
      "c178_scale_177"
    ],
    "edge-10": [
      "c011_scale_10",
      "c017_scale_16",
      "c136_scale_135",
      "c140_scale_139",
      "c146_scale_145",
      "c151_scale_150",
      "c174_scale_173",
      "c182_scale_181",
      "c095_scale_94",
      "c119_scale_118",
      "c069_scale_68",
      "c090_scale_89",
      "c111_scale_110"
    ],
    "edge-11": [
      "c080_scale_79",
      "c018_scale_17",
      "c086_scale_85",
      "c116_scale_115",
      "c130_scale_129",
      "c142_scale_141",
      "c187_scale_186",
      "c061_scale_60"
    ],
    "edge-12": [
      "c037_scale_36",
      "c063_scale_62",
      "c077_scale_76",
      "c154_scale_153",
      "c188_scale_187",
      "c200_scale_199",
      "c092_scale_91",
      "c189_scale_188"
    ],
    "edge-13": [
      "c043_scale_42",
      "c019_scale_18",
      "c050_scale_49",
      "c082_scale_81",
      "c141_scale_140",
      "c158_scale_157",
      "c194_scale_193"
    ],
    "edge-14": [
      "c185_scale_184",
      "c098_scale_97",
      "c145_scale_144",
      "c060_scale_59",
      "c065_scale_64",
      "c003_scale_2",
      "c024_scale_23",
      "c058_scale_57",
      "c171_scale_170"
    ],
    "edge-15": [
      "c001_scale_0",
      "c044_scale_43",
      "c049_scale_48",
      "c066_scale_65",
      "c084_scale_83",
      "c089_scale_88",
      "c112_scale_111",
      "c143_scale_142",
      "c042_scale_41",
      "c161_scale_160"
    ],
    "edge-16": [
      "c028_scale_27",
      "c035_scale_34",
      "c048_scale_47",
      "c079_scale_78",
      "c094_scale_93",
      "c129_scale_128",
      "c150_scale_149",
      "c177_scale_176",
      "c199_scale_198",
      "c104_scale_103",
      "c118_scale_117"
    ]
  }
}
