{
  "summary": {
    "algo": "FG-DSCR-GC-K8s-selected",
    "num_containers": 1500,
    "num_assigned": 143,
    "num_failed": 1357,
    "fail_rate": 0.9046666666666666,
    "num_nodes": 6,
    "ACT": 208.2156177156177,
    "AMS": 410.65694444444443,
    "downloaded_mb": 15276,
    "reused_mb": 48875,
    "reuse_rate": 0.7618743277579461,
    "objective_base": 309.43628108003105,
    "fail_penalty": 904.6666666666666,
    "lambda_fail": 1000.0,
    "objective": 1214.1029477466977
  },
  "assignment": {
    "edge-1": [
      "c866_scale_865",
      "c195_scale_194",
      "c333_scale_332",
      "c698_scale_697",
      "c916_scale_915",
      "c195_scale_1194",
      "c333_scale_1332",
      "c561_scale_560",
      "c014_scale_13",
      "c869_scale_868",
      "c014_scale_1013",
      "c427_scale_426",
      "c463_scale_462",
      "c427_scale_1426",
      "c463_scale_1462",
      "c969_scale_968",
      "c872_scale_871",
      "c992_scale_991",
      "c074_scale_1073",
      "c331_scale_1330",
      "c640_scale_639",
      "c748_scale_747",
      "c991_scale_990",
      "c503_scale_502"
    ],
    "edge-2": [
      "c934_scale_933",
      "c861_scale_860",
      "c096_scale_95",
      "c151_scale_150",
      "c096_scale_1095",
      "c151_scale_1150",
      "c119_scale_118",
      "c576_scale_575",
      "c671_scale_670",
      "c119_scale_1118",
      "c913_scale_912",
      "c231_scale_230",
      "c380_scale_379",
      "c633_scale_632",
      "c782_scale_781",
      "c231_scale_1230",
      "c380_scale_1379",
      "c060_scale_59",
      "c804_scale_803",
      "c060_scale_1059",
      "c531_scale_530",
      "c553_scale_552",
      "c324_scale_1323",
      "c543_scale_542"
    ],
    "edge-3": [
      "c367_scale_366",
      "c367_scale_1366",
      "c498_scale_497",
      "c498_scale_1497",
      "c203_scale_202",
      "c292_scale_291",
      "c374_scale_373",
      "c203_scale_1202",
      "c292_scale_1291",
      "c374_scale_1373",
      "c187_scale_186",
      "c187_scale_1186",
      "c059_scale_58",
      "c059_scale_1058",
      "c563_scale_562",
      "c225_scale_224",
      "c225_scale_1224",
      "c902_scale_901",
      "c088_scale_87",
      "c082_scale_1081",
      "c399_scale_398",
      "c399_scale_1398",
      "c652_scale_651"
    ],
    "edge-4": [
      "c352_scale_351",
      "c352_scale_1351",
      "c623_scale_622",
      "c545_scale_544",
      "c412_scale_411",
      "c412_scale_1411",
      "c930_scale_929",
      "c016_scale_15",
      "c016_scale_1015",
      "c076_scale_75",
      "c076_scale_1075",
      "c566_scale_565",
      "c390_scale_389",
      "c390_scale_1389",
      "c681_scale_680",
      "c418_scale_417",
      "c418_scale_1417",
      "c066_scale_65",
      "c066_scale_1065",
      "c834_scale_833",
      "c975_scale_974",
      "c247_scale_246",
      "c247_scale_1246",
      "c324_scale_323"
    ],
    "edge-5": [
      "c656_scale_655",
      "c747_scale_746",
      "c585_scale_584",
      "c673_scale_672",
      "c731_scale_730",
      "c393_scale_1392",
      "c429_scale_1428",
      "c809_scale_808",
      "c787_scale_786",
      "c088_scale_1087",
      "c705_scale_704",
      "c100_scale_99",
      "c100_scale_1099",
      "c144_scale_143",
      "c451_scale_450",
      "c867_scale_866",
      "c986_scale_985",
      "c144_scale_1143",
      "c451_scale_1450",
      "c082_scale_81",
      "c860_scale_859",
      "c253_scale_252",
      "c618_scale_617",
      "c253_scale_1252"
    ],
    "edge-6": [
      "c970_scale_969",
      "c973_scale_972",
      "c062_scale_61",
      "c533_scale_532",
      "c978_scale_977",
      "c062_scale_1061",
      "c485_scale_484",
      "c556_scale_555",
      "c682_scale_681",
      "c743_scale_742",
      "c838_scale_837",
      "c981_scale_980",
      "c993_scale_992",
      "c485_scale_1484",
      "c619_scale_618",
      "c708_scale_707",
      "c074_scale_73",
      "c331_scale_330",
      "c393_scale_392",
      "c429_scale_428",
      "c582_scale_581",
      "c664_scale_663",
      "c723_scale_722",
      "c614_scale_613"
    ]
  },
  "ordered_queues": {
    "edge-1": [
      "c014_scale_1013",
      "c014_scale_13",
      "c195_scale_1194",
      "c195_scale_194",
      "c333_scale_1332",
      "c333_scale_332",
      "c698_scale_697",
      "c869_scale_868",
      "c916_scale_915",
      "c969_scale_968",
      "c427_scale_1426",
      "c427_scale_426",
      "c463_scale_1462",
      "c463_scale_462",
      "c503_scale_502",
      "c561_scale_560",
      "c866_scale_865",
      "c640_scale_639",
      "c748_scale_747",
      "c991_scale_990",
      "c074_scale_1073",
      "c331_scale_1330",
      "c872_scale_871",
      "c992_scale_991"
    ],
    "edge-2": [
      "c096_scale_1095",
      "c096_scale_95",
      "c119_scale_1118",
      "c119_scale_118",
      "c151_scale_1150",
      "c151_scale_150",
      "c231_scale_1230",
      "c231_scale_230",
      "c380_scale_1379",
      "c380_scale_379",
      "c576_scale_575",
      "c633_scale_632",
      "c671_scale_670",
      "c782_scale_781",
      "c934_scale_933",
      "c553_scale_552",
      "c913_scale_912",
      "c060_scale_1059",
      "c060_scale_59",
      "c804_scale_803",
      "c324_scale_1323",
      "c531_scale_530",
      "c861_scale_860",
      "c543_scale_542"
    ],
    "edge-3": [
      "c203_scale_1202",
      "c203_scale_202",
      "c225_scale_1224",
      "c225_scale_224",
      "c292_scale_1291",
      "c292_scale_291",
      "c374_scale_1373",
      "c374_scale_373",
      "c187_scale_1186",
      "c187_scale_186",
      "c082_scale_1081",
      "c399_scale_1398",
      "c399_scale_398",
      "c367_scale_1366",
      "c367_scale_366",
      "c652_scale_651",
      "c059_scale_1058",
      "c059_scale_58",
      "c563_scale_562",
      "c902_scale_901",
      "c088_scale_87",
      "c498_scale_1497",
      "c498_scale_497"
    ],
    "edge-4": [
      "c623_scale_622",
      "c418_scale_1417",
      "c418_scale_417",
      "c545_scale_544",
      "c352_scale_1351",
      "c352_scale_351",
      "c681_scale_680",
      "c016_scale_1015",
      "c016_scale_15",
      "c076_scale_1075",
      "c076_scale_75",
      "c066_scale_1065",
      "c066_scale_65",
      "c390_scale_1389",
      "c390_scale_389",
      "c834_scale_833",
      "c930_scale_929",
      "c247_scale_1246",
      "c247_scale_246",
      "c412_scale_1411",
      "c412_scale_411",
      "c566_scale_565",
      "c975_scale_974",
      "c324_scale_323"
    ],
    "edge-5": [
      "c144_scale_1143",
      "c144_scale_143",
      "c393_scale_1392",
      "c429_scale_1428",
      "c451_scale_1450",
      "c451_scale_450",
      "c867_scale_866",
      "c986_scale_985",
      "c082_scale_81",
      "c809_scale_808",
      "c656_scale_655",
      "c731_scale_730",
      "c088_scale_1087",
      "c253_scale_1252",
      "c253_scale_252",
      "c618_scale_617",
      "c585_scale_584",
      "c673_scale_672",
      "c705_scale_704",
      "c747_scale_746",
      "c787_scale_786",
      "c860_scale_859",
      "c100_scale_1099",
      "c100_scale_99"
    ],
    "edge-6": [
      "c062_scale_1061",
      "c062_scale_61",
      "c074_scale_73",
      "c331_scale_330",
      "c393_scale_392",
      "c429_scale_428",
      "c485_scale_1484",
      "c485_scale_484",
      "c533_scale_532",
      "c556_scale_555",
      "c582_scale_581",
      "c664_scale_663",
      "c682_scale_681",
      "c723_scale_722",
      "c743_scale_742",
      "c838_scale_837",
      "c978_scale_977",
      "c981_scale_980",
      "c993_scale_992",
      "c614_scale_613",
      "c619_scale_618",
      "c708_scale_707",
      "c970_scale_969",
      "c973_scale_972"
    ]
  }
}
