{
  "summary": {
    "algo": "FG-DSCR-GC-K8s-selected",
    "num_containers": 600,
    "num_assigned": 133,
    "num_failed": 467,
    "fail_rate": 0.7783333333333333,
    "num_nodes": 6,
    "ACT": 201.5843671679198,
    "AMS": 387.45694444444445,
    "downloaded_mb": 17598,
    "reused_mb": 45149,
    "reuse_rate": 0.7195403764323394,
    "objective_base": 294.5206558061821,
    "fail_penalty": 778.3333333333334,
    "lambda_fail": 1000.0,
    "objective": 1072.8539891395155
  },
  "assignment": {
    "edge-1": [
      "c164_scale_163",
      "c285_scale_284",
      "c022_scale_21",
      "c021_scale_20",
      "c020_scale_19",
      "c115_scale_114",
      "c052_scale_51",
      "c362_scale_361",
      "c211_scale_210",
      "c268_scale_267",
      "c098_scale_97",
      "c597_scale_596",
      "c375_scale_374",
      "c465_scale_464",
      "c313_scale_312",
      "c133_scale_132",
      "c287_scale_286",
      "c066_scale_65",
      "c600_scale_599",
      "c179_scale_178",
      "c193_scale_192"
    ],
    "edge-2": [
      "c574_scale_573",
      "c599_scale_598",
      "c368_scale_367",
      "c308_scale_307",
      "c567_scale_566",
      "c068_scale_67",
      "c335_scale_334",
      "c536_scale_535",
      "c435_scale_434",
      "c471_scale_470",
      "c233_scale_232",
      "c577_scale_576",
      "c509_scale_508",
      "c080_scale_79",
      "c401_scale_400",
      "c589_scale_588",
      "c482_scale_481",
      "c194_scale_193",
      "c359_scale_358",
      "c065_scale_64",
      "c150_scale_149",
      "c459_scale_458",
      "c561_scale_560",
      "c585_scale_584"
    ],
    "edge-3": [
      "c374_scale_373",
      "c226_scale_225",
      "c572_scale_571",
      "c131_scale_130",
      "c426_scale_425",
      "c539_scale_538",
      "c084_scale_83",
      "c038_scale_37",
      "c050_scale_49",
      "c161_scale_160",
      "c201_scale_200",
      "c228_scale_227",
      "c279_scale_278",
      "c377_scale_376",
      "c571_scale_570",
      "c591_scale_590",
      "c154_scale_153",
      "c350_scale_349",
      "c373_scale_372",
      "c468_scale_467",
      "c057_scale_56",
      "c544_scale_543",
      "c255_scale_254"
    ],
    "edge-4": [
      "c472_scale_471",
      "c086_scale_85",
      "c398_scale_397",
      "c437_scale_436",
      "c569_scale_568",
      "c558_scale_557",
      "c484_scale_483",
      "c030_scale_29",
      "c281_scale_280",
      "c039_scale_38",
      "c192_scale_191",
      "c241_scale_240",
      "c483_scale_482",
      "c043_scale_42",
      "c547_scale_546",
      "c208_scale_207",
      "c418_scale_417",
      "c141_scale_140",
      "c122_scale_121",
      "c140_scale_139",
      "c159_scale_158",
      "c077_scale_76"
    ],
    "edge-5": [
      "c443_scale_442",
      "c175_scale_174",
      "c504_scale_503",
      "c106_scale_105",
      "c004_scale_3",
      "c087_scale_86",
      "c054_scale_53",
      "c381_scale_380",
      "c248_scale_247",
      "c444_scale_443",
      "c235_scale_234",
      "c540_scale_539",
      "c053_scale_52",
      "c300_scale_299",
      "c389_scale_388",
      "c402_scale_401",
      "c170_scale_169",
      "c169_scale_168",
      "c487_scale_486",
      "c584_scale_583"
    ],
    "edge-6": [
      "c579_scale_578",
      "c332_scale_331",
      "c343_scale_342",
      "c491_scale_490",
      "c172_scale_171",
      "c592_scale_591",
      "c113_scale_112",
      "c407_scale_406",
      "c473_scale_472",
      "c424_scale_423",
      "c462_scale_461",
      "c272_scale_271",
      "c289_scale_288",
      "c413_scale_412",
      "c055_scale_54",
      "c317_scale_316",
      "c200_scale_199",
      "c209_scale_208",
      "c314_scale_313",
      "c503_scale_502",
      "c249_scale_248",
      "c271_scale_270",
      "c478_scale_477"
    ]
  },
  "ordered_queues": {
    "edge-1": [
      "c098_scale_97",
      "c375_scale_374",
      "c022_scale_21",
      "c164_scale_163",
      "c465_scale_464",
      "c597_scale_596",
      "c020_scale_19",
      "c021_scale_20",
      "c066_scale_65",
      "c211_scale_210",
      "c285_scale_284",
      "c115_scale_114",
      "c268_scale_267",
      "c600_scale_599",
      "c052_scale_51",
      "c362_scale_361",
      "c179_scale_178",
      "c313_scale_312",
      "c133_scale_132",
      "c287_scale_286",
      "c193_scale_192"
    ],
    "edge-2": [
      "c065_scale_64",
      "c068_scale_67",
      "c080_scale_79",
      "c150_scale_149",
      "c233_scale_232",
      "c335_scale_334",
      "c401_scale_400",
      "c459_scale_458",
      "c536_scale_535",
      "c561_scale_560",
      "c577_scale_576",
      "c585_scale_584",
      "c589_scale_588",
      "c368_scale_367",
      "c435_scale_434",
      "c471_scale_470",
      "c482_scale_481",
      "c509_scale_508",
      "c567_scale_566",
      "c308_scale_307",
      "c574_scale_573",
      "c599_scale_598",
      "c194_scale_193",
      "c359_scale_358"
    ],
    "edge-3": [
      "c038_scale_37",
      "c050_scale_49",
      "c057_scale_56",
      "c154_scale_153",
      "c161_scale_160",
      "c201_scale_200",
      "c228_scale_227",
      "c279_scale_278",
      "c350_scale_349",
      "c373_scale_372",
      "c377_scale_376",
      "c468_scale_467",
      "c544_scale_543",
      "c571_scale_570",
      "c591_scale_590",
      "c131_scale_130",
      "c226_scale_225",
      "c255_scale_254",
      "c426_scale_425",
      "c374_scale_373",
      "c084_scale_83",
      "c572_scale_571",
      "c539_scale_538"
    ],
    "edge-4": [
      "c140_scale_139",
      "c192_scale_191",
      "c241_scale_240",
      "c398_scale_397",
      "c472_scale_471",
      "c483_scale_482",
      "c208_scale_207",
      "c484_scale_483",
      "c086_scale_85",
      "c122_scale_121",
      "c547_scale_546",
      "c558_scale_557",
      "c569_scale_568",
      "c141_scale_140",
      "c159_scale_158",
      "c039_scale_38",
      "c043_scale_42",
      "c077_scale_76",
      "c418_scale_417",
      "c030_scale_29",
      "c281_scale_280",
      "c437_scale_436"
    ],
    "edge-5": [
      "c175_scale_174",
      "c540_scale_539",
      "c054_scale_53",
      "c106_scale_105",
      "c381_scale_380",
      "c444_scale_443",
      "c504_scale_503",
      "c004_scale_3",
      "c053_scale_52",
      "c300_scale_299",
      "c389_scale_388",
      "c087_scale_86",
      "c248_scale_247",
      "c443_scale_442",
      "c169_scale_168",
      "c487_scale_486",
      "c235_scale_234",
      "c402_scale_401",
      "c584_scale_583",
      "c170_scale_169"
    ],
    "edge-6": [
      "c113_scale_112",
      "c172_scale_171",
      "c332_scale_331",
      "c343_scale_342",
      "c491_scale_490",
      "c209_scale_208",
      "c249_scale_248",
      "c271_scale_270",
      "c314_scale_313",
      "c503_scale_502",
      "c317_scale_316",
      "c413_scale_412",
      "c462_scale_461",
      "c478_scale_477",
      "c407_scale_406",
      "c473_scale_472",
      "c579_scale_578",
      "c424_scale_423",
      "c055_scale_54",
      "c200_scale_199",
      "c289_scale_288",
      "c592_scale_591",
      "c272_scale_271"
    ]
  }
}
