{
  "summary": {
    "algo": "FG-DSCR-GC-K8s-selected",
    "num_containers": 600,
    "num_assigned": 232,
    "num_failed": 368,
    "fail_rate": 0.6133333333333333,
    "num_nodes": 12,
    "ACT": 180.53550646551724,
    "AMS": 356.32430555555555,
    "downloaded_mb": 39386,
    "reused_mb": 77195,
    "reuse_rate": 0.6621576414681638,
    "objective_base": 268.4299060105364,
    "fail_penalty": 613.3333333333333,
    "lambda_fail": 1000.0,
    "objective": 881.7632393438696
  },
  "assignment": {
    "edge-1": [
      "c332_scale_331",
      "c343_scale_342",
      "c491_scale_490",
      "c172_scale_171",
      "c052_scale_51",
      "c540_scale_539",
      "c255_scale_254",
      "c077_scale_76",
      "c169_scale_168",
      "c487_scale_486",
      "c256_scale_255",
      "c238_scale_237",
      "c250_scale_249",
      "c302_scale_301",
      "c145_scale_144",
      "c386_scale_385",
      "c207_scale_206",
      "c215_scale_214",
      "c333_scale_332"
    ],
    "edge-2": [
      "c574_scale_573",
      "c599_scale_598",
      "c472_scale_471",
      "c308_scale_307",
      "c226_scale_225",
      "c175_scale_174",
      "c131_scale_130",
      "c426_scale_425",
      "c113_scale_112",
      "c194_scale_193",
      "c359_scale_358",
      "c407_scale_406",
      "c462_scale_461",
      "c484_scale_483",
      "c413_scale_412",
      "c192_scale_191",
      "c241_scale_240",
      "c483_scale_482",
      "c317_scale_316",
      "c311_scale_310",
      "c076_scale_75",
      "c261_scale_260"
    ],
    "edge-3": [
      "c022_scale_21",
      "c115_scale_114",
      "c268_scale_267",
      "c098_scale_97",
      "c597_scale_596",
      "c055_scale_54",
      "c465_scale_464",
      "c600_scale_599",
      "c063_scale_62",
      "c153_scale_152",
      "c596_scale_595",
      "c128_scale_127",
      "c198_scale_197",
      "c349_scale_348",
      "c188_scale_187"
    ],
    "edge-4": [
      "c368_scale_367",
      "c567_scale_566",
      "c435_scale_434",
      "c471_scale_470",
      "c509_scale_508",
      "c482_scale_481",
      "c473_scale_472",
      "c004_scale_3",
      "c272_scale_271",
      "c350_scale_349",
      "c373_scale_372",
      "c468_scale_467",
      "c209_scale_208",
      "c314_scale_313",
      "c503_scale_502",
      "c235_scale_234",
      "c402_scale_401",
      "c057_scale_56",
      "c544_scale_543",
      "c463_scale_462",
      "c489_scale_488",
      "c264_scale_263"
    ],
    "edge-5": [
      "c285_scale_284",
      "c021_scale_20",
      "c020_scale_19",
      "c362_scale_361",
      "c211_scale_210",
      "c066_scale_65",
      "c376_scale_375",
      "c379_scale_378",
      "c455_scale_454",
      "c303_scale_302",
      "c316_scale_315",
      "c595_scale_594",
      "c393_scale_392",
      "c537_scale_536",
      "c538_scale_537",
      "c036_scale_35",
      "c026_scale_25",
      "c442_scale_441"
    ],
    "edge-6": [
      "c579_scale_578",
      "c068_scale_67",
      "c335_scale_334",
      "c536_scale_535",
      "c233_scale_232",
      "c577_scale_576",
      "c080_scale_79",
      "c401_scale_400",
      "c589_scale_588",
      "c065_scale_64",
      "c150_scale_149",
      "c459_scale_458",
      "c561_scale_560",
      "c585_scale_584",
      "c038_scale_37",
      "c050_scale_49",
      "c161_scale_160",
      "c201_scale_200",
      "c228_scale_227",
      "c279_scale_278",
      "c377_scale_376",
      "c571_scale_570",
      "c591_scale_590",
      "c154_scale_153"
    ],
    "edge-7": [
      "c572_scale_571",
      "c424_scale_423",
      "c087_scale_86",
      "c248_scale_247",
      "c478_scale_477",
      "c159_scale_158",
      "c135_scale_134",
      "c525_scale_524",
      "c562_scale_561",
      "c237_scale_236",
      "c322_scale_321",
      "c588_scale_587",
      "c369_scale_368",
      "c575_scale_574",
      "c282_scale_281",
      "c305_scale_304",
      "c204_scale_203",
      "c104_scale_103"
    ],
    "edge-8": [
      "c164_scale_163",
      "c592_scale_591",
      "c289_scale_288",
      "c030_scale_29",
      "c281_scale_280",
      "c200_scale_199",
      "c481_scale_480",
      "c530_scale_529",
      "c480_scale_479",
      "c406_scale_405",
      "c213_scale_212",
      "c108_scale_107",
      "c110_scale_109",
      "c196_scale_195",
      "c318_scale_317",
      "c061_scale_60",
      "c013_scale_12",
      "c244_scale_243",
      "c168_scale_167"
    ],
    "edge-9": [
      "c086_scale_85",
      "c569_scale_568",
      "c084_scale_83",
      "c558_scale_557",
      "c547_scale_546",
      "c141_scale_140",
      "c122_scale_121",
      "c313_scale_312",
      "c179_scale_178",
      "c193_scale_192",
      "c476_scale_475",
      "c336_scale_335",
      "c354_scale_353",
      "c099_scale_98",
      "c564_scale_563",
      "c230_scale_229",
      "c568_scale_567",
      "c453_scale_452",
      "c526_scale_525"
    ],
    "edge-10": [
      "c374_scale_373",
      "c437_scale_436",
      "c039_scale_38",
      "c043_scale_42",
      "c418_scale_417",
      "c170_scale_169",
      "c249_scale_248",
      "c271_scale_270",
      "c291_scale_290",
      "c155_scale_154",
      "c182_scale_181",
      "c454_scale_453",
      "c533_scale_532",
      "c549_scale_548",
      "c203_scale_202",
      "c498_scale_497",
      "c510_scale_509",
      "c223_scale_222",
      "c293_scale_292"
    ],
    "edge-11": [
      "c504_scale_503",
      "c106_scale_105",
      "c054_scale_53",
      "c381_scale_380",
      "c444_scale_443",
      "c375_scale_374",
      "c137_scale_136",
      "c069_scale_68",
      "c269_scale_268",
      "c090_scale_89",
      "c310_scale_309",
      "c067_scale_66",
      "c495_scale_494",
      "c257_scale_256",
      "c331_scale_330",
      "c060_scale_59",
      "c360_scale_359",
      "c367_scale_366"
    ],
    "edge-12": [
      "c443_scale_442",
      "c539_scale_538",
      "c208_scale_207",
      "c053_scale_52",
      "c300_scale_299",
      "c389_scale_388",
      "c133_scale_132",
      "c287_scale_286",
      "c140_scale_139",
      "c584_scale_583",
      "c210_scale_209",
      "c283_scale_282",
      "c548_scale_547",
      "c227_scale_226",
      "c142_scale_141",
      "c337_scale_336",
      "c225_scale_224",
      "c002_scale_1",
      "c398_scale_397"
    ]
  },
  "ordered_queues": {
    "edge-1": [
      "c077_scale_76",
      "c145_scale_144",
      "c169_scale_168",
      "c172_scale_171",
      "c207_scale_206",
      "c332_scale_331",
      "c343_scale_342",
      "c487_scale_486",
      "c491_scale_490",
      "c540_scale_539",
      "c255_scale_254",
      "c052_scale_51",
      "c256_scale_255",
      "c215_scale_214",
      "c238_scale_237",
      "c250_scale_249",
      "c386_scale_385",
      "c302_scale_301",
      "c333_scale_332"
    ],
    "edge-2": [
      "c308_scale_307",
      "c574_scale_573",
      "c599_scale_598",
      "c194_scale_193",
      "c192_scale_191",
      "c241_scale_240",
      "c472_scale_471",
      "c483_scale_482",
      "c484_scale_483",
      "c131_scale_130",
      "c226_scale_225",
      "c311_scale_310",
      "c175_scale_174",
      "c407_scale_406",
      "c076_scale_75",
      "c359_scale_358",
      "c317_scale_316",
      "c413_scale_412",
      "c462_scale_461",
      "c426_scale_425",
      "c113_scale_112",
      "c261_scale_260"
    ],
    "edge-3": [
      "c098_scale_97",
      "c063_scale_62",
      "c465_scale_464",
      "c596_scale_595",
      "c597_scale_596",
      "c022_scale_21",
      "c115_scale_114",
      "c153_scale_152",
      "c268_scale_267",
      "c600_scale_599",
      "c055_scale_54",
      "c128_scale_127",
      "c188_scale_187",
      "c198_scale_197",
      "c349_scale_348"
    ],
    "edge-4": [
      "c057_scale_56",
      "c209_scale_208",
      "c264_scale_263",
      "c314_scale_313",
      "c350_scale_349",
      "c373_scale_372",
      "c463_scale_462",
      "c468_scale_467",
      "c489_scale_488",
      "c503_scale_502",
      "c544_scale_543",
      "c235_scale_234",
      "c272_scale_271",
      "c368_scale_367",
      "c402_scale_401",
      "c435_scale_434",
      "c471_scale_470",
      "c482_scale_481",
      "c509_scale_508",
      "c567_scale_566",
      "c473_scale_472",
      "c004_scale_3"
    ],
    "edge-5": [
      "c020_scale_19",
      "c021_scale_20",
      "c066_scale_65",
      "c211_scale_210",
      "c285_scale_284",
      "c455_scale_454",
      "c362_scale_361",
      "c376_scale_375",
      "c379_scale_378",
      "c538_scale_537",
      "c036_scale_35",
      "c303_scale_302",
      "c316_scale_315",
      "c393_scale_392",
      "c026_scale_25",
      "c442_scale_441",
      "c537_scale_536",
      "c595_scale_594"
    ],
    "edge-6": [
      "c038_scale_37",
      "c050_scale_49",
      "c065_scale_64",
      "c068_scale_67",
      "c080_scale_79",
      "c150_scale_149",
      "c154_scale_153",
      "c161_scale_160",
      "c201_scale_200",
      "c228_scale_227",
      "c233_scale_232",
      "c279_scale_278",
      "c335_scale_334",
      "c377_scale_376",
      "c401_scale_400",
      "c459_scale_458",
      "c536_scale_535",
      "c561_scale_560",
      "c571_scale_570",
      "c577_scale_576",
      "c585_scale_584",
      "c589_scale_588",
      "c591_scale_590",
      "c579_scale_578"
    ],
    "edge-7": [
      "c562_scale_561",
      "c478_scale_477",
      "c159_scale_158",
      "c305_scale_304",
      "c572_scale_571",
      "c424_scale_423",
      "c087_scale_86",
      "c135_scale_134",
      "c204_scale_203",
      "c248_scale_247",
      "c369_scale_368",
      "c525_scale_524",
      "c104_scale_103",
      "c237_scale_236",
      "c575_scale_574",
      "c282_scale_281",
      "c322_scale_321",
      "c588_scale_587"
    ],
    "edge-8": [
      "c200_scale_199",
      "c289_scale_288",
      "c480_scale_479",
      "c481_scale_480",
      "c592_scale_591",
      "c164_scale_163",
      "c530_scale_529",
      "c013_scale_12",
      "c030_scale_29",
      "c213_scale_212",
      "c244_scale_243",
      "c281_scale_280",
      "c108_scale_107",
      "c110_scale_109",
      "c168_scale_167",
      "c318_scale_317",
      "c061_scale_60",
      "c196_scale_195",
      "c406_scale_405"
    ],
    "edge-9": [
      "c086_scale_85",
      "c122_scale_121",
      "c179_scale_178",
      "c230_scale_229",
      "c313_scale_312",
      "c336_scale_335",
      "c547_scale_546",
      "c558_scale_557",
      "c568_scale_567",
      "c569_scale_568",
      "c141_scale_140",
      "c564_scale_563",
      "c084_scale_83",
      "c099_scale_98",
      "c354_scale_353",
      "c193_scale_192",
      "c453_scale_452",
      "c476_scale_475",
      "c526_scale_525"
    ],
    "edge-10": [
      "c155_scale_154",
      "c182_scale_181",
      "c203_scale_202",
      "c249_scale_248",
      "c271_scale_270",
      "c291_scale_290",
      "c454_scale_453",
      "c498_scale_497",
      "c510_scale_509",
      "c533_scale_532",
      "c549_scale_548",
      "c039_scale_38",
      "c043_scale_42",
      "c170_scale_169",
      "c418_scale_417",
      "c437_scale_436",
      "c223_scale_222",
      "c293_scale_292",
      "c374_scale_373"
    ],
    "edge-11": [
      "c375_scale_374",
      "c054_scale_53",
      "c069_scale_68",
      "c106_scale_105",
      "c381_scale_380",
      "c444_scale_443",
      "c504_scale_503",
      "c090_scale_89",
      "c060_scale_59",
      "c067_scale_66",
      "c137_scale_136",
      "c269_scale_268",
      "c360_scale_359",
      "c495_scale_494",
      "c257_scale_256",
      "c310_scale_309",
      "c367_scale_366",
      "c331_scale_330"
    ],
    "edge-12": [
      "c133_scale_132",
      "c140_scale_139",
      "c142_scale_141",
      "c287_scale_286",
      "c337_scale_336",
      "c398_scale_397",
      "c208_scale_207",
      "c210_scale_209",
      "c584_scale_583",
      "c053_scale_52",
      "c283_scale_282",
      "c300_scale_299",
      "c389_scale_388",
      "c539_scale_538",
      "c548_scale_547",
      "c227_scale_226",
      "c443_scale_442",
      "c225_scale_224",
      "c002_scale_1"
    ]
  }
}
