{
  "summary": {
    "algo": "FG-DSCR-GC-K8s-selected",
    "num_containers": 200,
    "num_assigned": 121,
    "num_failed": 79,
    "fail_rate": 0.395,
    "num_nodes": 8,
    "ACT": 143.49769283746556,
    "AMS": 275.74114583333335,
    "downloaded_mb": 20974,
    "reused_mb": 33916,
    "reuse_rate": 0.617890326106759,
    "objective_base": 209.61941933539947,
    "fail_penalty": 395.0,
    "lambda_fail": 1000.0,
    "objective": 604.6194193353995
  },
  "assignment": {
    "edge-1": [
      "c021_scale_20",
      "c020_scale_19",
      "c053_scale_52",
      "c066_scale_65",
      "c026_scale_25",
      "c061_scale_60",
      "c165_scale_164",
      "c132_scale_131",
      "c174_scale_173",
      "c121_scale_120",
      "c010_scale_9",
      "c183_scale_182",
      "c085_scale_84",
      "c173_scale_172"
    ],
    "edge-2": [
      "c164_scale_163",
      "c068_scale_67",
      "c022_scale_21",
      "c131_scale_130",
      "c080_scale_79",
      "c194_scale_193",
      "c065_scale_64",
      "c150_scale_149",
      "c038_scale_37",
      "c050_scale_49",
      "c161_scale_160",
      "c154_scale_153",
      "c141_scale_140",
      "c057_scale_56",
      "c193_scale_192",
      "c159_scale_158",
      "c155_scale_154",
      "c182_scale_181",
      "c135_scale_134",
      "c108_scale_107"
    ],
    "edge-3": [
      "c115_scale_114",
      "c087_scale_86",
      "c137_scale_136",
      "c153_scale_152",
      "c060_scale_59",
      "c036_scale_35",
      "c073_scale_72",
      "c184_scale_183",
      "c171_scale_170",
      "c146_scale_145",
      "c118_scale_117",
      "c001_scale_0",
      "c082_scale_81",
      "c072_scale_71"
    ],
    "edge-4": [
      "c175_scale_174",
      "c106_scale_105",
      "c054_scale_53",
      "c043_scale_42",
      "c170_scale_169",
      "c069_scale_68",
      "c002_scale_1",
      "c005_scale_4",
      "c023_scale_22",
      "c083_scale_82",
      "c114_scale_113",
      "c178_scale_177",
      "c100_scale_99",
      "c062_scale_61",
      "c032_scale_31"
    ],
    "edge-5": [
      "c052_scale_51",
      "c063_scale_62",
      "c090_scale_89",
      "c076_scale_75",
      "c013_scale_12",
      "c003_scale_2",
      "c047_scale_46",
      "c094_scale_93",
      "c025_scale_24",
      "c105_scale_104",
      "c040_scale_39",
      "c160_scale_159"
    ],
    "edge-6": [
      "c172_scale_171",
      "c113_scale_112",
      "c004_scale_3",
      "c098_scale_97",
      "c200_scale_199",
      "c077_scale_76",
      "c169_scale_168",
      "c145_scale_144",
      "c104_scale_103",
      "c014_scale_13",
      "c012_scale_11",
      "c097_scale_96",
      "c081_scale_80",
      "c019_scale_18",
      "c046_scale_45",
      "c039_scale_38"
    ],
    "edge-7": [
      "c084_scale_83",
      "c192_scale_191",
      "c133_scale_132",
      "c140_scale_139",
      "c099_scale_98",
      "c067_scale_66",
      "c142_scale_141",
      "c007_scale_6",
      "c123_scale_122",
      "c015_scale_14",
      "c037_scale_36",
      "c079_scale_78",
      "c195_scale_194",
      "c056_scale_55",
      "c030_scale_29"
    ],
    "edge-8": [
      "c086_scale_85",
      "c055_scale_54",
      "c122_scale_121",
      "c179_scale_178",
      "c110_scale_109",
      "c196_scale_195",
      "c128_scale_127",
      "c198_scale_197",
      "c168_scale_167",
      "c188_scale_187",
      "c136_scale_135",
      "c071_scale_70",
      "c130_scale_129",
      "c129_scale_128",
      "c156_scale_155"
    ]
  },
  "ordered_queues": {
    "edge-1": [
      "c085_scale_84",
      "c173_scale_172",
      "c053_scale_52",
      "c121_scale_120",
      "c132_scale_131",
      "c174_scale_173",
      "c020_scale_19",
      "c021_scale_20",
      "c061_scale_60",
      "c066_scale_65",
      "c010_scale_9",
      "c183_scale_182",
      "c026_scale_25",
      "c165_scale_164"
    ],
    "edge-2": [
      "c038_scale_37",
      "c050_scale_49",
      "c057_scale_56",
      "c065_scale_64",
      "c068_scale_67",
      "c080_scale_79",
      "c108_scale_107",
      "c150_scale_149",
      "c154_scale_153",
      "c155_scale_154",
      "c161_scale_160",
      "c182_scale_181",
      "c194_scale_193",
      "c022_scale_21",
      "c164_scale_163",
      "c131_scale_130",
      "c141_scale_140",
      "c159_scale_158",
      "c135_scale_134",
      "c193_scale_192"
    ],
    "edge-3": [
      "c118_scale_117",
      "c060_scale_59",
      "c036_scale_35",
      "c115_scale_114",
      "c146_scale_145",
      "c153_scale_152",
      "c073_scale_72",
      "c082_scale_81",
      "c137_scale_136",
      "c072_scale_71",
      "c001_scale_0",
      "c087_scale_86",
      "c171_scale_170",
      "c184_scale_183"
    ],
    "edge-4": [
      "c023_scale_22",
      "c054_scale_53",
      "c069_scale_68",
      "c100_scale_99",
      "c106_scale_105",
      "c178_scale_177",
      "c002_scale_1",
      "c043_scale_42",
      "c062_scale_61",
      "c083_scale_82",
      "c170_scale_169",
      "c005_scale_4",
      "c175_scale_174",
      "c032_scale_31",
      "c114_scale_113"
    ],
    "edge-5": [
      "c003_scale_2",
      "c076_scale_75",
      "c090_scale_89",
      "c063_scale_62",
      "c052_scale_51",
      "c105_scale_104",
      "c094_scale_93",
      "c025_scale_24",
      "c040_scale_39",
      "c013_scale_12",
      "c047_scale_46",
      "c160_scale_159"
    ],
    "edge-6": [
      "c077_scale_76",
      "c104_scale_103",
      "c113_scale_112",
      "c145_scale_144",
      "c169_scale_168",
      "c172_scale_171",
      "c098_scale_97",
      "c004_scale_3",
      "c081_scale_80",
      "c012_scale_11",
      "c019_scale_18",
      "c014_scale_13",
      "c200_scale_199",
      "c046_scale_45",
      "c039_scale_38",
      "c097_scale_96"
    ],
    "edge-7": [
      "c007_scale_6",
      "c123_scale_122",
      "c133_scale_132",
      "c140_scale_139",
      "c142_scale_141",
      "c192_scale_191",
      "c015_scale_14",
      "c084_scale_83",
      "c099_scale_98",
      "c195_scale_194",
      "c067_scale_66",
      "c037_scale_36",
      "c079_scale_78",
      "c030_scale_29",
      "c056_scale_55"
    ],
    "edge-8": [
      "c110_scale_109",
      "c128_scale_127",
      "c136_scale_135",
      "c168_scale_167",
      "c188_scale_187",
      "c196_scale_195",
      "c198_scale_197",
      "c086_scale_85",
      "c122_scale_121",
      "c129_scale_128",
      "c179_scale_178",
      "c055_scale_54",
      "c071_scale_70",
      "c130_scale_129",
      "c156_scale_155"
    ]
  }
}
