{
  "summary": {
    "algo": "FG-DSCR-GC-K8s-selected",
    "num_containers": 200,
    "num_assigned": 170,
    "num_failed": 30,
    "fail_rate": 0.15,
    "num_nodes": 14,
    "ACT": 121.93595588235294,
    "AMS": 231.07410714285712,
    "downloaded_mb": 31159,
    "reused_mb": 48209,
    "reuse_rate": 0.6074110472734603,
    "objective_base": 176.50503151260503,
    "fail_penalty": 150.0,
    "lambda_fail": 1000.0,
    "objective": 326.505031512605
  },
  "assignment": {
    "edge-1": [
      "c052_scale_51",
      "c200_scale_199",
      "c005_scale_4",
      "c085_scale_84",
      "c078_scale_77",
      "c016_scale_15",
      "c181_scale_180",
      "c120_scale_119",
      "c186_scale_185",
      "c044_scale_43"
    ],
    "edge-2": [
      "c164_scale_163",
      "c068_scale_67",
      "c022_scale_21",
      "c080_scale_79",
      "c194_scale_193",
      "c065_scale_64",
      "c150_scale_149",
      "c038_scale_37",
      "c050_scale_49",
      "c161_scale_160",
      "c154_scale_153",
      "c141_scale_140",
      "c166_scale_165",
      "c197_scale_196",
      "c035_scale_34",
      "c119_scale_118"
    ],
    "edge-3": [
      "c084_scale_83",
      "c053_scale_52",
      "c099_scale_98",
      "c003_scale_2",
      "c132_scale_131",
      "c174_scale_173",
      "c121_scale_120",
      "c015_scale_14",
      "c001_scale_0",
      "c195_scale_194",
      "c031_scale_30",
      "c103_scale_102",
      "c087_scale_86"
    ],
    "edge-4": [
      "c175_scale_174",
      "c106_scale_105",
      "c054_scale_53",
      "c069_scale_68",
      "c023_scale_22",
      "c037_scale_36",
      "c079_scale_78",
      "c178_scale_177",
      "c100_scale_99",
      "c156_scale_155",
      "c180_scale_179",
      "c112_scale_111",
      "c111_scale_110"
    ],
    "edge-5": [
      "c004_scale_3",
      "c193_scale_192",
      "c026_scale_25",
      "c165_scale_164",
      "c081_scale_80",
      "c124_scale_123",
      "c134_scale_133",
      "c093_scale_92",
      "c048_scale_47",
      "c059_scale_58",
      "c110_scale_109"
    ],
    "edge-6": [
      "c172_scale_171",
      "c057_scale_56",
      "c169_scale_168",
      "c155_scale_154",
      "c182_scale_181",
      "c196_scale_195",
      "c090_scale_89",
      "c145_scale_144",
      "c104_scale_103",
      "c128_scale_127",
      "c187_scale_186",
      "c034_scale_33",
      "c144_scale_143",
      "c130_scale_129"
    ],
    "edge-7": [
      "c030_scale_29",
      "c063_scale_62",
      "c076_scale_75",
      "c013_scale_12",
      "c056_scale_55",
      "c102_scale_101",
      "c185_scale_184",
      "c125_scale_124",
      "c070_scale_69",
      "c147_scale_146",
      "c108_scale_107"
    ],
    "edge-8": [
      "c086_scale_85",
      "c122_scale_121",
      "c179_scale_178",
      "c198_scale_197",
      "c168_scale_167",
      "c188_scale_187",
      "c136_scale_135",
      "c129_scale_128",
      "c014_scale_13",
      "c184_scale_183",
      "c012_scale_11",
      "c097_scale_96",
      "c151_scale_150"
    ],
    "edge-9": [
      "c039_scale_38",
      "c043_scale_42",
      "c170_scale_169",
      "c002_scale_1",
      "c083_scale_82",
      "c062_scale_61",
      "c045_scale_44",
      "c167_scale_166",
      "c199_scale_198",
      "c149_scale_148",
      "c041_scale_40"
    ],
    "edge-10": [
      "c021_scale_20",
      "c020_scale_19",
      "c066_scale_65",
      "c137_scale_136",
      "c061_scale_60",
      "c047_scale_46",
      "c025_scale_24",
      "c105_scale_104",
      "c019_scale_18",
      "c046_scale_45",
      "c040_scale_39",
      "c160_scale_159",
      "c008_scale_7"
    ],
    "edge-11": [
      "c192_scale_191",
      "c133_scale_132",
      "c140_scale_139",
      "c142_scale_141",
      "c007_scale_6",
      "c123_scale_122",
      "c114_scale_113",
      "c032_scale_31",
      "c072_scale_71",
      "c089_scale_88",
      "c163_scale_162",
      "c029_scale_28"
    ],
    "edge-12": [
      "c131_scale_130",
      "c113_scale_112",
      "c098_scale_97",
      "c077_scale_76",
      "c073_scale_72",
      "c071_scale_70",
      "c118_scale_117",
      "c173_scale_172",
      "c006_scale_5",
      "c009_scale_8",
      "c091_scale_90",
      "c058_scale_57"
    ],
    "edge-13": [
      "c159_scale_158",
      "c135_scale_134",
      "c067_scale_66",
      "c171_scale_170",
      "c183_scale_182",
      "c094_scale_93",
      "c158_scale_157",
      "c018_scale_17",
      "c127_scale_126"
    ],
    "edge-14": [
      "c115_scale_114",
      "c055_scale_54",
      "c153_scale_152",
      "c060_scale_59",
      "c036_scale_35",
      "c146_scale_145",
      "c010_scale_9",
      "c082_scale_81",
      "c138_scale_137",
      "c095_scale_94",
      "c117_scale_116",
      "c092_scale_91"
    ]
  },
  "ordered_queues": {
    "edge-1": [
      "c005_scale_4",
      "c085_scale_84",
      "c078_scale_77",
      "c016_scale_15",
      "c052_scale_51",
      "c181_scale_180",
      "c120_scale_119",
      "c186_scale_185",
      "c044_scale_43",
      "c200_scale_199"
    ],
    "edge-2": [
      "c038_scale_37",
      "c050_scale_49",
      "c065_scale_64",
      "c068_scale_67",
      "c080_scale_79",
      "c150_scale_149",
      "c154_scale_153",
      "c161_scale_160",
      "c166_scale_165",
      "c197_scale_196",
      "c194_scale_193",
      "c141_scale_140",
      "c022_scale_21",
      "c164_scale_163",
      "c035_scale_34",
      "c119_scale_118"
    ],
    "edge-3": [
      "c103_scale_102",
      "c001_scale_0",
      "c015_scale_14",
      "c084_scale_83",
      "c099_scale_98",
      "c195_scale_194",
      "c003_scale_2",
      "c053_scale_52",
      "c121_scale_120",
      "c132_scale_131",
      "c174_scale_173",
      "c087_scale_86",
      "c031_scale_30"
    ],
    "edge-4": [
      "c023_scale_22",
      "c054_scale_53",
      "c069_scale_68",
      "c100_scale_99",
      "c106_scale_105",
      "c156_scale_155",
      "c178_scale_177",
      "c175_scale_174",
      "c111_scale_110",
      "c037_scale_36",
      "c079_scale_78",
      "c112_scale_111",
      "c180_scale_179"
    ],
    "edge-5": [
      "c004_scale_3",
      "c081_scale_80",
      "c124_scale_123",
      "c026_scale_25",
      "c165_scale_164",
      "c193_scale_192",
      "c093_scale_92",
      "c134_scale_133",
      "c048_scale_47",
      "c059_scale_58",
      "c110_scale_109"
    ],
    "edge-6": [
      "c057_scale_56",
      "c128_scale_127",
      "c155_scale_154",
      "c182_scale_181",
      "c187_scale_186",
      "c196_scale_195",
      "c104_scale_103",
      "c130_scale_129",
      "c145_scale_144",
      "c169_scale_168",
      "c172_scale_171",
      "c090_scale_89",
      "c034_scale_33",
      "c144_scale_143"
    ],
    "edge-7": [
      "c076_scale_75",
      "c063_scale_62",
      "c013_scale_12",
      "c030_scale_29",
      "c056_scale_55",
      "c102_scale_101",
      "c185_scale_184",
      "c070_scale_69",
      "c108_scale_107",
      "c125_scale_124",
      "c147_scale_146"
    ],
    "edge-8": [
      "c012_scale_11",
      "c097_scale_96",
      "c136_scale_135",
      "c151_scale_150",
      "c168_scale_167",
      "c188_scale_187",
      "c198_scale_197",
      "c086_scale_85",
      "c122_scale_121",
      "c129_scale_128",
      "c179_scale_178",
      "c184_scale_183",
      "c014_scale_13"
    ],
    "edge-9": [
      "c002_scale_1",
      "c039_scale_38",
      "c043_scale_42",
      "c062_scale_61",
      "c083_scale_82",
      "c149_scale_148",
      "c170_scale_169",
      "c167_scale_166",
      "c045_scale_44",
      "c199_scale_198",
      "c041_scale_40"
    ],
    "edge-10": [
      "c019_scale_18",
      "c025_scale_24",
      "c040_scale_39",
      "c046_scale_45",
      "c047_scale_46",
      "c160_scale_159",
      "c020_scale_19",
      "c021_scale_20",
      "c061_scale_60",
      "c066_scale_65",
      "c105_scale_104",
      "c137_scale_136",
      "c008_scale_7"
    ],
    "edge-11": [
      "c007_scale_6",
      "c114_scale_113",
      "c123_scale_122",
      "c133_scale_132",
      "c140_scale_139",
      "c142_scale_141",
      "c192_scale_191",
      "c032_scale_31",
      "c072_scale_71",
      "c089_scale_88",
      "c163_scale_162",
      "c029_scale_28"
    ],
    "edge-12": [
      "c118_scale_117",
      "c131_scale_130",
      "c098_scale_97",
      "c173_scale_172",
      "c071_scale_70",
      "c077_scale_76",
      "c113_scale_112",
      "c058_scale_57",
      "c073_scale_72",
      "c006_scale_5",
      "c009_scale_8",
      "c091_scale_90"
    ],
    "edge-13": [
      "c159_scale_158",
      "c067_scale_66",
      "c018_scale_17",
      "c094_scale_93",
      "c135_scale_134",
      "c171_scale_170",
      "c127_scale_126",
      "c183_scale_182",
      "c158_scale_157"
    ],
    "edge-14": [
      "c117_scale_116",
      "c138_scale_137",
      "c036_scale_35",
      "c115_scale_114",
      "c146_scale_145",
      "c153_scale_152",
      "c082_scale_81",
      "c010_scale_9",
      "c055_scale_54",
      "c095_scale_94",
      "c060_scale_59",
      "c092_scale_91"
    ]
  }
}
