{
  "summary": {
    "algo": "FG-DSCR-GC-K8s-selected",
    "num_containers": 200,
    "num_assigned": 86,
    "num_failed": 114,
    "fail_rate": 0.57,
    "num_nodes": 6,
    "ACT": 128.07306201550387,
    "AMS": 250.98055555555553,
    "downloaded_mb": 3887,
    "reused_mb": 18648,
    "reuse_rate": 0.8275127579321057,
    "objective_base": 189.52680878552968,
    "fail_penalty": 570.0,
    "lambda_fail": 1000.0,
    "objective": 759.5268087855297
  },
  "assignment": {
    "edge-1": [
      "c045_scale_44",
      "c010_scale_9",
      "c157_scale_156",
      "c029_scale_28",
      "c036_scale_35",
      "c121_scale_120",
      "c075_scale_74",
      "c184_scale_183",
      "c162_scale_161",
      "c189_scale_188",
      "c057_scale_56",
      "c141_scale_140",
      "c163_scale_162"
    ],
    "edge-2": [
      "c147_scale_146",
      "c047_scale_46",
      "c144_scale_143",
      "c025_scale_24",
      "c005_scale_4",
      "c155_scale_154",
      "c016_scale_15",
      "c165_scale_164",
      "c172_scale_171",
      "c179_scale_178",
      "c038_scale_37",
      "c082_scale_81",
      "c084_scale_83",
      "c066_scale_65",
      "c122_scale_121"
    ],
    "edge-3": [
      "c136_scale_135",
      "c174_scale_173",
      "c011_scale_10",
      "c151_scale_150",
      "c182_scale_181",
      "c140_scale_139",
      "c146_scale_145",
      "c164_scale_163",
      "c017_scale_16",
      "c112_scale_111",
      "c044_scale_43",
      "c049_scale_48",
      "c019_scale_18",
      "c126_scale_125"
    ],
    "edge-4": [
      "c033_scale_32",
      "c109_scale_108",
      "c139_scale_138",
      "c135_scale_134",
      "c081_scale_80",
      "c134_scale_133",
      "c190_scale_189",
      "c027_scale_26",
      "c166_scale_165",
      "c094_scale_93",
      "c028_scale_27",
      "c048_scale_47",
      "c132_scale_131",
      "c069_scale_68",
      "c095_scale_94",
      "c119_scale_118",
      "c199_scale_198",
      "c035_scale_34",
      "c150_scale_149"
    ],
    "edge-5": [
      "c092_scale_91",
      "c071_scale_70",
      "c042_scale_41",
      "c192_scale_191",
      "c088_scale_87",
      "c067_scale_66",
      "c030_scale_29",
      "c061_scale_60",
      "c196_scale_195",
      "c051_scale_50",
      "c080_scale_79"
    ],
    "edge-6": [
      "c180_scale_179",
      "c021_scale_20",
      "c128_scale_127",
      "c041_scale_40",
      "c177_scale_176",
      "c113_scale_112",
      "c026_scale_25",
      "c079_scale_78",
      "c129_scale_128",
      "c171_scale_170",
      "c003_scale_2",
      "c024_scale_23",
      "c058_scale_57",
      "c098_scale_97"
    ]
  },
  "ordered_queues": {
    "edge-1": [
      "c010_scale_9",
      "c029_scale_28",
      "c036_scale_35",
      "c045_scale_44",
      "c075_scale_74",
      "c121_scale_120",
      "c157_scale_156",
      "c162_scale_161",
      "c184_scale_183",
      "c189_scale_188",
      "c163_scale_162",
      "c057_scale_56",
      "c141_scale_140"
    ],
    "edge-2": [
      "c005_scale_4",
      "c016_scale_15",
      "c025_scale_24",
      "c038_scale_37",
      "c047_scale_46",
      "c082_scale_81",
      "c144_scale_143",
      "c155_scale_154",
      "c165_scale_164",
      "c172_scale_171",
      "c179_scale_178",
      "c122_scale_121",
      "c147_scale_146",
      "c066_scale_65",
      "c084_scale_83"
    ],
    "edge-3": [
      "c011_scale_10",
      "c017_scale_16",
      "c136_scale_135",
      "c140_scale_139",
      "c146_scale_145",
      "c151_scale_150",
      "c164_scale_163",
      "c174_scale_173",
      "c182_scale_181",
      "c126_scale_125",
      "c044_scale_43",
      "c049_scale_48",
      "c112_scale_111",
      "c019_scale_18"
    ],
    "edge-4": [
      "c027_scale_26",
      "c028_scale_27",
      "c033_scale_32",
      "c035_scale_34",
      "c048_scale_47",
      "c081_scale_80",
      "c094_scale_93",
      "c109_scale_108",
      "c134_scale_133",
      "c139_scale_138",
      "c150_scale_149",
      "c190_scale_189",
      "c199_scale_198",
      "c095_scale_94",
      "c119_scale_118",
      "c135_scale_134",
      "c166_scale_165",
      "c069_scale_68",
      "c132_scale_131"
    ],
    "edge-5": [
      "c030_scale_29",
      "c042_scale_41",
      "c080_scale_79",
      "c192_scale_191",
      "c071_scale_70",
      "c067_scale_66",
      "c088_scale_87",
      "c092_scale_91",
      "c061_scale_60",
      "c051_scale_50",
      "c196_scale_195"
    ],
    "edge-6": [
      "c003_scale_2",
      "c024_scale_23",
      "c026_scale_25",
      "c058_scale_57",
      "c079_scale_78",
      "c129_scale_128",
      "c171_scale_170",
      "c177_scale_176",
      "c021_scale_20",
      "c041_scale_40",
      "c113_scale_112",
      "c128_scale_127",
      "c180_scale_179",
      "c098_scale_97"
    ]
  }
}
