{
  "summary": {
    "algo": "FG-DSCR-GC-K8s-selected",
    "num_containers": 1000,
    "num_assigned": 279,
    "num_failed": 721,
    "fail_rate": 0.721,
    "num_nodes": 14,
    "ACT": 183.90386798088412,
    "AMS": 353.70267857142846,
    "downloaded_mb": 38764,
    "reused_mb": 105456,
    "reuse_rate": 0.7312161974760782,
    "objective_base": 268.8032732761563,
    "fail_penalty": 721.0,
    "lambda_fail": 1000.0,
    "objective": 989.8032732761562
  },
  "assignment": {
    "edge-1": [
      "c285_scale_284",
      "c021_scale_20",
      "c020_scale_19",
      "c898_scale_897",
      "c362_scale_361",
      "c211_scale_210",
      "c672_scale_671",
      "c973_scale_972",
      "c066_scale_65",
      "c159_scale_158",
      "c291_scale_290",
      "c752_scale_751",
      "c754_scale_753",
      "c376_scale_375",
      "c155_scale_154",
      "c182_scale_181",
      "c454_scale_453",
      "c455_scale_454",
      "c213_scale_212"
    ],
    "edge-2": [
      "c637_scale_636",
      "c866_scale_865",
      "c790_scale_789",
      "c115_scale_114",
      "c030_scale_29",
      "c281_scale_280",
      "c268_scale_267",
      "c646_scale_645",
      "c889_scale_888",
      "c057_scale_56",
      "c544_scale_543",
      "c697_scale_696",
      "c967_scale_966",
      "c972_scale_971",
      "c600_scale_599",
      "c929_scale_928",
      "c901_scale_900",
      "c108_scale_107",
      "c947_scale_946"
    ],
    "edge-3": [
      "c504_scale_503",
      "c106_scale_105",
      "c606_scale_605",
      "c054_scale_53",
      "c381_scale_380",
      "c444_scale_443",
      "c235_scale_234",
      "c402_scale_401",
      "c908_scale_907",
      "c193_scale_192",
      "c757_scale_756",
      "c857_scale_856",
      "c476_scale_475",
      "c137_scale_136",
      "c069_scale_68",
      "c548_scale_547",
      "c647_scale_646",
      "c703_scale_702"
    ],
    "edge-4": [
      "c574_scale_573",
      "c599_scale_598",
      "c368_scale_367",
      "c832_scale_831",
      "c308_scale_307",
      "c567_scale_566",
      "c660_scale_659",
      "c675_scale_674",
      "c777_scale_776",
      "c226_scale_225",
      "c175_scale_174",
      "c435_scale_434",
      "c471_scale_470",
      "c131_scale_130",
      "c509_scale_508",
      "c834_scale_833",
      "c817_scale_816",
      "c482_scale_481",
      "c194_scale_193",
      "c359_scale_358",
      "c679_scale_678",
      "c272_scale_271",
      "c669_scale_668",
      "c932_scale_931"
    ],
    "edge-5": [
      "c332_scale_331",
      "c343_scale_342",
      "c491_scale_490",
      "c689_scale_688",
      "c172_scale_171",
      "c113_scale_112",
      "c052_scale_51",
      "c597_scale_596",
      "c465_scale_464",
      "c765_scale_764",
      "c077_scale_76",
      "c169_scale_168",
      "c487_scale_486",
      "c753_scale_752",
      "c063_scale_62",
      "c533_scale_532",
      "c549_scale_548",
      "c303_scale_302",
      "c316_scale_315"
    ],
    "edge-6": [
      "c472_scale_471",
      "c936_scale_935",
      "c948_scale_947",
      "c398_scale_397",
      "c462_scale_461",
      "c484_scale_483",
      "c865_scale_864",
      "c413_scale_412",
      "c192_scale_191",
      "c241_scale_240",
      "c483_scale_482",
      "c317_scale_316",
      "c208_scale_207",
      "c314_scale_313",
      "c503_scale_502",
      "c775_scale_774",
      "c801_scale_800",
      "c910_scale_909",
      "c923_scale_922",
      "c406_scale_405",
      "c684_scale_683",
      "c641_scale_640"
    ],
    "edge-7": [
      "c687_scale_686",
      "c426_scale_425",
      "c603_scale_602",
      "c407_scale_406",
      "c473_scale_472",
      "c969_scale_968",
      "c983_scale_982",
      "c098_scale_97",
      "c876_scale_875",
      "c055_scale_54",
      "c375_scale_374",
      "c255_scale_254",
      "c873_scale_872",
      "c481_scale_480",
      "c640_scale_639",
      "c530_scale_529",
      "c925_scale_924",
      "c153_scale_152",
      "c283_scale_282"
    ],
    "edge-8": [
      "c579_scale_578",
      "c068_scale_67",
      "c335_scale_334",
      "c536_scale_535",
      "c982_scale_981",
      "c233_scale_232",
      "c577_scale_576",
      "c749_scale_748",
      "c843_scale_842",
      "c960_scale_959",
      "c985_scale_984",
      "c080_scale_79",
      "c401_scale_400",
      "c589_scale_588",
      "c628_scale_627",
      "c729_scale_728",
      "c795_scale_794",
      "c877_scale_876",
      "c919_scale_918",
      "c065_scale_64",
      "c238_scale_237",
      "c250_scale_249",
      "c302_scale_301",
      "c354_scale_353"
    ],
    "edge-9": [
      "c443_scale_442",
      "c424_scale_423",
      "c087_scale_86",
      "c248_scale_247",
      "c961_scale_960",
      "c740_scale_739",
      "c256_scale_255",
      "c812_scale_811",
      "c135_scale_134",
      "c379_scale_378",
      "c210_scale_209",
      "c839_scale_838",
      "c883_scale_882",
      "c993_scale_992",
      "c203_scale_202",
      "c564_scale_563"
    ],
    "edge-10": [
      "c164_scale_163",
      "c022_scale_21",
      "c592_scale_591",
      "c922_scale_921",
      "c711_scale_710",
      "c289_scale_288",
      "c805_scale_804",
      "c994_scale_993",
      "c154_scale_153",
      "c350_scale_349",
      "c373_scale_372",
      "c468_scale_467",
      "c636_scale_635",
      "c787_scale_786",
      "c927_scale_926",
      "c928_scale_927",
      "c200_scale_199",
      "c845_scale_844",
      "c209_scale_208",
      "c649_scale_648",
      "c525_scale_524",
      "c227_scale_226"
    ],
    "edge-11": [
      "c977_scale_976",
      "c539_scale_538",
      "c714_scale_713",
      "c736_scale_735",
      "c722_scale_721",
      "c053_scale_52",
      "c300_scale_299",
      "c389_scale_388",
      "c133_scale_132",
      "c287_scale_286",
      "c921_scale_920",
      "c815_scale_814",
      "c140_scale_139",
      "c584_scale_583",
      "c673_scale_672",
      "c269_scale_268",
      "c895_scale_894"
    ],
    "edge-12": [
      "c871_scale_870",
      "c572_scale_571",
      "c724_scale_723",
      "c437_scale_436",
      "c039_scale_38",
      "c861_scale_860",
      "c043_scale_42",
      "c858_scale_857",
      "c418_scale_417",
      "c747_scale_746",
      "c141_scale_140",
      "c170_scale_169",
      "c998_scale_997",
      "c249_scale_248",
      "c271_scale_270",
      "c892_scale_891",
      "c663_scale_662",
      "c110_scale_109",
      "c196_scale_195"
    ],
    "edge-13": [
      "c086_scale_85",
      "c569_scale_568",
      "c084_scale_83",
      "c558_scale_557",
      "c547_scale_546",
      "c785_scale_784",
      "c540_scale_539",
      "c122_scale_121",
      "c313_scale_312",
      "c179_scale_178",
      "c478_scale_477",
      "c971_scale_970",
      "c631_scale_630",
      "c336_scale_335",
      "c480_scale_479",
      "c595_scale_594",
      "c642_scale_641"
    ],
    "edge-14": [
      "c374_scale_373",
      "c882_scale_881",
      "c150_scale_149",
      "c459_scale_458",
      "c561_scale_560",
      "c585_scale_584",
      "c782_scale_781",
      "c872_scale_871",
      "c990_scale_989",
      "c004_scale_3",
      "c658_scale_657",
      "c688_scale_687",
      "c979_scale_978",
      "c038_scale_37",
      "c050_scale_49",
      "c161_scale_160",
      "c201_scale_200",
      "c228_scale_227",
      "c279_scale_278",
      "c377_scale_376",
      "c571_scale_570",
      "c591_scale_590",
      "c677_scale_676",
      "c760_scale_759"
    ]
  },
  "ordered_queues": {
    "edge-1": [
      "c020_scale_19",
      "c021_scale_20",
      "c066_scale_65",
      "c211_scale_210",
      "c285_scale_284",
      "c455_scale_454",
      "c672_scale_671",
      "c898_scale_897",
      "c973_scale_972",
      "c159_scale_158",
      "c155_scale_154",
      "c182_scale_181",
      "c362_scale_361",
      "c376_scale_375",
      "c291_scale_290",
      "c454_scale_453",
      "c213_scale_212",
      "c752_scale_751",
      "c754_scale_753"
    ],
    "edge-2": [
      "c057_scale_56",
      "c108_scale_107",
      "c544_scale_543",
      "c697_scale_696",
      "c967_scale_966",
      "c972_scale_971",
      "c115_scale_114",
      "c268_scale_267",
      "c600_scale_599",
      "c646_scale_645",
      "c866_scale_865",
      "c929_scale_928",
      "c637_scale_636",
      "c030_scale_29",
      "c281_scale_280",
      "c790_scale_789",
      "c889_scale_888",
      "c901_scale_900",
      "c947_scale_946"
    ],
    "edge-3": [
      "c054_scale_53",
      "c069_scale_68",
      "c106_scale_105",
      "c381_scale_380",
      "c444_scale_443",
      "c504_scale_503",
      "c606_scale_605",
      "c857_scale_856",
      "c193_scale_192",
      "c235_scale_234",
      "c402_scale_401",
      "c476_scale_475",
      "c757_scale_756",
      "c908_scale_907",
      "c703_scale_702",
      "c137_scale_136",
      "c548_scale_547",
      "c647_scale_646"
    ],
    "edge-4": [
      "c272_scale_271",
      "c368_scale_367",
      "c435_scale_434",
      "c471_scale_470",
      "c482_scale_481",
      "c509_scale_508",
      "c567_scale_566",
      "c660_scale_659",
      "c669_scale_668",
      "c675_scale_674",
      "c777_scale_776",
      "c832_scale_831",
      "c834_scale_833",
      "c308_scale_307",
      "c574_scale_573",
      "c599_scale_598",
      "c131_scale_130",
      "c226_scale_225",
      "c194_scale_193",
      "c175_scale_174",
      "c817_scale_816",
      "c359_scale_358",
      "c679_scale_678",
      "c932_scale_931"
    ],
    "edge-5": [
      "c077_scale_76",
      "c113_scale_112",
      "c169_scale_168",
      "c172_scale_171",
      "c332_scale_331",
      "c343_scale_342",
      "c487_scale_486",
      "c491_scale_490",
      "c689_scale_688",
      "c765_scale_764",
      "c063_scale_62",
      "c465_scale_464",
      "c597_scale_596",
      "c052_scale_51",
      "c753_scale_752",
      "c303_scale_302",
      "c316_scale_315",
      "c533_scale_532",
      "c549_scale_548"
    ],
    "edge-6": [
      "c314_scale_313",
      "c406_scale_405",
      "c503_scale_502",
      "c684_scale_683",
      "c775_scale_774",
      "c801_scale_800",
      "c910_scale_909",
      "c923_scale_922",
      "c192_scale_191",
      "c241_scale_240",
      "c398_scale_397",
      "c472_scale_471",
      "c483_scale_482",
      "c865_scale_864",
      "c936_scale_935",
      "c208_scale_207",
      "c484_scale_483",
      "c948_scale_947",
      "c641_scale_640",
      "c317_scale_316",
      "c413_scale_412",
      "c462_scale_461"
    ],
    "edge-7": [
      "c098_scale_97",
      "c603_scale_602",
      "c876_scale_875",
      "c640_scale_639",
      "c375_scale_374",
      "c407_scale_406",
      "c255_scale_254",
      "c687_scale_686",
      "c873_scale_872",
      "c969_scale_968",
      "c530_scale_529",
      "c473_scale_472",
      "c055_scale_54",
      "c983_scale_982",
      "c426_scale_425",
      "c481_scale_480",
      "c925_scale_924",
      "c153_scale_152",
      "c283_scale_282"
    ],
    "edge-8": [
      "c065_scale_64",
      "c068_scale_67",
      "c080_scale_79",
      "c233_scale_232",
      "c238_scale_237",
      "c250_scale_249",
      "c302_scale_301",
      "c335_scale_334",
      "c401_scale_400",
      "c536_scale_535",
      "c577_scale_576",
      "c589_scale_588",
      "c628_scale_627",
      "c729_scale_728",
      "c749_scale_748",
      "c795_scale_794",
      "c843_scale_842",
      "c877_scale_876",
      "c919_scale_918",
      "c960_scale_959",
      "c982_scale_981",
      "c985_scale_984",
      "c579_scale_578",
      "c354_scale_353"
    ],
    "edge-9": [
      "c564_scale_563",
      "c961_scale_960",
      "c424_scale_423",
      "c256_scale_255",
      "c087_scale_86",
      "c135_scale_134",
      "c248_scale_247",
      "c812_scale_811",
      "c443_scale_442",
      "c379_scale_378",
      "c839_scale_838",
      "c210_scale_209",
      "c740_scale_739",
      "c883_scale_882",
      "c993_scale_992",
      "c203_scale_202"
    ],
    "edge-10": [
      "c154_scale_153",
      "c209_scale_208",
      "c350_scale_349",
      "c373_scale_372",
      "c468_scale_467",
      "c636_scale_635",
      "c649_scale_648",
      "c787_scale_786",
      "c805_scale_804",
      "c927_scale_926",
      "c928_scale_927",
      "c994_scale_993",
      "c200_scale_199",
      "c289_scale_288",
      "c592_scale_591",
      "c711_scale_710",
      "c845_scale_844",
      "c922_scale_921",
      "c022_scale_21",
      "c164_scale_163",
      "c227_scale_226",
      "c525_scale_524"
    ],
    "edge-11": [
      "c133_scale_132",
      "c140_scale_139",
      "c287_scale_286",
      "c722_scale_721",
      "c921_scale_920",
      "c584_scale_583",
      "c673_scale_672",
      "c815_scale_814",
      "c053_scale_52",
      "c300_scale_299",
      "c389_scale_388",
      "c539_scale_538",
      "c714_scale_713",
      "c977_scale_976",
      "c736_scale_735",
      "c269_scale_268",
      "c895_scale_894"
    ],
    "edge-12": [
      "c039_scale_38",
      "c043_scale_42",
      "c170_scale_169",
      "c418_scale_417",
      "c437_scale_436",
      "c724_scale_723",
      "c747_scale_746",
      "c858_scale_857",
      "c998_scale_997",
      "c141_scale_140",
      "c572_scale_571",
      "c663_scale_662",
      "c861_scale_860",
      "c871_scale_870",
      "c110_scale_109",
      "c196_scale_195",
      "c249_scale_248",
      "c271_scale_270",
      "c892_scale_891"
    ],
    "edge-13": [
      "c086_scale_85",
      "c122_scale_121",
      "c179_scale_178",
      "c313_scale_312",
      "c336_scale_335",
      "c547_scale_546",
      "c558_scale_557",
      "c569_scale_568",
      "c478_scale_477",
      "c540_scale_539",
      "c785_scale_784",
      "c642_scale_641",
      "c084_scale_83",
      "c480_scale_479",
      "c971_scale_970",
      "c595_scale_594",
      "c631_scale_630"
    ],
    "edge-14": [
      "c038_scale_37",
      "c050_scale_49",
      "c150_scale_149",
      "c161_scale_160",
      "c201_scale_200",
      "c228_scale_227",
      "c279_scale_278",
      "c377_scale_376",
      "c459_scale_458",
      "c561_scale_560",
      "c571_scale_570",
      "c585_scale_584",
      "c591_scale_590",
      "c677_scale_676",
      "c760_scale_759",
      "c782_scale_781",
      "c872_scale_871",
      "c990_scale_989",
      "c374_scale_373",
      "c658_scale_657",
      "c688_scale_687",
      "c979_scale_978",
      "c004_scale_3",
      "c882_scale_881"
    ]
  }
}
