{
  "summary": {
    "algo": "FG-DSCR-GC-K8s-selected",
    "num_containers": 200,
    "num_assigned": 139,
    "num_failed": 61,
    "fail_rate": 0.305,
    "num_nodes": 10,
    "ACT": 136.66103117505997,
    "AMS": 252.86624999999998,
    "downloaded_mb": 17578,
    "reused_mb": 43320,
    "reuse_rate": 0.7113534106210384,
    "objective_base": 194.76364058752998,
    "fail_penalty": 305.0,
    "lambda_fail": 1000.0,
    "objective": 499.76364058752995
  },
  "assignment": {
    "edge-1": [
      "c131_scale_130",
      "c115_scale_114",
      "c063_scale_62",
      "c153_scale_152",
      "c036_scale_35",
      "c003_scale_2",
      "c023_scale_22",
      "c146_scale_145",
      "c178_scale_177",
      "c118_scale_117",
      "c100_scale_99",
      "c156_scale_155",
      "c089_scale_88",
      "c055_scale_54"
    ],
    "edge-2": [
      "c164_scale_163",
      "c068_scale_67",
      "c022_scale_21",
      "c080_scale_79",
      "c194_scale_193",
      "c065_scale_64",
      "c150_scale_149",
      "c050_scale_49",
      "c161_scale_160",
      "c154_scale_153",
      "c141_scale_140",
      "c057_scale_56",
      "c159_scale_158",
      "c155_scale_154",
      "c182_scale_181",
      "c018_scale_17",
      "c031_scale_30",
      "c108_scale_107"
    ],
    "edge-3": [
      "c052_scale_51",
      "c039_scale_38",
      "c043_scale_42",
      "c170_scale_169",
      "c090_scale_89",
      "c002_scale_1",
      "c083_scale_82",
      "c062_scale_61",
      "c085_scale_84",
      "c056_scale_55",
      "c078_scale_77",
      "c102_scale_101",
      "c006_scale_5"
    ],
    "edge-4": [
      "c175_scale_174",
      "c106_scale_105",
      "c054_scale_53",
      "c069_scale_68",
      "c110_scale_109",
      "c196_scale_195",
      "c128_scale_127",
      "c198_scale_197",
      "c076_scale_75",
      "c060_scale_59",
      "c061_scale_60",
      "c168_scale_167",
      "c188_scale_187",
      "c136_scale_135",
      "c081_scale_80"
    ],
    "edge-5": [
      "c084_scale_83",
      "c192_scale_191",
      "c133_scale_132",
      "c140_scale_139",
      "c099_scale_98",
      "c067_scale_66",
      "c142_scale_141",
      "c007_scale_6",
      "c123_scale_122",
      "c015_scale_14",
      "c114_scale_113",
      "c001_scale_0",
      "c158_scale_157",
      "c111_scale_110"
    ],
    "edge-6": [
      "c172_scale_171",
      "c113_scale_112",
      "c030_scale_29",
      "c077_scale_76",
      "c169_scale_168",
      "c145_scale_144",
      "c013_scale_12",
      "c012_scale_11",
      "c097_scale_96",
      "c047_scale_46",
      "c025_scale_24",
      "c019_scale_18",
      "c180_scale_179",
      "c064_scale_63"
    ],
    "edge-7": [
      "c004_scale_3",
      "c193_scale_192",
      "c026_scale_25",
      "c073_scale_72",
      "c165_scale_164",
      "c010_scale_9",
      "c195_scale_194",
      "c072_scale_71",
      "c095_scale_94",
      "c124_scale_123"
    ],
    "edge-8": [
      "c086_scale_85",
      "c200_scale_199",
      "c122_scale_121",
      "c179_scale_178",
      "c129_scale_128",
      "c014_scale_13",
      "c037_scale_36",
      "c079_scale_78",
      "c183_scale_182",
      "c046_scale_45",
      "c040_scale_39",
      "c160_scale_159",
      "c009_scale_8",
      "c038_scale_37"
    ],
    "edge-9": [
      "c087_scale_86",
      "c053_scale_52",
      "c135_scale_134",
      "c005_scale_4",
      "c132_scale_131",
      "c174_scale_173",
      "c184_scale_183",
      "c121_scale_120",
      "c171_scale_170",
      "c094_scale_93",
      "c173_scale_172",
      "c045_scale_44",
      "c126_scale_125"
    ],
    "edge-10": [
      "c021_scale_20",
      "c020_scale_19",
      "c098_scale_97",
      "c066_scale_65",
      "c137_scale_136",
      "c104_scale_103",
      "c071_scale_70",
      "c130_scale_129",
      "c032_scale_31",
      "c105_scale_104",
      "c082_scale_81",
      "c138_scale_137",
      "c016_scale_15",
      "c074_scale_73"
    ]
  },
  "ordered_queues": {
    "edge-1": [
      "c118_scale_117",
      "c131_scale_130",
      "c003_scale_2",
      "c063_scale_62",
      "c036_scale_35",
      "c115_scale_114",
      "c146_scale_145",
      "c153_scale_152",
      "c055_scale_54",
      "c089_scale_88",
      "c023_scale_22",
      "c100_scale_99",
      "c156_scale_155",
      "c178_scale_177"
    ],
    "edge-2": [
      "c050_scale_49",
      "c057_scale_56",
      "c065_scale_64",
      "c068_scale_67",
      "c080_scale_79",
      "c108_scale_107",
      "c150_scale_149",
      "c154_scale_153",
      "c155_scale_154",
      "c161_scale_160",
      "c182_scale_181",
      "c194_scale_193",
      "c022_scale_21",
      "c164_scale_163",
      "c141_scale_140",
      "c159_scale_158",
      "c018_scale_17",
      "c031_scale_30"
    ],
    "edge-3": [
      "c085_scale_84",
      "c078_scale_77",
      "c002_scale_1",
      "c039_scale_38",
      "c043_scale_42",
      "c062_scale_61",
      "c083_scale_82",
      "c170_scale_169",
      "c090_scale_89",
      "c052_scale_51",
      "c056_scale_55",
      "c102_scale_101",
      "c006_scale_5"
    ],
    "edge-4": [
      "c110_scale_109",
      "c128_scale_127",
      "c136_scale_135",
      "c168_scale_167",
      "c188_scale_187",
      "c196_scale_195",
      "c198_scale_197",
      "c175_scale_174",
      "c076_scale_75",
      "c060_scale_59",
      "c081_scale_80",
      "c054_scale_53",
      "c069_scale_68",
      "c106_scale_105",
      "c061_scale_60"
    ],
    "edge-5": [
      "c007_scale_6",
      "c114_scale_113",
      "c123_scale_122",
      "c133_scale_132",
      "c140_scale_139",
      "c142_scale_141",
      "c192_scale_191",
      "c001_scale_0",
      "c015_scale_14",
      "c084_scale_83",
      "c099_scale_98",
      "c111_scale_110",
      "c067_scale_66",
      "c158_scale_157"
    ],
    "edge-6": [
      "c012_scale_11",
      "c019_scale_18",
      "c025_scale_24",
      "c047_scale_46",
      "c097_scale_96",
      "c180_scale_179",
      "c077_scale_76",
      "c113_scale_112",
      "c145_scale_144",
      "c169_scale_168",
      "c172_scale_171",
      "c064_scale_63",
      "c013_scale_12",
      "c030_scale_29"
    ],
    "edge-7": [
      "c004_scale_3",
      "c124_scale_123",
      "c072_scale_71",
      "c195_scale_194",
      "c095_scale_94",
      "c010_scale_9",
      "c073_scale_72",
      "c026_scale_25",
      "c165_scale_164",
      "c193_scale_192"
    ],
    "edge-8": [
      "c037_scale_36",
      "c079_scale_78",
      "c086_scale_85",
      "c122_scale_121",
      "c129_scale_128",
      "c179_scale_178",
      "c009_scale_8",
      "c038_scale_37",
      "c040_scale_39",
      "c046_scale_45",
      "c160_scale_159",
      "c183_scale_182",
      "c014_scale_13",
      "c200_scale_199"
    ],
    "edge-9": [
      "c005_scale_4",
      "c087_scale_86",
      "c094_scale_93",
      "c135_scale_134",
      "c171_scale_170",
      "c184_scale_183",
      "c045_scale_44",
      "c173_scale_172",
      "c053_scale_52",
      "c121_scale_120",
      "c132_scale_131",
      "c174_scale_173",
      "c126_scale_125"
    ],
    "edge-10": [
      "c098_scale_97",
      "c138_scale_137",
      "c016_scale_15",
      "c082_scale_81",
      "c105_scale_104",
      "c137_scale_136",
      "c071_scale_70",
      "c104_scale_103",
      "c130_scale_129",
      "c074_scale_73",
      "c020_scale_19",
      "c021_scale_20",
      "c066_scale_65",
      "c032_scale_31"
    ]
  }
}
