{
  "summary": {
    "algo": "FG-DSCR-GC-K8s-selected",
    "num_containers": 1200,
    "num_assigned": 283,
    "num_failed": 917,
    "fail_rate": 0.7641666666666667,
    "num_nodes": 16,
    "ACT": 145.26989104829212,
    "AMS": 258.0833333333333,
    "downloaded_mb": 7878,
    "reused_mb": 74668,
    "reuse_rate": 0.9045623046543745,
    "objective_base": 201.6766121908127,
    "fail_penalty": 764.1666666666666,
    "lambda_fail": 1000.0,
    "objective": 965.8432788574794
  },
  "assignment": {
    "edge-1": [
      "c391_scale_390",
      "c028_scale_1027",
      "c378_scale_377",
      "c406_scale_405",
      "c703_scale_702",
      "c800_scale_799",
      "c048_scale_47",
      "c399_scale_398",
      "c862_scale_861",
      "c048_scale_1047",
      "c228_scale_227",
      "c263_scale_262",
      "c503_scale_502",
      "c246_scale_245",
      "c419_scale_418",
      "c565_scale_564",
      "c035_scale_1034",
      "c912_scale_911"
    ],
    "edge-2": [
      "c466_scale_465",
      "c147_scale_146",
      "c147_scale_1146",
      "c308_scale_307",
      "c610_scale_609",
      "c279_scale_278",
      "c485_scale_484",
      "c596_scale_595",
      "c930_scale_929",
      "c135_scale_134",
      "c691_scale_690",
      "c135_scale_1134",
      "c861_scale_860",
      "c166_scale_165",
      "c166_scale_1165",
      "c966_scale_965",
      "c157_scale_1156",
      "c281_scale_280",
      "c350_scale_349",
      "c475_scale_474",
      "c075_scale_74",
      "c184_scale_183"
    ],
    "edge-3": [
      "c132_scale_131",
      "c397_scale_396",
      "c414_scale_413",
      "c132_scale_1131",
      "c827_scale_826",
      "c598_scale_597",
      "c069_scale_68",
      "c069_scale_1068",
      "c095_scale_94",
      "c597_scale_596",
      "c095_scale_1094",
      "c208_scale_207",
      "c903_scale_902",
      "c839_scale_838",
      "c958_scale_957",
      "c177_scale_1176"
    ],
    "edge-4": [
      "c937_scale_936",
      "c732_scale_731",
      "c892_scale_891",
      "c961_scale_960",
      "c990_scale_989",
      "c234_scale_233",
      "c362_scale_361",
      "c385_scale_384",
      "c433_scale_432",
      "c472_scale_471",
      "c613_scale_612",
      "c180_scale_179",
      "c180_scale_1179",
      "c684_scale_683",
      "c021_scale_20",
      "c021_scale_1020",
      "c218_scale_217",
      "c850_scale_849",
      "c128_scale_127",
      "c265_scale_264",
      "c177_scale_176",
      "c407_scale_406"
    ],
    "edge-5": [
      "c713_scale_712",
      "c438_scale_437",
      "c235_scale_234",
      "c893_scale_892",
      "c306_scale_305",
      "c487_scale_486",
      "c041_scale_40",
      "c404_scale_403",
      "c941_scale_940",
      "c991_scale_990",
      "c041_scale_1040",
      "c640_scale_639",
      "c172_scale_1171"
    ],
    "edge-6": [
      "c434_scale_433",
      "c667_scale_666",
      "c846_scale_845",
      "c220_scale_219",
      "c309_scale_308",
      "c943_scale_942",
      "c376_scale_375",
      "c853_scale_852",
      "c473_scale_472",
      "c550_scale_549",
      "c045_scale_44",
      "c307_scale_306",
      "c442_scale_441",
      "c527_scale_526",
      "c795_scale_794",
      "c045_scale_1044",
      "c010_scale_9",
      "c010_scale_1009",
      "c498_scale_497"
    ],
    "edge-7": [
      "c570_scale_569",
      "c842_scale_841",
      "c199_scale_198",
      "c551_scale_550",
      "c934_scale_933",
      "c972_scale_971",
      "c199_scale_1198",
      "c330_scale_329",
      "c364_scale_363",
      "c813_scale_812",
      "c283_scale_282",
      "c150_scale_1149",
      "c823_scale_822"
    ],
    "edge-8": [
      "c326_scale_325",
      "c033_scale_32",
      "c109_scale_108",
      "c139_scale_138",
      "c636_scale_635",
      "c944_scale_943",
      "c033_scale_1032",
      "c109_scale_1108",
      "c139_scale_1138",
      "c081_scale_80",
      "c339_scale_338",
      "c427_scale_426",
      "c652_scale_651",
      "c702_scale_701",
      "c745_scale_744",
      "c081_scale_1080",
      "c134_scale_133",
      "c190_scale_189",
      "c236_scale_235",
      "c564_scale_563",
      "c767_scale_766",
      "c949_scale_948",
      "c134_scale_1133",
      "c581_scale_580"
    ],
    "edge-9": [
      "c929_scale_928",
      "c182_scale_1181",
      "c384_scale_383",
      "c417_scale_416",
      "c509_scale_508",
      "c818_scale_817",
      "c863_scale_862",
      "c202_scale_201",
      "c140_scale_139",
      "c355_scale_354",
      "c574_scale_573",
      "c771_scale_770",
      "c885_scale_884",
      "c430_scale_429",
      "c539_scale_538"
    ],
    "edge-10": [
      "c047_scale_46",
      "c047_scale_1046",
      "c645_scale_644",
      "c752_scale_751",
      "c144_scale_143",
      "c144_scale_1143",
      "c334_scale_333",
      "c497_scale_496",
      "c709_scale_708",
      "c817_scale_816",
      "c229_scale_228",
      "c025_scale_24",
      "c025_scale_1024",
      "c005_scale_4",
      "c155_scale_154",
      "c342_scale_341",
      "c005_scale_1004",
      "c155_scale_1154",
      "c762_scale_761",
      "c370_scale_369",
      "c172_scale_171"
    ],
    "edge-11": [
      "c718_scale_717",
      "c546_scale_545",
      "c566_scale_565",
      "c400_scale_399",
      "c523_scale_522",
      "c845_scale_844",
      "c029_scale_28",
      "c293_scale_292",
      "c029_scale_1028",
      "c036_scale_35",
      "c121_scale_120",
      "c517_scale_516",
      "c075_scale_1074",
      "c432_scale_431"
    ],
    "edge-12": [
      "c300_scale_299",
      "c782_scale_781",
      "c136_scale_135",
      "c174_scale_173",
      "c136_scale_1135",
      "c174_scale_1173",
      "c518_scale_517",
      "c568_scale_567",
      "c011_scale_10",
      "c011_scale_1010",
      "c508_scale_507",
      "c822_scale_821",
      "c151_scale_150",
      "c151_scale_1150",
      "c542_scale_541",
      "c182_scale_181",
      "c904_scale_903",
      "c976_scale_975",
      "c140_scale_1139",
      "c184_scale_1183",
      "c157_scale_156"
    ],
    "edge-13": [
      "c924_scale_923",
      "c416_scale_415",
      "c447_scale_446",
      "c119_scale_118",
      "c119_scale_1118",
      "c641_scale_640",
      "c374_scale_373",
      "c690_scale_689",
      "c707_scale_706",
      "c889_scale_888",
      "c036_scale_1035",
      "c121_scale_1120",
      "c359_scale_358"
    ],
    "edge-14": [
      "c190_scale_1189",
      "c027_scale_26",
      "c653_scale_652",
      "c027_scale_1026",
      "c587_scale_586",
      "c734_scale_733",
      "c856_scale_855",
      "c982_scale_981",
      "c240_scale_239",
      "c443_scale_442",
      "c586_scale_585",
      "c603_scale_602",
      "c094_scale_93",
      "c489_scale_488",
      "c094_scale_1093",
      "c028_scale_27",
      "c206_scale_205",
      "c953_scale_952",
      "c035_scale_34",
      "c150_scale_149",
      "c446_scale_445"
    ],
    "edge-15": [
      "c305_scale_304",
      "c705_scale_704",
      "c516_scale_515",
      "c213_scale_212",
      "c471_scale_470",
      "c016_scale_15",
      "c165_scale_164",
      "c204_scale_203",
      "c479_scale_478",
      "c016_scale_1015",
      "c165_scale_1164",
      "c071_scale_70",
      "c071_scale_1070"
    ],
    "edge-16": [
      "c536_scale_535",
      "c549_scale_548",
      "c092_scale_91",
      "c092_scale_1091",
      "c098_scale_97",
      "c098_scale_1097",
      "c445_scale_444",
      "c128_scale_1127",
      "c412_scale_411",
      "c366_scale_365",
      "c678_scale_677",
      "c766_scale_765",
      "c864_scale_863",
      "c938_scale_937",
      "c915_scale_914",
      "c439_scale_438",
      "c507_scale_506",
      "c697_scale_696"
    ]
  },
  "ordered_queues": {
    "edge-1": [
      "c028_scale_1027",
      "c035_scale_1034",
      "c048_scale_1047",
      "c048_scale_47",
      "c228_scale_227",
      "c246_scale_245",
      "c263_scale_262",
      "c378_scale_377",
      "c391_scale_390",
      "c399_scale_398",
      "c406_scale_405",
      "c419_scale_418",
      "c503_scale_502",
      "c565_scale_564",
      "c703_scale_702",
      "c800_scale_799",
      "c862_scale_861",
      "c912_scale_911"
    ],
    "edge-2": [
      "c075_scale_74",
      "c157_scale_1156",
      "c184_scale_183",
      "c281_scale_280",
      "c350_scale_349",
      "c475_scale_474",
      "c966_scale_965",
      "c135_scale_1134",
      "c135_scale_134",
      "c147_scale_1146",
      "c147_scale_146",
      "c166_scale_1165",
      "c166_scale_165",
      "c279_scale_278",
      "c308_scale_307",
      "c466_scale_465",
      "c485_scale_484",
      "c596_scale_595",
      "c610_scale_609",
      "c691_scale_690",
      "c861_scale_860",
      "c930_scale_929"
    ],
    "edge-3": [
      "c069_scale_1068",
      "c069_scale_68",
      "c132_scale_1131",
      "c132_scale_131",
      "c397_scale_396",
      "c414_scale_413",
      "c598_scale_597",
      "c827_scale_826",
      "c095_scale_1094",
      "c095_scale_94",
      "c208_scale_207",
      "c597_scale_596",
      "c839_scale_838",
      "c903_scale_902",
      "c177_scale_1176",
      "c958_scale_957"
    ],
    "edge-4": [
      "c021_scale_1020",
      "c021_scale_20",
      "c128_scale_127",
      "c180_scale_1179",
      "c180_scale_179",
      "c218_scale_217",
      "c234_scale_233",
      "c265_scale_264",
      "c362_scale_361",
      "c385_scale_384",
      "c433_scale_432",
      "c472_scale_471",
      "c613_scale_612",
      "c684_scale_683",
      "c732_scale_731",
      "c850_scale_849",
      "c892_scale_891",
      "c937_scale_936",
      "c961_scale_960",
      "c990_scale_989",
      "c177_scale_176",
      "c407_scale_406"
    ],
    "edge-5": [
      "c041_scale_1040",
      "c041_scale_40",
      "c235_scale_234",
      "c306_scale_305",
      "c404_scale_403",
      "c438_scale_437",
      "c487_scale_486",
      "c713_scale_712",
      "c893_scale_892",
      "c941_scale_940",
      "c991_scale_990",
      "c172_scale_1171",
      "c640_scale_639"
    ],
    "edge-6": [
      "c010_scale_1009",
      "c010_scale_9",
      "c045_scale_1044",
      "c045_scale_44",
      "c220_scale_219",
      "c307_scale_306",
      "c309_scale_308",
      "c376_scale_375",
      "c434_scale_433",
      "c442_scale_441",
      "c473_scale_472",
      "c498_scale_497",
      "c527_scale_526",
      "c550_scale_549",
      "c667_scale_666",
      "c795_scale_794",
      "c846_scale_845",
      "c853_scale_852",
      "c943_scale_942"
    ],
    "edge-7": [
      "c150_scale_1149",
      "c199_scale_1198",
      "c199_scale_198",
      "c283_scale_282",
      "c330_scale_329",
      "c364_scale_363",
      "c551_scale_550",
      "c570_scale_569",
      "c813_scale_812",
      "c842_scale_841",
      "c934_scale_933",
      "c972_scale_971",
      "c823_scale_822"
    ],
    "edge-8": [
      "c033_scale_1032",
      "c033_scale_32",
      "c081_scale_1080",
      "c081_scale_80",
      "c109_scale_108",
      "c109_scale_1108",
      "c134_scale_1133",
      "c134_scale_133",
      "c139_scale_1138",
      "c139_scale_138",
      "c190_scale_189",
      "c236_scale_235",
      "c326_scale_325",
      "c339_scale_338",
      "c427_scale_426",
      "c564_scale_563",
      "c636_scale_635",
      "c652_scale_651",
      "c702_scale_701",
      "c745_scale_744",
      "c767_scale_766",
      "c944_scale_943",
      "c949_scale_948",
      "c581_scale_580"
    ],
    "edge-9": [
      "c140_scale_139",
      "c182_scale_1181",
      "c202_scale_201",
      "c355_scale_354",
      "c384_scale_383",
      "c417_scale_416",
      "c509_scale_508",
      "c574_scale_573",
      "c771_scale_770",
      "c818_scale_817",
      "c863_scale_862",
      "c885_scale_884",
      "c929_scale_928",
      "c430_scale_429",
      "c539_scale_538"
    ],
    "edge-10": [
      "c005_scale_1004",
      "c005_scale_4",
      "c025_scale_1024",
      "c025_scale_24",
      "c047_scale_1046",
      "c047_scale_46",
      "c144_scale_1143",
      "c144_scale_143",
      "c155_scale_1154",
      "c155_scale_154",
      "c172_scale_171",
      "c229_scale_228",
      "c334_scale_333",
      "c342_scale_341",
      "c497_scale_496",
      "c645_scale_644",
      "c709_scale_708",
      "c752_scale_751",
      "c817_scale_816",
      "c370_scale_369",
      "c762_scale_761"
    ],
    "edge-11": [
      "c029_scale_1028",
      "c029_scale_28",
      "c036_scale_35",
      "c075_scale_1074",
      "c121_scale_120",
      "c293_scale_292",
      "c400_scale_399",
      "c432_scale_431",
      "c517_scale_516",
      "c523_scale_522",
      "c546_scale_545",
      "c566_scale_565",
      "c718_scale_717",
      "c845_scale_844"
    ],
    "edge-12": [
      "c011_scale_10",
      "c011_scale_1010",
      "c136_scale_1135",
      "c136_scale_135",
      "c140_scale_1139",
      "c151_scale_1150",
      "c151_scale_150",
      "c174_scale_1173",
      "c174_scale_173",
      "c182_scale_181",
      "c300_scale_299",
      "c508_scale_507",
      "c518_scale_517",
      "c542_scale_541",
      "c568_scale_567",
      "c782_scale_781",
      "c822_scale_821",
      "c904_scale_903",
      "c976_scale_975",
      "c157_scale_156",
      "c184_scale_1183"
    ],
    "edge-13": [
      "c036_scale_1035",
      "c121_scale_1120",
      "c359_scale_358",
      "c374_scale_373",
      "c690_scale_689",
      "c707_scale_706",
      "c889_scale_888",
      "c119_scale_1118",
      "c119_scale_118",
      "c416_scale_415",
      "c447_scale_446",
      "c641_scale_640",
      "c924_scale_923"
    ],
    "edge-14": [
      "c027_scale_1026",
      "c027_scale_26",
      "c028_scale_27",
      "c035_scale_34",
      "c094_scale_1093",
      "c094_scale_93",
      "c150_scale_149",
      "c190_scale_1189",
      "c206_scale_205",
      "c240_scale_239",
      "c443_scale_442",
      "c489_scale_488",
      "c586_scale_585",
      "c587_scale_586",
      "c603_scale_602",
      "c653_scale_652",
      "c734_scale_733",
      "c856_scale_855",
      "c953_scale_952",
      "c982_scale_981",
      "c446_scale_445"
    ],
    "edge-15": [
      "c016_scale_1015",
      "c016_scale_15",
      "c165_scale_1164",
      "c165_scale_164",
      "c204_scale_203",
      "c305_scale_304",
      "c479_scale_478",
      "c516_scale_515",
      "c705_scale_704",
      "c071_scale_1070",
      "c071_scale_70",
      "c213_scale_212",
      "c471_scale_470"
    ],
    "edge-16": [
      "c128_scale_1127",
      "c366_scale_365",
      "c445_scale_444",
      "c678_scale_677",
      "c766_scale_765",
      "c864_scale_863",
      "c915_scale_914",
      "c938_scale_937",
      "c439_scale_438",
      "c507_scale_506",
      "c697_scale_696",
      "c092_scale_1091",
      "c092_scale_91",
      "c098_scale_1097",
      "c098_scale_97",
      "c412_scale_411",
      "c536_scale_535",
      "c549_scale_548"
    ]
  }
}
