{
  "summary": {
    "algo": "FG-DSCR-GC-K8s-selected",
    "num_containers": 800,
    "num_assigned": 93,
    "num_failed": 707,
    "fail_rate": 0.88375,
    "num_nodes": 4,
    "ACT": 179.1678315412186,
    "AMS": 341.62499999999994,
    "downloaded_mb": 3654,
    "reused_mb": 24181,
    "reuse_rate": 0.868726423567451,
    "objective_base": 260.3964157706093,
    "fail_penalty": 883.75,
    "lambda_fail": 1000.0,
    "objective": 1144.1464157706093
  },
  "assignment": {
    "edge-1": [
      "c047_scale_46",
      "c645_scale_644",
      "c752_scale_751",
      "c144_scale_143",
      "c166_scale_165",
      "c536_scale_535",
      "c549_scale_548",
      "c010_scale_9",
      "c092_scale_91",
      "c334_scale_333",
      "c497_scale_496",
      "c709_scale_708",
      "c157_scale_156",
      "c581_scale_580",
      "c098_scale_97",
      "c281_scale_280",
      "c350_scale_349",
      "c475_scale_474",
      "c718_scale_717",
      "c489_scale_488",
      "c412_scale_411",
      "c229_scale_228",
      "c766_scale_765"
    ],
    "edge-2": [
      "c466_scale_465",
      "c147_scale_146",
      "c308_scale_307",
      "c610_scale_609",
      "c326_scale_325",
      "c279_scale_278",
      "c485_scale_484",
      "c596_scale_595",
      "c732_scale_731",
      "c033_scale_32",
      "c109_scale_108",
      "c139_scale_138",
      "c636_scale_635",
      "c135_scale_134",
      "c691_scale_690",
      "c234_scale_233",
      "c362_scale_361",
      "c385_scale_384",
      "c433_scale_432",
      "c472_scale_471",
      "c613_scale_612",
      "c081_scale_80",
      "c339_scale_338",
      "c427_scale_426"
    ],
    "edge-3": [
      "c300_scale_299",
      "c782_scale_781",
      "c136_scale_135",
      "c174_scale_173",
      "c021_scale_20",
      "c587_scale_586",
      "c734_scale_733",
      "c518_scale_517",
      "c568_scale_567",
      "c218_scale_217",
      "c240_scale_239",
      "c443_scale_442",
      "c586_scale_585",
      "c603_scale_602",
      "c011_scale_10",
      "c128_scale_127",
      "c265_scale_264",
      "c445_scale_444",
      "c094_scale_93",
      "c508_scale_507",
      "c366_scale_365",
      "c678_scale_677"
    ],
    "edge-4": [
      "c434_scale_433",
      "c667_scale_666",
      "c220_scale_219",
      "c309_scale_308",
      "c376_scale_375",
      "c652_scale_651",
      "c702_scale_701",
      "c745_scale_744",
      "c180_scale_179",
      "c473_scale_472",
      "c550_scale_549",
      "c134_scale_133",
      "c190_scale_189",
      "c236_scale_235",
      "c564_scale_563",
      "c767_scale_766",
      "c684_scale_683",
      "c045_scale_44",
      "c307_scale_306",
      "c442_scale_441",
      "c527_scale_526",
      "c795_scale_794",
      "c027_scale_26",
      "c653_scale_652"
    ]
  },
  "ordered_queues": {
    "edge-1": [
      "c047_scale_46",
      "c144_scale_143",
      "c229_scale_228",
      "c334_scale_333",
      "c497_scale_496",
      "c645_scale_644",
      "c709_scale_708",
      "c752_scale_751",
      "c092_scale_91",
      "c098_scale_97",
      "c412_scale_411",
      "c536_scale_535",
      "c549_scale_548",
      "c010_scale_9",
      "c157_scale_156",
      "c281_scale_280",
      "c350_scale_349",
      "c475_scale_474",
      "c581_scale_580",
      "c718_scale_717",
      "c166_scale_165",
      "c766_scale_765",
      "c489_scale_488"
    ],
    "edge-2": [
      "c033_scale_32",
      "c081_scale_80",
      "c109_scale_108",
      "c139_scale_138",
      "c326_scale_325",
      "c339_scale_338",
      "c427_scale_426",
      "c636_scale_635",
      "c234_scale_233",
      "c362_scale_361",
      "c385_scale_384",
      "c433_scale_432",
      "c472_scale_471",
      "c613_scale_612",
      "c732_scale_731",
      "c135_scale_134",
      "c147_scale_146",
      "c279_scale_278",
      "c308_scale_307",
      "c466_scale_465",
      "c485_scale_484",
      "c596_scale_595",
      "c610_scale_609",
      "c691_scale_690"
    ],
    "edge-3": [
      "c094_scale_93",
      "c240_scale_239",
      "c443_scale_442",
      "c586_scale_585",
      "c587_scale_586",
      "c603_scale_602",
      "c734_scale_733",
      "c021_scale_20",
      "c128_scale_127",
      "c218_scale_217",
      "c265_scale_264",
      "c366_scale_365",
      "c445_scale_444",
      "c678_scale_677",
      "c011_scale_10",
      "c136_scale_135",
      "c174_scale_173",
      "c300_scale_299",
      "c508_scale_507",
      "c518_scale_517",
      "c568_scale_567",
      "c782_scale_781"
    ],
    "edge-4": [
      "c045_scale_44",
      "c220_scale_219",
      "c307_scale_306",
      "c309_scale_308",
      "c376_scale_375",
      "c434_scale_433",
      "c442_scale_441",
      "c473_scale_472",
      "c527_scale_526",
      "c550_scale_549",
      "c667_scale_666",
      "c795_scale_794",
      "c027_scale_26",
      "c134_scale_133",
      "c190_scale_189",
      "c236_scale_235",
      "c564_scale_563",
      "c652_scale_651",
      "c653_scale_652",
      "c702_scale_701",
      "c745_scale_744",
      "c767_scale_766",
      "c180_scale_179",
      "c684_scale_683"
    ]
  }
}
