{
  "summary": {
    "algo": "FG-DSCR-GC-K8s-selected",
    "num_containers": 1200,
    "num_assigned": 96,
    "num_failed": 1104,
    "fail_rate": 0.92,
    "num_nodes": 4,
    "ACT": 211.0366319444444,
    "AMS": 439.86249999999995,
    "downloaded_mb": 16195,
    "reused_mb": 31322,
    "reuse_rate": 0.659174611191784,
    "objective_base": 325.44956597222216,
    "fail_penalty": 920.0,
    "lambda_fail": 1000.0,
    "objective": 1245.4495659722222
  },
  "assignment": {
    "edge-1": [
      "c369_scale_368",
      "c833_scale_832",
      "c568_scale_567",
      "c676_scale_675",
      "c777_scale_776",
      "c690_scale_689",
      "c435_scale_434",
      "c471_scale_470",
      "c494_scale_493",
      "c504_scale_503",
      "c235_scale_234",
      "c364_scale_363",
      "c509_scale_508",
      "c835_scale_834",
      "c162_scale_161",
      "c482_scale_481",
      "c162_scale_1161",
      "c570_scale_569",
      "c110_scale_109",
      "c110_scale_1109",
      "c562_scale_561",
      "c844_scale_843",
      "c871_scale_870",
      "c068_scale_1067"
    ],
    "edge-2": [
      "c091_scale_90",
      "c091_scale_1090",
      "c443_scale_442",
      "c987_scale_986",
      "c928_scale_927",
      "c375_scale_374",
      "c935_scale_934",
      "c161_scale_160",
      "c925_scale_924",
      "c161_scale_1160",
      "c228_scale_227",
      "c085_scale_84",
      "c085_scale_1084",
      "c398_scale_397",
      "c138_scale_137",
      "c725_scale_724",
      "c138_scale_1137",
      "c237_scale_236",
      "c738_scale_737",
      "c790_scale_789",
      "c437_scale_436",
      "c876_scale_875",
      "c380_scale_379",
      "c154_scale_153"
    ],
    "edge-3": [
      "c551_scale_550",
      "c167_scale_166",
      "c167_scale_1166",
      "c286_scale_285",
      "c025_scale_24",
      "c025_scale_1024",
      "c024_scale_23",
      "c592_scale_591",
      "c024_scale_1023",
      "c426_scale_425",
      "c532_scale_531",
      "c023_scale_22",
      "c023_scale_1022",
      "c350_scale_349",
      "c921_scale_920",
      "c540_scale_539",
      "c795_scale_794",
      "c472_scale_471",
      "c712_scale_711",
      "c583_scale_582",
      "c154_scale_1153",
      "c630_scale_629",
      "c407_scale_406",
      "c473_scale_472"
    ],
    "edge-4": [
      "c360_scale_359",
      "c580_scale_579",
      "c976_scale_975",
      "c071_scale_70",
      "c336_scale_335",
      "c981_scale_980",
      "c071_scale_1070",
      "c930_scale_929",
      "c959_scale_958",
      "c984_scale_983",
      "c075_scale_74",
      "c075_scale_1074",
      "c918_scale_917",
      "c083_scale_82",
      "c401_scale_400",
      "c589_scale_588",
      "c629_scale_628",
      "c730_scale_729",
      "c753_scale_752",
      "c083_scale_1082",
      "c068_scale_67",
      "c264_scale_263",
      "c459_scale_458",
      "c782_scale_781"
    ]
  },
  "ordered_queues": {
    "edge-1": [
      "c162_scale_1161",
      "c162_scale_161",
      "c364_scale_363",
      "c369_scale_368",
      "c435_scale_434",
      "c471_scale_470",
      "c482_scale_481",
      "c494_scale_493",
      "c509_scale_508",
      "c568_scale_567",
      "c676_scale_675",
      "c777_scale_776",
      "c833_scale_832",
      "c835_scale_834",
      "c690_scale_689",
      "c235_scale_234",
      "c570_scale_569",
      "c110_scale_109",
      "c110_scale_1109",
      "c504_scale_503",
      "c068_scale_1067",
      "c562_scale_561",
      "c844_scale_843",
      "c871_scale_870"
    ],
    "edge-2": [
      "c928_scale_927",
      "c138_scale_1137",
      "c138_scale_137",
      "c437_scale_436",
      "c725_scale_724",
      "c876_scale_875",
      "c091_scale_1090",
      "c091_scale_90",
      "c987_scale_986",
      "c085_scale_1084",
      "c085_scale_84",
      "c228_scale_227",
      "c237_scale_236",
      "c738_scale_737",
      "c161_scale_1160",
      "c161_scale_160",
      "c790_scale_789",
      "c925_scale_924",
      "c380_scale_379",
      "c443_scale_442",
      "c375_scale_374",
      "c398_scale_397",
      "c935_scale_934",
      "c154_scale_153"
    ],
    "edge-3": [
      "c350_scale_349",
      "c630_scale_629",
      "c407_scale_406",
      "c025_scale_1024",
      "c025_scale_24",
      "c167_scale_1166",
      "c167_scale_166",
      "c426_scale_425",
      "c551_scale_550",
      "c921_scale_920",
      "c473_scale_472",
      "c023_scale_1022",
      "c023_scale_22",
      "c286_scale_285",
      "c472_scale_471",
      "c024_scale_1023",
      "c024_scale_23",
      "c592_scale_591",
      "c712_scale_711",
      "c532_scale_531",
      "c540_scale_539",
      "c795_scale_794",
      "c583_scale_582",
      "c154_scale_1153"
    ],
    "edge-4": [
      "c068_scale_67",
      "c071_scale_1070",
      "c071_scale_70",
      "c083_scale_1082",
      "c083_scale_82",
      "c264_scale_263",
      "c336_scale_335",
      "c401_scale_400",
      "c459_scale_458",
      "c589_scale_588",
      "c629_scale_628",
      "c730_scale_729",
      "c753_scale_752",
      "c782_scale_781",
      "c930_scale_929",
      "c959_scale_958",
      "c981_scale_980",
      "c984_scale_983",
      "c580_scale_579",
      "c360_scale_359",
      "c075_scale_1074",
      "c075_scale_74",
      "c918_scale_917",
      "c976_scale_975"
    ]
  }
}
