{
  "summary": {
    "algo": "FG-DSCR-GC-K8s-selected",
    "num_containers": 400,
    "num_assigned": 126,
    "num_failed": 274,
    "fail_rate": 0.685,
    "num_nodes": 8,
    "ACT": 131.59828042328044,
    "AMS": 236.81406249999998,
    "downloaded_mb": 5457,
    "reused_mb": 32059,
    "reuse_rate": 0.8545420620535238,
    "objective_base": 184.20617146164022,
    "fail_penalty": 685.0,
    "lambda_fail": 1000.0,
    "objective": 869.2061714616402
  },
  "assignment": {
    "edge-1": [
      "c234_scale_233",
      "c362_scale_361",
      "c385_scale_384",
      "c021_scale_20",
      "c128_scale_127",
      "c265_scale_264",
      "c366_scale_365",
      "c235_scale_234",
      "c306_scale_305",
      "c041_scale_40",
      "c113_scale_112",
      "c310_scale_309",
      "c088_scale_87"
    ],
    "edge-2": [
      "c147_scale_146",
      "c308_scale_307",
      "c279_scale_278",
      "c047_scale_46",
      "c135_scale_134",
      "c144_scale_143",
      "c334_scale_333",
      "c229_scale_228",
      "c025_scale_24",
      "c005_scale_4",
      "c155_scale_154",
      "c342_scale_341",
      "c305_scale_304",
      "c119_scale_118",
      "c016_scale_15",
      "c165_scale_164",
      "c038_scale_37",
      "c164_scale_163",
      "c218_scale_217"
    ],
    "edge-3": [
      "c092_scale_91",
      "c098_scale_97",
      "c069_scale_68",
      "c204_scale_203",
      "c370_scale_369",
      "c172_scale_171",
      "c201_scale_200",
      "c179_scale_178",
      "c297_scale_296",
      "c042_scale_41",
      "c192_scale_191",
      "c290_scale_289",
      "c243_scale_242",
      "c384_scale_383"
    ],
    "edge-4": [
      "c326_scale_325",
      "c033_scale_32",
      "c109_scale_108",
      "c139_scale_138",
      "c081_scale_80",
      "c339_scale_338",
      "c134_scale_133",
      "c190_scale_189",
      "c236_scale_235",
      "c027_scale_26",
      "c166_scale_165",
      "c240_scale_239",
      "c094_scale_93",
      "c028_scale_27",
      "c206_scale_205",
      "c391_scale_390",
      "c378_scale_377",
      "c048_scale_47",
      "c399_scale_398",
      "c132_scale_131",
      "c397_scale_396",
      "c095_scale_94"
    ],
    "edge-5": [
      "c228_scale_227",
      "c263_scale_262",
      "c199_scale_198",
      "c246_scale_245",
      "c330_scale_329",
      "c364_scale_363",
      "c035_scale_34",
      "c150_scale_149",
      "c283_scale_282",
      "c177_scale_176",
      "c358_scale_357",
      "c026_scale_25",
      "c079_scale_78"
    ],
    "edge-6": [
      "c300_scale_299",
      "c136_scale_135",
      "c174_scale_173",
      "c011_scale_10",
      "c151_scale_150",
      "c182_scale_181",
      "c202_scale_201",
      "c140_scale_139",
      "c355_scale_354",
      "c129_scale_128",
      "c171_scale_170",
      "c209_scale_208",
      "c216_scale_215",
      "c146_scale_145",
      "c296_scale_295"
    ],
    "edge-7": [
      "c208_scale_207",
      "c213_scale_212",
      "c184_scale_183",
      "c071_scale_70",
      "c295_scale_294",
      "c313_scale_312",
      "c375_scale_374",
      "c162_scale_161",
      "c189_scale_188",
      "c003_scale_2",
      "c024_scale_23",
      "c058_scale_57"
    ],
    "edge-8": [
      "c220_scale_219",
      "c309_scale_308",
      "c376_scale_375",
      "c045_scale_44",
      "c307_scale_306",
      "c010_scale_9",
      "c157_scale_156",
      "c281_scale_280",
      "c350_scale_349",
      "c359_scale_358",
      "c400_scale_399",
      "c029_scale_28",
      "c293_scale_292",
      "c036_scale_35",
      "c121_scale_120",
      "c374_scale_373",
      "c075_scale_74",
      "c180_scale_179"
    ]
  },
  "ordered_queues": {
    "edge-1": [
      "c021_scale_20",
      "c041_scale_40",
      "c113_scale_112",
      "c128_scale_127",
      "c234_scale_233",
      "c235_scale_234",
      "c265_scale_264",
      "c306_scale_305",
      "c310_scale_309",
      "c362_scale_361",
      "c366_scale_365",
      "c385_scale_384",
      "c088_scale_87"
    ],
    "edge-2": [
      "c005_scale_4",
      "c016_scale_15",
      "c025_scale_24",
      "c038_scale_37",
      "c047_scale_46",
      "c144_scale_143",
      "c155_scale_154",
      "c165_scale_164",
      "c229_scale_228",
      "c305_scale_304",
      "c334_scale_333",
      "c342_scale_341",
      "c119_scale_118",
      "c135_scale_134",
      "c147_scale_146",
      "c279_scale_278",
      "c308_scale_307",
      "c164_scale_163",
      "c218_scale_217"
    ],
    "edge-3": [
      "c069_scale_68",
      "c092_scale_91",
      "c098_scale_97",
      "c201_scale_200",
      "c370_scale_369",
      "c042_scale_41",
      "c192_scale_191",
      "c243_scale_242",
      "c172_scale_171",
      "c179_scale_178",
      "c204_scale_203",
      "c297_scale_296",
      "c384_scale_383",
      "c290_scale_289"
    ],
    "edge-4": [
      "c027_scale_26",
      "c028_scale_27",
      "c033_scale_32",
      "c048_scale_47",
      "c081_scale_80",
      "c094_scale_93",
      "c109_scale_108",
      "c134_scale_133",
      "c139_scale_138",
      "c190_scale_189",
      "c206_scale_205",
      "c236_scale_235",
      "c240_scale_239",
      "c326_scale_325",
      "c339_scale_338",
      "c378_scale_377",
      "c391_scale_390",
      "c399_scale_398",
      "c095_scale_94",
      "c166_scale_165",
      "c132_scale_131",
      "c397_scale_396"
    ],
    "edge-5": [
      "c026_scale_25",
      "c035_scale_34",
      "c079_scale_78",
      "c150_scale_149",
      "c177_scale_176",
      "c199_scale_198",
      "c228_scale_227",
      "c246_scale_245",
      "c263_scale_262",
      "c283_scale_282",
      "c330_scale_329",
      "c364_scale_363",
      "c358_scale_357"
    ],
    "edge-6": [
      "c011_scale_10",
      "c136_scale_135",
      "c140_scale_139",
      "c146_scale_145",
      "c151_scale_150",
      "c174_scale_173",
      "c182_scale_181",
      "c202_scale_201",
      "c300_scale_299",
      "c355_scale_354",
      "c129_scale_128",
      "c171_scale_170",
      "c209_scale_208",
      "c216_scale_215",
      "c296_scale_295"
    ],
    "edge-7": [
      "c071_scale_70",
      "c208_scale_207",
      "c213_scale_212",
      "c162_scale_161",
      "c184_scale_183",
      "c189_scale_188",
      "c295_scale_294",
      "c313_scale_312",
      "c375_scale_374",
      "c003_scale_2",
      "c024_scale_23",
      "c058_scale_57"
    ],
    "edge-8": [
      "c010_scale_9",
      "c029_scale_28",
      "c036_scale_35",
      "c045_scale_44",
      "c075_scale_74",
      "c121_scale_120",
      "c157_scale_156",
      "c220_scale_219",
      "c281_scale_280",
      "c293_scale_292",
      "c307_scale_306",
      "c309_scale_308",
      "c350_scale_349",
      "c359_scale_358",
      "c374_scale_373",
      "c376_scale_375",
      "c400_scale_399",
      "c180_scale_179"
    ]
  }
}
