{
  "summary": {
    "algo": "FG-DSCR-GC-K8s-selected",
    "num_containers": 600,
    "num_assigned": 239,
    "num_failed": 361,
    "fail_rate": 0.6016666666666667,
    "num_nodes": 16,
    "ACT": 132.3016039051604,
    "AMS": 245.97890625000002,
    "downloaded_mb": 9754,
    "reused_mb": 57068,
    "reuse_rate": 0.8540301098440634,
    "objective_base": 189.1402550775802,
    "fail_penalty": 601.6666666666666,
    "lambda_fail": 1000.0,
    "objective": 790.8069217442469
  },
  "assignment": {
    "edge-1": [
      "c095_scale_94",
      "c597_scale_596",
      "c042_scale_41",
      "c192_scale_191",
      "c243_scale_242",
      "c344_scale_343",
      "c030_scale_29",
      "c383_scale_382",
      "c405_scale_404",
      "c061_scale_60",
      "c284_scale_283",
      "c533_scale_532"
    ],
    "edge-2": [
      "c466_scale_465",
      "c147_scale_146",
      "c308_scale_307",
      "c279_scale_278",
      "c485_scale_484",
      "c596_scale_595",
      "c135_scale_134",
      "c234_scale_233",
      "c362_scale_361",
      "c385_scale_384",
      "c433_scale_432",
      "c472_scale_471",
      "c180_scale_179",
      "c166_scale_165",
      "c021_scale_20",
      "c218_scale_217",
      "c128_scale_127",
      "c265_scale_264",
      "c445_scale_444",
      "c366_scale_365",
      "c206_scale_205",
      "c391_scale_390",
      "c446_scale_445",
      "c406_scale_405"
    ],
    "edge-3": [
      "c119_scale_118",
      "c208_scale_207",
      "c201_scale_200",
      "c457_scale_456",
      "c088_scale_87",
      "c067_scale_66",
      "c212_scale_211",
      "c455_scale_454",
      "c491_scale_490",
      "c282_scale_281",
      "c514_scale_513",
      "c057_scale_56"
    ],
    "edge-4": [
      "c434_scale_433",
      "c220_scale_219",
      "c309_scale_308",
      "c376_scale_375",
      "c550_scale_549",
      "c045_scale_44",
      "c307_scale_306",
      "c442_scale_441",
      "c527_scale_526",
      "c010_scale_9",
      "c157_scale_156",
      "c581_scale_580",
      "c281_scale_280",
      "c350_scale_349",
      "c475_scale_474",
      "c546_scale_545",
      "c566_scale_565",
      "c359_scale_358",
      "c400_scale_399",
      "c523_scale_522",
      "c029_scale_28",
      "c542_scale_541"
    ],
    "edge-5": [
      "c213_scale_212",
      "c471_scale_470",
      "c358_scale_357",
      "c451_scale_450",
      "c476_scale_475",
      "c428_scale_427",
      "c513_scale_512",
      "c589_scale_588",
      "c259_scale_258",
      "c340_scale_339",
      "c196_scale_195",
      "c084_scale_83"
    ],
    "edge-6": [
      "c326_scale_325",
      "c033_scale_32",
      "c109_scale_108",
      "c139_scale_138",
      "c081_scale_80",
      "c339_scale_338",
      "c427_scale_426",
      "c236_scale_235",
      "c564_scale_563",
      "c027_scale_26",
      "c587_scale_586",
      "c240_scale_239",
      "c443_scale_442",
      "c586_scale_585",
      "c094_scale_93",
      "c489_scale_488",
      "c028_scale_27",
      "c378_scale_377",
      "c048_scale_47",
      "c399_scale_398"
    ],
    "edge-7": [
      "c574_scale_573",
      "c146_scale_145",
      "c297_scale_296",
      "c556_scale_555",
      "c164_scale_163",
      "c547_scale_546",
      "c017_scale_16",
      "c224_scale_223",
      "c248_scale_247",
      "c373_scale_372",
      "c080_scale_79",
      "c228_scale_227"
    ],
    "edge-8": [
      "c047_scale_46",
      "c144_scale_143",
      "c334_scale_333",
      "c497_scale_496",
      "c229_scale_228",
      "c025_scale_24",
      "c005_scale_4",
      "c155_scale_154",
      "c342_scale_341",
      "c305_scale_304",
      "c516_scale_515",
      "c016_scale_15",
      "c165_scale_164",
      "c204_scale_203",
      "c479_scale_478",
      "c112_scale_111",
      "c528_scale_527"
    ],
    "edge-9": [
      "c517_scale_516",
      "c295_scale_294",
      "c313_scale_312",
      "c375_scale_374",
      "c444_scale_443",
      "c468_scale_467",
      "c162_scale_161",
      "c189_scale_188",
      "c422_scale_421",
      "c290_scale_289",
      "c019_scale_18",
      "c473_scale_472"
    ],
    "edge-10": [
      "c300_scale_299",
      "c136_scale_135",
      "c174_scale_173",
      "c518_scale_517",
      "c568_scale_567",
      "c011_scale_10",
      "c508_scale_507",
      "c151_scale_150",
      "c182_scale_181",
      "c384_scale_383",
      "c417_scale_416",
      "c509_scale_508",
      "c202_scale_201",
      "c140_scale_139",
      "c355_scale_354",
      "c582_scale_581",
      "c122_scale_121"
    ],
    "edge-11": [
      "c071_scale_70",
      "c172_scale_171",
      "c430_scale_429",
      "c539_scale_538",
      "c179_scale_178",
      "c512_scale_511",
      "c038_scale_37",
      "c082_scale_81",
      "c329_scale_328",
      "c336_scale_335",
      "c051_scale_50",
      "c301_scale_300"
    ],
    "edge-12": [
      "c536_scale_535",
      "c412_scale_411",
      "c397_scale_396",
      "c263_scale_262",
      "c503_scale_502",
      "c570_scale_569",
      "c199_scale_198",
      "c246_scale_245",
      "c551_scale_550",
      "c330_scale_329",
      "c364_scale_363",
      "c035_scale_34",
      "c150_scale_149",
      "c283_scale_282",
      "c419_scale_418"
    ],
    "edge-13": [
      "c565_scale_564",
      "c177_scale_176",
      "c407_scale_406",
      "c439_scale_438",
      "c507_scale_506",
      "c026_scale_25",
      "c079_scale_78",
      "c129_scale_128",
      "c171_scale_170",
      "c209_scale_208",
      "c141_scale_140",
      "c190_scale_189"
    ],
    "edge-14": [
      "c549_scale_548",
      "c132_scale_131",
      "c438_scale_437",
      "c069_scale_68",
      "c235_scale_234",
      "c306_scale_305",
      "c487_scale_486",
      "c041_scale_40",
      "c404_scale_403",
      "c370_scale_369",
      "c113_scale_112",
      "c310_scale_309",
      "c044_scale_43",
      "c049_scale_48"
    ],
    "edge-15": [
      "c416_scale_415",
      "c447_scale_446",
      "c216_scale_215",
      "c003_scale_2",
      "c024_scale_23",
      "c058_scale_57",
      "c296_scale_295",
      "c573_scale_572",
      "c600_scale_599",
      "c526_scale_525",
      "c158_scale_157",
      "c134_scale_133"
    ],
    "edge-16": [
      "c092_scale_91",
      "c098_scale_97",
      "c414_scale_413",
      "c598_scale_597",
      "c293_scale_292",
      "c036_scale_35",
      "c121_scale_120",
      "c374_scale_373",
      "c075_scale_74",
      "c184_scale_183",
      "c432_scale_431",
      "c498_scale_497",
      "c066_scale_65",
      "c341_scale_340"
    ]
  },
  "ordered_queues": {
    "edge-1": [
      "c095_scale_94",
      "c597_scale_596",
      "c030_scale_29",
      "c042_scale_41",
      "c192_scale_191",
      "c243_scale_242",
      "c061_scale_60",
      "c284_scale_283",
      "c533_scale_532",
      "c383_scale_382",
      "c405_scale_404",
      "c344_scale_343"
    ],
    "edge-2": [
      "c021_scale_20",
      "c128_scale_127",
      "c180_scale_179",
      "c218_scale_217",
      "c234_scale_233",
      "c265_scale_264",
      "c362_scale_361",
      "c366_scale_365",
      "c385_scale_384",
      "c433_scale_432",
      "c445_scale_444",
      "c446_scale_445",
      "c472_scale_471",
      "c206_scale_205",
      "c391_scale_390",
      "c406_scale_405",
      "c135_scale_134",
      "c147_scale_146",
      "c166_scale_165",
      "c279_scale_278",
      "c308_scale_307",
      "c466_scale_465",
      "c485_scale_484",
      "c596_scale_595"
    ],
    "edge-3": [
      "c067_scale_66",
      "c088_scale_87",
      "c201_scale_200",
      "c457_scale_456",
      "c491_scale_490",
      "c282_scale_281",
      "c119_scale_118",
      "c208_scale_207",
      "c514_scale_513",
      "c212_scale_211",
      "c455_scale_454",
      "c057_scale_56"
    ],
    "edge-4": [
      "c010_scale_9",
      "c029_scale_28",
      "c045_scale_44",
      "c157_scale_156",
      "c220_scale_219",
      "c281_scale_280",
      "c307_scale_306",
      "c309_scale_308",
      "c350_scale_349",
      "c359_scale_358",
      "c376_scale_375",
      "c400_scale_399",
      "c434_scale_433",
      "c442_scale_441",
      "c475_scale_474",
      "c523_scale_522",
      "c527_scale_526",
      "c546_scale_545",
      "c550_scale_549",
      "c566_scale_565",
      "c581_scale_580",
      "c542_scale_541"
    ],
    "edge-5": [
      "c259_scale_258",
      "c358_scale_357",
      "c428_scale_427",
      "c451_scale_450",
      "c476_scale_475",
      "c513_scale_512",
      "c589_scale_588",
      "c213_scale_212",
      "c471_scale_470",
      "c196_scale_195",
      "c340_scale_339",
      "c084_scale_83"
    ],
    "edge-6": [
      "c027_scale_26",
      "c028_scale_27",
      "c033_scale_32",
      "c048_scale_47",
      "c081_scale_80",
      "c094_scale_93",
      "c109_scale_108",
      "c139_scale_138",
      "c236_scale_235",
      "c240_scale_239",
      "c326_scale_325",
      "c339_scale_338",
      "c378_scale_377",
      "c399_scale_398",
      "c427_scale_426",
      "c443_scale_442",
      "c489_scale_488",
      "c564_scale_563",
      "c586_scale_585",
      "c587_scale_586"
    ],
    "edge-7": [
      "c017_scale_16",
      "c146_scale_145",
      "c164_scale_163",
      "c224_scale_223",
      "c248_scale_247",
      "c297_scale_296",
      "c373_scale_372",
      "c547_scale_546",
      "c556_scale_555",
      "c574_scale_573",
      "c080_scale_79",
      "c228_scale_227"
    ],
    "edge-8": [
      "c005_scale_4",
      "c016_scale_15",
      "c025_scale_24",
      "c047_scale_46",
      "c144_scale_143",
      "c155_scale_154",
      "c165_scale_164",
      "c204_scale_203",
      "c229_scale_228",
      "c305_scale_304",
      "c334_scale_333",
      "c342_scale_341",
      "c479_scale_478",
      "c497_scale_496",
      "c516_scale_515",
      "c112_scale_111",
      "c528_scale_527"
    ],
    "edge-9": [
      "c162_scale_161",
      "c189_scale_188",
      "c290_scale_289",
      "c295_scale_294",
      "c313_scale_312",
      "c375_scale_374",
      "c422_scale_421",
      "c444_scale_443",
      "c468_scale_467",
      "c473_scale_472",
      "c517_scale_516",
      "c019_scale_18"
    ],
    "edge-10": [
      "c011_scale_10",
      "c136_scale_135",
      "c140_scale_139",
      "c151_scale_150",
      "c174_scale_173",
      "c182_scale_181",
      "c202_scale_201",
      "c300_scale_299",
      "c355_scale_354",
      "c384_scale_383",
      "c417_scale_416",
      "c508_scale_507",
      "c509_scale_508",
      "c518_scale_517",
      "c568_scale_567",
      "c582_scale_581",
      "c122_scale_121"
    ],
    "edge-11": [
      "c038_scale_37",
      "c082_scale_81",
      "c172_scale_171",
      "c179_scale_178",
      "c329_scale_328",
      "c336_scale_335",
      "c430_scale_429",
      "c512_scale_511",
      "c539_scale_538",
      "c071_scale_70",
      "c051_scale_50",
      "c301_scale_300"
    ],
    "edge-12": [
      "c035_scale_34",
      "c150_scale_149",
      "c199_scale_198",
      "c246_scale_245",
      "c263_scale_262",
      "c283_scale_282",
      "c330_scale_329",
      "c364_scale_363",
      "c419_scale_418",
      "c503_scale_502",
      "c551_scale_550",
      "c570_scale_569",
      "c397_scale_396",
      "c412_scale_411",
      "c536_scale_535"
    ],
    "edge-13": [
      "c026_scale_25",
      "c079_scale_78",
      "c129_scale_128",
      "c171_scale_170",
      "c177_scale_176",
      "c190_scale_189",
      "c209_scale_208",
      "c407_scale_406",
      "c439_scale_438",
      "c507_scale_506",
      "c565_scale_564",
      "c141_scale_140"
    ],
    "edge-14": [
      "c041_scale_40",
      "c113_scale_112",
      "c235_scale_234",
      "c306_scale_305",
      "c310_scale_309",
      "c404_scale_403",
      "c438_scale_437",
      "c487_scale_486",
      "c069_scale_68",
      "c132_scale_131",
      "c370_scale_369",
      "c549_scale_548",
      "c044_scale_43",
      "c049_scale_48"
    ],
    "edge-15": [
      "c003_scale_2",
      "c024_scale_23",
      "c058_scale_57",
      "c134_scale_133",
      "c216_scale_215",
      "c296_scale_295",
      "c573_scale_572",
      "c600_scale_599",
      "c416_scale_415",
      "c447_scale_446",
      "c526_scale_525",
      "c158_scale_157"
    ],
    "edge-16": [
      "c036_scale_35",
      "c075_scale_74",
      "c121_scale_120",
      "c184_scale_183",
      "c293_scale_292",
      "c374_scale_373",
      "c432_scale_431",
      "c498_scale_497",
      "c092_scale_91",
      "c098_scale_97",
      "c414_scale_413",
      "c598_scale_597",
      "c341_scale_340",
      "c066_scale_65"
    ]
  }
}
