{
  "summary": {
    "algo": "FG-DSCR-GC-K8s-selected",
    "num_containers": 800,
    "num_assigned": 178,
    "num_failed": 622,
    "fail_rate": 0.7775,
    "num_nodes": 8,
    "ACT": 204.34337546816477,
    "AMS": 408.1015625,
    "downloaded_mb": 27248,
    "reused_mb": 55788,
    "reuse_rate": 0.6718531721181175,
    "objective_base": 306.2224689840824,
    "fail_penalty": 777.5,
    "lambda_fail": 1000.0,
    "objective": 1083.7224689840823
  },
  "assignment": {
    "edge-1": [
      "c580_scale_579",
      "c690_scale_689",
      "c235_scale_234",
      "c333_scale_332",
      "c344_scale_343",
      "c491_scale_490",
      "c754_scale_753",
      "c203_scale_202",
      "c230_scale_229",
      "c280_scale_279",
      "c378_scale_377",
      "c537_scale_536",
      "c572_scale_571",
      "c591_scale_590",
      "c678_scale_677",
      "c761_scale_760",
      "c766_scale_765",
      "c158_scale_157",
      "c351_scale_350",
      "c468_scale_467",
      "c390_scale_389",
      "c288_scale_287",
      "c233_scale_232"
    ],
    "edge-2": [
      "c091_scale_90",
      "c286_scale_285",
      "c138_scale_137",
      "c725_scale_724",
      "c023_scale_22",
      "c437_scale_436",
      "c472_scale_471",
      "c110_scale_109",
      "c395_scale_394",
      "c673_scale_672",
      "c057_scale_56",
      "c290_scale_289",
      "c382_scale_381",
      "c042_scale_41",
      "c637_scale_636",
      "c046_scale_45",
      "c787_scale_786",
      "c202_scale_201",
      "c412_scale_411",
      "c444_scale_443",
      "c545_scale_544",
      "c272_scale_271",
      "c478_scale_477",
      "c435_scale_434"
    ],
    "edge-3": [
      "c375_scale_374",
      "c504_scale_503",
      "c583_scale_582",
      "c462_scale_461",
      "c256_scale_255",
      "c659_scale_658",
      "c661_scale_660",
      "c689_scale_688",
      "c636_scale_635",
      "c512_scale_511",
      "c597_scale_596",
      "c318_scale_317",
      "c785_scale_784",
      "c102_scale_101",
      "c145_scale_144",
      "c541_scale_540",
      "c465_scale_464",
      "c602_scale_601",
      "c182_scale_181",
      "c372_scale_371"
    ],
    "edge-4": [
      "c360_scale_359",
      "c443_scale_442",
      "c024_scale_23",
      "c592_scale_591",
      "c380_scale_379",
      "c712_scale_711",
      "c473_scale_472",
      "c055_scale_54",
      "c693_scale_692",
      "c213_scale_212",
      "c374_scale_373",
      "c422_scale_421",
      "c732_scale_731",
      "c736_scale_735",
      "c748_scale_747",
      "c548_scale_547",
      "c418_scale_417",
      "c115_scale_114",
      "c126_scale_125",
      "c664_scale_663",
      "c130_scale_129",
      "c389_scale_388"
    ],
    "edge-5": [
      "c161_scale_160",
      "c532_scale_531",
      "c790_scale_789",
      "c031_scale_30",
      "c103_scale_102",
      "c282_scale_281",
      "c525_scale_524",
      "c142_scale_141",
      "c299_scale_298",
      "c684_scale_683",
      "c269_scale_268",
      "c582_scale_581",
      "c259_scale_258",
      "c211_scale_210",
      "c310_scale_309",
      "c315_scale_314",
      "c503_scale_502",
      "c775_scale_774",
      "c301_scale_300",
      "c771_scale_770",
      "c674_scale_673",
      "c697_scale_696"
    ],
    "edge-6": [
      "c369_scale_368",
      "c568_scale_567",
      "c676_scale_675",
      "c777_scale_776",
      "c228_scale_227",
      "c025_scale_24",
      "c085_scale_84",
      "c471_scale_470",
      "c494_scale_493",
      "c075_scale_74",
      "c237_scale_236",
      "c738_scale_737",
      "c364_scale_363",
      "c509_scale_508",
      "c350_scale_349",
      "c162_scale_161",
      "c482_scale_481",
      "c570_scale_569",
      "c630_scale_629",
      "c407_scale_406",
      "c559_scale_558",
      "c273_scale_272",
      "c250_scale_249",
      "c069_scale_68"
    ],
    "edge-7": [
      "c167_scale_166",
      "c398_scale_397",
      "c540_scale_539",
      "c795_scale_794",
      "c484_scale_483",
      "c715_scale_714",
      "c670_scale_669",
      "c243_scale_242",
      "c295_scale_294",
      "c483_scale_482",
      "c210_scale_209",
      "c723_scale_722",
      "c376_scale_375",
      "c536_scale_535",
      "c647_scale_646",
      "c314_scale_313",
      "c056_scale_55",
      "c402_scale_401",
      "c565_scale_564"
    ],
    "edge-8": [
      "c551_scale_550",
      "c071_scale_70",
      "c336_scale_335",
      "c426_scale_425",
      "c083_scale_82",
      "c401_scale_400",
      "c589_scale_588",
      "c629_scale_628",
      "c730_scale_729",
      "c753_scale_752",
      "c068_scale_67",
      "c154_scale_153",
      "c264_scale_263",
      "c459_scale_458",
      "c562_scale_561",
      "c782_scale_781",
      "c007_scale_6",
      "c041_scale_40",
      "c053_scale_52",
      "c189_scale_188",
      "c758_scale_757",
      "c144_scale_143",
      "c523_scale_522",
      "c251_scale_250"
    ]
  },
  "ordered_queues": {
    "edge-1": [
      "c158_scale_157",
      "c203_scale_202",
      "c230_scale_229",
      "c280_scale_279",
      "c351_scale_350",
      "c378_scale_377",
      "c468_scale_467",
      "c537_scale_536",
      "c572_scale_571",
      "c591_scale_590",
      "c678_scale_677",
      "c761_scale_760",
      "c580_scale_579",
      "c235_scale_234",
      "c333_scale_332",
      "c344_scale_343",
      "c491_scale_490",
      "c754_scale_753",
      "c766_scale_765",
      "c233_scale_232",
      "c690_scale_689",
      "c390_scale_389",
      "c288_scale_287"
    ],
    "edge-2": [
      "c057_scale_56",
      "c110_scale_109",
      "c202_scale_201",
      "c290_scale_289",
      "c382_scale_381",
      "c412_scale_411",
      "c444_scale_443",
      "c637_scale_636",
      "c091_scale_90",
      "c023_scale_22",
      "c286_scale_285",
      "c395_scale_394",
      "c472_scale_471",
      "c673_scale_672",
      "c042_scale_41",
      "c046_scale_45",
      "c138_scale_137",
      "c437_scale_436",
      "c725_scale_724",
      "c478_scale_477",
      "c435_scale_434",
      "c272_scale_271",
      "c545_scale_544",
      "c787_scale_786"
    ],
    "edge-3": [
      "c145_scale_144",
      "c541_scale_540",
      "c785_scale_784",
      "c102_scale_101",
      "c256_scale_255",
      "c375_scale_374",
      "c659_scale_658",
      "c661_scale_660",
      "c689_scale_688",
      "c465_scale_464",
      "c512_scale_511",
      "c597_scale_596",
      "c462_scale_461",
      "c602_scale_601",
      "c636_scale_635",
      "c318_scale_317",
      "c182_scale_181",
      "c504_scale_503",
      "c583_scale_582",
      "c372_scale_371"
    ],
    "edge-4": [
      "c360_scale_359",
      "c380_scale_379",
      "c422_scale_421",
      "c443_scale_442",
      "c732_scale_731",
      "c374_scale_373",
      "c055_scale_54",
      "c748_scale_747",
      "c115_scale_114",
      "c693_scale_692",
      "c473_scale_472",
      "c024_scale_23",
      "c213_scale_212",
      "c592_scale_591",
      "c712_scale_711",
      "c389_scale_388",
      "c664_scale_663",
      "c130_scale_129",
      "c548_scale_547",
      "c736_scale_735",
      "c126_scale_125",
      "c418_scale_417"
    ],
    "edge-5": [
      "c525_scale_524",
      "c697_scale_696",
      "c031_scale_30",
      "c103_scale_102",
      "c161_scale_160",
      "c282_scale_281",
      "c771_scale_770",
      "c790_scale_789",
      "c142_scale_141",
      "c259_scale_258",
      "c269_scale_268",
      "c532_scale_531",
      "c582_scale_581",
      "c299_scale_298",
      "c684_scale_683",
      "c211_scale_210",
      "c310_scale_309",
      "c315_scale_314",
      "c301_scale_300",
      "c674_scale_673",
      "c503_scale_502",
      "c775_scale_774"
    ],
    "edge-6": [
      "c162_scale_161",
      "c273_scale_272",
      "c364_scale_363",
      "c369_scale_368",
      "c471_scale_470",
      "c482_scale_481",
      "c494_scale_493",
      "c509_scale_508",
      "c568_scale_567",
      "c676_scale_675",
      "c777_scale_776",
      "c630_scale_629",
      "c350_scale_349",
      "c228_scale_227",
      "c407_scale_406",
      "c237_scale_236",
      "c250_scale_249",
      "c738_scale_737",
      "c085_scale_84",
      "c025_scale_24",
      "c075_scale_74",
      "c559_scale_558",
      "c570_scale_569",
      "c069_scale_68"
    ],
    "edge-7": [
      "c243_scale_242",
      "c295_scale_294",
      "c398_scale_397",
      "c402_scale_401",
      "c483_scale_482",
      "c723_scale_722",
      "c795_scale_794",
      "c210_scale_209",
      "c484_scale_483",
      "c565_scale_564",
      "c376_scale_375",
      "c167_scale_166",
      "c056_scale_55",
      "c540_scale_539",
      "c715_scale_714",
      "c536_scale_535",
      "c647_scale_646",
      "c314_scale_313",
      "c670_scale_669"
    ],
    "edge-8": [
      "c041_scale_40",
      "c053_scale_52",
      "c068_scale_67",
      "c071_scale_70",
      "c083_scale_82",
      "c154_scale_153",
      "c189_scale_188",
      "c251_scale_250",
      "c264_scale_263",
      "c336_scale_335",
      "c401_scale_400",
      "c459_scale_458",
      "c562_scale_561",
      "c589_scale_588",
      "c629_scale_628",
      "c730_scale_729",
      "c753_scale_752",
      "c782_scale_781",
      "c426_scale_425",
      "c551_scale_550",
      "c007_scale_6",
      "c758_scale_757",
      "c144_scale_143",
      "c523_scale_522"
    ]
  }
}
