{
  "summary": {
    "algo": "FG-DSCR-GC-K8s-selected",
    "num_containers": 1500,
    "num_assigned": 311,
    "num_failed": 1189,
    "fail_rate": 0.7926666666666666,
    "num_nodes": 14,
    "ACT": 195.8604367631297,
    "AMS": 376.8002976190476,
    "downloaded_mb": 29871,
    "reused_mb": 121223,
    "reuse_rate": 0.8023018783009253,
    "objective_base": 286.33036719108867,
    "fail_penalty": 792.6666666666666,
    "lambda_fail": 1000.0,
    "objective": 1078.9970338577552
  },
  "assignment": {
    "edge-1": [
      "c866_scale_865",
      "c194_scale_193",
      "c679_scale_678",
      "c115_scale_114",
      "c115_scale_1114",
      "c052_scale_51",
      "c052_scale_1051",
      "c983_scale_982",
      "c268_scale_267",
      "c268_scale_1267",
      "c055_scale_54",
      "c055_scale_1054",
      "c200_scale_199",
      "c845_scale_844",
      "c200_scale_1199",
      "c646_scale_645",
      "c402_scale_401",
      "c908_scale_907",
      "c600_scale_599",
      "c929_scale_928",
      "c947_scale_946"
    ],
    "edge-2": [
      "c637_scale_636",
      "c443_scale_442",
      "c443_scale_1442",
      "c790_scale_789",
      "c194_scale_1193",
      "c030_scale_29",
      "c281_scale_280",
      "c030_scale_1029",
      "c281_scale_1280",
      "c350_scale_349",
      "c373_scale_372",
      "c468_scale_467",
      "c636_scale_635",
      "c787_scale_786",
      "c927_scale_926",
      "c928_scale_927",
      "c154_scale_1153",
      "c350_scale_1349",
      "c373_scale_1372",
      "c757_scale_756",
      "c193_scale_1192",
      "c140_scale_139",
      "c722_scale_721"
    ],
    "edge-3": [
      "c332_scale_331",
      "c343_scale_342",
      "c491_scale_490",
      "c689_scale_688",
      "c332_scale_1331",
      "c343_scale_1342",
      "c491_scale_1490",
      "c172_scale_171",
      "c172_scale_1171",
      "c113_scale_112",
      "c113_scale_1112",
      "c603_scale_602",
      "c473_scale_472",
      "c473_scale_1472",
      "c087_scale_86",
      "c087_scale_1086",
      "c248_scale_247",
      "c248_scale_1247",
      "c098_scale_97",
      "c876_scale_875",
      "c889_scale_888",
      "c170_scale_169",
      "c998_scale_997",
      "c170_scale_1169"
    ],
    "edge-4": [
      "c574_scale_573",
      "c599_scale_598",
      "c368_scale_367",
      "c832_scale_831",
      "c368_scale_1367",
      "c308_scale_307",
      "c308_scale_1307",
      "c567_scale_566",
      "c660_scale_659",
      "c675_scale_674",
      "c777_scale_776",
      "c226_scale_225",
      "c226_scale_1225",
      "c175_scale_174",
      "c175_scale_1174",
      "c435_scale_434",
      "c471_scale_470",
      "c435_scale_1434",
      "c471_scale_1470",
      "c131_scale_130",
      "c131_scale_1130",
      "c509_scale_508",
      "c834_scale_833",
      "c201_scale_200"
    ],
    "edge-5": [
      "c687_scale_686",
      "c426_scale_425",
      "c426_scale_1425",
      "c482_scale_481",
      "c482_scale_1481",
      "c272_scale_271",
      "c272_scale_1271",
      "c669_scale_668",
      "c098_scale_1097",
      "c597_scale_596",
      "c235_scale_234",
      "c235_scale_1234",
      "c465_scale_464",
      "c465_scale_1464",
      "c765_scale_764",
      "c066_scale_65",
      "c066_scale_1065"
    ],
    "edge-6": [
      "c472_scale_471",
      "c472_scale_1471",
      "c936_scale_935",
      "c948_scale_947",
      "c398_scale_397",
      "c398_scale_1397",
      "c407_scale_406",
      "c407_scale_1406",
      "c424_scale_423",
      "c424_scale_1423",
      "c484_scale_483",
      "c484_scale_1483",
      "c865_scale_864",
      "c228_scale_227",
      "c279_scale_278",
      "c377_scale_376",
      "c571_scale_570",
      "c591_scale_590",
      "c677_scale_676",
      "c760_scale_759",
      "c287_scale_286",
      "c921_scale_920",
      "c133_scale_1132",
      "c038_scale_37"
    ],
    "edge-7": [
      "c977_scale_976",
      "c539_scale_538",
      "c979_scale_978",
      "c714_scale_713",
      "c413_scale_412",
      "c413_scale_1412",
      "c317_scale_316",
      "c317_scale_1316",
      "c785_scale_784",
      "c540_scale_539",
      "c375_scale_374",
      "c375_scale_1374",
      "c313_scale_1312",
      "c053_scale_52",
      "c300_scale_299",
      "c389_scale_388",
      "c961_scale_960",
      "c873_scale_872",
      "c564_scale_563"
    ],
    "edge-8": [
      "c579_scale_578",
      "c068_scale_67",
      "c335_scale_334",
      "c536_scale_535",
      "c982_scale_981",
      "c068_scale_1067",
      "c335_scale_1334",
      "c233_scale_232",
      "c577_scale_576",
      "c749_scale_748",
      "c843_scale_842",
      "c960_scale_959",
      "c985_scale_984",
      "c233_scale_1232",
      "c080_scale_79",
      "c401_scale_400",
      "c589_scale_588",
      "c628_scale_627",
      "c729_scale_728",
      "c795_scale_794",
      "c877_scale_876",
      "c919_scale_918",
      "c080_scale_1079",
      "c401_scale_1400"
    ],
    "edge-9": [
      "c285_scale_284",
      "c285_scale_1284",
      "c021_scale_20",
      "c021_scale_1020",
      "c020_scale_19",
      "c898_scale_897",
      "c020_scale_1019",
      "c362_scale_361",
      "c362_scale_1361",
      "c211_scale_210",
      "c672_scale_671",
      "c973_scale_972",
      "c211_scale_1210",
      "c747_scale_746",
      "c418_scale_1417",
      "c053_scale_1052",
      "c300_scale_1299",
      "c389_scale_1388",
      "c402_scale_1401",
      "c133_scale_132",
      "c815_scale_814",
      "c193_scale_192",
      "c641_scale_640"
    ],
    "edge-10": [
      "c164_scale_163",
      "c164_scale_1163",
      "c022_scale_21",
      "c022_scale_1021",
      "c592_scale_591",
      "c922_scale_921",
      "c711_scale_710",
      "c462_scale_461",
      "c462_scale_1461",
      "c289_scale_288",
      "c289_scale_1288",
      "c805_scale_804",
      "c994_scale_993",
      "c038_scale_1037",
      "c050_scale_1049",
      "c161_scale_1160",
      "c201_scale_1200",
      "c228_scale_1227",
      "c279_scale_1278",
      "c377_scale_1376",
      "c544_scale_543",
      "c967_scale_966",
      "c972_scale_971",
      "c558_scale_557"
    ],
    "edge-11": [
      "c086_scale_85",
      "c086_scale_1085",
      "c817_scale_816",
      "c569_scale_568",
      "c084_scale_83",
      "c084_scale_1083",
      "c736_scale_735",
      "c547_scale_546",
      "c932_scale_931",
      "c209_scale_1208",
      "c314_scale_1313",
      "c141_scale_140",
      "c141_scale_1140",
      "c122_scale_121",
      "c313_scale_312",
      "c122_scale_1121",
      "c057_scale_1056",
      "c255_scale_254",
      "c255_scale_1254",
      "c154_scale_153"
    ],
    "edge-12": [
      "c871_scale_870",
      "c572_scale_571",
      "c724_scale_723",
      "c437_scale_436",
      "c437_scale_1436",
      "c039_scale_38",
      "c039_scale_1038",
      "c861_scale_860",
      "c192_scale_191",
      "c241_scale_240",
      "c483_scale_482",
      "c192_scale_1191",
      "c241_scale_1240",
      "c483_scale_1482",
      "c043_scale_42",
      "c858_scale_857",
      "c043_scale_1042",
      "c208_scale_207",
      "c208_scale_1207",
      "c418_scale_417",
      "c179_scale_178",
      "c179_scale_1178",
      "c227_scale_226"
    ],
    "edge-13": [
      "c504_scale_503",
      "c106_scale_105",
      "c606_scale_605",
      "c106_scale_1105",
      "c054_scale_53",
      "c381_scale_380",
      "c054_scale_1053",
      "c381_scale_1380",
      "c969_scale_968",
      "c468_scale_1467",
      "c444_scale_443",
      "c444_scale_1443",
      "c209_scale_208",
      "c314_scale_313",
      "c503_scale_502",
      "c775_scale_774",
      "c801_scale_800",
      "c910_scale_909",
      "c923_scale_922",
      "c057_scale_56",
      "c697_scale_696",
      "c703_scale_702"
    ],
    "edge-14": [
      "c374_scale_373",
      "c374_scale_1373",
      "c882_scale_881",
      "c359_scale_358",
      "c359_scale_1358",
      "c065_scale_64",
      "c150_scale_149",
      "c459_scale_458",
      "c561_scale_560",
      "c585_scale_584",
      "c782_scale_781",
      "c872_scale_871",
      "c990_scale_989",
      "c065_scale_1064",
      "c150_scale_1149",
      "c459_scale_1458",
      "c004_scale_3",
      "c004_scale_1003",
      "c658_scale_657",
      "c688_scale_687",
      "c050_scale_49",
      "c161_scale_160",
      "c287_scale_1286"
    ]
  },
  "ordered_queues": {
    "edge-1": [
      "c115_scale_1114",
      "c115_scale_114",
      "c268_scale_1267",
      "c268_scale_267",
      "c600_scale_599",
      "c646_scale_645",
      "c866_scale_865",
      "c929_scale_928",
      "c194_scale_193",
      "c947_scale_946",
      "c055_scale_1054",
      "c055_scale_54",
      "c983_scale_982",
      "c679_scale_678",
      "c052_scale_1051",
      "c052_scale_51",
      "c200_scale_1199",
      "c200_scale_199",
      "c845_scale_844",
      "c402_scale_401",
      "c908_scale_907"
    ],
    "edge-2": [
      "c154_scale_1153",
      "c350_scale_1349",
      "c350_scale_349",
      "c373_scale_1372",
      "c373_scale_372",
      "c468_scale_467",
      "c636_scale_635",
      "c787_scale_786",
      "c927_scale_926",
      "c928_scale_927",
      "c030_scale_1029",
      "c030_scale_29",
      "c281_scale_1280",
      "c281_scale_280",
      "c790_scale_789",
      "c194_scale_1193",
      "c637_scale_636",
      "c443_scale_1442",
      "c443_scale_442",
      "c193_scale_1192",
      "c757_scale_756",
      "c140_scale_139",
      "c722_scale_721"
    ],
    "edge-3": [
      "c113_scale_1112",
      "c113_scale_112",
      "c172_scale_1171",
      "c172_scale_171",
      "c332_scale_1331",
      "c332_scale_331",
      "c343_scale_1342",
      "c343_scale_342",
      "c491_scale_1490",
      "c491_scale_490",
      "c689_scale_688",
      "c098_scale_97",
      "c603_scale_602",
      "c876_scale_875",
      "c473_scale_1472",
      "c473_scale_472",
      "c087_scale_1086",
      "c087_scale_86",
      "c248_scale_1247",
      "c248_scale_247",
      "c170_scale_1169",
      "c170_scale_169",
      "c889_scale_888",
      "c998_scale_997"
    ],
    "edge-4": [
      "c368_scale_1367",
      "c368_scale_367",
      "c435_scale_1434",
      "c435_scale_434",
      "c471_scale_1470",
      "c471_scale_470",
      "c509_scale_508",
      "c567_scale_566",
      "c660_scale_659",
      "c675_scale_674",
      "c777_scale_776",
      "c832_scale_831",
      "c834_scale_833",
      "c308_scale_1307",
      "c308_scale_307",
      "c574_scale_573",
      "c599_scale_598",
      "c131_scale_1130",
      "c131_scale_130",
      "c226_scale_1225",
      "c226_scale_225",
      "c175_scale_1174",
      "c175_scale_174",
      "c201_scale_200"
    ],
    "edge-5": [
      "c235_scale_1234",
      "c235_scale_234",
      "c272_scale_1271",
      "c272_scale_271",
      "c482_scale_1481",
      "c482_scale_481",
      "c669_scale_668",
      "c098_scale_1097",
      "c687_scale_686",
      "c465_scale_1464",
      "c465_scale_464",
      "c597_scale_596",
      "c426_scale_1425",
      "c426_scale_425",
      "c765_scale_764",
      "c066_scale_1065",
      "c066_scale_65"
    ],
    "edge-6": [
      "c038_scale_37",
      "c228_scale_227",
      "c279_scale_278",
      "c377_scale_376",
      "c571_scale_570",
      "c591_scale_590",
      "c677_scale_676",
      "c760_scale_759",
      "c133_scale_1132",
      "c287_scale_286",
      "c398_scale_1397",
      "c398_scale_397",
      "c472_scale_1471",
      "c472_scale_471",
      "c865_scale_864",
      "c921_scale_920",
      "c936_scale_935",
      "c484_scale_1483",
      "c484_scale_483",
      "c948_scale_947",
      "c407_scale_1406",
      "c407_scale_406",
      "c424_scale_1423",
      "c424_scale_423"
    ],
    "edge-7": [
      "c540_scale_539",
      "c785_scale_784",
      "c053_scale_52",
      "c300_scale_299",
      "c389_scale_388",
      "c539_scale_538",
      "c714_scale_713",
      "c977_scale_976",
      "c564_scale_563",
      "c375_scale_1374",
      "c375_scale_374",
      "c961_scale_960",
      "c873_scale_872",
      "c317_scale_1316",
      "c317_scale_316",
      "c413_scale_1412",
      "c413_scale_412",
      "c979_scale_978",
      "c313_scale_1312"
    ],
    "edge-8": [
      "c068_scale_1067",
      "c068_scale_67",
      "c080_scale_1079",
      "c080_scale_79",
      "c233_scale_1232",
      "c233_scale_232",
      "c335_scale_1334",
      "c335_scale_334",
      "c401_scale_1400",
      "c401_scale_400",
      "c536_scale_535",
      "c577_scale_576",
      "c589_scale_588",
      "c628_scale_627",
      "c729_scale_728",
      "c749_scale_748",
      "c795_scale_794",
      "c843_scale_842",
      "c877_scale_876",
      "c919_scale_918",
      "c960_scale_959",
      "c982_scale_981",
      "c985_scale_984",
      "c579_scale_578"
    ],
    "edge-9": [
      "c020_scale_1019",
      "c020_scale_19",
      "c021_scale_1020",
      "c021_scale_20",
      "c211_scale_1210",
      "c211_scale_210",
      "c285_scale_1284",
      "c285_scale_284",
      "c672_scale_671",
      "c898_scale_897",
      "c973_scale_972",
      "c641_scale_640",
      "c362_scale_1361",
      "c362_scale_361",
      "c053_scale_1052",
      "c300_scale_1299",
      "c389_scale_1388",
      "c815_scale_814",
      "c133_scale_132",
      "c193_scale_192",
      "c402_scale_1401",
      "c418_scale_1417",
      "c747_scale_746"
    ],
    "edge-10": [
      "c038_scale_1037",
      "c050_scale_1049",
      "c161_scale_1160",
      "c201_scale_1200",
      "c228_scale_1227",
      "c279_scale_1278",
      "c377_scale_1376",
      "c544_scale_543",
      "c805_scale_804",
      "c967_scale_966",
      "c972_scale_971",
      "c994_scale_993",
      "c022_scale_1021",
      "c022_scale_21",
      "c164_scale_1163",
      "c164_scale_163",
      "c289_scale_1288",
      "c289_scale_288",
      "c592_scale_591",
      "c711_scale_710",
      "c922_scale_921",
      "c462_scale_1461",
      "c462_scale_461",
      "c558_scale_557"
    ],
    "edge-11": [
      "c086_scale_1085",
      "c086_scale_85",
      "c122_scale_1121",
      "c122_scale_121",
      "c313_scale_312",
      "c547_scale_546",
      "c569_scale_568",
      "c141_scale_1140",
      "c141_scale_140",
      "c817_scale_816",
      "c255_scale_1254",
      "c255_scale_254",
      "c084_scale_1083",
      "c084_scale_83",
      "c736_scale_735",
      "c057_scale_1056",
      "c154_scale_153",
      "c209_scale_1208",
      "c314_scale_1313",
      "c932_scale_931"
    ],
    "edge-12": [
      "c039_scale_1038",
      "c039_scale_38",
      "c043_scale_1042",
      "c043_scale_42",
      "c418_scale_417",
      "c437_scale_1436",
      "c437_scale_436",
      "c724_scale_723",
      "c858_scale_857",
      "c192_scale_1191",
      "c192_scale_191",
      "c241_scale_1240",
      "c241_scale_240",
      "c483_scale_1482",
      "c483_scale_482",
      "c208_scale_1207",
      "c208_scale_207",
      "c227_scale_226",
      "c572_scale_571",
      "c861_scale_860",
      "c871_scale_870",
      "c179_scale_1178",
      "c179_scale_178"
    ],
    "edge-13": [
      "c057_scale_56",
      "c209_scale_208",
      "c314_scale_313",
      "c468_scale_1467",
      "c503_scale_502",
      "c697_scale_696",
      "c775_scale_774",
      "c801_scale_800",
      "c910_scale_909",
      "c923_scale_922",
      "c054_scale_1053",
      "c054_scale_53",
      "c106_scale_105",
      "c106_scale_1105",
      "c381_scale_1380",
      "c381_scale_380",
      "c444_scale_1443",
      "c444_scale_443",
      "c504_scale_503",
      "c606_scale_605",
      "c703_scale_702",
      "c969_scale_968"
    ],
    "edge-14": [
      "c050_scale_49",
      "c065_scale_1064",
      "c065_scale_64",
      "c150_scale_1149",
      "c150_scale_149",
      "c161_scale_160",
      "c459_scale_1458",
      "c459_scale_458",
      "c561_scale_560",
      "c585_scale_584",
      "c782_scale_781",
      "c872_scale_871",
      "c990_scale_989",
      "c374_scale_1373",
      "c374_scale_373",
      "c658_scale_657",
      "c688_scale_687",
      "c359_scale_1358",
      "c359_scale_358",
      "c004_scale_1003",
      "c004_scale_3",
      "c882_scale_881",
      "c287_scale_1286"
    ]
  }
}
