{
  "summary": {
    "algo": "FG-DSCR-GC-K8s-selected",
    "num_containers": 1500,
    "num_assigned": 279,
    "num_failed": 1221,
    "fail_rate": 0.814,
    "num_nodes": 12,
    "ACT": 213.08794802867382,
    "AMS": 405.50972222222214,
    "downloaded_mb": 28300,
    "reused_mb": 107517,
    "reuse_rate": 0.7916313863507514,
    "objective_base": 309.29883512544797,
    "fail_penalty": 814.0,
    "lambda_fail": 1000.0,
    "objective": 1123.298835125448
  },
  "assignment": {
    "edge-1": [
      "c580_scale_579",
      "c024_scale_23",
      "c592_scale_591",
      "c024_scale_1023",
      "c712_scale_711",
      "c068_scale_67",
      "c154_scale_153",
      "c264_scale_263",
      "c459_scale_458",
      "c562_scale_561",
      "c782_scale_781",
      "c844_scale_843",
      "c871_scale_870",
      "c068_scale_1067",
      "c154_scale_1153",
      "c264_scale_1263",
      "c459_scale_1458",
      "c213_scale_212",
      "c213_scale_1212",
      "c041_scale_40",
      "c053_scale_52",
      "c189_scale_188",
      "c203_scale_202",
      "c230_scale_229"
    ],
    "edge-2": [
      "c091_scale_90",
      "c091_scale_1090",
      "c935_scale_934",
      "c398_scale_397",
      "c398_scale_1397",
      "c350_scale_349",
      "c350_scale_1349",
      "c162_scale_1161",
      "c482_scale_1481",
      "c795_scale_794",
      "c484_scale_483",
      "c484_scale_1483",
      "c273_scale_272",
      "c273_scale_1272",
      "c280_scale_279",
      "c378_scale_377",
      "c537_scale_536",
      "c572_scale_571",
      "c591_scale_590",
      "c678_scale_677",
      "c444_scale_1443",
      "c211_scale_210",
      "c310_scale_309",
      "c315_scale_314"
    ],
    "edge-3": [
      "c167_scale_166",
      "c167_scale_1166",
      "c504_scale_503",
      "c583_scale_582",
      "c988_scale_987",
      "c230_scale_1229",
      "c280_scale_1279",
      "c378_scale_1377",
      "c158_scale_157",
      "c351_scale_350",
      "c468_scale_467",
      "c787_scale_786",
      "c926_scale_925",
      "c158_scale_1157",
      "c351_scale_1350",
      "c468_scale_1467",
      "c597_scale_596",
      "c210_scale_209",
      "c867_scale_866",
      "c315_scale_1314",
      "c145_scale_1144",
      "c376_scale_375"
    ],
    "edge-4": [
      "c360_scale_359",
      "c360_scale_1359",
      "c443_scale_442",
      "c443_scale_1442",
      "c138_scale_137",
      "c725_scale_724",
      "c138_scale_1137",
      "c437_scale_436",
      "c876_scale_875",
      "c437_scale_1436",
      "c380_scale_379",
      "c380_scale_1379",
      "c042_scale_41",
      "c042_scale_1041",
      "c761_scale_760",
      "c805_scale_804",
      "c992_scale_991",
      "c041_scale_1040",
      "c053_scale_1052",
      "c189_scale_1188",
      "c418_scale_417",
      "c418_scale_1417",
      "c503_scale_502",
      "c775_scale_774"
    ],
    "edge-5": [
      "c375_scale_374",
      "c375_scale_1374",
      "c532_scale_531",
      "c693_scale_692",
      "c256_scale_255",
      "c659_scale_658",
      "c661_scale_660",
      "c689_scale_688",
      "c978_scale_977",
      "c256_scale_1255",
      "c525_scale_524",
      "c250_scale_249",
      "c250_scale_1249",
      "c269_scale_268",
      "c582_scale_581",
      "c269_scale_1268",
      "c873_scale_872",
      "c748_scale_747",
      "c903_scale_902",
      "c874_scale_873",
      "c376_scale_1375",
      "c465_scale_464",
      "c955_scale_954"
    ],
    "edge-6": [
      "c369_scale_368",
      "c833_scale_832",
      "c369_scale_1368",
      "c568_scale_567",
      "c676_scale_675",
      "c777_scale_776",
      "c228_scale_227",
      "c228_scale_1227",
      "c025_scale_24",
      "c025_scale_1024",
      "c435_scale_434",
      "c471_scale_470",
      "c494_scale_493",
      "c435_scale_1434",
      "c471_scale_1470",
      "c494_scale_1493",
      "c918_scale_917",
      "c364_scale_363",
      "c509_scale_508",
      "c835_scale_834",
      "c364_scale_1363",
      "c162_scale_161",
      "c482_scale_481",
      "c920_scale_919"
    ],
    "edge-7": [
      "c161_scale_160",
      "c925_scale_924",
      "c161_scale_1160",
      "c790_scale_789",
      "c407_scale_406",
      "c407_scale_1406",
      "c007_scale_6",
      "c843_scale_842",
      "c007_scale_1006",
      "c031_scale_30",
      "c103_scale_102",
      "c282_scale_281",
      "c031_scale_1030",
      "c103_scale_1102",
      "c282_scale_1281",
      "c374_scale_373",
      "c374_scale_1373",
      "c670_scale_669",
      "c942_scale_941",
      "c512_scale_511",
      "c785_scale_784",
      "c145_scale_144",
      "c541_scale_540",
      "c976_scale_975"
    ],
    "edge-8": [
      "c987_scale_986",
      "c235_scale_234",
      "c235_scale_1234",
      "c540_scale_539",
      "c462_scale_461",
      "c462_scale_1461",
      "c333_scale_332",
      "c344_scale_343",
      "c491_scale_490",
      "c754_scale_753",
      "c333_scale_1332",
      "c344_scale_1343",
      "c491_scale_1490",
      "c715_scale_714",
      "c299_scale_298",
      "c684_scale_683",
      "c299_scale_1298",
      "c636_scale_635",
      "c766_scale_765",
      "c210_scale_1209",
      "c202_scale_201",
      "c412_scale_411",
      "c203_scale_1202"
    ],
    "edge-9": [
      "c085_scale_84",
      "c085_scale_1084",
      "c075_scale_74",
      "c075_scale_1074",
      "c110_scale_109",
      "c110_scale_1109",
      "c057_scale_56",
      "c290_scale_289",
      "c382_scale_381",
      "c057_scale_1056",
      "c290_scale_1289",
      "c382_scale_1381",
      "c422_scale_421",
      "c732_scale_731",
      "c422_scale_1421",
      "c637_scale_636",
      "c046_scale_45",
      "c046_scale_1045",
      "c259_scale_258",
      "c259_scale_1258",
      "c465_scale_1464",
      "c115_scale_114",
      "c115_scale_1114"
    ],
    "edge-10": [
      "c928_scale_927",
      "c286_scale_285",
      "c286_scale_1285",
      "c237_scale_236",
      "c738_scale_737",
      "c237_scale_1236",
      "c023_scale_22",
      "c023_scale_1022",
      "c472_scale_471",
      "c472_scale_1471",
      "c630_scale_629",
      "c473_scale_472",
      "c473_scale_1472",
      "c055_scale_54",
      "c055_scale_1054",
      "c395_scale_394",
      "c673_scale_672",
      "c972_scale_971",
      "c395_scale_1394",
      "c801_scale_800",
      "c909_scale_908",
      "c211_scale_1210",
      "c310_scale_1309"
    ],
    "edge-11": [
      "c690_scale_689",
      "c570_scale_569",
      "c862_scale_861",
      "c559_scale_558",
      "c142_scale_141",
      "c142_scale_1141",
      "c982_scale_981",
      "c736_scale_735",
      "c243_scale_242",
      "c295_scale_294",
      "c483_scale_482",
      "c243_scale_1242",
      "c295_scale_1294",
      "c483_scale_1482",
      "c318_scale_317",
      "c318_scale_1317",
      "c875_scale_874",
      "c548_scale_547",
      "c723_scale_722",
      "c102_scale_101",
      "c102_scale_1101"
    ],
    "edge-12": [
      "c551_scale_550",
      "c071_scale_70",
      "c336_scale_335",
      "c981_scale_980",
      "c071_scale_1070",
      "c336_scale_1335",
      "c930_scale_929",
      "c959_scale_958",
      "c984_scale_983",
      "c426_scale_425",
      "c426_scale_1425",
      "c083_scale_82",
      "c401_scale_400",
      "c589_scale_588",
      "c629_scale_628",
      "c730_scale_729",
      "c753_scale_752",
      "c083_scale_1082",
      "c401_scale_1400",
      "c921_scale_920",
      "c444_scale_443",
      "c845_scale_844",
      "c202_scale_1201",
      "c412_scale_1411"
    ]
  },
  "ordered_queues": {
    "edge-1": [
      "c041_scale_40",
      "c053_scale_52",
      "c068_scale_1067",
      "c068_scale_67",
      "c154_scale_1153",
      "c154_scale_153",
      "c189_scale_188",
      "c203_scale_202",
      "c230_scale_229",
      "c264_scale_1263",
      "c264_scale_263",
      "c459_scale_1458",
      "c459_scale_458",
      "c562_scale_561",
      "c782_scale_781",
      "c844_scale_843",
      "c871_scale_870",
      "c580_scale_579",
      "c024_scale_1023",
      "c024_scale_23",
      "c213_scale_1212",
      "c213_scale_212",
      "c592_scale_591",
      "c712_scale_711"
    ],
    "edge-2": [
      "c211_scale_210",
      "c280_scale_279",
      "c310_scale_309",
      "c315_scale_314",
      "c378_scale_377",
      "c537_scale_536",
      "c572_scale_571",
      "c591_scale_590",
      "c678_scale_677",
      "c398_scale_1397",
      "c398_scale_397",
      "c795_scale_794",
      "c935_scale_934",
      "c484_scale_1483",
      "c484_scale_483",
      "c091_scale_1090",
      "c091_scale_90",
      "c350_scale_1349",
      "c350_scale_349",
      "c162_scale_1161",
      "c273_scale_1272",
      "c273_scale_272",
      "c482_scale_1481",
      "c444_scale_1443"
    ],
    "edge-3": [
      "c158_scale_1157",
      "c158_scale_157",
      "c230_scale_1229",
      "c280_scale_1279",
      "c315_scale_1314",
      "c351_scale_1350",
      "c351_scale_350",
      "c378_scale_1377",
      "c468_scale_1467",
      "c468_scale_467",
      "c787_scale_786",
      "c926_scale_925",
      "c145_scale_1144",
      "c376_scale_375",
      "c167_scale_1166",
      "c167_scale_166",
      "c597_scale_596",
      "c504_scale_503",
      "c583_scale_582",
      "c988_scale_987",
      "c210_scale_209",
      "c867_scale_866"
    ],
    "edge-4": [
      "c041_scale_1040",
      "c053_scale_1052",
      "c189_scale_1188",
      "c503_scale_502",
      "c761_scale_760",
      "c775_scale_774",
      "c805_scale_804",
      "c992_scale_991",
      "c042_scale_1041",
      "c042_scale_41",
      "c138_scale_1137",
      "c138_scale_137",
      "c418_scale_1417",
      "c418_scale_417",
      "c437_scale_1436",
      "c437_scale_436",
      "c725_scale_724",
      "c876_scale_875",
      "c360_scale_1359",
      "c360_scale_359",
      "c380_scale_1379",
      "c380_scale_379",
      "c443_scale_1442",
      "c443_scale_442"
    ],
    "edge-5": [
      "c256_scale_1255",
      "c256_scale_255",
      "c375_scale_1374",
      "c375_scale_374",
      "c659_scale_658",
      "c661_scale_660",
      "c689_scale_688",
      "c978_scale_977",
      "c525_scale_524",
      "c955_scale_954",
      "c693_scale_692",
      "c874_scale_873",
      "c903_scale_902",
      "c376_scale_1375",
      "c748_scale_747",
      "c269_scale_1268",
      "c269_scale_268",
      "c532_scale_531",
      "c582_scale_581",
      "c465_scale_464",
      "c250_scale_1249",
      "c250_scale_249",
      "c873_scale_872"
    ],
    "edge-6": [
      "c162_scale_161",
      "c364_scale_1363",
      "c364_scale_363",
      "c369_scale_1368",
      "c369_scale_368",
      "c435_scale_1434",
      "c435_scale_434",
      "c471_scale_1470",
      "c471_scale_470",
      "c482_scale_481",
      "c494_scale_1493",
      "c494_scale_493",
      "c509_scale_508",
      "c568_scale_567",
      "c676_scale_675",
      "c777_scale_776",
      "c833_scale_832",
      "c835_scale_834",
      "c228_scale_1227",
      "c228_scale_227",
      "c025_scale_1024",
      "c025_scale_24",
      "c918_scale_917",
      "c920_scale_919"
    ],
    "edge-7": [
      "c031_scale_1030",
      "c031_scale_30",
      "c103_scale_102",
      "c103_scale_1102",
      "c161_scale_1160",
      "c161_scale_160",
      "c282_scale_1281",
      "c282_scale_281",
      "c790_scale_789",
      "c925_scale_924",
      "c942_scale_941",
      "c145_scale_144",
      "c541_scale_540",
      "c785_scale_784",
      "c407_scale_1406",
      "c407_scale_406",
      "c374_scale_1373",
      "c374_scale_373",
      "c007_scale_1006",
      "c007_scale_6",
      "c843_scale_842",
      "c512_scale_511",
      "c976_scale_975",
      "c670_scale_669"
    ],
    "edge-8": [
      "c235_scale_1234",
      "c235_scale_234",
      "c333_scale_1332",
      "c333_scale_332",
      "c344_scale_1343",
      "c344_scale_343",
      "c491_scale_1490",
      "c491_scale_490",
      "c754_scale_753",
      "c766_scale_765",
      "c987_scale_986",
      "c299_scale_1298",
      "c299_scale_298",
      "c684_scale_683",
      "c462_scale_1461",
      "c462_scale_461",
      "c636_scale_635",
      "c540_scale_539",
      "c715_scale_714",
      "c202_scale_201",
      "c412_scale_411",
      "c210_scale_1209",
      "c203_scale_1202"
    ],
    "edge-9": [
      "c057_scale_1056",
      "c057_scale_56",
      "c110_scale_109",
      "c110_scale_1109",
      "c290_scale_1289",
      "c290_scale_289",
      "c382_scale_1381",
      "c382_scale_381",
      "c637_scale_636",
      "c085_scale_1084",
      "c085_scale_84",
      "c115_scale_1114",
      "c115_scale_114",
      "c465_scale_1464",
      "c075_scale_1074",
      "c075_scale_74",
      "c422_scale_1421",
      "c422_scale_421",
      "c732_scale_731",
      "c259_scale_1258",
      "c259_scale_258",
      "c046_scale_1045",
      "c046_scale_45"
    ],
    "edge-10": [
      "c023_scale_1022",
      "c023_scale_22",
      "c286_scale_1285",
      "c286_scale_285",
      "c395_scale_1394",
      "c395_scale_394",
      "c472_scale_1471",
      "c472_scale_471",
      "c673_scale_672",
      "c972_scale_971",
      "c630_scale_629",
      "c928_scale_927",
      "c055_scale_1054",
      "c055_scale_54",
      "c237_scale_1236",
      "c237_scale_236",
      "c738_scale_737",
      "c473_scale_1472",
      "c473_scale_472",
      "c211_scale_1210",
      "c310_scale_1309",
      "c801_scale_800",
      "c909_scale_908"
    ],
    "edge-11": [
      "c243_scale_1242",
      "c243_scale_242",
      "c295_scale_1294",
      "c295_scale_294",
      "c483_scale_1482",
      "c483_scale_482",
      "c723_scale_722",
      "c102_scale_101",
      "c102_scale_1101",
      "c142_scale_1141",
      "c142_scale_141",
      "c548_scale_547",
      "c559_scale_558",
      "c570_scale_569",
      "c736_scale_735",
      "c318_scale_1317",
      "c318_scale_317",
      "c982_scale_981",
      "c875_scale_874",
      "c690_scale_689",
      "c862_scale_861"
    ],
    "edge-12": [
      "c071_scale_1070",
      "c071_scale_70",
      "c083_scale_1082",
      "c083_scale_82",
      "c336_scale_1335",
      "c336_scale_335",
      "c401_scale_1400",
      "c401_scale_400",
      "c589_scale_588",
      "c629_scale_628",
      "c730_scale_729",
      "c753_scale_752",
      "c930_scale_929",
      "c959_scale_958",
      "c981_scale_980",
      "c984_scale_983",
      "c426_scale_1425",
      "c426_scale_425",
      "c551_scale_550",
      "c921_scale_920",
      "c202_scale_1201",
      "c412_scale_1411",
      "c444_scale_443",
      "c845_scale_844"
    ]
  }
}
