{
  "summary": {
    "algo": "FG-DSCR-GC-K8s-selected",
    "num_containers": 400,
    "num_assigned": 152,
    "num_failed": 248,
    "fail_rate": 0.62,
    "num_nodes": 8,
    "ACT": 183.3487664473684,
    "AMS": 352.21458333333334,
    "downloaded_mb": 24500,
    "reused_mb": 50231,
    "reuse_rate": 0.6721574714643187,
    "objective_base": 267.78167489035087,
    "fail_penalty": 620.0,
    "lambda_fail": 1000.0,
    "objective": 887.7816748903508
  },
  "assignment": {
    "edge-1": [
      "c285_scale_284",
      "c021_scale_20",
      "c020_scale_19",
      "c362_scale_361",
      "c211_scale_210",
      "c235_scale_234",
      "c193_scale_192",
      "c376_scale_375",
      "c379_scale_378",
      "c090_scale_89",
      "c237_scale_236",
      "c310_scale_309",
      "c369_scale_368",
      "c305_scale_304",
      "c104_scale_103",
      "c207_scale_206"
    ],
    "edge-2": [
      "c368_scale_367",
      "c308_scale_307",
      "c068_scale_67",
      "c335_scale_334",
      "c226_scale_225",
      "c233_scale_232",
      "c131_scale_130",
      "c080_scale_79",
      "c194_scale_193",
      "c359_scale_358",
      "c065_scale_64",
      "c150_scale_149",
      "c272_scale_271",
      "c038_scale_37",
      "c050_scale_49",
      "c161_scale_160",
      "c201_scale_200",
      "c228_scale_227",
      "c279_scale_278",
      "c377_scale_376",
      "c154_scale_153",
      "c350_scale_349",
      "c373_scale_372",
      "c209_scale_208"
    ],
    "edge-3": [
      "c175_scale_174",
      "c086_scale_85",
      "c030_scale_29",
      "c281_scale_280",
      "c141_scale_140",
      "c122_scale_121",
      "c313_scale_312",
      "c179_scale_178",
      "c336_scale_335",
      "c213_scale_212",
      "c283_scale_282",
      "c264_scale_263",
      "c322_scale_321",
      "c331_scale_330",
      "c282_scale_281",
      "c061_scale_60",
      "c013_scale_12",
      "c244_scale_243",
      "c314_scale_313"
    ],
    "edge-4": [
      "c164_scale_163",
      "c398_scale_397",
      "c289_scale_288",
      "c192_scale_191",
      "c241_scale_240",
      "c208_scale_207",
      "c200_scale_199",
      "c375_scale_374",
      "c053_scale_52",
      "c300_scale_299",
      "c389_scale_388",
      "c133_scale_132",
      "c287_scale_286",
      "c140_scale_139",
      "c210_scale_209",
      "c067_scale_66",
      "c142_scale_141",
      "c337_scale_336",
      "c225_scale_224",
      "c066_scale_65"
    ],
    "edge-5": [
      "c022_scale_21",
      "c115_scale_114",
      "c004_scale_3",
      "c268_scale_267",
      "c055_scale_54",
      "c159_scale_158",
      "c137_scale_136",
      "c269_scale_268",
      "c153_scale_152",
      "c261_scale_260",
      "c367_scale_366",
      "c227_scale_226",
      "c318_scale_317",
      "c145_scale_144",
      "c386_scale_385",
      "c293_scale_292",
      "c026_scale_25"
    ],
    "edge-6": [
      "c374_scale_373",
      "c106_scale_105",
      "c054_scale_53",
      "c381_scale_380",
      "c039_scale_38",
      "c043_scale_42",
      "c170_scale_169",
      "c069_scale_68",
      "c238_scale_237",
      "c250_scale_249",
      "c302_scale_301",
      "c108_scale_107",
      "c110_scale_109",
      "c196_scale_195",
      "c002_scale_1",
      "c128_scale_127",
      "c198_scale_197",
      "c223_scale_222",
      "c036_scale_35"
    ],
    "edge-7": [
      "c172_scale_171",
      "c113_scale_112",
      "c084_scale_83",
      "c098_scale_97",
      "c317_scale_316",
      "c255_scale_254",
      "c077_scale_76",
      "c169_scale_168",
      "c063_scale_62",
      "c354_scale_353",
      "c303_scale_302",
      "c316_scale_315",
      "c393_scale_392",
      "c099_scale_98",
      "c349_scale_348",
      "c311_scale_310",
      "c076_scale_75",
      "c390_scale_389"
    ],
    "edge-8": [
      "c332_scale_331",
      "c343_scale_342",
      "c052_scale_51",
      "c087_scale_86",
      "c248_scale_247",
      "c057_scale_56",
      "c249_scale_248",
      "c271_scale_270",
      "c291_scale_290",
      "c155_scale_154",
      "c182_scale_181",
      "c256_scale_255",
      "c135_scale_134",
      "c203_scale_202",
      "c204_scale_203",
      "c230_scale_229",
      "c060_scale_59",
      "c360_scale_359",
      "c257_scale_256"
    ]
  },
  "ordered_queues": {
    "edge-1": [
      "c090_scale_89",
      "c020_scale_19",
      "c021_scale_20",
      "c211_scale_210",
      "c285_scale_284",
      "c310_scale_309",
      "c362_scale_361",
      "c376_scale_375",
      "c379_scale_378",
      "c305_scale_304",
      "c369_scale_368",
      "c104_scale_103",
      "c207_scale_206",
      "c193_scale_192",
      "c235_scale_234",
      "c237_scale_236"
    ],
    "edge-2": [
      "c038_scale_37",
      "c050_scale_49",
      "c065_scale_64",
      "c068_scale_67",
      "c080_scale_79",
      "c150_scale_149",
      "c154_scale_153",
      "c161_scale_160",
      "c201_scale_200",
      "c209_scale_208",
      "c228_scale_227",
      "c233_scale_232",
      "c279_scale_278",
      "c335_scale_334",
      "c350_scale_349",
      "c373_scale_372",
      "c377_scale_376",
      "c308_scale_307",
      "c194_scale_193",
      "c131_scale_130",
      "c226_scale_225",
      "c359_scale_358",
      "c272_scale_271",
      "c368_scale_367"
    ],
    "edge-3": [
      "c141_scale_140",
      "c086_scale_85",
      "c122_scale_121",
      "c179_scale_178",
      "c313_scale_312",
      "c336_scale_335",
      "c175_scale_174",
      "c013_scale_12",
      "c030_scale_29",
      "c213_scale_212",
      "c244_scale_243",
      "c281_scale_280",
      "c331_scale_330",
      "c283_scale_282",
      "c061_scale_60",
      "c264_scale_263",
      "c282_scale_281",
      "c314_scale_313",
      "c322_scale_321"
    ],
    "edge-4": [
      "c133_scale_132",
      "c140_scale_139",
      "c142_scale_141",
      "c192_scale_191",
      "c241_scale_240",
      "c287_scale_286",
      "c337_scale_336",
      "c398_scale_397",
      "c208_scale_207",
      "c210_scale_209",
      "c375_scale_374",
      "c164_scale_163",
      "c067_scale_66",
      "c200_scale_199",
      "c289_scale_288",
      "c053_scale_52",
      "c300_scale_299",
      "c389_scale_388",
      "c066_scale_65",
      "c225_scale_224"
    ],
    "edge-5": [
      "c022_scale_21",
      "c115_scale_114",
      "c153_scale_152",
      "c268_scale_267",
      "c318_scale_317",
      "c159_scale_158",
      "c227_scale_226",
      "c261_scale_260",
      "c367_scale_366",
      "c386_scale_385",
      "c055_scale_54",
      "c137_scale_136",
      "c269_scale_268",
      "c004_scale_3",
      "c293_scale_292",
      "c145_scale_144",
      "c026_scale_25"
    ],
    "edge-6": [
      "c108_scale_107",
      "c110_scale_109",
      "c128_scale_127",
      "c196_scale_195",
      "c198_scale_197",
      "c238_scale_237",
      "c250_scale_249",
      "c302_scale_301",
      "c054_scale_53",
      "c069_scale_68",
      "c106_scale_105",
      "c381_scale_380",
      "c002_scale_1",
      "c039_scale_38",
      "c043_scale_42",
      "c170_scale_169",
      "c223_scale_222",
      "c374_scale_373",
      "c036_scale_35"
    ],
    "edge-7": [
      "c098_scale_97",
      "c255_scale_254",
      "c311_scale_310",
      "c076_scale_75",
      "c084_scale_83",
      "c099_scale_98",
      "c354_scale_353",
      "c063_scale_62",
      "c077_scale_76",
      "c113_scale_112",
      "c169_scale_168",
      "c172_scale_171",
      "c317_scale_316",
      "c303_scale_302",
      "c316_scale_315",
      "c349_scale_348",
      "c390_scale_389",
      "c393_scale_392"
    ],
    "edge-8": [
      "c057_scale_56",
      "c155_scale_154",
      "c182_scale_181",
      "c203_scale_202",
      "c249_scale_248",
      "c271_scale_270",
      "c291_scale_290",
      "c087_scale_86",
      "c135_scale_134",
      "c204_scale_203",
      "c248_scale_247",
      "c052_scale_51",
      "c256_scale_255",
      "c060_scale_59",
      "c360_scale_359",
      "c332_scale_331",
      "c343_scale_342",
      "c230_scale_229",
      "c257_scale_256"
    ]
  }
}
