{
  "summary": {
    "algo": "FG-DSCR-GC-K8s-selected",
    "num_containers": 1500,
    "num_assigned": 307,
    "num_failed": 1193,
    "fail_rate": 0.7953333333333333,
    "num_nodes": 14,
    "ACT": 192.42577361563517,
    "AMS": 366.9928571428572,
    "downloaded_mb": 22916,
    "reused_mb": 130528,
    "reuse_rate": 0.8506556137744063,
    "objective_base": 279.70931537924616,
    "fail_penalty": 795.3333333333334,
    "lambda_fail": 1000.0,
    "objective": 1075.0426487125796
  },
  "assignment": {
    "edge-1": [
      "c747_scale_746",
      "c585_scale_584",
      "c673_scale_672",
      "c705_scale_704",
      "c281_scale_280",
      "c281_scale_1280",
      "c729_scale_728",
      "c590_scale_589",
      "c193_scale_192",
      "c436_scale_435",
      "c840_scale_839",
      "c193_scale_1192",
      "c436_scale_1435",
      "c683_scale_682",
      "c047_scale_46",
      "c305_scale_304",
      "c047_scale_1046",
      "c305_scale_1304",
      "c172_scale_171",
      "c172_scale_1171",
      "c776_scale_775"
    ],
    "edge-2": [
      "c934_scale_933",
      "c930_scale_929",
      "c390_scale_389",
      "c390_scale_1389",
      "c834_scale_833",
      "c787_scale_786",
      "c860_scale_859",
      "c132_scale_131",
      "c132_scale_1131",
      "c241_scale_240",
      "c241_scale_1240",
      "c201_scale_1200",
      "c356_scale_1355",
      "c672_scale_671",
      "c135_scale_134",
      "c535_scale_534",
      "c135_scale_1134",
      "c611_scale_610",
      "c892_scale_891",
      "c923_scale_922",
      "c901_scale_900"
    ],
    "edge-3": [
      "c096_scale_95",
      "c151_scale_150",
      "c096_scale_1095",
      "c151_scale_1150",
      "c119_scale_118",
      "c576_scale_575",
      "c671_scale_670",
      "c119_scale_1118",
      "c231_scale_230",
      "c380_scale_379",
      "c633_scale_632",
      "c782_scale_781",
      "c231_scale_1230",
      "c380_scale_1379",
      "c022_scale_21",
      "c273_scale_272",
      "c600_scale_599",
      "c022_scale_1021",
      "c273_scale_1272",
      "c938_scale_937",
      "c579_scale_578",
      "c595_scale_594",
      "c415_scale_414",
      "c415_scale_1414"
    ],
    "edge-4": [
      "c352_scale_351",
      "c352_scale_1351",
      "c623_scale_622",
      "c545_scale_544",
      "c195_scale_194",
      "c333_scale_332",
      "c698_scale_697",
      "c916_scale_915",
      "c195_scale_1194",
      "c333_scale_1332",
      "c561_scale_560",
      "c014_scale_13",
      "c869_scale_868",
      "c014_scale_1013",
      "c418_scale_417",
      "c418_scale_1417",
      "c427_scale_426",
      "c463_scale_462",
      "c427_scale_1426",
      "c463_scale_1462",
      "c969_scale_968",
      "c060_scale_59",
      "c804_scale_803",
      "c921_scale_920"
    ],
    "edge-5": [
      "c076_scale_75",
      "c076_scale_1075",
      "c060_scale_1059",
      "c902_scale_901",
      "c088_scale_87",
      "c088_scale_1087",
      "c503_scale_502",
      "c253_scale_252",
      "c618_scale_617",
      "c253_scale_1252",
      "c290_scale_289",
      "c677_scale_676",
      "c290_scale_1289",
      "c487_scale_486",
      "c487_scale_1486",
      "c377_scale_376",
      "c377_scale_1376",
      "c201_scale_200",
      "c356_scale_355",
      "c807_scale_806",
      "c070_scale_69",
      "c577_scale_576"
    ],
    "edge-6": [
      "c970_scale_969",
      "c973_scale_972",
      "c619_scale_618",
      "c708_scale_707",
      "c203_scale_202",
      "c292_scale_291",
      "c374_scale_373",
      "c203_scale_1202",
      "c292_scale_1291",
      "c374_scale_1373",
      "c225_scale_224",
      "c225_scale_1224",
      "c082_scale_81",
      "c082_scale_1081",
      "c614_scale_613",
      "c543_scale_542",
      "c640_scale_639",
      "c748_scale_747",
      "c991_scale_990",
      "c357_scale_356",
      "c886_scale_885",
      "c242_scale_1241",
      "c224_scale_223"
    ],
    "edge-7": [
      "c016_scale_15",
      "c016_scale_1015",
      "c809_scale_808",
      "c324_scale_323",
      "c531_scale_530",
      "c324_scale_1323",
      "c647_scale_646",
      "c829_scale_828",
      "c301_scale_300",
      "c306_scale_305",
      "c497_scale_496",
      "c621_scale_620",
      "c793_scale_792",
      "c904_scale_903",
      "c917_scale_916",
      "c926_scale_925",
      "c202_scale_1201",
      "c301_scale_1300",
      "c306_scale_1305",
      "c539_scale_538",
      "c620_scale_619",
      "c489_scale_488"
    ],
    "edge-8": [
      "c866_scale_865",
      "c062_scale_61",
      "c533_scale_532",
      "c978_scale_977",
      "c062_scale_1061",
      "c485_scale_484",
      "c556_scale_555",
      "c682_scale_681",
      "c743_scale_742",
      "c838_scale_837",
      "c981_scale_980",
      "c993_scale_992",
      "c485_scale_1484",
      "c074_scale_73",
      "c331_scale_330",
      "c393_scale_392",
      "c429_scale_428",
      "c582_scale_581",
      "c664_scale_663",
      "c723_scale_722",
      "c872_scale_871",
      "c992_scale_991",
      "c074_scale_1073",
      "c331_scale_1330"
    ],
    "edge-9": [
      "c566_scale_565",
      "c399_scale_398",
      "c399_scale_1398",
      "c456_scale_455",
      "c456_scale_1455",
      "c745_scale_744",
      "c856_scale_855",
      "c166_scale_165",
      "c966_scale_965",
      "c166_scale_1165",
      "c865_scale_864",
      "c368_scale_367",
      "c368_scale_1367",
      "c127_scale_126",
      "c387_scale_386",
      "c394_scale_393",
      "c263_scale_1262",
      "c373_scale_1372",
      "c070_scale_1069"
    ],
    "edge-10": [
      "c367_scale_366",
      "c367_scale_1366",
      "c066_scale_65",
      "c066_scale_1065",
      "c652_scale_651",
      "c975_scale_974",
      "c584_scale_583",
      "c753_scale_752",
      "c769_scale_768",
      "c797_scale_796",
      "c990_scale_989",
      "c032_scale_1031",
      "c044_scale_1043",
      "c194_scale_1193",
      "c271_scale_1270",
      "c370_scale_1369",
      "c454_scale_1453",
      "c037_scale_36",
      "c148_scale_147",
      "c343_scale_342",
      "c366_scale_365",
      "c460_scale_459",
      "c779_scale_778",
      "c393_scale_1392"
    ],
    "edge-11": [
      "c498_scale_497",
      "c498_scale_1497",
      "c187_scale_186",
      "c100_scale_99",
      "c100_scale_1099",
      "c048_scale_47",
      "c048_scale_1047",
      "c630_scale_629",
      "c890_scale_889",
      "c404_scale_403",
      "c404_scale_1403",
      "c497_scale_1496",
      "c430_scale_429",
      "c666_scale_665",
      "c430_scale_1429",
      "c051_scale_50",
      "c517_scale_516",
      "c852_scale_851",
      "c489_scale_1488",
      "c761_scale_760"
    ],
    "edge-12": [
      "c656_scale_655",
      "c681_scale_680",
      "c731_scale_730",
      "c429_scale_1428",
      "c144_scale_143",
      "c451_scale_450",
      "c867_scale_866",
      "c986_scale_985",
      "c144_scale_1143",
      "c451_scale_1450",
      "c247_scale_246",
      "c247_scale_1246",
      "c032_scale_31",
      "c044_scale_43",
      "c194_scale_193",
      "c271_scale_270",
      "c370_scale_369",
      "c454_scale_453",
      "c565_scale_564",
      "c242_scale_241",
      "c263_scale_262",
      "c373_scale_372",
      "c202_scale_201"
    ],
    "edge-13": [
      "c861_scale_860",
      "c979_scale_978",
      "c357_scale_1356",
      "c260_scale_259",
      "c575_scale_574",
      "c260_scale_1259",
      "c049_scale_48",
      "c049_scale_1048",
      "c250_scale_249",
      "c250_scale_1249",
      "c932_scale_931",
      "c639_scale_638",
      "c915_scale_914",
      "c127_scale_1126",
      "c387_scale_1386",
      "c394_scale_1393",
      "c134_scale_133",
      "c134_scale_1133"
    ],
    "edge-14": [
      "c412_scale_411",
      "c412_scale_1411",
      "c913_scale_912",
      "c187_scale_1186",
      "c059_scale_58",
      "c059_scale_1058",
      "c563_scale_562",
      "c553_scale_552",
      "c053_scale_52",
      "c053_scale_1052",
      "c922_scale_921",
      "c956_scale_955",
      "c037_scale_1036",
      "c148_scale_1147",
      "c343_scale_1342",
      "c366_scale_1365",
      "c460_scale_1459",
      "c542_scale_541",
      "c968_scale_967",
      "c051_scale_1050",
      "c224_scale_1223",
      "c883_scale_882"
    ]
  },
  "ordered_queues": {
    "edge-1": [
      "c193_scale_1192",
      "c193_scale_192",
      "c281_scale_1280",
      "c281_scale_280",
      "c436_scale_1435",
      "c436_scale_435",
      "c585_scale_584",
      "c673_scale_672",
      "c705_scale_704",
      "c729_scale_728",
      "c747_scale_746",
      "c840_scale_839",
      "c047_scale_1046",
      "c047_scale_46",
      "c172_scale_1171",
      "c172_scale_171",
      "c305_scale_1304",
      "c305_scale_304",
      "c683_scale_682",
      "c590_scale_589",
      "c776_scale_775"
    ],
    "edge-2": [
      "c390_scale_1389",
      "c390_scale_389",
      "c787_scale_786",
      "c834_scale_833",
      "c860_scale_859",
      "c930_scale_929",
      "c132_scale_1131",
      "c132_scale_131",
      "c135_scale_1134",
      "c135_scale_134",
      "c535_scale_534",
      "c241_scale_1240",
      "c241_scale_240",
      "c611_scale_610",
      "c892_scale_891",
      "c934_scale_933",
      "c201_scale_1200",
      "c356_scale_1355",
      "c672_scale_671",
      "c923_scale_922",
      "c901_scale_900"
    ],
    "edge-3": [
      "c022_scale_1021",
      "c022_scale_21",
      "c096_scale_1095",
      "c096_scale_95",
      "c119_scale_1118",
      "c119_scale_118",
      "c151_scale_1150",
      "c151_scale_150",
      "c231_scale_1230",
      "c231_scale_230",
      "c273_scale_1272",
      "c273_scale_272",
      "c380_scale_1379",
      "c380_scale_379",
      "c415_scale_1414",
      "c415_scale_414",
      "c576_scale_575",
      "c600_scale_599",
      "c633_scale_632",
      "c671_scale_670",
      "c782_scale_781",
      "c938_scale_937",
      "c579_scale_578",
      "c595_scale_594"
    ],
    "edge-4": [
      "c014_scale_1013",
      "c014_scale_13",
      "c060_scale_59",
      "c195_scale_1194",
      "c195_scale_194",
      "c333_scale_1332",
      "c333_scale_332",
      "c698_scale_697",
      "c804_scale_803",
      "c869_scale_868",
      "c916_scale_915",
      "c969_scale_968",
      "c427_scale_1426",
      "c427_scale_426",
      "c463_scale_1462",
      "c463_scale_462",
      "c561_scale_560",
      "c623_scale_622",
      "c418_scale_1417",
      "c418_scale_417",
      "c545_scale_544",
      "c352_scale_1351",
      "c352_scale_351",
      "c921_scale_920"
    ],
    "edge-5": [
      "c060_scale_1059",
      "c088_scale_1087",
      "c088_scale_87",
      "c253_scale_1252",
      "c253_scale_252",
      "c377_scale_1376",
      "c377_scale_376",
      "c577_scale_576",
      "c618_scale_617",
      "c201_scale_200",
      "c356_scale_355",
      "c487_scale_1486",
      "c487_scale_486",
      "c503_scale_502",
      "c807_scale_806",
      "c902_scale_901",
      "c076_scale_1075",
      "c076_scale_75",
      "c290_scale_1289",
      "c290_scale_289",
      "c677_scale_676",
      "c070_scale_69"
    ],
    "edge-6": [
      "c203_scale_1202",
      "c203_scale_202",
      "c225_scale_1224",
      "c225_scale_224",
      "c292_scale_1291",
      "c292_scale_291",
      "c374_scale_1373",
      "c374_scale_373",
      "c543_scale_542",
      "c619_scale_618",
      "c640_scale_639",
      "c708_scale_707",
      "c748_scale_747",
      "c970_scale_969",
      "c973_scale_972",
      "c991_scale_990",
      "c082_scale_1081",
      "c082_scale_81",
      "c614_scale_613",
      "c224_scale_223",
      "c357_scale_356",
      "c242_scale_1241",
      "c886_scale_885"
    ],
    "edge-7": [
      "c202_scale_1201",
      "c301_scale_1300",
      "c301_scale_300",
      "c306_scale_1305",
      "c306_scale_305",
      "c497_scale_496",
      "c539_scale_538",
      "c620_scale_619",
      "c621_scale_620",
      "c793_scale_792",
      "c904_scale_903",
      "c917_scale_916",
      "c926_scale_925",
      "c489_scale_488",
      "c809_scale_808",
      "c016_scale_1015",
      "c016_scale_15",
      "c647_scale_646",
      "c324_scale_1323",
      "c324_scale_323",
      "c531_scale_530",
      "c829_scale_828"
    ],
    "edge-8": [
      "c062_scale_1061",
      "c062_scale_61",
      "c074_scale_1073",
      "c074_scale_73",
      "c331_scale_1330",
      "c331_scale_330",
      "c393_scale_392",
      "c429_scale_428",
      "c485_scale_1484",
      "c485_scale_484",
      "c533_scale_532",
      "c556_scale_555",
      "c582_scale_581",
      "c664_scale_663",
      "c682_scale_681",
      "c723_scale_722",
      "c743_scale_742",
      "c838_scale_837",
      "c872_scale_871",
      "c978_scale_977",
      "c981_scale_980",
      "c992_scale_991",
      "c993_scale_992",
      "c866_scale_865"
    ],
    "edge-9": [
      "c368_scale_1367",
      "c368_scale_367",
      "c399_scale_1398",
      "c399_scale_398",
      "c070_scale_1069",
      "c456_scale_1455",
      "c456_scale_455",
      "c745_scale_744",
      "c566_scale_565",
      "c856_scale_855",
      "c166_scale_1165",
      "c166_scale_165",
      "c865_scale_864",
      "c966_scale_965",
      "c127_scale_126",
      "c387_scale_386",
      "c394_scale_393",
      "c263_scale_1262",
      "c373_scale_1372"
    ],
    "edge-10": [
      "c032_scale_1031",
      "c037_scale_36",
      "c044_scale_1043",
      "c148_scale_147",
      "c194_scale_1193",
      "c271_scale_1270",
      "c343_scale_342",
      "c366_scale_365",
      "c370_scale_1369",
      "c393_scale_1392",
      "c454_scale_1453",
      "c460_scale_459",
      "c584_scale_583",
      "c753_scale_752",
      "c769_scale_768",
      "c779_scale_778",
      "c797_scale_796",
      "c990_scale_989",
      "c367_scale_1366",
      "c367_scale_366",
      "c652_scale_651",
      "c975_scale_974",
      "c066_scale_1065",
      "c066_scale_65"
    ],
    "edge-11": [
      "c048_scale_1047",
      "c048_scale_47",
      "c100_scale_1099",
      "c100_scale_99",
      "c404_scale_1403",
      "c404_scale_403",
      "c498_scale_1497",
      "c498_scale_497",
      "c517_scale_516",
      "c630_scale_629",
      "c852_scale_851",
      "c890_scale_889",
      "c187_scale_186",
      "c489_scale_1488",
      "c430_scale_1429",
      "c430_scale_429",
      "c666_scale_665",
      "c051_scale_50",
      "c497_scale_1496",
      "c761_scale_760"
    ],
    "edge-12": [
      "c032_scale_31",
      "c044_scale_43",
      "c144_scale_1143",
      "c144_scale_143",
      "c194_scale_193",
      "c202_scale_201",
      "c242_scale_241",
      "c263_scale_262",
      "c271_scale_270",
      "c370_scale_369",
      "c373_scale_372",
      "c429_scale_1428",
      "c451_scale_1450",
      "c451_scale_450",
      "c454_scale_453",
      "c565_scale_564",
      "c867_scale_866",
      "c986_scale_985",
      "c247_scale_1246",
      "c247_scale_246",
      "c656_scale_655",
      "c731_scale_730",
      "c681_scale_680"
    ],
    "edge-13": [
      "c250_scale_1249",
      "c250_scale_249",
      "c260_scale_1259",
      "c260_scale_259",
      "c575_scale_574",
      "c639_scale_638",
      "c861_scale_860",
      "c127_scale_1126",
      "c134_scale_1133",
      "c134_scale_133",
      "c387_scale_1386",
      "c394_scale_1393",
      "c915_scale_914",
      "c049_scale_1048",
      "c049_scale_48",
      "c357_scale_1356",
      "c979_scale_978",
      "c932_scale_931"
    ],
    "edge-14": [
      "c037_scale_1036",
      "c051_scale_1050",
      "c148_scale_1147",
      "c343_scale_1342",
      "c366_scale_1365",
      "c460_scale_1459",
      "c922_scale_921",
      "c956_scale_955",
      "c968_scale_967",
      "c053_scale_1052",
      "c053_scale_52",
      "c542_scale_541",
      "c553_scale_552",
      "c563_scale_562",
      "c913_scale_912",
      "c187_scale_1186",
      "c059_scale_1058",
      "c059_scale_58",
      "c412_scale_1411",
      "c412_scale_411",
      "c224_scale_1223",
      "c883_scale_882"
    ]
  }
}
