{
  "summary": {
    "algo": "FG-DSCR-GC-K8s-selected",
    "num_containers": 200,
    "num_assigned": 182,
    "num_failed": 18,
    "fail_rate": 0.09,
    "num_nodes": 16,
    "ACT": 114.31240842490838,
    "AMS": 210.49296875000002,
    "downloaded_mb": 26277,
    "reused_mb": 62978,
    "reuse_rate": 0.7055963251358467,
    "objective_base": 162.4026885874542,
    "fail_penalty": 90.0,
    "lambda_fail": 1000.0,
    "objective": 252.4026885874542
  },
  "assignment": {
    "edge-1": [
      "c053_scale_52",
      "c047_scale_46",
      "c168_scale_167",
      "c123_scale_122",
      "c075_scale_74",
      "c031_scale_30",
      "c077_scale_76",
      "c025_scale_24",
      "c174_scale_173",
      "c097_scale_96",
      "c156_scale_155"
    ],
    "edge-2": [
      "c195_scale_194",
      "c014_scale_13",
      "c088_scale_87",
      "c177_scale_176",
      "c020_scale_19",
      "c043_scale_42",
      "c056_scale_55",
      "c081_scale_80",
      "c012_scale_11",
      "c152_scale_151",
      "c083_scale_82",
      "c105_scale_104"
    ],
    "edge-3": [
      "c166_scale_165",
      "c091_scale_90",
      "c198_scale_197",
      "c026_scale_25",
      "c115_scale_114",
      "c015_scale_14",
      "c064_scale_63",
      "c078_scale_77",
      "c141_scale_140",
      "c143_scale_142"
    ],
    "edge-4": [
      "c096_scale_95",
      "c151_scale_150",
      "c016_scale_15",
      "c119_scale_118",
      "c187_scale_186",
      "c022_scale_21",
      "c132_scale_131",
      "c135_scale_134",
      "c172_scale_171",
      "c129_scale_128",
      "c196_scale_195",
      "c028_scale_27",
      "c113_scale_112",
      "c045_scale_44",
      "c084_scale_83"
    ],
    "edge-5": [
      "c049_scale_48",
      "c061_scale_60",
      "c067_scale_66",
      "c027_scale_26",
      "c109_scale_108",
      "c021_scale_20",
      "c114_scale_113",
      "c116_scale_115",
      "c065_scale_64",
      "c107_scale_106"
    ],
    "edge-6": [
      "c062_scale_61",
      "c074_scale_73",
      "c144_scale_143",
      "c032_scale_31",
      "c044_scale_43",
      "c194_scale_193",
      "c037_scale_36",
      "c148_scale_147",
      "c051_scale_50",
      "c023_scale_22",
      "c159_scale_158",
      "c190_scale_189",
      "c002_scale_1",
      "c170_scale_169",
      "c040_scale_39"
    ],
    "edge-7": [
      "c193_scale_192",
      "c007_scale_6",
      "c008_scale_7",
      "c160_scale_159",
      "c192_scale_191",
      "c155_scale_154",
      "c111_scale_110",
      "c035_scale_34",
      "c157_scale_156",
      "c147_scale_146"
    ],
    "edge-8": [
      "c076_scale_75",
      "c175_scale_174",
      "c006_scale_5",
      "c158_scale_157",
      "c102_scale_101",
      "c104_scale_103",
      "c189_scale_188",
      "c169_scale_168",
      "c085_scale_84",
      "c145_scale_144",
      "c180_scale_179",
      "c069_scale_68",
      "c133_scale_132"
    ],
    "edge-9": [
      "c127_scale_126",
      "c134_scale_133",
      "c136_scale_135",
      "c163_scale_162",
      "c001_scale_0",
      "c165_scale_164",
      "c024_scale_23",
      "c042_scale_41",
      "c106_scale_105",
      "c153_scale_152",
      "c149_scale_148"
    ],
    "edge-10": [
      "c066_scale_65",
      "c068_scale_67",
      "c183_scale_182",
      "c030_scale_29",
      "c140_scale_139",
      "c005_scale_4",
      "c186_scale_185",
      "c199_scale_198",
      "c110_scale_109"
    ],
    "edge-11": [
      "c120_scale_119",
      "c118_scale_117",
      "c103_scale_102",
      "c034_scale_33",
      "c079_scale_78",
      "c003_scale_2",
      "c173_scale_172",
      "c039_scale_38",
      "c010_scale_9",
      "c086_scale_85"
    ],
    "edge-12": [
      "c060_scale_59",
      "c082_scale_81",
      "c108_scale_107",
      "c178_scale_177",
      "c029_scale_28",
      "c054_scale_53",
      "c041_scale_40",
      "c094_scale_93",
      "c019_scale_18",
      "c013_scale_12",
      "c146_scale_145",
      "c117_scale_116",
      "c063_scale_62"
    ],
    "edge-13": [
      "c131_scale_130",
      "c070_scale_69",
      "c092_scale_91",
      "c099_scale_98",
      "c154_scale_153",
      "c090_scale_89",
      "c128_scale_127",
      "c052_scale_51",
      "c185_scale_184",
      "c038_scale_37"
    ],
    "edge-14": [
      "c059_scale_58",
      "c093_scale_92",
      "c197_scale_196",
      "c122_scale_121",
      "c191_scale_190",
      "c161_scale_160",
      "c181_scale_180",
      "c130_scale_129",
      "c126_scale_125",
      "c057_scale_56",
      "c164_scale_163",
      "c080_scale_79"
    ],
    "edge-15": [
      "c071_scale_70",
      "c058_scale_57",
      "c139_scale_138",
      "c098_scale_97",
      "c200_scale_199",
      "c124_scale_123",
      "c072_scale_71",
      "c179_scale_178",
      "c162_scale_161",
      "c121_scale_120",
      "c046_scale_45"
    ],
    "edge-16": [
      "c100_scale_99",
      "c048_scale_47",
      "c095_scale_94",
      "c017_scale_16",
      "c171_scale_170",
      "c073_scale_72",
      "c150_scale_149",
      "c050_scale_49",
      "c138_scale_137",
      "c011_scale_10"
    ]
  },
  "ordered_queues": {
    "edge-1": [
      "c025_scale_24",
      "c031_scale_30",
      "c047_scale_46",
      "c053_scale_52",
      "c077_scale_76",
      "c123_scale_122",
      "c097_scale_96",
      "c174_scale_173",
      "c075_scale_74",
      "c168_scale_167",
      "c156_scale_155"
    ],
    "edge-2": [
      "c014_scale_13",
      "c043_scale_42",
      "c088_scale_87",
      "c195_scale_194",
      "c020_scale_19",
      "c056_scale_55",
      "c152_scale_151",
      "c081_scale_80",
      "c012_scale_11",
      "c177_scale_176",
      "c105_scale_104",
      "c083_scale_82"
    ],
    "edge-3": [
      "c091_scale_90",
      "c026_scale_25",
      "c115_scale_114",
      "c166_scale_165",
      "c198_scale_197",
      "c015_scale_14",
      "c064_scale_63",
      "c078_scale_77",
      "c141_scale_140",
      "c143_scale_142"
    ],
    "edge-4": [
      "c022_scale_21",
      "c045_scale_44",
      "c084_scale_83",
      "c096_scale_95",
      "c113_scale_112",
      "c119_scale_118",
      "c151_scale_150",
      "c187_scale_186",
      "c135_scale_134",
      "c132_scale_131",
      "c196_scale_195",
      "c016_scale_15",
      "c129_scale_128",
      "c172_scale_171",
      "c028_scale_27"
    ],
    "edge-5": [
      "c116_scale_115",
      "c109_scale_108",
      "c049_scale_48",
      "c067_scale_66",
      "c027_scale_26",
      "c061_scale_60",
      "c021_scale_20",
      "c114_scale_113",
      "c065_scale_64",
      "c107_scale_106"
    ],
    "edge-6": [
      "c023_scale_22",
      "c032_scale_31",
      "c037_scale_36",
      "c040_scale_39",
      "c044_scale_43",
      "c051_scale_50",
      "c062_scale_61",
      "c074_scale_73",
      "c144_scale_143",
      "c148_scale_147",
      "c159_scale_158",
      "c170_scale_169",
      "c190_scale_189",
      "c194_scale_193",
      "c002_scale_1"
    ],
    "edge-7": [
      "c111_scale_110",
      "c160_scale_159",
      "c007_scale_6",
      "c192_scale_191",
      "c035_scale_34",
      "c147_scale_146",
      "c157_scale_156",
      "c008_scale_7",
      "c155_scale_154",
      "c193_scale_192"
    ],
    "edge-8": [
      "c006_scale_5",
      "c069_scale_68",
      "c102_scale_101",
      "c104_scale_103",
      "c133_scale_132",
      "c145_scale_144",
      "c158_scale_157",
      "c169_scale_168",
      "c175_scale_174",
      "c180_scale_179",
      "c189_scale_188",
      "c085_scale_84",
      "c076_scale_75"
    ],
    "edge-9": [
      "c024_scale_23",
      "c042_scale_41",
      "c106_scale_105",
      "c149_scale_148",
      "c153_scale_152",
      "c165_scale_164",
      "c001_scale_0",
      "c127_scale_126",
      "c134_scale_133",
      "c136_scale_135",
      "c163_scale_162"
    ],
    "edge-10": [
      "c066_scale_65",
      "c068_scale_67",
      "c199_scale_198",
      "c005_scale_4",
      "c110_scale_109",
      "c183_scale_182",
      "c186_scale_185",
      "c030_scale_29",
      "c140_scale_139"
    ],
    "edge-11": [
      "c034_scale_33",
      "c039_scale_38",
      "c118_scale_117",
      "c010_scale_9",
      "c103_scale_102",
      "c120_scale_119",
      "c003_scale_2",
      "c079_scale_78",
      "c086_scale_85",
      "c173_scale_172"
    ],
    "edge-12": [
      "c013_scale_12",
      "c019_scale_18",
      "c041_scale_40",
      "c054_scale_53",
      "c094_scale_93",
      "c146_scale_145",
      "c082_scale_81",
      "c029_scale_28",
      "c060_scale_59",
      "c108_scale_107",
      "c178_scale_177",
      "c117_scale_116",
      "c063_scale_62"
    ],
    "edge-13": [
      "c070_scale_69",
      "c090_scale_89",
      "c099_scale_98",
      "c131_scale_130",
      "c052_scale_51",
      "c092_scale_91",
      "c154_scale_153",
      "c128_scale_127",
      "c185_scale_184",
      "c038_scale_37"
    ],
    "edge-14": [
      "c093_scale_92",
      "c122_scale_121",
      "c126_scale_125",
      "c130_scale_129",
      "c161_scale_160",
      "c164_scale_163",
      "c181_scale_180",
      "c191_scale_190",
      "c057_scale_56",
      "c059_scale_58",
      "c197_scale_196",
      "c080_scale_79"
    ],
    "edge-15": [
      "c071_scale_70",
      "c098_scale_97",
      "c124_scale_123",
      "c139_scale_138",
      "c162_scale_161",
      "c200_scale_199",
      "c058_scale_57",
      "c121_scale_120",
      "c179_scale_178",
      "c072_scale_71",
      "c046_scale_45"
    ],
    "edge-16": [
      "c017_scale_16",
      "c048_scale_47",
      "c050_scale_49",
      "c073_scale_72",
      "c095_scale_94",
      "c100_scale_99",
      "c150_scale_149",
      "c171_scale_170",
      "c011_scale_10",
      "c138_scale_137"
    ]
  }
}
