{
  "summary": {
    "algo": "FG-DSCR-GC-K8s-selected",
    "num_containers": 400,
    "num_assigned": 113,
    "num_failed": 287,
    "fail_rate": 0.7175,
    "num_nodes": 6,
    "ACT": 176.6256637168142,
    "AMS": 340.83194444444445,
    "downloaded_mb": 16846,
    "reused_mb": 41600,
    "reuse_rate": 0.711768127844506,
    "objective_base": 258.7288040806293,
    "fail_penalty": 717.5,
    "lambda_fail": 1000.0,
    "objective": 976.2288040806293
  },
  "assignment": {
    "edge-1": [
      "c390_scale_389",
      "c399_scale_398",
      "c281_scale_280",
      "c132_scale_131",
      "c193_scale_192",
      "c368_scale_367",
      "c127_scale_126",
      "c387_scale_386",
      "c394_scale_393",
      "c134_scale_133",
      "c248_scale_247",
      "c398_scale_397",
      "c102_scale_101",
      "c104_scale_103",
      "c189_scale_188",
      "c217_scale_216",
      "c279_scale_278"
    ],
    "edge-2": [
      "c352_scale_351",
      "c195_scale_194",
      "c333_scale_332",
      "c016_scale_15",
      "c076_scale_75",
      "c014_scale_13",
      "c203_scale_202",
      "c292_scale_291",
      "c374_scale_373",
      "c060_scale_59",
      "c187_scale_186",
      "c225_scale_224",
      "c088_scale_87",
      "c253_scale_252",
      "c290_scale_289",
      "c166_scale_165",
      "c377_scale_376",
      "c201_scale_200",
      "c356_scale_355",
      "c135_scale_134",
      "c328_scale_327",
      "c275_scale_274"
    ],
    "edge-3": [
      "c066_scale_65",
      "c059_scale_58",
      "c247_scale_246",
      "c357_scale_356",
      "c241_scale_240",
      "c049_scale_48",
      "c120_scale_119",
      "c108_scale_107",
      "c068_scale_67",
      "c129_scale_128",
      "c347_scale_346",
      "c261_scale_260",
      "c147_scale_146",
      "c169_scale_168",
      "c085_scale_84",
      "c360_scale_359"
    ],
    "edge-4": [
      "c367_scale_366",
      "c100_scale_99",
      "c082_scale_81",
      "c048_scale_47",
      "c260_scale_259",
      "c250_scale_249",
      "c263_scale_262",
      "c373_scale_372",
      "c283_scale_282",
      "c131_scale_130",
      "c369_scale_368",
      "c063_scale_62",
      "c023_scale_22",
      "c149_scale_148",
      "c175_scale_174",
      "c243_scale_242",
      "c294_scale_293",
      "c070_scale_69"
    ],
    "edge-5": [
      "c062_scale_61",
      "c074_scale_73",
      "c331_scale_330",
      "c393_scale_392",
      "c144_scale_143",
      "c032_scale_31",
      "c044_scale_43",
      "c194_scale_193",
      "c271_scale_270",
      "c370_scale_369",
      "c037_scale_36",
      "c148_scale_147",
      "c343_scale_342",
      "c366_scale_365",
      "c202_scale_201",
      "c301_scale_300",
      "c306_scale_305",
      "c051_scale_50",
      "c242_scale_241",
      "c006_scale_5",
      "c158_scale_157"
    ],
    "edge-6": [
      "c096_scale_95",
      "c151_scale_150",
      "c119_scale_118",
      "c231_scale_230",
      "c380_scale_379",
      "c324_scale_323",
      "c022_scale_21",
      "c273_scale_272",
      "c053_scale_52",
      "c047_scale_46",
      "c305_scale_304",
      "c172_scale_171",
      "c226_scale_225",
      "c095_scale_94",
      "c071_scale_70",
      "c235_scale_234",
      "c295_scale_294",
      "c308_scale_307",
      "c224_scale_223"
    ]
  },
  "ordered_queues": {
    "edge-1": [
      "c132_scale_131",
      "c248_scale_247",
      "c127_scale_126",
      "c134_scale_133",
      "c387_scale_386",
      "c390_scale_389",
      "c394_scale_393",
      "c368_scale_367",
      "c399_scale_398",
      "c279_scale_278",
      "c102_scale_101",
      "c104_scale_103",
      "c193_scale_192",
      "c281_scale_280",
      "c189_scale_188",
      "c217_scale_216",
      "c398_scale_397"
    ],
    "edge-2": [
      "c014_scale_13",
      "c060_scale_59",
      "c088_scale_87",
      "c195_scale_194",
      "c253_scale_252",
      "c333_scale_332",
      "c377_scale_376",
      "c201_scale_200",
      "c356_scale_355",
      "c166_scale_165",
      "c203_scale_202",
      "c225_scale_224",
      "c275_scale_274",
      "c292_scale_291",
      "c374_scale_373",
      "c187_scale_186",
      "c328_scale_327",
      "c352_scale_351",
      "c135_scale_134",
      "c076_scale_75",
      "c290_scale_289",
      "c016_scale_15"
    ],
    "edge-3": [
      "c085_scale_84",
      "c066_scale_65",
      "c068_scale_67",
      "c120_scale_119",
      "c241_scale_240",
      "c247_scale_246",
      "c261_scale_260",
      "c049_scale_48",
      "c357_scale_356",
      "c347_scale_346",
      "c059_scale_58",
      "c129_scale_128",
      "c147_scale_146",
      "c108_scale_107",
      "c360_scale_359",
      "c169_scale_168"
    ],
    "edge-4": [
      "c023_scale_22",
      "c149_scale_148",
      "c175_scale_174",
      "c243_scale_242",
      "c263_scale_262",
      "c283_scale_282",
      "c294_scale_293",
      "c373_scale_372",
      "c082_scale_81",
      "c070_scale_69",
      "c131_scale_130",
      "c048_scale_47",
      "c063_scale_62",
      "c100_scale_99",
      "c250_scale_249",
      "c260_scale_259",
      "c369_scale_368",
      "c367_scale_366"
    ],
    "edge-5": [
      "c006_scale_5",
      "c032_scale_31",
      "c037_scale_36",
      "c044_scale_43",
      "c051_scale_50",
      "c062_scale_61",
      "c074_scale_73",
      "c144_scale_143",
      "c148_scale_147",
      "c158_scale_157",
      "c194_scale_193",
      "c202_scale_201",
      "c242_scale_241",
      "c271_scale_270",
      "c301_scale_300",
      "c306_scale_305",
      "c331_scale_330",
      "c343_scale_342",
      "c366_scale_365",
      "c370_scale_369",
      "c393_scale_392"
    ],
    "edge-6": [
      "c022_scale_21",
      "c096_scale_95",
      "c119_scale_118",
      "c151_scale_150",
      "c231_scale_230",
      "c273_scale_272",
      "c380_scale_379",
      "c226_scale_225",
      "c224_scale_223",
      "c047_scale_46",
      "c053_scale_52",
      "c172_scale_171",
      "c305_scale_304",
      "c071_scale_70",
      "c324_scale_323",
      "c095_scale_94",
      "c235_scale_234",
      "c295_scale_294",
      "c308_scale_307"
    ]
  }
}
