{
  "summary": {
    "algo": "FG-DSCR-GC-K8s-selected",
    "num_containers": 1200,
    "num_assigned": 95,
    "num_failed": 1105,
    "fail_rate": 0.9208333333333333,
    "num_nodes": 4,
    "ACT": 178.04153508771927,
    "AMS": 338.7875,
    "downloaded_mb": 3889,
    "reused_mb": 24151,
    "reuse_rate": 0.8613052781740371,
    "objective_base": 258.41451754385963,
    "fail_penalty": 920.8333333333333,
    "lambda_fail": 1000.0,
    "objective": 1179.2478508771928
  },
  "assignment": {
    "edge-1": [
      "c326_scale_325",
      "c033_scale_32",
      "c109_scale_108",
      "c139_scale_138",
      "c636_scale_635",
      "c944_scale_943",
      "c033_scale_1032",
      "c109_scale_1108",
      "c139_scale_1138",
      "c081_scale_80",
      "c339_scale_338",
      "c427_scale_426",
      "c652_scale_651",
      "c702_scale_701",
      "c745_scale_744",
      "c081_scale_1080",
      "c134_scale_133",
      "c190_scale_189",
      "c236_scale_235",
      "c564_scale_563",
      "c021_scale_20",
      "c010_scale_9",
      "c010_scale_1009",
      "c734_scale_733"
    ],
    "edge-2": [
      "c466_scale_465",
      "c147_scale_146",
      "c147_scale_1146",
      "c308_scale_307",
      "c610_scale_609",
      "c434_scale_433",
      "c667_scale_666",
      "c846_scale_845",
      "c279_scale_278",
      "c485_scale_484",
      "c596_scale_595",
      "c930_scale_929",
      "c220_scale_219",
      "c309_scale_308",
      "c943_scale_942",
      "c135_scale_134",
      "c691_scale_690",
      "c135_scale_1134",
      "c376_scale_375",
      "c853_scale_852",
      "c144_scale_143",
      "c144_scale_1143",
      "c473_scale_472",
      "c174_scale_173"
    ],
    "edge-3": [
      "c047_scale_46",
      "c047_scale_1046",
      "c645_scale_644",
      "c752_scale_751",
      "c550_scale_549",
      "c861_scale_860",
      "c045_scale_44",
      "c307_scale_306",
      "c442_scale_441",
      "c527_scale_526",
      "c795_scale_794",
      "c045_scale_1044",
      "c027_scale_26",
      "c653_scale_652",
      "c027_scale_1026",
      "c166_scale_165",
      "c166_scale_1165",
      "c536_scale_535",
      "c549_scale_548",
      "c587_scale_586",
      "c856_scale_855",
      "c982_scale_981",
      "c092_scale_91"
    ],
    "edge-4": [
      "c937_scale_936",
      "c300_scale_299",
      "c732_scale_731",
      "c892_scale_891",
      "c961_scale_960",
      "c990_scale_989",
      "c234_scale_233",
      "c362_scale_361",
      "c385_scale_384",
      "c433_scale_432",
      "c472_scale_471",
      "c613_scale_612",
      "c782_scale_781",
      "c180_scale_179",
      "c180_scale_1179",
      "c767_scale_766",
      "c949_scale_948",
      "c134_scale_1133",
      "c190_scale_1189",
      "c684_scale_683",
      "c136_scale_135",
      "c136_scale_1135",
      "c174_scale_1173",
      "c021_scale_1020"
    ]
  },
  "ordered_queues": {
    "edge-1": [
      "c033_scale_1032",
      "c033_scale_32",
      "c081_scale_1080",
      "c081_scale_80",
      "c109_scale_108",
      "c109_scale_1108",
      "c134_scale_133",
      "c139_scale_1138",
      "c139_scale_138",
      "c190_scale_189",
      "c236_scale_235",
      "c326_scale_325",
      "c339_scale_338",
      "c427_scale_426",
      "c564_scale_563",
      "c636_scale_635",
      "c652_scale_651",
      "c702_scale_701",
      "c734_scale_733",
      "c745_scale_744",
      "c944_scale_943",
      "c021_scale_20",
      "c010_scale_1009",
      "c010_scale_9"
    ],
    "edge-2": [
      "c220_scale_219",
      "c309_scale_308",
      "c376_scale_375",
      "c434_scale_433",
      "c473_scale_472",
      "c667_scale_666",
      "c846_scale_845",
      "c853_scale_852",
      "c943_scale_942",
      "c135_scale_1134",
      "c135_scale_134",
      "c147_scale_1146",
      "c147_scale_146",
      "c279_scale_278",
      "c308_scale_307",
      "c466_scale_465",
      "c485_scale_484",
      "c596_scale_595",
      "c610_scale_609",
      "c691_scale_690",
      "c930_scale_929",
      "c144_scale_1143",
      "c144_scale_143",
      "c174_scale_173"
    ],
    "edge-3": [
      "c045_scale_1044",
      "c045_scale_44",
      "c307_scale_306",
      "c442_scale_441",
      "c527_scale_526",
      "c550_scale_549",
      "c795_scale_794",
      "c092_scale_91",
      "c536_scale_535",
      "c549_scale_548",
      "c166_scale_1165",
      "c166_scale_165",
      "c861_scale_860",
      "c027_scale_1026",
      "c027_scale_26",
      "c587_scale_586",
      "c653_scale_652",
      "c856_scale_855",
      "c982_scale_981",
      "c047_scale_1046",
      "c047_scale_46",
      "c645_scale_644",
      "c752_scale_751"
    ],
    "edge-4": [
      "c021_scale_1020",
      "c180_scale_1179",
      "c180_scale_179",
      "c234_scale_233",
      "c362_scale_361",
      "c385_scale_384",
      "c433_scale_432",
      "c472_scale_471",
      "c613_scale_612",
      "c684_scale_683",
      "c732_scale_731",
      "c892_scale_891",
      "c937_scale_936",
      "c961_scale_960",
      "c990_scale_989",
      "c134_scale_1133",
      "c190_scale_1189",
      "c767_scale_766",
      "c949_scale_948",
      "c136_scale_1135",
      "c136_scale_135",
      "c174_scale_1173",
      "c300_scale_299",
      "c782_scale_781"
    ]
  }
}
