{
  "summary": {
    "algo": "FG-DSCR-GC-K8s-selected",
    "num_containers": 2000,
    "num_assigned": 144,
    "num_failed": 1856,
    "fail_rate": 0.928,
    "num_nodes": 6,
    "ACT": 196.21585648148147,
    "AMS": 392.9236111111111,
    "downloaded_mb": 16240,
    "reused_mb": 50592,
    "reuse_rate": 0.7570026334689969,
    "objective_base": 294.5697337962963,
    "fail_penalty": 928.0,
    "lambda_fail": 1000.0,
    "objective": 1222.5697337962963
  },
  "assignment": {
    "edge-1": [
      "c579_scale_578",
      "c579_scale_1578",
      "c443_scale_442",
      "c443_scale_1442",
      "c592_scale_591",
      "c922_scale_921",
      "c592_scale_1591",
      "c922_scale_1921",
      "c985_scale_1984",
      "c020_scale_1019",
      "c898_scale_1897",
      "c790_scale_789",
      "c790_scale_1789",
      "c437_scale_436",
      "c437_scale_1436",
      "c080_scale_79",
      "c401_scale_400",
      "c589_scale_588",
      "c628_scale_627",
      "c729_scale_728",
      "c401_scale_1400",
      "c628_scale_1627",
      "c729_scale_1728",
      "c877_scale_1876"
    ],
    "edge-2": [
      "c637_scale_636",
      "c637_scale_1636",
      "c374_scale_373",
      "c374_scale_1373",
      "c332_scale_331",
      "c343_scale_342",
      "c491_scale_490",
      "c689_scale_688",
      "c332_scale_1331",
      "c343_scale_1342",
      "c491_scale_1490",
      "c689_scale_1688",
      "c687_scale_686",
      "c687_scale_1686",
      "c172_scale_171",
      "c172_scale_1171",
      "c086_scale_85",
      "c086_scale_1085",
      "c724_scale_723",
      "c724_scale_1723",
      "c482_scale_1481",
      "c194_scale_1193",
      "c359_scale_358",
      "c359_scale_1358"
    ],
    "edge-3": [
      "c164_scale_163",
      "c164_scale_1163",
      "c866_scale_865",
      "c866_scale_1865",
      "c022_scale_21",
      "c022_scale_1021",
      "c948_scale_1947",
      "c398_scale_397",
      "c398_scale_1397",
      "c233_scale_232",
      "c577_scale_576",
      "c749_scale_748",
      "c843_scale_842",
      "c960_scale_959",
      "c985_scale_984",
      "c233_scale_1232",
      "c577_scale_1576",
      "c749_scale_1748",
      "c843_scale_1842",
      "c960_scale_1959",
      "c795_scale_794",
      "c919_scale_918",
      "c080_scale_1079",
      "c589_scale_1588"
    ],
    "edge-4": [
      "c574_scale_573",
      "c599_scale_598",
      "c574_scale_1573",
      "c599_scale_1598",
      "c472_scale_471",
      "c472_scale_1471",
      "c308_scale_307",
      "c308_scale_1307",
      "c936_scale_935",
      "c936_scale_1935",
      "c068_scale_67",
      "c335_scale_334",
      "c536_scale_535",
      "c982_scale_981",
      "c068_scale_1067",
      "c335_scale_1334",
      "c536_scale_1535",
      "c982_scale_1981",
      "c226_scale_225",
      "c226_scale_1225",
      "c175_scale_174",
      "c175_scale_1174",
      "c948_scale_947",
      "c877_scale_876"
    ],
    "edge-5": [
      "c871_scale_870",
      "c871_scale_1870",
      "c977_scale_976",
      "c977_scale_1976",
      "c572_scale_571",
      "c572_scale_1571",
      "c504_scale_503",
      "c504_scale_1503",
      "c131_scale_130",
      "c131_scale_1130",
      "c426_scale_425",
      "c426_scale_1425",
      "c882_scale_881",
      "c882_scale_1881",
      "c509_scale_508",
      "c834_scale_833",
      "c509_scale_1508",
      "c834_scale_1833",
      "c020_scale_19",
      "c898_scale_897",
      "c817_scale_1816",
      "c113_scale_1112",
      "c482_scale_481",
      "c194_scale_193"
    ],
    "edge-6": [
      "c368_scale_367",
      "c832_scale_831",
      "c368_scale_1367",
      "c832_scale_1831",
      "c567_scale_566",
      "c660_scale_659",
      "c675_scale_674",
      "c777_scale_776",
      "c567_scale_1566",
      "c660_scale_1659",
      "c675_scale_1674",
      "c777_scale_1776",
      "c285_scale_284",
      "c285_scale_1284",
      "c435_scale_434",
      "c471_scale_470",
      "c435_scale_1434",
      "c471_scale_1470",
      "c021_scale_20",
      "c021_scale_1020",
      "c795_scale_1794",
      "c919_scale_1918",
      "c817_scale_816",
      "c113_scale_112"
    ]
  },
  "ordered_queues": {
    "edge-1": [
      "c080_scale_79",
      "c401_scale_1400",
      "c401_scale_400",
      "c589_scale_588",
      "c628_scale_1627",
      "c628_scale_627",
      "c729_scale_1728",
      "c729_scale_728",
      "c877_scale_1876",
      "c985_scale_1984",
      "c579_scale_1578",
      "c579_scale_578",
      "c592_scale_1591",
      "c592_scale_591",
      "c922_scale_1921",
      "c922_scale_921",
      "c443_scale_1442",
      "c443_scale_442",
      "c020_scale_1019",
      "c898_scale_1897",
      "c790_scale_1789",
      "c790_scale_789",
      "c437_scale_1436",
      "c437_scale_436"
    ],
    "edge-2": [
      "c172_scale_1171",
      "c172_scale_171",
      "c332_scale_1331",
      "c332_scale_331",
      "c343_scale_1342",
      "c343_scale_342",
      "c491_scale_1490",
      "c491_scale_490",
      "c689_scale_1688",
      "c689_scale_688",
      "c687_scale_1686",
      "c687_scale_686",
      "c194_scale_1193",
      "c637_scale_1636",
      "c637_scale_636",
      "c359_scale_1358",
      "c359_scale_358",
      "c374_scale_1373",
      "c374_scale_373",
      "c086_scale_1085",
      "c086_scale_85",
      "c482_scale_1481",
      "c724_scale_1723",
      "c724_scale_723"
    ],
    "edge-3": [
      "c080_scale_1079",
      "c233_scale_1232",
      "c233_scale_232",
      "c577_scale_1576",
      "c577_scale_576",
      "c589_scale_1588",
      "c749_scale_1748",
      "c749_scale_748",
      "c795_scale_794",
      "c843_scale_1842",
      "c843_scale_842",
      "c919_scale_918",
      "c960_scale_1959",
      "c960_scale_959",
      "c985_scale_984",
      "c022_scale_1021",
      "c022_scale_21",
      "c164_scale_1163",
      "c164_scale_163",
      "c866_scale_1865",
      "c866_scale_865",
      "c948_scale_1947",
      "c398_scale_1397",
      "c398_scale_397"
    ],
    "edge-4": [
      "c068_scale_1067",
      "c068_scale_67",
      "c335_scale_1334",
      "c335_scale_334",
      "c536_scale_1535",
      "c536_scale_535",
      "c877_scale_876",
      "c982_scale_1981",
      "c982_scale_981",
      "c308_scale_1307",
      "c308_scale_307",
      "c574_scale_1573",
      "c574_scale_573",
      "c599_scale_1598",
      "c599_scale_598",
      "c472_scale_1471",
      "c472_scale_471",
      "c936_scale_1935",
      "c936_scale_935",
      "c948_scale_947",
      "c226_scale_1225",
      "c226_scale_225",
      "c175_scale_1174",
      "c175_scale_174"
    ],
    "edge-5": [
      "c817_scale_1816",
      "c572_scale_1571",
      "c572_scale_571",
      "c871_scale_1870",
      "c871_scale_870",
      "c194_scale_193",
      "c131_scale_1130",
      "c131_scale_130",
      "c426_scale_1425",
      "c426_scale_425",
      "c482_scale_481",
      "c509_scale_1508",
      "c509_scale_508",
      "c834_scale_1833",
      "c834_scale_833",
      "c882_scale_1881",
      "c882_scale_881",
      "c113_scale_1112",
      "c977_scale_1976",
      "c977_scale_976",
      "c020_scale_19",
      "c898_scale_897",
      "c504_scale_1503",
      "c504_scale_503"
    ],
    "edge-6": [
      "c368_scale_1367",
      "c368_scale_367",
      "c435_scale_1434",
      "c435_scale_434",
      "c471_scale_1470",
      "c471_scale_470",
      "c567_scale_1566",
      "c567_scale_566",
      "c660_scale_1659",
      "c660_scale_659",
      "c675_scale_1674",
      "c675_scale_674",
      "c777_scale_1776",
      "c777_scale_776",
      "c832_scale_1831",
      "c832_scale_831",
      "c817_scale_816",
      "c021_scale_1020",
      "c021_scale_20",
      "c285_scale_1284",
      "c285_scale_284",
      "c113_scale_112",
      "c795_scale_1794",
      "c919_scale_1918"
    ]
  }
}
