{
  "summary": {
    "algo": "FG-DSCR-GC-K8s-selected",
    "num_containers": 1000,
    "num_assigned": 197,
    "num_failed": 803,
    "fail_rate": 0.803,
    "num_nodes": 10,
    "ACT": 158.0698815566836,
    "AMS": 286.3466666666667,
    "downloaded_mb": 6262,
    "reused_mb": 52474,
    "reuse_rate": 0.8933873603922637,
    "objective_base": 222.20827411167517,
    "fail_penalty": 803.0,
    "lambda_fail": 1000.0,
    "objective": 1025.208274111675
  },
  "assignment": {
    "edge-1": [
      "c236_scale_235",
      "c564_scale_563",
      "c767_scale_766",
      "c949_scale_948",
      "c027_scale_26",
      "c653_scale_652",
      "c587_scale_586",
      "c734_scale_733",
      "c856_scale_855",
      "c982_scale_981",
      "c240_scale_239",
      "c443_scale_442",
      "c586_scale_585",
      "c603_scale_602",
      "c094_scale_93",
      "c489_scale_488",
      "c028_scale_27",
      "c206_scale_205",
      "c934_scale_933",
      "c889_scale_888",
      "c035_scale_34"
    ],
    "edge-2": [
      "c466_scale_465",
      "c147_scale_146",
      "c308_scale_307",
      "c610_scale_609",
      "c326_scale_325",
      "c279_scale_278",
      "c485_scale_484",
      "c596_scale_595",
      "c930_scale_929",
      "c033_scale_32",
      "c109_scale_108",
      "c139_scale_138",
      "c636_scale_635",
      "c944_scale_943",
      "c135_scale_134",
      "c691_scale_690",
      "c081_scale_80",
      "c339_scale_338",
      "c427_scale_426",
      "c652_scale_651",
      "c702_scale_701",
      "c745_scale_744",
      "c134_scale_133",
      "c190_scale_189"
    ],
    "edge-3": [
      "c861_scale_860",
      "c391_scale_390",
      "c378_scale_377",
      "c406_scale_405",
      "c703_scale_702",
      "c800_scale_799",
      "c048_scale_47",
      "c399_scale_398",
      "c862_scale_861",
      "c228_scale_227",
      "c263_scale_262",
      "c503_scale_502",
      "c570_scale_569",
      "c095_scale_94",
      "c416_scale_415",
      "c447_scale_446",
      "c972_scale_971",
      "c330_scale_329"
    ],
    "edge-4": [
      "c937_scale_936",
      "c732_scale_731",
      "c892_scale_891",
      "c961_scale_960",
      "c990_scale_989",
      "c234_scale_233",
      "c362_scale_361",
      "c385_scale_384",
      "c433_scale_432",
      "c472_scale_471",
      "c613_scale_612",
      "c180_scale_179",
      "c684_scale_683",
      "c021_scale_20",
      "c218_scale_217",
      "c850_scale_849",
      "c128_scale_127",
      "c265_scale_264",
      "c445_scale_444",
      "c366_scale_365",
      "c813_scale_812",
      "c839_scale_838"
    ],
    "edge-5": [
      "c166_scale_165",
      "c566_scale_565",
      "c359_scale_358",
      "c400_scale_399",
      "c597_scale_596",
      "c119_scale_118",
      "c208_scale_207",
      "c903_scale_902",
      "c523_scale_522",
      "c845_scale_844",
      "c029_scale_28",
      "c293_scale_292",
      "c121_scale_120",
      "c374_scale_373"
    ],
    "edge-6": [
      "c434_scale_433",
      "c667_scale_666",
      "c846_scale_845",
      "c220_scale_219",
      "c309_scale_308",
      "c943_scale_942",
      "c376_scale_375",
      "c853_scale_852",
      "c473_scale_472",
      "c550_scale_549",
      "c045_scale_44",
      "c307_scale_306",
      "c442_scale_441",
      "c527_scale_526",
      "c795_scale_794",
      "c010_scale_9",
      "c157_scale_156",
      "c581_scale_580",
      "c966_scale_965",
      "c281_scale_280",
      "c350_scale_349",
      "c475_scale_474",
      "c718_scale_717",
      "c546_scale_545"
    ],
    "edge-7": [
      "c536_scale_535",
      "c549_scale_548",
      "c092_scale_91",
      "c098_scale_97",
      "c412_scale_411",
      "c132_scale_131",
      "c397_scale_396",
      "c414_scale_413",
      "c842_scale_841",
      "c827_scale_826",
      "c598_scale_597",
      "c069_scale_68",
      "c199_scale_198",
      "c246_scale_245",
      "c551_scale_550",
      "c953_scale_952",
      "c419_scale_418",
      "c565_scale_564"
    ],
    "edge-8": [
      "c047_scale_46",
      "c645_scale_644",
      "c752_scale_751",
      "c144_scale_143",
      "c334_scale_333",
      "c497_scale_496",
      "c709_scale_708",
      "c817_scale_816",
      "c229_scale_228",
      "c025_scale_24",
      "c155_scale_154",
      "c342_scale_341",
      "c924_scale_923",
      "c305_scale_304",
      "c705_scale_704",
      "c641_scale_640",
      "c306_scale_305",
      "c487_scale_486",
      "c036_scale_35",
      "c446_scale_445"
    ],
    "edge-9": [
      "c678_scale_677",
      "c766_scale_765",
      "c864_scale_863",
      "c938_scale_937",
      "c713_scale_712",
      "c438_scale_437",
      "c417_scale_416",
      "c509_scale_508",
      "c818_scale_817",
      "c863_scale_862",
      "c235_scale_234",
      "c893_scale_892",
      "c915_scale_914",
      "c364_scale_363",
      "c150_scale_149",
      "c283_scale_282"
    ],
    "edge-10": [
      "c300_scale_299",
      "c782_scale_781",
      "c136_scale_135",
      "c174_scale_173",
      "c518_scale_517",
      "c568_scale_567",
      "c011_scale_10",
      "c508_scale_507",
      "c822_scale_821",
      "c151_scale_150",
      "c542_scale_541",
      "c182_scale_181",
      "c904_scale_903",
      "c929_scale_928",
      "c384_scale_383",
      "c516_scale_515",
      "c202_scale_201",
      "c690_scale_689",
      "c707_scale_706",
      "c005_scale_4"
    ]
  },
  "ordered_queues": {
    "edge-1": [
      "c027_scale_26",
      "c028_scale_27",
      "c035_scale_34",
      "c094_scale_93",
      "c206_scale_205",
      "c236_scale_235",
      "c240_scale_239",
      "c443_scale_442",
      "c489_scale_488",
      "c564_scale_563",
      "c586_scale_585",
      "c587_scale_586",
      "c603_scale_602",
      "c653_scale_652",
      "c734_scale_733",
      "c767_scale_766",
      "c856_scale_855",
      "c934_scale_933",
      "c949_scale_948",
      "c982_scale_981",
      "c889_scale_888"
    ],
    "edge-2": [
      "c033_scale_32",
      "c081_scale_80",
      "c109_scale_108",
      "c134_scale_133",
      "c139_scale_138",
      "c190_scale_189",
      "c326_scale_325",
      "c339_scale_338",
      "c427_scale_426",
      "c636_scale_635",
      "c652_scale_651",
      "c702_scale_701",
      "c745_scale_744",
      "c944_scale_943",
      "c135_scale_134",
      "c147_scale_146",
      "c279_scale_278",
      "c308_scale_307",
      "c466_scale_465",
      "c485_scale_484",
      "c596_scale_595",
      "c610_scale_609",
      "c691_scale_690",
      "c930_scale_929"
    ],
    "edge-3": [
      "c048_scale_47",
      "c228_scale_227",
      "c263_scale_262",
      "c330_scale_329",
      "c378_scale_377",
      "c391_scale_390",
      "c399_scale_398",
      "c406_scale_405",
      "c503_scale_502",
      "c570_scale_569",
      "c703_scale_702",
      "c800_scale_799",
      "c862_scale_861",
      "c972_scale_971",
      "c095_scale_94",
      "c416_scale_415",
      "c447_scale_446",
      "c861_scale_860"
    ],
    "edge-4": [
      "c021_scale_20",
      "c128_scale_127",
      "c180_scale_179",
      "c218_scale_217",
      "c234_scale_233",
      "c265_scale_264",
      "c362_scale_361",
      "c366_scale_365",
      "c385_scale_384",
      "c433_scale_432",
      "c445_scale_444",
      "c472_scale_471",
      "c613_scale_612",
      "c684_scale_683",
      "c732_scale_731",
      "c850_scale_849",
      "c892_scale_891",
      "c937_scale_936",
      "c961_scale_960",
      "c990_scale_989",
      "c839_scale_838",
      "c813_scale_812"
    ],
    "edge-5": [
      "c029_scale_28",
      "c121_scale_120",
      "c293_scale_292",
      "c359_scale_358",
      "c374_scale_373",
      "c400_scale_399",
      "c523_scale_522",
      "c566_scale_565",
      "c845_scale_844",
      "c119_scale_118",
      "c166_scale_165",
      "c208_scale_207",
      "c597_scale_596",
      "c903_scale_902"
    ],
    "edge-6": [
      "c010_scale_9",
      "c045_scale_44",
      "c157_scale_156",
      "c220_scale_219",
      "c281_scale_280",
      "c307_scale_306",
      "c309_scale_308",
      "c350_scale_349",
      "c376_scale_375",
      "c434_scale_433",
      "c442_scale_441",
      "c473_scale_472",
      "c475_scale_474",
      "c527_scale_526",
      "c546_scale_545",
      "c550_scale_549",
      "c581_scale_580",
      "c667_scale_666",
      "c718_scale_717",
      "c795_scale_794",
      "c846_scale_845",
      "c853_scale_852",
      "c943_scale_942",
      "c966_scale_965"
    ],
    "edge-7": [
      "c069_scale_68",
      "c092_scale_91",
      "c098_scale_97",
      "c132_scale_131",
      "c397_scale_396",
      "c412_scale_411",
      "c414_scale_413",
      "c536_scale_535",
      "c549_scale_548",
      "c598_scale_597",
      "c827_scale_826",
      "c199_scale_198",
      "c246_scale_245",
      "c419_scale_418",
      "c551_scale_550",
      "c565_scale_564",
      "c842_scale_841",
      "c953_scale_952"
    ],
    "edge-8": [
      "c025_scale_24",
      "c047_scale_46",
      "c144_scale_143",
      "c155_scale_154",
      "c229_scale_228",
      "c305_scale_304",
      "c334_scale_333",
      "c342_scale_341",
      "c497_scale_496",
      "c645_scale_644",
      "c705_scale_704",
      "c709_scale_708",
      "c752_scale_751",
      "c817_scale_816",
      "c641_scale_640",
      "c924_scale_923",
      "c306_scale_305",
      "c446_scale_445",
      "c487_scale_486",
      "c036_scale_35"
    ],
    "edge-9": [
      "c235_scale_234",
      "c438_scale_437",
      "c678_scale_677",
      "c713_scale_712",
      "c766_scale_765",
      "c864_scale_863",
      "c893_scale_892",
      "c915_scale_914",
      "c938_scale_937",
      "c150_scale_149",
      "c283_scale_282",
      "c364_scale_363",
      "c417_scale_416",
      "c509_scale_508",
      "c818_scale_817",
      "c863_scale_862"
    ],
    "edge-10": [
      "c011_scale_10",
      "c136_scale_135",
      "c151_scale_150",
      "c174_scale_173",
      "c182_scale_181",
      "c202_scale_201",
      "c300_scale_299",
      "c384_scale_383",
      "c508_scale_507",
      "c518_scale_517",
      "c542_scale_541",
      "c568_scale_567",
      "c782_scale_781",
      "c822_scale_821",
      "c904_scale_903",
      "c929_scale_928",
      "c005_scale_4",
      "c516_scale_515",
      "c690_scale_689",
      "c707_scale_706"
    ]
  }
}
