{
  "summary": {
    "algo": "FG-DSCR-GC-K8s-selected",
    "num_containers": 400,
    "num_assigned": 119,
    "num_failed": 281,
    "fail_rate": 0.7025,
    "num_nodes": 6,
    "ACT": 190.01260504201682,
    "AMS": 373.2722222222222,
    "downloaded_mb": 19920,
    "reused_mb": 40488,
    "reuse_rate": 0.6702423520063567,
    "objective_base": 281.6424136321195,
    "fail_penalty": 702.5,
    "lambda_fail": 1000.0,
    "objective": 984.1424136321195
  },
  "assignment": {
    "edge-1": [
      "c375_scale_374",
      "c138_scale_137",
      "c256_scale_255",
      "c042_scale_41",
      "c046_scale_45",
      "c318_scale_317",
      "c314_scale_313",
      "c182_scale_181",
      "c130_scale_129",
      "c072_scale_71",
      "c067_scale_66",
      "c212_scale_211",
      "c303_scale_302",
      "c015_scale_14",
      "c205_scale_204",
      "c240_scale_239",
      "c370_scale_369",
      "c319_scale_318"
    ],
    "edge-2": [
      "c091_scale_90",
      "c369_scale_368",
      "c071_scale_70",
      "c336_scale_335",
      "c228_scale_227",
      "c364_scale_363",
      "c083_scale_82",
      "c350_scale_349",
      "c380_scale_379",
      "c162_scale_161",
      "c068_scale_67",
      "c154_scale_153",
      "c264_scale_263",
      "c273_scale_272",
      "c041_scale_40",
      "c053_scale_52",
      "c189_scale_188",
      "c203_scale_202",
      "c230_scale_229",
      "c280_scale_279",
      "c378_scale_377",
      "c158_scale_157",
      "c351_scale_350",
      "c211_scale_210"
    ],
    "edge-3": [
      "c286_scale_285",
      "c075_scale_74",
      "c023_scale_22",
      "c007_scale_6",
      "c395_scale_394",
      "c310_scale_309",
      "c315_scale_314",
      "c251_scale_250",
      "c272_scale_271",
      "c292_scale_291",
      "c077_scale_76",
      "c032_scale_31",
      "c159_scale_158",
      "c185_scale_184",
      "c139_scale_138",
      "c252_scale_251",
      "c355_scale_354",
      "c070_scale_69",
      "c332_scale_331"
    ],
    "edge-4": [
      "c360_scale_359",
      "c085_scale_84",
      "c024_scale_23",
      "c110_scale_109",
      "c055_scale_54",
      "c213_scale_212",
      "c057_scale_56",
      "c290_scale_289",
      "c382_scale_381",
      "c202_scale_201",
      "c145_scale_144",
      "c115_scale_114",
      "c069_scale_68",
      "c257_scale_256",
      "c141_scale_140",
      "c377_scale_376",
      "c244_scale_243",
      "c198_scale_197",
      "c304_scale_303",
      "c387_scale_386"
    ],
    "edge-5": [
      "c161_scale_160",
      "c235_scale_234",
      "c333_scale_332",
      "c344_scale_343",
      "c031_scale_30",
      "c103_scale_102",
      "c282_scale_281",
      "c102_scale_101",
      "c376_scale_375",
      "c126_scale_125",
      "c056_scale_55",
      "c301_scale_300",
      "c390_scale_389",
      "c002_scale_1",
      "c176_scale_175",
      "c337_scale_336",
      "c080_scale_79",
      "c215_scale_214"
    ],
    "edge-6": [
      "c167_scale_166",
      "c025_scale_24",
      "c398_scale_397",
      "c237_scale_236",
      "c142_scale_141",
      "c374_scale_373",
      "c299_scale_298",
      "c250_scale_249",
      "c269_scale_268",
      "c243_scale_242",
      "c295_scale_294",
      "c259_scale_258",
      "c210_scale_209",
      "c288_scale_287",
      "c372_scale_371",
      "c144_scale_143",
      "c389_scale_388",
      "c112_scale_111",
      "c114_scale_113",
      "c233_scale_232"
    ]
  },
  "ordered_queues": {
    "edge-1": [
      "c067_scale_66",
      "c130_scale_129",
      "c256_scale_255",
      "c375_scale_374",
      "c318_scale_317",
      "c370_scale_369",
      "c042_scale_41",
      "c046_scale_45",
      "c138_scale_137",
      "c303_scale_302",
      "c182_scale_181",
      "c314_scale_313",
      "c319_scale_318",
      "c212_scale_211",
      "c072_scale_71",
      "c015_scale_14",
      "c205_scale_204",
      "c240_scale_239"
    ],
    "edge-2": [
      "c041_scale_40",
      "c053_scale_52",
      "c068_scale_67",
      "c071_scale_70",
      "c083_scale_82",
      "c154_scale_153",
      "c158_scale_157",
      "c189_scale_188",
      "c203_scale_202",
      "c211_scale_210",
      "c230_scale_229",
      "c264_scale_263",
      "c280_scale_279",
      "c336_scale_335",
      "c351_scale_350",
      "c378_scale_377",
      "c350_scale_349",
      "c091_scale_90",
      "c228_scale_227",
      "c162_scale_161",
      "c273_scale_272",
      "c364_scale_363",
      "c369_scale_368",
      "c380_scale_379"
    ],
    "edge-3": [
      "c032_scale_31",
      "c159_scale_158",
      "c185_scale_184",
      "c251_scale_250",
      "c252_scale_251",
      "c272_scale_271",
      "c292_scale_291",
      "c310_scale_309",
      "c315_scale_314",
      "c070_scale_69",
      "c075_scale_74",
      "c077_scale_76",
      "c007_scale_6",
      "c355_scale_354",
      "c023_scale_22",
      "c286_scale_285",
      "c395_scale_394",
      "c139_scale_138",
      "c332_scale_331"
    ],
    "edge-4": [
      "c057_scale_56",
      "c110_scale_109",
      "c202_scale_201",
      "c290_scale_289",
      "c382_scale_381",
      "c145_scale_144",
      "c257_scale_256",
      "c360_scale_359",
      "c024_scale_23",
      "c069_scale_68",
      "c213_scale_212",
      "c387_scale_386",
      "c141_scale_140",
      "c244_scale_243",
      "c055_scale_54",
      "c085_scale_84",
      "c115_scale_114",
      "c377_scale_376",
      "c198_scale_197",
      "c304_scale_303"
    ],
    "edge-5": [
      "c102_scale_101",
      "c376_scale_375",
      "c126_scale_125",
      "c235_scale_234",
      "c333_scale_332",
      "c337_scale_336",
      "c344_scale_343",
      "c056_scale_55",
      "c176_scale_175",
      "c301_scale_300",
      "c390_scale_389",
      "c031_scale_30",
      "c103_scale_102",
      "c161_scale_160",
      "c282_scale_281",
      "c002_scale_1",
      "c080_scale_79",
      "c215_scale_214"
    ],
    "edge-6": [
      "c144_scale_143",
      "c243_scale_242",
      "c288_scale_287",
      "c295_scale_294",
      "c398_scale_397",
      "c210_scale_209",
      "c372_scale_371",
      "c142_scale_141",
      "c233_scale_232",
      "c374_scale_373",
      "c025_scale_24",
      "c167_scale_166",
      "c237_scale_236",
      "c250_scale_249",
      "c389_scale_388",
      "c299_scale_298",
      "c259_scale_258",
      "c269_scale_268",
      "c112_scale_111",
      "c114_scale_113"
    ]
  }
}
