{
  "summary": {
    "algo": "FG-DSCR-GC-K8s-selected",
    "num_containers": 400,
    "num_assigned": 198,
    "num_failed": 202,
    "fail_rate": 0.505,
    "num_nodes": 12,
    "ACT": 160.66521464646462,
    "AMS": 299.77118055555553,
    "downloaded_mb": 27479,
    "reused_mb": 75172,
    "reuse_rate": 0.7323065532727396,
    "objective_base": 230.21819760101008,
    "fail_penalty": 505.0,
    "lambda_fail": 1000.0,
    "objective": 735.21819760101
  },
  "assignment": {
    "edge-1": [
      "c086_scale_85",
      "c122_scale_121",
      "c313_scale_312",
      "c179_scale_178",
      "c063_scale_62",
      "c336_scale_335",
      "c227_scale_226",
      "c305_scale_304",
      "c230_scale_229",
      "c165_scale_164",
      "c214_scale_213",
      "c071_scale_70",
      "c130_scale_129",
      "c129_scale_128",
      "c132_scale_131"
    ],
    "edge-2": [
      "c368_scale_367",
      "c308_scale_307",
      "c226_scale_225",
      "c175_scale_174",
      "c022_scale_21",
      "c131_scale_130",
      "c113_scale_112",
      "c194_scale_193",
      "c359_scale_358",
      "c272_scale_271",
      "c235_scale_234",
      "c141_scale_140",
      "c375_scale_374",
      "c193_scale_192",
      "c159_scale_158",
      "c104_scale_103",
      "c207_scale_206",
      "c023_scale_22",
      "c123_scale_122",
      "c192_scale_191"
    ],
    "edge-3": [
      "c398_scale_397",
      "c241_scale_240",
      "c208_scale_207",
      "c133_scale_132",
      "c287_scale_286",
      "c140_scale_139",
      "c137_scale_136",
      "c210_scale_209",
      "c237_scale_236",
      "c142_scale_141",
      "c337_scale_336",
      "c223_scale_222",
      "c293_scale_292",
      "c222_scale_221",
      "c014_scale_13",
      "c347_scale_346"
    ],
    "edge-4": [
      "c164_scale_163",
      "c004_scale_3",
      "c289_scale_288",
      "c200_scale_199",
      "c261_scale_260",
      "c090_scale_89",
      "c367_scale_366",
      "c322_scale_321",
      "c386_scale_385",
      "c282_scale_281",
      "c128_scale_127",
      "c198_scale_197",
      "c349_scale_348",
      "c097_scale_96",
      "c348_scale_347",
      "c121_scale_120"
    ],
    "edge-5": [
      "c115_scale_114",
      "c055_scale_54",
      "c269_scale_268",
      "c153_scale_152",
      "c318_scale_317",
      "c076_scale_75",
      "c360_scale_359",
      "c036_scale_35",
      "c073_scale_72",
      "c236_scale_235",
      "c292_scale_291",
      "c184_scale_183"
    ],
    "edge-6": [
      "c374_scale_373",
      "c087_scale_86",
      "c248_scale_247",
      "c317_scale_316",
      "c135_scale_134",
      "c302_scale_301",
      "c108_scale_107",
      "c110_scale_109",
      "c196_scale_195",
      "c303_scale_302",
      "c316_scale_315",
      "c393_scale_392",
      "c369_scale_368",
      "c204_scale_203",
      "c296_scale_295",
      "c380_scale_379",
      "c346_scale_345"
    ],
    "edge-7": [
      "c106_scale_105",
      "c054_scale_53",
      "c381_scale_380",
      "c069_scale_68",
      "c067_scale_66",
      "c311_scale_310",
      "c060_scale_59",
      "c168_scale_167",
      "c188_scale_187",
      "c215_scale_214",
      "c333_scale_332",
      "c390_scale_389",
      "c328_scale_327",
      "c007_scale_6"
    ],
    "edge-8": [
      "c332_scale_331",
      "c343_scale_342",
      "c172_scale_171",
      "c362_scale_361",
      "c077_scale_76",
      "c169_scale_168",
      "c291_scale_290",
      "c376_scale_375",
      "c155_scale_154",
      "c182_scale_181",
      "c379_scale_378",
      "c203_scale_202",
      "c238_scale_237",
      "c250_scale_249",
      "c145_scale_144",
      "c245_scale_244",
      "c266_scale_265",
      "c276_scale_275"
    ],
    "edge-9": [
      "c052_scale_51",
      "c030_scale_29",
      "c281_scale_280",
      "c256_scale_255",
      "c213_scale_212",
      "c331_scale_330",
      "c013_scale_12",
      "c244_scale_243",
      "c391_scale_390",
      "c136_scale_135",
      "c306_scale_305",
      "c315_scale_314",
      "c370_scale_369",
      "c012_scale_11",
      "c264_scale_263"
    ],
    "edge-10": [
      "c285_scale_284",
      "c021_scale_20",
      "c020_scale_19",
      "c211_scale_210",
      "c098_scale_97",
      "c053_scale_52",
      "c300_scale_299",
      "c389_scale_388",
      "c066_scale_65",
      "c283_scale_282",
      "c310_scale_309",
      "c257_scale_256",
      "c225_scale_224",
      "c026_scale_25",
      "c061_scale_60",
      "c174_scale_173",
      "c259_scale_258",
      "c268_scale_267"
    ],
    "edge-11": [
      "c084_scale_83",
      "c039_scale_38",
      "c043_scale_42",
      "c170_scale_169",
      "c354_scale_353",
      "c099_scale_98",
      "c002_scale_1",
      "c005_scale_4",
      "c251_scale_250",
      "c003_scale_2",
      "c340_scale_339",
      "c352_scale_351",
      "c364_scale_363",
      "c083_scale_82",
      "c239_scale_238"
    ],
    "edge-12": [
      "c068_scale_67",
      "c335_scale_334",
      "c233_scale_232",
      "c080_scale_79",
      "c065_scale_64",
      "c150_scale_149",
      "c038_scale_37",
      "c050_scale_49",
      "c161_scale_160",
      "c201_scale_200",
      "c228_scale_227",
      "c279_scale_278",
      "c377_scale_376",
      "c154_scale_153",
      "c350_scale_349",
      "c373_scale_372",
      "c209_scale_208",
      "c314_scale_313",
      "c057_scale_56",
      "c255_scale_254",
      "c249_scale_248",
      "c271_scale_270"
    ]
  },
  "ordered_queues": {
    "edge-1": [
      "c086_scale_85",
      "c122_scale_121",
      "c129_scale_128",
      "c179_scale_178",
      "c230_scale_229",
      "c313_scale_312",
      "c336_scale_335",
      "c227_scale_226",
      "c214_scale_213",
      "c305_scale_304",
      "c063_scale_62",
      "c071_scale_70",
      "c130_scale_129",
      "c132_scale_131",
      "c165_scale_164"
    ],
    "edge-2": [
      "c194_scale_193",
      "c308_scale_307",
      "c131_scale_130",
      "c226_scale_225",
      "c159_scale_158",
      "c359_scale_358",
      "c022_scale_21",
      "c141_scale_140",
      "c175_scale_174",
      "c375_scale_374",
      "c193_scale_192",
      "c235_scale_234",
      "c272_scale_271",
      "c368_scale_367",
      "c104_scale_103",
      "c113_scale_112",
      "c207_scale_206",
      "c123_scale_122",
      "c192_scale_191",
      "c023_scale_22"
    ],
    "edge-3": [
      "c133_scale_132",
      "c140_scale_139",
      "c142_scale_141",
      "c222_scale_221",
      "c241_scale_240",
      "c287_scale_286",
      "c337_scale_336",
      "c347_scale_346",
      "c398_scale_397",
      "c208_scale_207",
      "c210_scale_209",
      "c237_scale_236",
      "c137_scale_136",
      "c223_scale_222",
      "c293_scale_292",
      "c014_scale_13"
    ],
    "edge-4": [
      "c097_scale_96",
      "c128_scale_127",
      "c198_scale_197",
      "c282_scale_281",
      "c322_scale_321",
      "c349_scale_348",
      "c200_scale_199",
      "c261_scale_260",
      "c289_scale_288",
      "c367_scale_366",
      "c386_scale_385",
      "c164_scale_163",
      "c348_scale_347",
      "c090_scale_89",
      "c004_scale_3",
      "c121_scale_120"
    ],
    "edge-5": [
      "c076_scale_75",
      "c055_scale_54",
      "c073_scale_72",
      "c360_scale_359",
      "c036_scale_35",
      "c115_scale_114",
      "c153_scale_152",
      "c318_scale_317",
      "c269_scale_268",
      "c184_scale_183",
      "c236_scale_235",
      "c292_scale_291"
    ],
    "edge-6": [
      "c108_scale_107",
      "c110_scale_109",
      "c196_scale_195",
      "c296_scale_295",
      "c302_scale_301",
      "c303_scale_302",
      "c316_scale_315",
      "c380_scale_379",
      "c393_scale_392",
      "c317_scale_316",
      "c369_scale_368",
      "c087_scale_86",
      "c135_scale_134",
      "c204_scale_203",
      "c248_scale_247",
      "c346_scale_345",
      "c374_scale_373"
    ],
    "edge-7": [
      "c311_scale_310",
      "c060_scale_59",
      "c067_scale_66",
      "c054_scale_53",
      "c069_scale_68",
      "c106_scale_105",
      "c381_scale_380",
      "c168_scale_167",
      "c188_scale_187",
      "c328_scale_327",
      "c215_scale_214",
      "c007_scale_6",
      "c333_scale_332",
      "c390_scale_389"
    ],
    "edge-8": [
      "c155_scale_154",
      "c182_scale_181",
      "c203_scale_202",
      "c238_scale_237",
      "c245_scale_244",
      "c250_scale_249",
      "c266_scale_265",
      "c276_scale_275",
      "c291_scale_290",
      "c077_scale_76",
      "c145_scale_144",
      "c169_scale_168",
      "c172_scale_171",
      "c332_scale_331",
      "c343_scale_342",
      "c362_scale_361",
      "c376_scale_375",
      "c379_scale_378"
    ],
    "edge-9": [
      "c013_scale_12",
      "c030_scale_29",
      "c213_scale_212",
      "c244_scale_243",
      "c281_scale_280",
      "c331_scale_330",
      "c370_scale_369",
      "c012_scale_11",
      "c136_scale_135",
      "c264_scale_263",
      "c306_scale_305",
      "c315_scale_314",
      "c391_scale_390",
      "c052_scale_51",
      "c256_scale_255"
    ],
    "edge-10": [
      "c020_scale_19",
      "c021_scale_20",
      "c061_scale_60",
      "c066_scale_65",
      "c211_scale_210",
      "c225_scale_224",
      "c257_scale_256",
      "c285_scale_284",
      "c310_scale_309",
      "c053_scale_52",
      "c174_scale_173",
      "c259_scale_258",
      "c283_scale_282",
      "c300_scale_299",
      "c389_scale_388",
      "c098_scale_97",
      "c268_scale_267",
      "c026_scale_25"
    ],
    "edge-11": [
      "c005_scale_4",
      "c251_scale_250",
      "c003_scale_2",
      "c084_scale_83",
      "c099_scale_98",
      "c354_scale_353",
      "c002_scale_1",
      "c039_scale_38",
      "c043_scale_42",
      "c083_scale_82",
      "c170_scale_169",
      "c239_scale_238",
      "c340_scale_339",
      "c352_scale_351",
      "c364_scale_363"
    ],
    "edge-12": [
      "c038_scale_37",
      "c050_scale_49",
      "c057_scale_56",
      "c065_scale_64",
      "c068_scale_67",
      "c080_scale_79",
      "c150_scale_149",
      "c154_scale_153",
      "c161_scale_160",
      "c201_scale_200",
      "c209_scale_208",
      "c228_scale_227",
      "c233_scale_232",
      "c249_scale_248",
      "c271_scale_270",
      "c279_scale_278",
      "c314_scale_313",
      "c335_scale_334",
      "c350_scale_349",
      "c373_scale_372",
      "c377_scale_376",
      "c255_scale_254"
    ]
  }
}
