{
  "summary": {
    "algo": "FG-DSCR-GC-K8s-selected",
    "num_containers": 400,
    "num_assigned": 167,
    "num_failed": 233,
    "fail_rate": 0.5825,
    "num_nodes": 10,
    "ACT": 152.6386477045908,
    "AMS": 288.32125,
    "downloaded_mb": 16648,
    "reused_mb": 66162,
    "reuse_rate": 0.7989614780823572,
    "objective_base": 220.47994885229542,
    "fail_penalty": 582.5,
    "lambda_fail": 1000.0,
    "objective": 802.9799488522954
  },
  "assignment": {
    "edge-1": [
      "c390_scale_389",
      "c132_scale_131",
      "c127_scale_126",
      "c387_scale_386",
      "c394_scale_393",
      "c134_scale_133",
      "c248_scale_247",
      "c347_scale_346",
      "c061_scale_60",
      "c118_scale_117",
      "c136_scale_135",
      "c237_scale_236",
      "c168_scale_167",
      "c240_scale_239",
      "c163_scale_162",
      "c284_scale_283"
    ],
    "edge-2": [
      "c352_scale_351",
      "c195_scale_194",
      "c333_scale_332",
      "c016_scale_15",
      "c203_scale_202",
      "c292_scale_291",
      "c374_scale_373",
      "c060_scale_59",
      "c187_scale_186",
      "c225_scale_224",
      "c088_scale_87",
      "c253_scale_252",
      "c166_scale_165",
      "c201_scale_200",
      "c356_scale_355",
      "c135_scale_134",
      "c368_scale_367",
      "c172_scale_171",
      "c328_scale_327",
      "c332_scale_331"
    ],
    "edge-3": [
      "c066_scale_65",
      "c357_scale_356",
      "c049_scale_48",
      "c275_scale_274",
      "c068_scale_67",
      "c297_scale_296",
      "c197_scale_196",
      "c198_scale_197",
      "c229_scale_228",
      "c383_scale_382",
      "c339_scale_338",
      "c067_scale_66",
      "c334_scale_333",
      "c092_scale_91",
      "c014_scale_13"
    ],
    "edge-4": [
      "c367_scale_366",
      "c281_scale_280",
      "c193_scale_192",
      "c226_scale_225",
      "c071_scale_70",
      "c360_scale_359",
      "c224_scale_223",
      "c279_scale_278",
      "c091_scale_90",
      "c285_scale_284",
      "c030_scale_29",
      "c227_scale_226",
      "c239_scale_238",
      "c395_scale_394",
      "c139_scale_138"
    ],
    "edge-5": [
      "c059_scale_58",
      "c082_scale_81",
      "c260_scale_259",
      "c250_scale_249",
      "c369_scale_368",
      "c129_scale_128",
      "c217_scale_216",
      "c235_scale_234",
      "c295_scale_294",
      "c308_scale_307",
      "c147_scale_146",
      "c169_scale_168",
      "c093_scale_92",
      "c256_scale_255",
      "c310_scale_309",
      "c341_scale_340"
    ],
    "edge-6": [
      "c096_scale_95",
      "c151_scale_150",
      "c119_scale_118",
      "c231_scale_230",
      "c380_scale_379",
      "c022_scale_21",
      "c273_scale_272",
      "c108_scale_107",
      "c214_scale_213",
      "c183_scale_182",
      "c323_scale_322",
      "c178_scale_177",
      "c084_scale_83",
      "c208_scale_207",
      "c330_scale_329",
      "c098_scale_97",
      "c377_scale_376"
    ],
    "edge-7": [
      "c100_scale_99",
      "c048_scale_47",
      "c131_scale_130",
      "c063_scale_62",
      "c095_scale_94",
      "c261_scale_260",
      "c314_scale_313",
      "c221_scale_220",
      "c274_scale_273",
      "c122_scale_121",
      "c191_scale_190",
      "c161_scale_160",
      "c181_scale_180",
      "c307_scale_306",
      "c345_scale_344",
      "c102_scale_101"
    ],
    "edge-8": [
      "c062_scale_61",
      "c074_scale_73",
      "c331_scale_330",
      "c393_scale_392",
      "c144_scale_143",
      "c032_scale_31",
      "c044_scale_43",
      "c194_scale_193",
      "c271_scale_270",
      "c370_scale_369",
      "c037_scale_36",
      "c148_scale_147",
      "c343_scale_342",
      "c366_scale_365",
      "c202_scale_201",
      "c301_scale_300",
      "c306_scale_305",
      "c051_scale_50",
      "c242_scale_241",
      "c398_scale_397"
    ],
    "edge-9": [
      "c399_scale_398",
      "c247_scale_246",
      "c241_scale_240",
      "c053_scale_52",
      "c047_scale_46",
      "c305_scale_304",
      "c120_scale_119",
      "c085_scale_84",
      "c058_scale_57",
      "c223_scale_222",
      "c007_scale_6",
      "c103_scale_102",
      "c325_scale_324",
      "c244_scale_243",
      "c130_scale_129",
      "c298_scale_297"
    ],
    "edge-10": [
      "c076_scale_75",
      "c324_scale_323",
      "c290_scale_289",
      "c263_scale_262",
      "c373_scale_372",
      "c283_scale_282",
      "c023_scale_22",
      "c149_scale_148",
      "c175_scale_174",
      "c006_scale_5",
      "c158_scale_157",
      "c243_scale_242",
      "c294_scale_293",
      "c104_scale_103",
      "c189_scale_188",
      "c070_scale_69"
    ]
  },
  "ordered_queues": {
    "edge-1": [
      "c127_scale_126",
      "c134_scale_133",
      "c136_scale_135",
      "c163_scale_162",
      "c237_scale_236",
      "c284_scale_283",
      "c387_scale_386",
      "c390_scale_389",
      "c394_scale_393",
      "c132_scale_131",
      "c248_scale_247",
      "c240_scale_239",
      "c061_scale_60",
      "c118_scale_117",
      "c168_scale_167",
      "c347_scale_346"
    ],
    "edge-2": [
      "c060_scale_59",
      "c088_scale_87",
      "c195_scale_194",
      "c253_scale_252",
      "c333_scale_332",
      "c201_scale_200",
      "c356_scale_355",
      "c166_scale_165",
      "c203_scale_202",
      "c225_scale_224",
      "c292_scale_291",
      "c374_scale_373",
      "c187_scale_186",
      "c328_scale_327",
      "c352_scale_351",
      "c332_scale_331",
      "c135_scale_134",
      "c368_scale_367",
      "c016_scale_15",
      "c172_scale_171"
    ],
    "edge-3": [
      "c229_scale_228",
      "c383_scale_382",
      "c049_scale_48",
      "c067_scale_66",
      "c297_scale_296",
      "c357_scale_356",
      "c066_scale_65",
      "c068_scale_67",
      "c339_scale_338",
      "c092_scale_91",
      "c197_scale_196",
      "c198_scale_197",
      "c275_scale_274",
      "c334_scale_333",
      "c014_scale_13"
    ],
    "edge-4": [
      "c091_scale_90",
      "c224_scale_223",
      "c239_scale_238",
      "c279_scale_278",
      "c226_scale_225",
      "c071_scale_70",
      "c139_scale_138",
      "c227_scale_226",
      "c193_scale_192",
      "c281_scale_280",
      "c360_scale_359",
      "c285_scale_284",
      "c367_scale_366",
      "c030_scale_29",
      "c395_scale_394"
    ],
    "edge-5": [
      "c093_scale_92",
      "c169_scale_168",
      "c217_scale_216",
      "c235_scale_234",
      "c256_scale_255",
      "c295_scale_294",
      "c308_scale_307",
      "c082_scale_81",
      "c147_scale_146",
      "c250_scale_249",
      "c260_scale_259",
      "c310_scale_309",
      "c369_scale_368",
      "c059_scale_58",
      "c129_scale_128",
      "c341_scale_340"
    ],
    "edge-6": [
      "c022_scale_21",
      "c084_scale_83",
      "c096_scale_95",
      "c119_scale_118",
      "c151_scale_150",
      "c183_scale_182",
      "c214_scale_213",
      "c231_scale_230",
      "c273_scale_272",
      "c323_scale_322",
      "c380_scale_379",
      "c330_scale_329",
      "c108_scale_107",
      "c178_scale_177",
      "c377_scale_376",
      "c098_scale_97",
      "c208_scale_207"
    ],
    "edge-7": [
      "c102_scale_101",
      "c122_scale_121",
      "c161_scale_160",
      "c181_scale_180",
      "c191_scale_190",
      "c221_scale_220",
      "c274_scale_273",
      "c307_scale_306",
      "c314_scale_313",
      "c345_scale_344",
      "c131_scale_130",
      "c261_scale_260",
      "c048_scale_47",
      "c063_scale_62",
      "c095_scale_94",
      "c100_scale_99"
    ],
    "edge-8": [
      "c032_scale_31",
      "c037_scale_36",
      "c044_scale_43",
      "c051_scale_50",
      "c062_scale_61",
      "c074_scale_73",
      "c144_scale_143",
      "c148_scale_147",
      "c194_scale_193",
      "c202_scale_201",
      "c242_scale_241",
      "c271_scale_270",
      "c301_scale_300",
      "c306_scale_305",
      "c331_scale_330",
      "c343_scale_342",
      "c366_scale_365",
      "c370_scale_369",
      "c393_scale_392",
      "c398_scale_397"
    ],
    "edge-9": [
      "c244_scale_243",
      "c058_scale_57",
      "c103_scale_102",
      "c120_scale_119",
      "c241_scale_240",
      "c247_scale_246",
      "c399_scale_398",
      "c085_scale_84",
      "c007_scale_6",
      "c047_scale_46",
      "c053_scale_52",
      "c223_scale_222",
      "c305_scale_304",
      "c130_scale_129",
      "c298_scale_297",
      "c325_scale_324"
    ],
    "edge-10": [
      "c006_scale_5",
      "c023_scale_22",
      "c104_scale_103",
      "c149_scale_148",
      "c158_scale_157",
      "c175_scale_174",
      "c189_scale_188",
      "c243_scale_242",
      "c263_scale_262",
      "c283_scale_282",
      "c294_scale_293",
      "c373_scale_372",
      "c070_scale_69",
      "c076_scale_75",
      "c290_scale_289",
      "c324_scale_323"
    ]
  }
}
