{
  "summary": {
    "algo": "FG-DSCR-GC-K8s-selected",
    "num_containers": 1500,
    "num_assigned": 306,
    "num_failed": 1194,
    "fail_rate": 0.796,
    "num_nodes": 16,
    "ACT": 149.38085511982567,
    "AMS": 276.3166666666667,
    "downloaded_mb": 8838,
    "reused_mb": 81527,
    "reuse_rate": 0.9021966469318874,
    "objective_base": 212.8487608932462,
    "fail_penalty": 796.0,
    "lambda_fail": 1000.0,
    "objective": 1008.8487608932462
  },
  "assignment": {
    "edge-1": [
      "c850_scale_849",
      "c218_scale_1217",
      "c128_scale_127",
      "c265_scale_264",
      "c445_scale_444",
      "c128_scale_1127",
      "c265_scale_1264",
      "c445_scale_1444",
      "c366_scale_365",
      "c678_scale_677",
      "c766_scale_765",
      "c366_scale_1365",
      "c446_scale_445",
      "c864_scale_863",
      "c938_scale_937",
      "c903_scale_902",
      "c208_scale_1207",
      "c246_scale_245",
      "c551_scale_550"
    ],
    "edge-2": [
      "c466_scale_465",
      "c466_scale_1465",
      "c147_scale_146",
      "c147_scale_1146",
      "c308_scale_307",
      "c610_scale_609",
      "c308_scale_1307",
      "c279_scale_278",
      "c485_scale_484",
      "c596_scale_595",
      "c930_scale_929",
      "c279_scale_1278",
      "c485_scale_1484",
      "c135_scale_134",
      "c691_scale_690",
      "c135_scale_1134",
      "c166_scale_165",
      "c166_scale_1165",
      "c021_scale_1020",
      "c218_scale_217",
      "c306_scale_305",
      "c487_scale_486"
    ],
    "edge-3": [
      "c489_scale_488",
      "c094_scale_1093",
      "c489_scale_1488",
      "c028_scale_27",
      "c206_scale_205",
      "c391_scale_390",
      "c028_scale_1027",
      "c206_scale_1205",
      "c391_scale_1390",
      "c378_scale_377",
      "c406_scale_405",
      "c703_scale_702",
      "c800_scale_799",
      "c378_scale_1377",
      "c199_scale_1198",
      "c246_scale_1245",
      "c235_scale_234",
      "c893_scale_892",
      "c915_scale_914"
    ],
    "edge-4": [
      "c937_scale_936",
      "c732_scale_731",
      "c892_scale_891",
      "c961_scale_960",
      "c990_scale_989",
      "c234_scale_233",
      "c362_scale_361",
      "c385_scale_384",
      "c433_scale_432",
      "c472_scale_471",
      "c613_scale_612",
      "c234_scale_1233",
      "c362_scale_1361",
      "c385_scale_1384",
      "c433_scale_1432",
      "c472_scale_1471",
      "c180_scale_179",
      "c180_scale_1179",
      "c684_scale_683",
      "c021_scale_20",
      "c235_scale_1234",
      "c330_scale_329"
    ],
    "edge-5": [
      "c546_scale_545",
      "c566_scale_565",
      "c359_scale_358",
      "c400_scale_399",
      "c359_scale_1358",
      "c400_scale_1399",
      "c523_scale_522",
      "c845_scale_844",
      "c641_scale_640",
      "c029_scale_28",
      "c293_scale_292",
      "c029_scale_1028",
      "c293_scale_1292",
      "c707_scale_706",
      "c889_scale_888"
    ],
    "edge-6": [
      "c434_scale_433",
      "c667_scale_666",
      "c846_scale_845",
      "c434_scale_1433",
      "c220_scale_219",
      "c309_scale_308",
      "c943_scale_942",
      "c220_scale_1219",
      "c309_scale_1308",
      "c376_scale_375",
      "c853_scale_852",
      "c376_scale_1375",
      "c473_scale_472",
      "c550_scale_549",
      "c473_scale_1472",
      "c045_scale_44",
      "c307_scale_306",
      "c442_scale_441",
      "c527_scale_526",
      "c795_scale_794",
      "c374_scale_373",
      "c690_scale_689"
    ],
    "edge-7": [
      "c536_scale_535",
      "c549_scale_548",
      "c092_scale_91",
      "c092_scale_1091",
      "c098_scale_97",
      "c098_scale_1097",
      "c412_scale_411",
      "c412_scale_1411",
      "c132_scale_131",
      "c397_scale_396",
      "c414_scale_413",
      "c132_scale_1131",
      "c397_scale_1396",
      "c904_scale_903",
      "c929_scale_928",
      "c035_scale_34",
      "c150_scale_149",
      "c283_scale_282",
      "c419_scale_418"
    ],
    "edge-8": [
      "c326_scale_325",
      "c326_scale_1325",
      "c033_scale_32",
      "c109_scale_108",
      "c139_scale_138",
      "c636_scale_635",
      "c944_scale_943",
      "c033_scale_1032",
      "c109_scale_1108",
      "c139_scale_1138",
      "c081_scale_80",
      "c339_scale_338",
      "c427_scale_426",
      "c652_scale_651",
      "c702_scale_701",
      "c745_scale_744",
      "c081_scale_1080",
      "c339_scale_1338",
      "c427_scale_1426",
      "c134_scale_133",
      "c190_scale_189",
      "c236_scale_235",
      "c564_scale_563",
      "c005_scale_4"
    ],
    "edge-9": [
      "c406_scale_1405",
      "c048_scale_47",
      "c399_scale_398",
      "c862_scale_861",
      "c048_scale_1047",
      "c399_scale_1398",
      "c228_scale_227",
      "c263_scale_262",
      "c503_scale_502",
      "c570_scale_569",
      "c842_scale_841",
      "c228_scale_1227",
      "c263_scale_1262",
      "c199_scale_198",
      "c953_scale_952",
      "c972_scale_971",
      "c813_scale_812",
      "c330_scale_1329",
      "c767_scale_766"
    ],
    "edge-10": [
      "c047_scale_46",
      "c047_scale_1046",
      "c645_scale_644",
      "c752_scale_751",
      "c144_scale_143",
      "c144_scale_1143",
      "c334_scale_333",
      "c497_scale_496",
      "c709_scale_708",
      "c817_scale_816",
      "c334_scale_1333",
      "c497_scale_1496",
      "c229_scale_228",
      "c229_scale_1228",
      "c025_scale_24",
      "c025_scale_1024",
      "c155_scale_154",
      "c342_scale_341",
      "c419_scale_1418"
    ],
    "edge-11": [
      "c414_scale_1413",
      "c827_scale_826",
      "c924_scale_923",
      "c182_scale_1181",
      "c384_scale_383",
      "c417_scale_416",
      "c384_scale_1383",
      "c417_scale_1416",
      "c598_scale_597",
      "c509_scale_508",
      "c069_scale_68",
      "c597_scale_596",
      "c565_scale_564",
      "c035_scale_1034",
      "c150_scale_1149"
    ],
    "edge-12": [
      "c300_scale_299",
      "c300_scale_1299",
      "c782_scale_781",
      "c136_scale_135",
      "c174_scale_173",
      "c136_scale_1135",
      "c174_scale_1173",
      "c518_scale_517",
      "c568_scale_567",
      "c011_scale_10",
      "c011_scale_1010",
      "c508_scale_507",
      "c822_scale_821",
      "c151_scale_150",
      "c151_scale_1150",
      "c542_scale_541",
      "c182_scale_181",
      "c095_scale_1094",
      "c036_scale_1035",
      "c121_scale_1120",
      "c281_scale_280"
    ],
    "edge-13": [
      "c005_scale_1004",
      "c155_scale_1154",
      "c342_scale_1341",
      "c305_scale_304",
      "c305_scale_1304",
      "c705_scale_704",
      "c069_scale_1068",
      "c818_scale_817",
      "c516_scale_515",
      "c863_scale_862",
      "c839_scale_838",
      "c202_scale_201",
      "c202_scale_1201",
      "c823_scale_822",
      "c912_scale_911"
    ],
    "edge-14": [
      "c949_scale_948",
      "c134_scale_1133",
      "c190_scale_1189",
      "c236_scale_1235",
      "c027_scale_26",
      "c653_scale_652",
      "c027_scale_1026",
      "c587_scale_586",
      "c734_scale_733",
      "c856_scale_855",
      "c982_scale_981",
      "c240_scale_239",
      "c443_scale_442",
      "c586_scale_585",
      "c603_scale_602",
      "c240_scale_1239",
      "c443_scale_1442",
      "c094_scale_93",
      "c364_scale_363",
      "c364_scale_1363",
      "c283_scale_1282"
    ],
    "edge-15": [
      "c446_scale_1445",
      "c713_scale_712",
      "c438_scale_437",
      "c438_scale_1437",
      "c416_scale_415",
      "c447_scale_446",
      "c416_scale_1415",
      "c447_scale_1446",
      "c119_scale_118",
      "c208_scale_207",
      "c119_scale_1118",
      "c934_scale_933",
      "c306_scale_1305",
      "c487_scale_1486"
    ],
    "edge-16": [
      "c861_scale_860",
      "c045_scale_1044",
      "c307_scale_1306",
      "c442_scale_1441",
      "c010_scale_9",
      "c010_scale_1009",
      "c157_scale_156",
      "c581_scale_580",
      "c966_scale_965",
      "c157_scale_1156",
      "c350_scale_349",
      "c475_scale_474",
      "c718_scale_717",
      "c281_scale_1280",
      "c350_scale_1349",
      "c475_scale_1474",
      "c095_scale_94",
      "c036_scale_35",
      "c121_scale_120",
      "c374_scale_1373"
    ]
  },
  "ordered_queues": {
    "edge-1": [
      "c128_scale_1127",
      "c128_scale_127",
      "c218_scale_1217",
      "c265_scale_1264",
      "c265_scale_264",
      "c366_scale_1365",
      "c366_scale_365",
      "c445_scale_1444",
      "c445_scale_444",
      "c446_scale_445",
      "c678_scale_677",
      "c766_scale_765",
      "c850_scale_849",
      "c864_scale_863",
      "c938_scale_937",
      "c208_scale_1207",
      "c903_scale_902",
      "c246_scale_245",
      "c551_scale_550"
    ],
    "edge-2": [
      "c135_scale_1134",
      "c135_scale_134",
      "c147_scale_1146",
      "c147_scale_146",
      "c166_scale_1165",
      "c166_scale_165",
      "c279_scale_1278",
      "c279_scale_278",
      "c308_scale_1307",
      "c308_scale_307",
      "c466_scale_1465",
      "c466_scale_465",
      "c485_scale_1484",
      "c485_scale_484",
      "c596_scale_595",
      "c610_scale_609",
      "c691_scale_690",
      "c930_scale_929",
      "c021_scale_1020",
      "c218_scale_217",
      "c306_scale_305",
      "c487_scale_486"
    ],
    "edge-3": [
      "c028_scale_1027",
      "c028_scale_27",
      "c094_scale_1093",
      "c199_scale_1198",
      "c206_scale_1205",
      "c206_scale_205",
      "c246_scale_1245",
      "c378_scale_1377",
      "c378_scale_377",
      "c391_scale_1390",
      "c391_scale_390",
      "c406_scale_405",
      "c489_scale_1488",
      "c489_scale_488",
      "c703_scale_702",
      "c800_scale_799",
      "c235_scale_234",
      "c893_scale_892",
      "c915_scale_914"
    ],
    "edge-4": [
      "c021_scale_20",
      "c180_scale_1179",
      "c180_scale_179",
      "c234_scale_1233",
      "c234_scale_233",
      "c235_scale_1234",
      "c362_scale_1361",
      "c362_scale_361",
      "c385_scale_1384",
      "c385_scale_384",
      "c433_scale_1432",
      "c433_scale_432",
      "c472_scale_1471",
      "c472_scale_471",
      "c613_scale_612",
      "c684_scale_683",
      "c732_scale_731",
      "c892_scale_891",
      "c937_scale_936",
      "c961_scale_960",
      "c990_scale_989",
      "c330_scale_329"
    ],
    "edge-5": [
      "c029_scale_1028",
      "c029_scale_28",
      "c293_scale_1292",
      "c293_scale_292",
      "c359_scale_1358",
      "c359_scale_358",
      "c400_scale_1399",
      "c400_scale_399",
      "c523_scale_522",
      "c546_scale_545",
      "c566_scale_565",
      "c707_scale_706",
      "c845_scale_844",
      "c889_scale_888",
      "c641_scale_640"
    ],
    "edge-6": [
      "c045_scale_44",
      "c220_scale_1219",
      "c220_scale_219",
      "c307_scale_306",
      "c309_scale_1308",
      "c309_scale_308",
      "c374_scale_373",
      "c376_scale_1375",
      "c376_scale_375",
      "c434_scale_1433",
      "c434_scale_433",
      "c442_scale_441",
      "c473_scale_1472",
      "c473_scale_472",
      "c527_scale_526",
      "c550_scale_549",
      "c667_scale_666",
      "c690_scale_689",
      "c795_scale_794",
      "c846_scale_845",
      "c853_scale_852",
      "c943_scale_942"
    ],
    "edge-7": [
      "c092_scale_1091",
      "c092_scale_91",
      "c098_scale_1097",
      "c098_scale_97",
      "c132_scale_1131",
      "c132_scale_131",
      "c397_scale_1396",
      "c397_scale_396",
      "c412_scale_1411",
      "c412_scale_411",
      "c414_scale_413",
      "c536_scale_535",
      "c549_scale_548",
      "c035_scale_34",
      "c150_scale_149",
      "c283_scale_282",
      "c419_scale_418",
      "c904_scale_903",
      "c929_scale_928"
    ],
    "edge-8": [
      "c033_scale_1032",
      "c033_scale_32",
      "c081_scale_1080",
      "c081_scale_80",
      "c109_scale_108",
      "c109_scale_1108",
      "c134_scale_133",
      "c139_scale_1138",
      "c139_scale_138",
      "c190_scale_189",
      "c236_scale_235",
      "c326_scale_1325",
      "c326_scale_325",
      "c339_scale_1338",
      "c339_scale_338",
      "c427_scale_1426",
      "c427_scale_426",
      "c564_scale_563",
      "c636_scale_635",
      "c652_scale_651",
      "c702_scale_701",
      "c745_scale_744",
      "c944_scale_943",
      "c005_scale_4"
    ],
    "edge-9": [
      "c048_scale_1047",
      "c048_scale_47",
      "c199_scale_198",
      "c228_scale_1227",
      "c228_scale_227",
      "c263_scale_1262",
      "c263_scale_262",
      "c330_scale_1329",
      "c399_scale_1398",
      "c399_scale_398",
      "c406_scale_1405",
      "c503_scale_502",
      "c570_scale_569",
      "c767_scale_766",
      "c813_scale_812",
      "c842_scale_841",
      "c862_scale_861",
      "c953_scale_952",
      "c972_scale_971"
    ],
    "edge-10": [
      "c025_scale_1024",
      "c025_scale_24",
      "c047_scale_1046",
      "c047_scale_46",
      "c144_scale_1143",
      "c144_scale_143",
      "c155_scale_154",
      "c229_scale_1228",
      "c229_scale_228",
      "c334_scale_1333",
      "c334_scale_333",
      "c342_scale_341",
      "c497_scale_1496",
      "c497_scale_496",
      "c645_scale_644",
      "c709_scale_708",
      "c752_scale_751",
      "c817_scale_816",
      "c419_scale_1418"
    ],
    "edge-11": [
      "c069_scale_68",
      "c414_scale_1413",
      "c598_scale_597",
      "c827_scale_826",
      "c924_scale_923",
      "c182_scale_1181",
      "c384_scale_1383",
      "c384_scale_383",
      "c417_scale_1416",
      "c417_scale_416",
      "c509_scale_508",
      "c597_scale_596",
      "c035_scale_1034",
      "c150_scale_1149",
      "c565_scale_564"
    ],
    "edge-12": [
      "c011_scale_10",
      "c011_scale_1010",
      "c136_scale_1135",
      "c136_scale_135",
      "c151_scale_1150",
      "c151_scale_150",
      "c174_scale_1173",
      "c174_scale_173",
      "c182_scale_181",
      "c300_scale_1299",
      "c300_scale_299",
      "c508_scale_507",
      "c518_scale_517",
      "c542_scale_541",
      "c568_scale_567",
      "c782_scale_781",
      "c822_scale_821",
      "c095_scale_1094",
      "c036_scale_1035",
      "c121_scale_1120",
      "c281_scale_280"
    ],
    "edge-13": [
      "c005_scale_1004",
      "c155_scale_1154",
      "c305_scale_1304",
      "c305_scale_304",
      "c342_scale_1341",
      "c516_scale_515",
      "c705_scale_704",
      "c069_scale_1068",
      "c823_scale_822",
      "c912_scale_911",
      "c839_scale_838",
      "c202_scale_1201",
      "c202_scale_201",
      "c818_scale_817",
      "c863_scale_862"
    ],
    "edge-14": [
      "c027_scale_1026",
      "c027_scale_26",
      "c094_scale_93",
      "c134_scale_1133",
      "c190_scale_1189",
      "c236_scale_1235",
      "c240_scale_1239",
      "c240_scale_239",
      "c283_scale_1282",
      "c364_scale_1363",
      "c364_scale_363",
      "c443_scale_1442",
      "c443_scale_442",
      "c586_scale_585",
      "c587_scale_586",
      "c603_scale_602",
      "c653_scale_652",
      "c734_scale_733",
      "c856_scale_855",
      "c949_scale_948",
      "c982_scale_981"
    ],
    "edge-15": [
      "c119_scale_1118",
      "c119_scale_118",
      "c208_scale_207",
      "c416_scale_1415",
      "c416_scale_415",
      "c447_scale_1446",
      "c447_scale_446",
      "c306_scale_1305",
      "c438_scale_1437",
      "c438_scale_437",
      "c446_scale_1445",
      "c487_scale_1486",
      "c713_scale_712",
      "c934_scale_933"
    ],
    "edge-16": [
      "c010_scale_1009",
      "c010_scale_9",
      "c036_scale_35",
      "c045_scale_1044",
      "c121_scale_120",
      "c157_scale_1156",
      "c157_scale_156",
      "c281_scale_1280",
      "c307_scale_1306",
      "c350_scale_1349",
      "c350_scale_349",
      "c374_scale_1373",
      "c442_scale_1441",
      "c475_scale_1474",
      "c475_scale_474",
      "c581_scale_580",
      "c718_scale_717",
      "c966_scale_965",
      "c095_scale_94",
      "c861_scale_860"
    ]
  }
}
