{
  "summary": {
    "algo": "FG-DSCR-GC-K8s-selected",
    "num_containers": 800,
    "num_assigned": 131,
    "num_failed": 669,
    "fail_rate": 0.83625,
    "num_nodes": 6,
    "ACT": 171.62321882951656,
    "AMS": 322.5736111111111,
    "downloaded_mb": 4308,
    "reused_mb": 34216,
    "reuse_rate": 0.8881736060637525,
    "objective_base": 247.09841497031385,
    "fail_penalty": 836.25,
    "lambda_fail": 1000.0,
    "objective": 1083.3484149703138
  },
  "assignment": {
    "edge-1": [
      "c732_scale_731",
      "c234_scale_233",
      "c362_scale_361",
      "c385_scale_384",
      "c433_scale_432",
      "c472_scale_471",
      "c613_scale_612",
      "c180_scale_179",
      "c684_scale_683",
      "c021_scale_20",
      "c218_scale_217",
      "c128_scale_127",
      "c265_scale_264",
      "c445_scale_444",
      "c366_scale_365",
      "c678_scale_677",
      "c766_scale_765",
      "c446_scale_445",
      "c713_scale_712",
      "c705_scale_704",
      "c384_scale_383"
    ],
    "edge-2": [
      "c466_scale_465",
      "c147_scale_146",
      "c308_scale_307",
      "c610_scale_609",
      "c279_scale_278",
      "c485_scale_484",
      "c596_scale_595",
      "c047_scale_46",
      "c135_scale_134",
      "c691_scale_690",
      "c645_scale_644",
      "c752_scale_751",
      "c144_scale_143",
      "c334_scale_333",
      "c709_scale_708",
      "c412_scale_411",
      "c229_scale_228",
      "c546_scale_545",
      "c566_scale_565",
      "c359_scale_358",
      "c400_scale_399",
      "c025_scale_24",
      "c132_scale_131",
      "c570_scale_569"
    ],
    "edge-3": [
      "c603_scale_602",
      "c094_scale_93",
      "c489_scale_488",
      "c028_scale_27",
      "c206_scale_205",
      "c391_scale_390",
      "c378_scale_377",
      "c406_scale_405",
      "c703_scale_702",
      "c800_scale_799",
      "c048_scale_47",
      "c399_scale_398",
      "c438_scale_437",
      "c228_scale_227",
      "c263_scale_262",
      "c503_scale_502",
      "c095_scale_94",
      "c597_scale_596",
      "c416_scale_415"
    ],
    "edge-4": [
      "c434_scale_433",
      "c667_scale_666",
      "c220_scale_219",
      "c309_scale_308",
      "c376_scale_375",
      "c473_scale_472",
      "c550_scale_549",
      "c045_scale_44",
      "c307_scale_306",
      "c442_scale_441",
      "c527_scale_526",
      "c795_scale_794",
      "c166_scale_165",
      "c536_scale_535",
      "c549_scale_548",
      "c010_scale_9",
      "c157_scale_156",
      "c581_scale_580",
      "c098_scale_97",
      "c281_scale_280",
      "c350_scale_349",
      "c475_scale_474",
      "c718_scale_717",
      "c497_scale_496"
    ],
    "edge-5": [
      "c300_scale_299",
      "c782_scale_781",
      "c136_scale_135",
      "c174_scale_173",
      "c518_scale_517",
      "c568_scale_567",
      "c011_scale_10",
      "c508_scale_507",
      "c151_scale_150",
      "c397_scale_396",
      "c414_scale_413",
      "c542_scale_541",
      "c005_scale_4",
      "c155_scale_154",
      "c342_scale_341",
      "c305_scale_304",
      "c182_scale_181",
      "c447_scale_446",
      "c208_scale_207"
    ],
    "edge-6": [
      "c326_scale_325",
      "c033_scale_32",
      "c109_scale_108",
      "c139_scale_138",
      "c636_scale_635",
      "c081_scale_80",
      "c339_scale_338",
      "c427_scale_426",
      "c652_scale_651",
      "c702_scale_701",
      "c745_scale_744",
      "c134_scale_133",
      "c190_scale_189",
      "c236_scale_235",
      "c564_scale_563",
      "c767_scale_766",
      "c027_scale_26",
      "c653_scale_652",
      "c587_scale_586",
      "c734_scale_733",
      "c092_scale_91",
      "c240_scale_239",
      "c443_scale_442",
      "c586_scale_585"
    ]
  },
  "ordered_queues": {
    "edge-1": [
      "c021_scale_20",
      "c128_scale_127",
      "c180_scale_179",
      "c218_scale_217",
      "c234_scale_233",
      "c265_scale_264",
      "c362_scale_361",
      "c366_scale_365",
      "c385_scale_384",
      "c433_scale_432",
      "c445_scale_444",
      "c446_scale_445",
      "c472_scale_471",
      "c613_scale_612",
      "c678_scale_677",
      "c684_scale_683",
      "c713_scale_712",
      "c732_scale_731",
      "c766_scale_765",
      "c705_scale_704",
      "c384_scale_383"
    ],
    "edge-2": [
      "c025_scale_24",
      "c047_scale_46",
      "c144_scale_143",
      "c229_scale_228",
      "c334_scale_333",
      "c645_scale_644",
      "c709_scale_708",
      "c752_scale_751",
      "c132_scale_131",
      "c412_scale_411",
      "c135_scale_134",
      "c147_scale_146",
      "c279_scale_278",
      "c308_scale_307",
      "c466_scale_465",
      "c485_scale_484",
      "c596_scale_595",
      "c610_scale_609",
      "c691_scale_690",
      "c359_scale_358",
      "c400_scale_399",
      "c546_scale_545",
      "c566_scale_565",
      "c570_scale_569"
    ],
    "edge-3": [
      "c028_scale_27",
      "c048_scale_47",
      "c094_scale_93",
      "c206_scale_205",
      "c228_scale_227",
      "c263_scale_262",
      "c378_scale_377",
      "c391_scale_390",
      "c399_scale_398",
      "c406_scale_405",
      "c489_scale_488",
      "c503_scale_502",
      "c603_scale_602",
      "c703_scale_702",
      "c800_scale_799",
      "c438_scale_437",
      "c095_scale_94",
      "c416_scale_415",
      "c597_scale_596"
    ],
    "edge-4": [
      "c010_scale_9",
      "c045_scale_44",
      "c157_scale_156",
      "c220_scale_219",
      "c281_scale_280",
      "c307_scale_306",
      "c309_scale_308",
      "c350_scale_349",
      "c376_scale_375",
      "c434_scale_433",
      "c442_scale_441",
      "c473_scale_472",
      "c475_scale_474",
      "c527_scale_526",
      "c550_scale_549",
      "c581_scale_580",
      "c667_scale_666",
      "c718_scale_717",
      "c795_scale_794",
      "c098_scale_97",
      "c536_scale_535",
      "c549_scale_548",
      "c166_scale_165",
      "c497_scale_496"
    ],
    "edge-5": [
      "c011_scale_10",
      "c136_scale_135",
      "c151_scale_150",
      "c174_scale_173",
      "c182_scale_181",
      "c300_scale_299",
      "c508_scale_507",
      "c518_scale_517",
      "c542_scale_541",
      "c568_scale_567",
      "c782_scale_781",
      "c397_scale_396",
      "c414_scale_413",
      "c208_scale_207",
      "c447_scale_446",
      "c005_scale_4",
      "c155_scale_154",
      "c305_scale_304",
      "c342_scale_341"
    ],
    "edge-6": [
      "c027_scale_26",
      "c033_scale_32",
      "c081_scale_80",
      "c109_scale_108",
      "c134_scale_133",
      "c139_scale_138",
      "c190_scale_189",
      "c236_scale_235",
      "c240_scale_239",
      "c326_scale_325",
      "c339_scale_338",
      "c427_scale_426",
      "c443_scale_442",
      "c564_scale_563",
      "c586_scale_585",
      "c587_scale_586",
      "c636_scale_635",
      "c652_scale_651",
      "c653_scale_652",
      "c702_scale_701",
      "c734_scale_733",
      "c745_scale_744",
      "c767_scale_766",
      "c092_scale_91"
    ]
  }
}
