{
  "summary": {
    "algo": "FG-DSCR-GC-K8s-selected",
    "num_containers": 200,
    "num_assigned": 102,
    "num_failed": 98,
    "fail_rate": 0.49,
    "num_nodes": 8,
    "ACT": 125.0127450980392,
    "AMS": 245.28177083333333,
    "downloaded_mb": 7672,
    "reused_mb": 19969,
    "reuse_rate": 0.7224413009659564,
    "objective_base": 185.14725796568626,
    "fail_penalty": 490.0,
    "lambda_fail": 1000.0,
    "objective": 675.1472579656863
  },
  "assignment": {
    "edge-1": [
      "c136_scale_135",
      "c174_scale_173",
      "c011_scale_10",
      "c151_scale_150",
      "c182_scale_181",
      "c140_scale_139",
      "c146_scale_145",
      "c164_scale_163",
      "c017_scale_16",
      "c158_scale_157",
      "c009_scale_8",
      "c173_scale_172",
      "c160_scale_159"
    ],
    "edge-2": [
      "c147_scale_146",
      "c047_scale_46",
      "c144_scale_143",
      "c025_scale_24",
      "c155_scale_154",
      "c016_scale_15",
      "c165_scale_164",
      "c071_scale_70",
      "c172_scale_171",
      "c179_scale_178",
      "c038_scale_37",
      "c082_scale_81",
      "c008_scale_7",
      "c051_scale_50"
    ],
    "edge-3": [
      "c092_scale_91",
      "c088_scale_87",
      "c067_scale_66",
      "c061_scale_60",
      "c084_scale_83",
      "c112_scale_111",
      "c044_scale_43",
      "c049_scale_48",
      "c066_scale_65",
      "c050_scale_49",
      "c052_scale_51",
      "c005_scale_4"
    ],
    "edge-4": [
      "c033_scale_32",
      "c109_scale_108",
      "c139_scale_138",
      "c135_scale_134",
      "c081_scale_80",
      "c134_scale_133",
      "c190_scale_189",
      "c027_scale_26",
      "c166_scale_165",
      "c028_scale_27",
      "c048_scale_47",
      "c069_scale_68",
      "c095_scale_94",
      "c119_scale_118",
      "c199_scale_198",
      "c035_scale_34",
      "c150_scale_149",
      "c132_scale_131"
    ],
    "edge-5": [
      "c098_scale_97",
      "c024_scale_23",
      "c058_scale_57",
      "c194_scale_193",
      "c046_scale_45",
      "c043_scale_42",
      "c055_scale_54",
      "c002_scale_1",
      "c094_scale_93"
    ],
    "edge-6": [
      "c180_scale_179",
      "c021_scale_20",
      "c128_scale_127",
      "c041_scale_40",
      "c177_scale_176",
      "c113_scale_112",
      "c026_scale_25",
      "c079_scale_78",
      "c129_scale_128",
      "c171_scale_170",
      "c003_scale_2",
      "c127_scale_126",
      "c034_scale_33"
    ],
    "edge-7": [
      "c042_scale_41",
      "c192_scale_191",
      "c030_scale_29",
      "c196_scale_195",
      "c057_scale_56",
      "c080_scale_79",
      "c141_scale_140",
      "c126_scale_125",
      "c001_scale_0",
      "c096_scale_95"
    ],
    "edge-8": [
      "c045_scale_44",
      "c010_scale_9",
      "c157_scale_156",
      "c029_scale_28",
      "c036_scale_35",
      "c121_scale_120",
      "c075_scale_74",
      "c184_scale_183",
      "c162_scale_161",
      "c189_scale_188",
      "c019_scale_18",
      "c122_scale_121",
      "c163_scale_162"
    ]
  },
  "ordered_queues": {
    "edge-1": [
      "c009_scale_8",
      "c011_scale_10",
      "c017_scale_16",
      "c136_scale_135",
      "c140_scale_139",
      "c146_scale_145",
      "c151_scale_150",
      "c164_scale_163",
      "c174_scale_173",
      "c182_scale_181",
      "c160_scale_159",
      "c158_scale_157",
      "c173_scale_172"
    ],
    "edge-2": [
      "c016_scale_15",
      "c025_scale_24",
      "c038_scale_37",
      "c047_scale_46",
      "c082_scale_81",
      "c144_scale_143",
      "c155_scale_154",
      "c165_scale_164",
      "c172_scale_171",
      "c179_scale_178",
      "c071_scale_70",
      "c147_scale_146",
      "c051_scale_50",
      "c008_scale_7"
    ],
    "edge-3": [
      "c067_scale_66",
      "c088_scale_87",
      "c092_scale_91",
      "c044_scale_43",
      "c049_scale_48",
      "c066_scale_65",
      "c084_scale_83",
      "c112_scale_111",
      "c052_scale_51",
      "c061_scale_60",
      "c005_scale_4",
      "c050_scale_49"
    ],
    "edge-4": [
      "c027_scale_26",
      "c028_scale_27",
      "c033_scale_32",
      "c035_scale_34",
      "c048_scale_47",
      "c081_scale_80",
      "c109_scale_108",
      "c134_scale_133",
      "c139_scale_138",
      "c150_scale_149",
      "c190_scale_189",
      "c199_scale_198",
      "c095_scale_94",
      "c119_scale_118",
      "c135_scale_134",
      "c166_scale_165",
      "c069_scale_68",
      "c132_scale_131"
    ],
    "edge-5": [
      "c194_scale_193",
      "c043_scale_42",
      "c098_scale_97",
      "c046_scale_45",
      "c024_scale_23",
      "c058_scale_57",
      "c094_scale_93",
      "c002_scale_1",
      "c055_scale_54"
    ],
    "edge-6": [
      "c003_scale_2",
      "c026_scale_25",
      "c079_scale_78",
      "c129_scale_128",
      "c171_scale_170",
      "c177_scale_176",
      "c021_scale_20",
      "c041_scale_40",
      "c113_scale_112",
      "c128_scale_127",
      "c180_scale_179",
      "c034_scale_33",
      "c127_scale_126"
    ],
    "edge-7": [
      "c030_scale_29",
      "c042_scale_41",
      "c080_scale_79",
      "c192_scale_191",
      "c057_scale_56",
      "c126_scale_125",
      "c196_scale_195",
      "c096_scale_95",
      "c001_scale_0",
      "c141_scale_140"
    ],
    "edge-8": [
      "c010_scale_9",
      "c029_scale_28",
      "c036_scale_35",
      "c045_scale_44",
      "c075_scale_74",
      "c121_scale_120",
      "c157_scale_156",
      "c162_scale_161",
      "c184_scale_183",
      "c189_scale_188",
      "c122_scale_121",
      "c163_scale_162",
      "c019_scale_18"
    ]
  }
}
