{
  "summary": {
    "algo": "FG-DSCR-GC-K8s-selected",
    "num_containers": 1000,
    "num_assigned": 96,
    "num_failed": 904,
    "fail_rate": 0.904,
    "num_nodes": 4,
    "ACT": 219.44227430555554,
    "AMS": 443.5874999999999,
    "downloaded_mb": 17920,
    "reused_mb": 26218,
    "reuse_rate": 0.5940006343740087,
    "objective_base": 331.51488715277776,
    "fail_penalty": 904.0,
    "lambda_fail": 1000.0,
    "objective": 1235.5148871527776
  },
  "assignment": {
    "edge-1": [
      "c928_scale_927",
      "c580_scale_579",
      "c935_scale_934",
      "c398_scale_397",
      "c024_scale_23",
      "c592_scale_591",
      "c075_scale_74",
      "c237_scale_236",
      "c738_scale_737",
      "c083_scale_82",
      "c401_scale_400",
      "c589_scale_588",
      "c629_scale_628",
      "c730_scale_729",
      "c753_scale_752",
      "c795_scale_794",
      "c712_scale_711",
      "c068_scale_67",
      "c154_scale_153",
      "c264_scale_263",
      "c333_scale_332",
      "c344_scale_343",
      "c491_scale_490",
      "c754_scale_753"
    ],
    "edge-2": [
      "c091_scale_90",
      "c360_scale_359",
      "c443_scale_442",
      "c987_scale_986",
      "c167_scale_166",
      "c976_scale_975",
      "c286_scale_285",
      "c025_scale_24",
      "c138_scale_137",
      "c725_scale_724",
      "c023_scale_22",
      "c437_scale_436",
      "c876_scale_875",
      "c380_scale_379",
      "c162_scale_161",
      "c482_scale_481",
      "c540_scale_539",
      "c472_scale_471",
      "c110_scale_109",
      "c407_scale_406",
      "c007_scale_6",
      "c462_scale_461",
      "c256_scale_255",
      "c659_scale_658"
    ],
    "edge-3": [
      "c551_scale_550",
      "c375_scale_374",
      "c085_scale_84",
      "c690_scale_689",
      "c504_scale_503",
      "c426_scale_425",
      "c918_scale_917",
      "c350_scale_349",
      "c921_scale_920",
      "c570_scale_569",
      "c583_scale_582",
      "c459_scale_458",
      "c562_scale_561",
      "c782_scale_781",
      "c844_scale_843",
      "c871_scale_870",
      "c630_scale_629",
      "c473_scale_472",
      "c055_scale_54",
      "c693_scale_692",
      "c661_scale_660",
      "c689_scale_688",
      "c978_scale_977",
      "c862_scale_861"
    ],
    "edge-4": [
      "c369_scale_368",
      "c833_scale_832",
      "c568_scale_567",
      "c676_scale_675",
      "c777_scale_776",
      "c161_scale_160",
      "c925_scale_924",
      "c071_scale_70",
      "c336_scale_335",
      "c981_scale_980",
      "c228_scale_227",
      "c435_scale_434",
      "c471_scale_470",
      "c494_scale_493",
      "c930_scale_929",
      "c959_scale_958",
      "c984_scale_983",
      "c532_scale_531",
      "c235_scale_234",
      "c364_scale_363",
      "c509_scale_508",
      "c835_scale_834",
      "c790_scale_789",
      "c843_scale_842"
    ]
  },
  "ordered_queues": {
    "edge-1": [
      "c068_scale_67",
      "c083_scale_82",
      "c154_scale_153",
      "c264_scale_263",
      "c401_scale_400",
      "c589_scale_588",
      "c629_scale_628",
      "c730_scale_729",
      "c753_scale_752",
      "c580_scale_579",
      "c928_scale_927",
      "c075_scale_74",
      "c237_scale_236",
      "c738_scale_737",
      "c333_scale_332",
      "c344_scale_343",
      "c491_scale_490",
      "c754_scale_753",
      "c398_scale_397",
      "c795_scale_794",
      "c935_scale_934",
      "c024_scale_23",
      "c592_scale_591",
      "c712_scale_711"
    ],
    "edge-2": [
      "c091_scale_90",
      "c360_scale_359",
      "c380_scale_379",
      "c443_scale_442",
      "c987_scale_986",
      "c407_scale_406",
      "c025_scale_24",
      "c167_scale_166",
      "c138_scale_137",
      "c437_scale_436",
      "c725_scale_724",
      "c876_scale_875",
      "c256_scale_255",
      "c659_scale_658",
      "c023_scale_22",
      "c286_scale_285",
      "c472_scale_471",
      "c007_scale_6",
      "c462_scale_461",
      "c540_scale_539",
      "c976_scale_975",
      "c162_scale_161",
      "c482_scale_481",
      "c110_scale_109"
    ],
    "edge-3": [
      "c350_scale_349",
      "c630_scale_629",
      "c426_scale_425",
      "c551_scale_550",
      "c921_scale_920",
      "c055_scale_54",
      "c085_scale_84",
      "c473_scale_472",
      "c375_scale_374",
      "c661_scale_660",
      "c689_scale_688",
      "c978_scale_977",
      "c693_scale_692",
      "c690_scale_689",
      "c862_scale_861",
      "c459_scale_458",
      "c562_scale_561",
      "c570_scale_569",
      "c918_scale_917",
      "c504_scale_503",
      "c583_scale_582",
      "c782_scale_781",
      "c844_scale_843",
      "c871_scale_870"
    ],
    "edge-4": [
      "c364_scale_363",
      "c369_scale_368",
      "c435_scale_434",
      "c471_scale_470",
      "c494_scale_493",
      "c509_scale_508",
      "c568_scale_567",
      "c676_scale_675",
      "c777_scale_776",
      "c833_scale_832",
      "c835_scale_834",
      "c071_scale_70",
      "c336_scale_335",
      "c930_scale_929",
      "c959_scale_958",
      "c981_scale_980",
      "c984_scale_983",
      "c228_scale_227",
      "c843_scale_842",
      "c161_scale_160",
      "c790_scale_789",
      "c925_scale_924",
      "c532_scale_531",
      "c235_scale_234"
    ]
  }
}
