{
  "summary": {
    "algo": "FG-DSCR-GC-K8s-selected",
    "num_containers": 800,
    "num_assigned": 204,
    "num_failed": 596,
    "fail_rate": 0.745,
    "num_nodes": 10,
    "ACT": 184.34391339869282,
    "AMS": 356.65541666666667,
    "downloaded_mb": 21683,
    "reused_mb": 78595,
    "reuse_rate": 0.7837711162966952,
    "objective_base": 270.49966503267973,
    "fail_penalty": 745.0,
    "lambda_fail": 1000.0,
    "objective": 1015.4996650326798
  },
  "assignment": {
    "edge-1": [
      "c096_scale_95",
      "c151_scale_150",
      "c119_scale_118",
      "c576_scale_575",
      "c671_scale_670",
      "c231_scale_230",
      "c380_scale_379",
      "c633_scale_632",
      "c782_scale_781",
      "c022_scale_21",
      "c600_scale_599",
      "c135_scale_134",
      "c535_scale_534",
      "c611_scale_610",
      "c415_scale_414",
      "c471_scale_470",
      "c120_scale_119",
      "c540_scale_539",
      "c755_scale_754",
      "c023_scale_22",
      "c489_scale_488",
      "c793_scale_792"
    ],
    "edge-2": [
      "c352_scale_351",
      "c367_scale_366",
      "c652_scale_651",
      "c324_scale_323",
      "c531_scale_530",
      "c456_scale_455",
      "c357_scale_356",
      "c049_scale_48",
      "c051_scale_50",
      "c539_scale_538",
      "c620_scale_619",
      "c595_scale_594",
      "c242_scale_241",
      "c263_scale_262",
      "c373_scale_372",
      "c446_scale_445",
      "c528_scale_527",
      "c544_scale_543",
      "c761_scale_760"
    ],
    "edge-3": [
      "c390_scale_389",
      "c787_scale_786",
      "c132_scale_131",
      "c487_scale_486",
      "c377_scale_376",
      "c201_scale_200",
      "c356_scale_355",
      "c672_scale_671",
      "c127_scale_126",
      "c387_scale_386",
      "c394_scale_393",
      "c430_scale_429",
      "c666_scale_665",
      "c134_scale_133",
      "c577_scale_576",
      "c243_scale_242",
      "c294_scale_293",
      "c224_scale_223"
    ],
    "edge-4": [
      "c623_scale_622",
      "c062_scale_61",
      "c533_scale_532",
      "c485_scale_484",
      "c556_scale_555",
      "c682_scale_681",
      "c743_scale_742",
      "c074_scale_73",
      "c331_scale_330",
      "c393_scale_392",
      "c429_scale_428",
      "c582_scale_581",
      "c664_scale_663",
      "c723_scale_722",
      "c144_scale_143",
      "c451_scale_450",
      "c044_scale_43",
      "c194_scale_193",
      "c271_scale_270",
      "c370_scale_369",
      "c454_scale_453",
      "c565_scale_564",
      "c584_scale_583",
      "c158_scale_157"
    ],
    "edge-5": [
      "c195_scale_194",
      "c333_scale_332",
      "c698_scale_697",
      "c016_scale_15",
      "c076_scale_75",
      "c566_scale_565",
      "c561_scale_560",
      "c014_scale_13",
      "c681_scale_680",
      "c418_scale_417",
      "c427_scale_426",
      "c463_scale_462",
      "c060_scale_59",
      "c187_scale_186",
      "c088_scale_87",
      "c399_scale_398",
      "c503_scale_502",
      "c253_scale_252",
      "c618_scale_617",
      "c745_scale_744",
      "c398_scale_397",
      "c678_scale_677",
      "c347_scale_346",
      "c032_scale_31"
    ],
    "edge-6": [
      "c545_scale_544",
      "c066_scale_65",
      "c563_scale_562",
      "c553_scale_552",
      "c290_scale_289",
      "c677_scale_676",
      "c053_scale_52",
      "c647_scale_646",
      "c542_scale_541",
      "c683_scale_682",
      "c047_scale_46",
      "c305_scale_304",
      "c172_scale_171",
      "c283_scale_282",
      "c525_scale_524",
      "c625_scale_624",
      "c706_scale_705",
      "c776_scale_775"
    ],
    "edge-7": [
      "c747_scale_746",
      "c585_scale_584",
      "c673_scale_672",
      "c705_scale_704",
      "c281_scale_280",
      "c729_scale_728",
      "c590_scale_589",
      "c193_scale_192",
      "c436_scale_435",
      "c368_scale_367",
      "c447_scale_446",
      "c469_scale_468",
      "c474_scale_473",
      "c248_scale_247",
      "c068_scale_67",
      "c546_scale_545",
      "c473_scale_472",
      "c279_scale_278",
      "c273_scale_272"
    ],
    "edge-8": [
      "c656_scale_655",
      "c731_scale_730",
      "c059_scale_58",
      "c247_scale_246",
      "c753_scale_752",
      "c769_scale_768",
      "c797_scale_796",
      "c241_scale_240",
      "c037_scale_36",
      "c148_scale_147",
      "c343_scale_342",
      "c366_scale_365",
      "c460_scale_459",
      "c779_scale_778",
      "c202_scale_201",
      "c301_scale_300",
      "c306_scale_305",
      "c497_scale_496",
      "c621_scale_620",
      "c149_scale_148",
      "c175_scale_174",
      "c070_scale_69"
    ],
    "edge-9": [
      "c498_scale_497",
      "c100_scale_99",
      "c048_scale_47",
      "c630_scale_629",
      "c404_scale_403",
      "c579_scale_578",
      "c517_scale_516",
      "c328_scale_327",
      "c108_scale_107",
      "c226_scale_225",
      "c131_scale_130",
      "c369_scale_368",
      "c727_scale_726",
      "c663_scale_662",
      "c063_scale_62",
      "c095_scale_94",
      "c006_scale_5"
    ],
    "edge-10": [
      "c412_scale_411",
      "c619_scale_618",
      "c708_scale_707",
      "c203_scale_202",
      "c292_scale_291",
      "c374_scale_373",
      "c225_scale_224",
      "c082_scale_81",
      "c614_scale_613",
      "c543_scale_542",
      "c640_scale_639",
      "c748_scale_747",
      "c260_scale_259",
      "c575_scale_574",
      "c166_scale_165",
      "c250_scale_249",
      "c639_scale_638",
      "c275_scale_274",
      "c129_scale_128",
      "c481_scale_480",
      "c061_scale_60"
    ]
  },
  "ordered_queues": {
    "edge-1": [
      "c022_scale_21",
      "c096_scale_95",
      "c119_scale_118",
      "c151_scale_150",
      "c231_scale_230",
      "c380_scale_379",
      "c415_scale_414",
      "c540_scale_539",
      "c576_scale_575",
      "c600_scale_599",
      "c633_scale_632",
      "c671_scale_670",
      "c755_scale_754",
      "c782_scale_781",
      "c489_scale_488",
      "c135_scale_134",
      "c535_scale_534",
      "c471_scale_470",
      "c120_scale_119",
      "c611_scale_610",
      "c023_scale_22",
      "c793_scale_792"
    ],
    "edge-2": [
      "c051_scale_50",
      "c242_scale_241",
      "c263_scale_262",
      "c373_scale_372",
      "c446_scale_445",
      "c528_scale_527",
      "c539_scale_538",
      "c544_scale_543",
      "c620_scale_619",
      "c761_scale_760",
      "c352_scale_351",
      "c456_scale_455",
      "c367_scale_366",
      "c595_scale_594",
      "c652_scale_651",
      "c049_scale_48",
      "c357_scale_356",
      "c324_scale_323",
      "c531_scale_530"
    ],
    "edge-3": [
      "c377_scale_376",
      "c430_scale_429",
      "c577_scale_576",
      "c666_scale_665",
      "c672_scale_671",
      "c201_scale_200",
      "c356_scale_355",
      "c487_scale_486",
      "c132_scale_131",
      "c127_scale_126",
      "c134_scale_133",
      "c387_scale_386",
      "c390_scale_389",
      "c394_scale_393",
      "c787_scale_786",
      "c224_scale_223",
      "c243_scale_242",
      "c294_scale_293"
    ],
    "edge-4": [
      "c044_scale_43",
      "c062_scale_61",
      "c074_scale_73",
      "c144_scale_143",
      "c158_scale_157",
      "c194_scale_193",
      "c271_scale_270",
      "c331_scale_330",
      "c370_scale_369",
      "c393_scale_392",
      "c429_scale_428",
      "c451_scale_450",
      "c454_scale_453",
      "c485_scale_484",
      "c533_scale_532",
      "c556_scale_555",
      "c565_scale_564",
      "c582_scale_581",
      "c584_scale_583",
      "c664_scale_663",
      "c682_scale_681",
      "c723_scale_722",
      "c743_scale_742",
      "c623_scale_622"
    ],
    "edge-5": [
      "c014_scale_13",
      "c060_scale_59",
      "c088_scale_87",
      "c195_scale_194",
      "c253_scale_252",
      "c333_scale_332",
      "c618_scale_617",
      "c698_scale_697",
      "c427_scale_426",
      "c463_scale_462",
      "c503_scale_502",
      "c561_scale_560",
      "c187_scale_186",
      "c399_scale_398",
      "c681_scale_680",
      "c745_scale_744",
      "c418_scale_417",
      "c016_scale_15",
      "c076_scale_75",
      "c347_scale_346",
      "c566_scale_565",
      "c032_scale_31",
      "c398_scale_397",
      "c678_scale_677"
    ],
    "edge-6": [
      "c047_scale_46",
      "c053_scale_52",
      "c172_scale_171",
      "c305_scale_304",
      "c542_scale_541",
      "c553_scale_552",
      "c563_scale_562",
      "c545_scale_544",
      "c683_scale_682",
      "c525_scale_524",
      "c647_scale_646",
      "c290_scale_289",
      "c677_scale_676",
      "c066_scale_65",
      "c706_scale_705",
      "c776_scale_775",
      "c283_scale_282",
      "c625_scale_624"
    ],
    "edge-7": [
      "c193_scale_192",
      "c281_scale_280",
      "c436_scale_435",
      "c473_scale_472",
      "c474_scale_473",
      "c585_scale_584",
      "c673_scale_672",
      "c705_scale_704",
      "c729_scale_728",
      "c747_scale_746",
      "c248_scale_247",
      "c368_scale_367",
      "c279_scale_278",
      "c590_scale_589",
      "c068_scale_67",
      "c447_scale_446",
      "c469_scale_468",
      "c273_scale_272",
      "c546_scale_545"
    ],
    "edge-8": [
      "c037_scale_36",
      "c148_scale_147",
      "c149_scale_148",
      "c175_scale_174",
      "c202_scale_201",
      "c301_scale_300",
      "c306_scale_305",
      "c343_scale_342",
      "c366_scale_365",
      "c460_scale_459",
      "c497_scale_496",
      "c621_scale_620",
      "c753_scale_752",
      "c769_scale_768",
      "c779_scale_778",
      "c797_scale_796",
      "c241_scale_240",
      "c247_scale_246",
      "c656_scale_655",
      "c731_scale_730",
      "c070_scale_69",
      "c059_scale_58"
    ],
    "edge-9": [
      "c048_scale_47",
      "c063_scale_62",
      "c095_scale_94",
      "c100_scale_99",
      "c404_scale_403",
      "c498_scale_497",
      "c517_scale_516",
      "c630_scale_629",
      "c131_scale_130",
      "c579_scale_578",
      "c226_scale_225",
      "c328_scale_327",
      "c369_scale_368",
      "c727_scale_726",
      "c663_scale_662",
      "c108_scale_107",
      "c006_scale_5"
    ],
    "edge-10": [
      "c166_scale_165",
      "c203_scale_202",
      "c225_scale_224",
      "c275_scale_274",
      "c292_scale_291",
      "c374_scale_373",
      "c543_scale_542",
      "c619_scale_618",
      "c640_scale_639",
      "c708_scale_707",
      "c748_scale_747",
      "c082_scale_81",
      "c614_scale_613",
      "c250_scale_249",
      "c260_scale_259",
      "c575_scale_574",
      "c639_scale_638",
      "c061_scale_60",
      "c129_scale_128",
      "c412_scale_411",
      "c481_scale_480"
    ]
  }
}
