{
  "summary": {
    "algo": "FG-DSCR-GC-K8s-selected",
    "num_containers": 600,
    "num_assigned": 306,
    "num_failed": 294,
    "fail_rate": 0.49,
    "num_nodes": 18,
    "ACT": 164.9289488017429,
    "AMS": 311.11527777777775,
    "downloaded_mb": 44554,
    "reused_mb": 113132,
    "reuse_rate": 0.7174511370698731,
    "objective_base": 238.02211328976034,
    "fail_penalty": 490.0,
    "lambda_fail": 1000.0,
    "objective": 728.0221132897603
  },
  "assignment": {
    "edge-1": [
      "c025_scale_24",
      "c110_scale_109",
      "c057_scale_56",
      "c290_scale_289",
      "c382_scale_381",
      "c412_scale_411",
      "c444_scale_443",
      "c481_scale_480",
      "c563_scale_562",
      "c368_scale_367",
      "c565_scale_564",
      "c079_scale_78",
      "c008_scale_7",
      "c249_scale_248",
      "c017_scale_16",
      "c026_scale_25",
      "c247_scale_246"
    ],
    "edge-2": [
      "c091_scale_90",
      "c138_scale_137",
      "c437_scale_436",
      "c042_scale_41",
      "c046_scale_45",
      "c418_scale_417",
      "c141_scale_140",
      "c454_scale_453",
      "c303_scale_302",
      "c179_scale_178",
      "c105_scale_104",
      "c489_scale_488",
      "c453_scale_452",
      "c496_scale_495",
      "c168_scale_167",
      "c140_scale_139",
      "c307_scale_306"
    ],
    "edge-3": [
      "c024_scale_23",
      "c592_scale_591",
      "c213_scale_212",
      "c069_scale_68",
      "c480_scale_479",
      "c596_scale_595",
      "c387_scale_386",
      "c227_scale_226",
      "c016_scale_15",
      "c064_scale_63",
      "c217_scale_216",
      "c334_scale_333",
      "c391_scale_390",
      "c456_scale_455",
      "c516_scale_515"
    ],
    "edge-4": [
      "c360_scale_359",
      "c443_scale_442",
      "c473_scale_472",
      "c299_scale_298",
      "c422_scale_421",
      "c355_scale_354",
      "c190_scale_189",
      "c206_scale_205",
      "c527_scale_526",
      "c539_scale_538",
      "c558_scale_557",
      "c394_scale_393",
      "c495_scale_494",
      "c036_scale_35",
      "c441_scale_440"
    ],
    "edge-5": [
      "c075_scale_74",
      "c462_scale_461",
      "c077_scale_76",
      "c270_scale_269",
      "c132_scale_131",
      "c200_scale_199",
      "c413_scale_412",
      "c498_scale_497",
      "c510_scale_509",
      "c063_scale_62",
      "c030_scale_29",
      "c171_scale_170",
      "c421_scale_420",
      "c446_scale_445"
    ],
    "edge-6": [
      "c369_scale_368",
      "c568_scale_567",
      "c435_scale_434",
      "c471_scale_470",
      "c494_scale_493",
      "c504_scale_503",
      "c364_scale_363",
      "c509_scale_508",
      "c350_scale_349",
      "c162_scale_161",
      "c482_scale_481",
      "c583_scale_582",
      "c407_scale_406",
      "c273_scale_272",
      "c523_scale_522",
      "c476_scale_475",
      "c072_scale_71",
      "c215_scale_214",
      "c108_scale_107",
      "c006_scale_5",
      "c362_scale_361"
    ],
    "edge-7": [
      "c085_scale_84",
      "c055_scale_54",
      "c102_scale_101",
      "c115_scale_114",
      "c571_scale_570",
      "c416_scale_415",
      "c338_scale_337",
      "c178_scale_177",
      "c442_scale_441",
      "c488_scale_487",
      "c173_scale_172",
      "c224_scale_223",
      "c458_scale_457",
      "c216_scale_215",
      "c118_scale_117"
    ],
    "edge-8": [
      "c551_scale_550",
      "c426_scale_425",
      "c570_scale_569",
      "c559_scale_558",
      "c548_scale_547",
      "c376_scale_375",
      "c314_scale_313",
      "c182_scale_181",
      "c478_scale_477",
      "c244_scale_243",
      "c419_scale_418",
      "c598_scale_597",
      "c332_scale_331",
      "c232_scale_231",
      "c246_scale_245",
      "c423_scale_422",
      "c517_scale_516",
      "c004_scale_3"
    ],
    "edge-9": [
      "c237_scale_236",
      "c525_scale_524",
      "c250_scale_249",
      "c318_scale_317",
      "c389_scale_388",
      "c139_scale_138",
      "c370_scale_369",
      "c319_scale_318",
      "c225_scale_224",
      "c113_scale_112",
      "c039_scale_38",
      "c258_scale_257",
      "c403_scale_402",
      "c371_scale_370",
      "c457_scale_456"
    ],
    "edge-10": [
      "c580_scale_579",
      "c071_scale_70",
      "c336_scale_335",
      "c228_scale_227",
      "c083_scale_82",
      "c401_scale_400",
      "c589_scale_588",
      "c068_scale_67",
      "c154_scale_153",
      "c264_scale_263",
      "c459_scale_458",
      "c562_scale_561",
      "c041_scale_40",
      "c053_scale_52",
      "c189_scale_188",
      "c203_scale_202",
      "c230_scale_229",
      "c280_scale_279",
      "c378_scale_377",
      "c537_scale_536",
      "c572_scale_571",
      "c591_scale_590",
      "c158_scale_157",
      "c351_scale_350"
    ],
    "edge-11": [
      "c398_scale_397",
      "c484_scale_483",
      "c243_scale_242",
      "c295_scale_294",
      "c483_scale_482",
      "c210_scale_209",
      "c288_scale_287",
      "c402_scale_401",
      "c372_scale_371",
      "c144_scale_143",
      "c212_scale_211",
      "c265_scale_264",
      "c323_scale_322",
      "c588_scale_587",
      "c507_scale_506",
      "c514_scale_513",
      "c526_scale_525",
      "c137_scale_136"
    ],
    "edge-12": [
      "c167_scale_166",
      "c540_scale_539",
      "c512_scale_511",
      "c597_scale_596",
      "c465_scale_464",
      "c056_scale_55",
      "c301_scale_300",
      "c390_scale_389",
      "c176_scale_175",
      "c112_scale_111",
      "c114_scale_113",
      "c198_scale_197",
      "c304_scale_303",
      "c283_scale_282",
      "c329_scale_328",
      "c486_scale_485",
      "c010_scale_9"
    ],
    "edge-13": [
      "c532_scale_531",
      "c269_scale_268",
      "c582_scale_581",
      "c259_scale_258",
      "c145_scale_144",
      "c541_scale_540",
      "c377_scale_376",
      "c317_scale_316",
      "c577_scale_576",
      "c595_scale_594",
      "c157_scale_156",
      "c003_scale_2",
      "c239_scale_238",
      "c316_scale_315",
      "c341_scale_340",
      "c353_scale_352",
      "c433_scale_432"
    ],
    "edge-14": [
      "c375_scale_374",
      "c007_scale_6",
      "c256_scale_255",
      "c468_scale_467",
      "c211_scale_210",
      "c310_scale_309",
      "c315_scale_314",
      "c503_scale_502",
      "c545_scale_544",
      "c251_scale_250",
      "c272_scale_271",
      "c130_scale_129",
      "c292_scale_291",
      "c032_scale_31",
      "c159_scale_158",
      "c185_scale_184",
      "c095_scale_94",
      "c241_scale_240",
      "c267_scale_266"
    ],
    "edge-15": [
      "c235_scale_234",
      "c333_scale_332",
      "c344_scale_343",
      "c491_scale_490",
      "c126_scale_125",
      "c067_scale_66",
      "c337_scale_336",
      "c487_scale_486",
      "c569_scale_568",
      "c594_scale_593",
      "c392_scale_391",
      "c445_scale_444",
      "c584_scale_583",
      "c500_scale_499",
      "c209_scale_208",
      "c133_scale_132"
    ],
    "edge-16": [
      "c286_scale_285",
      "c023_scale_22",
      "c472_scale_471",
      "c395_scale_394",
      "c374_scale_373",
      "c536_scale_535",
      "c002_scale_1",
      "c080_scale_79",
      "c455_scale_454",
      "c165_scale_164",
      "c306_scale_305",
      "c146_scale_145",
      "c253_scale_252",
      "c561_scale_560",
      "c347_scale_346"
    ],
    "edge-17": [
      "c380_scale_379",
      "c142_scale_141",
      "c257_scale_256",
      "c284_scale_283",
      "c549_scale_548",
      "c233_scale_232",
      "c530_scale_529",
      "c149_scale_148",
      "c275_scale_274",
      "c460_scale_459",
      "c094_scale_93",
      "c427_scale_426",
      "c194_scale_193",
      "c499_scale_498",
      "c202_scale_201"
    ],
    "edge-18": [
      "c161_scale_160",
      "c031_scale_30",
      "c103_scale_102",
      "c282_scale_281",
      "c546_scale_545",
      "c552_scale_551",
      "c534_scale_533",
      "c550_scale_549",
      "c015_scale_14",
      "c205_scale_204",
      "c240_scale_239",
      "c252_scale_251",
      "c406_scale_405",
      "c070_scale_69",
      "c463_scale_462",
      "c277_scale_276",
      "c297_scale_296",
      "c381_scale_380"
    ]
  },
  "ordered_queues": {
    "edge-1": [
      "c017_scale_16",
      "c026_scale_25",
      "c057_scale_56",
      "c110_scale_109",
      "c290_scale_289",
      "c368_scale_367",
      "c382_scale_381",
      "c412_scale_411",
      "c444_scale_443",
      "c481_scale_480",
      "c563_scale_562",
      "c008_scale_7",
      "c565_scale_564",
      "c079_scale_78",
      "c249_scale_248",
      "c025_scale_24",
      "c247_scale_246"
    ],
    "edge-2": [
      "c042_scale_41",
      "c046_scale_45",
      "c105_scale_104",
      "c138_scale_137",
      "c140_scale_139",
      "c179_scale_178",
      "c303_scale_302",
      "c418_scale_417",
      "c437_scale_436",
      "c454_scale_453",
      "c489_scale_488",
      "c091_scale_90",
      "c141_scale_140",
      "c168_scale_167",
      "c453_scale_452",
      "c496_scale_495",
      "c307_scale_306"
    ],
    "edge-3": [
      "c024_scale_23",
      "c064_scale_63",
      "c069_scale_68",
      "c213_scale_212",
      "c227_scale_226",
      "c387_scale_386",
      "c480_scale_479",
      "c592_scale_591",
      "c516_scale_515",
      "c016_scale_15",
      "c596_scale_595",
      "c217_scale_216",
      "c334_scale_333",
      "c391_scale_390",
      "c456_scale_455"
    ],
    "edge-4": [
      "c360_scale_359",
      "c422_scale_421",
      "c443_scale_442",
      "c190_scale_189",
      "c206_scale_205",
      "c527_scale_526",
      "c539_scale_538",
      "c473_scale_472",
      "c299_scale_298",
      "c558_scale_557",
      "c036_scale_35",
      "c441_scale_440",
      "c355_scale_354",
      "c394_scale_393",
      "c495_scale_494"
    ],
    "edge-5": [
      "c132_scale_131",
      "c171_scale_170",
      "c200_scale_199",
      "c413_scale_412",
      "c421_scale_420",
      "c446_scale_445",
      "c498_scale_497",
      "c510_scale_509",
      "c063_scale_62",
      "c030_scale_29",
      "c270_scale_269",
      "c075_scale_74",
      "c077_scale_76",
      "c462_scale_461"
    ],
    "edge-6": [
      "c162_scale_161",
      "c273_scale_272",
      "c364_scale_363",
      "c369_scale_368",
      "c435_scale_434",
      "c471_scale_470",
      "c476_scale_475",
      "c482_scale_481",
      "c494_scale_493",
      "c509_scale_508",
      "c568_scale_567",
      "c072_scale_71",
      "c215_scale_214",
      "c504_scale_503",
      "c523_scale_522",
      "c583_scale_582",
      "c006_scale_5",
      "c108_scale_107",
      "c407_scale_406",
      "c350_scale_349",
      "c362_scale_361"
    ],
    "edge-7": [
      "c102_scale_101",
      "c173_scale_172",
      "c178_scale_177",
      "c224_scale_223",
      "c338_scale_337",
      "c442_scale_441",
      "c488_scale_487",
      "c115_scale_114",
      "c416_scale_415",
      "c458_scale_457",
      "c571_scale_570",
      "c055_scale_54",
      "c085_scale_84",
      "c216_scale_215",
      "c118_scale_117"
    ],
    "edge-8": [
      "c182_scale_181",
      "c232_scale_231",
      "c314_scale_313",
      "c548_scale_547",
      "c559_scale_558",
      "c570_scale_569",
      "c244_scale_243",
      "c419_scale_418",
      "c426_scale_425",
      "c551_scale_550",
      "c376_scale_375",
      "c478_scale_477",
      "c423_scale_422",
      "c246_scale_245",
      "c332_scale_331",
      "c598_scale_597",
      "c517_scale_516",
      "c004_scale_3"
    ],
    "edge-9": [
      "c525_scale_524",
      "c113_scale_112",
      "c139_scale_138",
      "c237_scale_236",
      "c250_scale_249",
      "c389_scale_388",
      "c225_scale_224",
      "c258_scale_257",
      "c318_scale_317",
      "c370_scale_369",
      "c039_scale_38",
      "c319_scale_318",
      "c403_scale_402",
      "c371_scale_370",
      "c457_scale_456"
    ],
    "edge-10": [
      "c041_scale_40",
      "c053_scale_52",
      "c068_scale_67",
      "c071_scale_70",
      "c083_scale_82",
      "c154_scale_153",
      "c158_scale_157",
      "c189_scale_188",
      "c203_scale_202",
      "c230_scale_229",
      "c264_scale_263",
      "c280_scale_279",
      "c336_scale_335",
      "c351_scale_350",
      "c378_scale_377",
      "c401_scale_400",
      "c459_scale_458",
      "c537_scale_536",
      "c562_scale_561",
      "c572_scale_571",
      "c589_scale_588",
      "c591_scale_590",
      "c580_scale_579",
      "c228_scale_227"
    ],
    "edge-11": [
      "c144_scale_143",
      "c243_scale_242",
      "c288_scale_287",
      "c295_scale_294",
      "c398_scale_397",
      "c402_scale_401",
      "c483_scale_482",
      "c210_scale_209",
      "c212_scale_211",
      "c372_scale_371",
      "c484_scale_483",
      "c265_scale_264",
      "c323_scale_322",
      "c507_scale_506",
      "c137_scale_136",
      "c514_scale_513",
      "c526_scale_525",
      "c588_scale_587"
    ],
    "edge-12": [
      "c056_scale_55",
      "c176_scale_175",
      "c301_scale_300",
      "c329_scale_328",
      "c390_scale_389",
      "c540_scale_539",
      "c112_scale_111",
      "c114_scale_113",
      "c465_scale_464",
      "c512_scale_511",
      "c597_scale_596",
      "c167_scale_166",
      "c198_scale_197",
      "c486_scale_485",
      "c010_scale_9",
      "c283_scale_282",
      "c304_scale_303"
    ],
    "edge-13": [
      "c003_scale_2",
      "c239_scale_238",
      "c316_scale_315",
      "c317_scale_316",
      "c341_scale_340",
      "c353_scale_352",
      "c433_scale_432",
      "c577_scale_576",
      "c595_scale_594",
      "c157_scale_156",
      "c259_scale_258",
      "c269_scale_268",
      "c377_scale_376",
      "c532_scale_531",
      "c582_scale_581",
      "c145_scale_144",
      "c541_scale_540"
    ],
    "edge-14": [
      "c032_scale_31",
      "c095_scale_94",
      "c159_scale_158",
      "c185_scale_184",
      "c211_scale_210",
      "c241_scale_240",
      "c251_scale_250",
      "c267_scale_266",
      "c272_scale_271",
      "c292_scale_291",
      "c310_scale_309",
      "c315_scale_314",
      "c468_scale_467",
      "c503_scale_502",
      "c545_scale_544",
      "c130_scale_129",
      "c256_scale_255",
      "c375_scale_374",
      "c007_scale_6"
    ],
    "edge-15": [
      "c126_scale_125",
      "c209_scale_208",
      "c235_scale_234",
      "c333_scale_332",
      "c337_scale_336",
      "c344_scale_343",
      "c487_scale_486",
      "c491_scale_490",
      "c569_scale_568",
      "c067_scale_66",
      "c594_scale_593",
      "c133_scale_132",
      "c500_scale_499",
      "c392_scale_391",
      "c445_scale_444",
      "c584_scale_583"
    ],
    "edge-16": [
      "c023_scale_22",
      "c146_scale_145",
      "c165_scale_164",
      "c286_scale_285",
      "c395_scale_394",
      "c455_scale_454",
      "c472_scale_471",
      "c253_scale_252",
      "c374_scale_373",
      "c002_scale_1",
      "c080_scale_79",
      "c536_scale_535",
      "c306_scale_305",
      "c347_scale_346",
      "c561_scale_560"
    ],
    "edge-17": [
      "c233_scale_232",
      "c194_scale_193",
      "c380_scale_379",
      "c499_scale_498",
      "c530_scale_529",
      "c257_scale_256",
      "c142_scale_141",
      "c275_scale_274",
      "c284_scale_283",
      "c549_scale_548",
      "c094_scale_93",
      "c202_scale_201",
      "c427_scale_426",
      "c149_scale_148",
      "c460_scale_459"
    ],
    "edge-18": [
      "c015_scale_14",
      "c205_scale_204",
      "c240_scale_239",
      "c252_scale_251",
      "c277_scale_276",
      "c297_scale_296",
      "c381_scale_380",
      "c406_scale_405",
      "c463_scale_462",
      "c534_scale_533",
      "c550_scale_549",
      "c070_scale_69",
      "c031_scale_30",
      "c103_scale_102",
      "c161_scale_160",
      "c282_scale_281",
      "c546_scale_545",
      "c552_scale_551"
    ]
  }
}
