{
  "summary": {
    "algo": "FG-DSCR-GC-K8s-selected",
    "num_containers": 200,
    "num_assigned": 97,
    "num_failed": 103,
    "fail_rate": 0.515,
    "num_nodes": 6,
    "ACT": 156.2611683848797,
    "AMS": 291.2125,
    "downloaded_mb": 13813,
    "reused_mb": 32684,
    "reuse_rate": 0.7029270705636923,
    "objective_base": 223.73683419243986,
    "fail_penalty": 515.0,
    "lambda_fail": 1000.0,
    "objective": 738.7368341924398
  },
  "assignment": {
    "edge-1": [
      "c085_scale_84",
      "c110_scale_109",
      "c007_scale_6",
      "c057_scale_56",
      "c141_scale_140",
      "c190_scale_189",
      "c030_scale_29",
      "c008_scale_7",
      "c094_scale_93",
      "c137_scale_136",
      "c026_scale_25",
      "c018_scale_17",
      "c150_scale_149"
    ],
    "edge-2": [
      "c091_scale_90",
      "c161_scale_160",
      "c025_scale_24",
      "c075_scale_74",
      "c031_scale_30",
      "c103_scale_102",
      "c102_scale_101",
      "c145_scale_144",
      "c115_scale_114",
      "c182_scale_181",
      "c130_scale_129",
      "c077_scale_76",
      "c067_scale_66",
      "c139_scale_138",
      "c113_scale_112",
      "c133_scale_132",
      "c040_scale_39",
      "c181_scale_180",
      "c017_scale_16"
    ],
    "edge-3": [
      "c138_scale_137",
      "c042_scale_41",
      "c142_scale_141",
      "c046_scale_45",
      "c144_scale_143",
      "c179_scale_178",
      "c105_scale_104",
      "c079_scale_78",
      "c016_scale_15",
      "c178_scale_177",
      "c173_scale_172",
      "c140_scale_139",
      "c010_scale_9",
      "c127_scale_126",
      "c101_scale_100"
    ],
    "edge-4": [
      "c167_scale_166",
      "c023_scale_22",
      "c126_scale_125",
      "c002_scale_1",
      "c080_scale_79",
      "c165_scale_164",
      "c118_scale_117",
      "c003_scale_2",
      "c070_scale_69",
      "c063_scale_62",
      "c146_scale_145",
      "c171_scale_170",
      "c149_scale_148",
      "c095_scale_94",
      "c191_scale_190",
      "c029_scale_28"
    ],
    "edge-5": [
      "c024_scale_23",
      "c056_scale_55",
      "c069_scale_68",
      "c176_scale_175",
      "c157_scale_156",
      "c108_scale_107",
      "c039_scale_38",
      "c064_scale_63",
      "c006_scale_5",
      "c168_scale_167",
      "c036_scale_35",
      "c194_scale_193",
      "c004_scale_3",
      "c125_scale_124",
      "c162_scale_161"
    ],
    "edge-6": [
      "c071_scale_70",
      "c083_scale_82",
      "c068_scale_67",
      "c154_scale_153",
      "c055_scale_54",
      "c041_scale_40",
      "c053_scale_52",
      "c189_scale_188",
      "c158_scale_157",
      "c072_scale_71",
      "c032_scale_31",
      "c159_scale_158",
      "c185_scale_184",
      "c015_scale_14",
      "c112_scale_111",
      "c114_scale_113",
      "c198_scale_197",
      "c132_scale_131",
      "c200_scale_199"
    ]
  },
  "ordered_queues": {
    "edge-1": [
      "c008_scale_7",
      "c030_scale_29",
      "c007_scale_6",
      "c141_scale_140",
      "c026_scale_25",
      "c057_scale_56",
      "c094_scale_93",
      "c110_scale_109",
      "c085_scale_84",
      "c018_scale_17",
      "c150_scale_149",
      "c137_scale_136",
      "c190_scale_189"
    ],
    "edge-2": [
      "c091_scale_90",
      "c102_scale_101",
      "c145_scale_144",
      "c025_scale_24",
      "c075_scale_74",
      "c077_scale_76",
      "c040_scale_39",
      "c133_scale_132",
      "c182_scale_181",
      "c115_scale_114",
      "c113_scale_112",
      "c139_scale_138",
      "c067_scale_66",
      "c130_scale_129",
      "c031_scale_30",
      "c103_scale_102",
      "c161_scale_160",
      "c017_scale_16",
      "c181_scale_180"
    ],
    "edge-3": [
      "c042_scale_41",
      "c046_scale_45",
      "c105_scale_104",
      "c138_scale_137",
      "c140_scale_139",
      "c179_scale_178",
      "c142_scale_141",
      "c079_scale_78",
      "c010_scale_9",
      "c127_scale_126",
      "c144_scale_143",
      "c173_scale_172",
      "c178_scale_177",
      "c016_scale_15",
      "c101_scale_100"
    ],
    "edge-4": [
      "c063_scale_62",
      "c070_scale_69",
      "c003_scale_2",
      "c095_scale_94",
      "c171_scale_170",
      "c191_scale_190",
      "c029_scale_28",
      "c023_scale_22",
      "c118_scale_117",
      "c146_scale_145",
      "c165_scale_164",
      "c167_scale_166",
      "c002_scale_1",
      "c080_scale_79",
      "c149_scale_148",
      "c126_scale_125"
    ],
    "edge-5": [
      "c006_scale_5",
      "c108_scale_107",
      "c036_scale_35",
      "c004_scale_3",
      "c039_scale_38",
      "c157_scale_156",
      "c056_scale_55",
      "c125_scale_124",
      "c176_scale_175",
      "c024_scale_23",
      "c064_scale_63",
      "c069_scale_68",
      "c194_scale_193",
      "c162_scale_161",
      "c168_scale_167"
    ],
    "edge-6": [
      "c015_scale_14",
      "c032_scale_31",
      "c041_scale_40",
      "c053_scale_52",
      "c068_scale_67",
      "c071_scale_70",
      "c083_scale_82",
      "c112_scale_111",
      "c114_scale_113",
      "c132_scale_131",
      "c154_scale_153",
      "c158_scale_157",
      "c159_scale_158",
      "c185_scale_184",
      "c189_scale_188",
      "c198_scale_197",
      "c200_scale_199",
      "c055_scale_54",
      "c072_scale_71"
    ]
  }
}
