{
  "summary": {
    "algo": "FG-DSCR-GC-K8s-selected",
    "num_containers": 400,
    "num_assigned": 186,
    "num_failed": 214,
    "fail_rate": 0.535,
    "num_nodes": 14,
    "ACT": 127.84928315412186,
    "AMS": 241.82053571428568,
    "downloaded_mb": 9875,
    "reused_mb": 40898,
    "reuse_rate": 0.805506863884348,
    "objective_base": 184.83490943420378,
    "fail_penalty": 535.0,
    "lambda_fail": 1000.0,
    "objective": 719.8349094342038
  },
  "assignment": {
    "edge-1": [
      "c119_scale_118",
      "c213_scale_212",
      "c340_scale_339",
      "c061_scale_60",
      "c284_scale_283",
      "c196_scale_195",
      "c051_scale_50",
      "c301_scale_300",
      "c057_scale_56",
      "c046_scale_45",
      "c379_scale_378"
    ],
    "edge-2": [
      "c147_scale_146",
      "c308_scale_307",
      "c279_scale_278",
      "c300_scale_299",
      "c135_scale_134",
      "c136_scale_135",
      "c174_scale_173",
      "c011_scale_10",
      "c151_scale_150",
      "c182_scale_181",
      "c384_scale_383",
      "c208_scale_207",
      "c202_scale_201",
      "c140_scale_139",
      "c355_scale_354",
      "c396_scale_395",
      "c163_scale_162"
    ],
    "edge-3": [
      "c358_scale_357",
      "c259_scale_258",
      "c158_scale_157",
      "c345_scale_344",
      "c303_scale_302",
      "c348_scale_347",
      "c361_scale_360",
      "c386_scale_385",
      "c226_scale_225"
    ],
    "edge-4": [
      "c326_scale_325",
      "c033_scale_32",
      "c109_scale_108",
      "c139_scale_138",
      "c081_scale_80",
      "c339_scale_338",
      "c236_scale_235",
      "c027_scale_26",
      "c166_scale_165",
      "c240_scale_239",
      "c094_scale_93",
      "c028_scale_27",
      "c206_scale_205",
      "c391_scale_390",
      "c378_scale_377",
      "c048_scale_47",
      "c399_scale_398",
      "c132_scale_131",
      "c397_scale_396",
      "c095_scale_94"
    ],
    "edge-5": [
      "c071_scale_70",
      "c282_scale_281",
      "c383_scale_382",
      "c084_scale_83",
      "c112_scale_111",
      "c044_scale_43",
      "c049_scale_48",
      "c066_scale_65",
      "c141_scale_140",
      "c311_scale_310",
      "c341_scale_340"
    ],
    "edge-6": [
      "c047_scale_46",
      "c144_scale_143",
      "c334_scale_333",
      "c229_scale_228",
      "c025_scale_24",
      "c155_scale_154",
      "c342_scale_341",
      "c305_scale_304",
      "c016_scale_15",
      "c165_scale_164",
      "c204_scale_203",
      "c172_scale_171",
      "c179_scale_178",
      "c298_scale_297",
      "c286_scale_285"
    ],
    "edge-7": [
      "c171_scale_170",
      "c209_scale_208",
      "c216_scale_215",
      "c003_scale_2",
      "c024_scale_23",
      "c058_scale_57",
      "c296_scale_295",
      "c225_scale_224",
      "c258_scale_257",
      "c302_scale_301",
      "c134_scale_133"
    ],
    "edge-8": [
      "c220_scale_219",
      "c309_scale_308",
      "c376_scale_375",
      "c045_scale_44",
      "c307_scale_306",
      "c010_scale_9",
      "c157_scale_156",
      "c281_scale_280",
      "c350_scale_349",
      "c359_scale_358",
      "c400_scale_399",
      "c029_scale_28",
      "c293_scale_292",
      "c036_scale_35",
      "c121_scale_120",
      "c374_scale_373",
      "c075_scale_74",
      "c190_scale_189"
    ],
    "edge-9": [
      "c201_scale_200",
      "c088_scale_87",
      "c038_scale_37",
      "c082_scale_81",
      "c329_scale_328",
      "c336_scale_335",
      "c067_scale_66",
      "c212_scale_211",
      "c019_scale_18",
      "c043_scale_42",
      "c122_scale_121"
    ],
    "edge-10": [
      "c234_scale_233",
      "c362_scale_361",
      "c385_scale_384",
      "c180_scale_179",
      "c021_scale_20",
      "c218_scale_217",
      "c128_scale_127",
      "c265_scale_264",
      "c366_scale_365",
      "c235_scale_234",
      "c306_scale_305",
      "c041_scale_40",
      "c113_scale_112",
      "c310_scale_309",
      "c317_scale_316",
      "c324_scale_323"
    ],
    "edge-11": [
      "c042_scale_41",
      "c192_scale_191",
      "c243_scale_242",
      "c344_scale_343",
      "c030_scale_29",
      "c080_scale_79",
      "c207_scale_206",
      "c194_scale_193",
      "c256_scale_255",
      "c222_scale_221"
    ],
    "edge-12": [
      "c092_scale_91",
      "c098_scale_97",
      "c069_scale_68",
      "c184_scale_183",
      "c370_scale_369",
      "c295_scale_294",
      "c313_scale_312",
      "c375_scale_374",
      "c162_scale_161",
      "c189_scale_188",
      "c290_scale_289",
      "c055_scale_54",
      "c126_scale_125"
    ],
    "edge-13": [
      "c146_scale_145",
      "c297_scale_296",
      "c164_scale_163",
      "c017_scale_16",
      "c224_scale_223",
      "c248_scale_247",
      "c373_scale_372",
      "c009_scale_8",
      "c050_scale_49",
      "c096_scale_95",
      "c005_scale_4"
    ],
    "edge-14": [
      "c228_scale_227",
      "c263_scale_262",
      "c199_scale_198",
      "c246_scale_245",
      "c330_scale_329",
      "c364_scale_363",
      "c035_scale_34",
      "c150_scale_149",
      "c283_scale_282",
      "c177_scale_176",
      "c026_scale_25",
      "c079_scale_78",
      "c129_scale_128"
    ]
  },
  "ordered_queues": {
    "edge-1": [
      "c119_scale_118",
      "c213_scale_212",
      "c046_scale_45",
      "c061_scale_60",
      "c284_scale_283",
      "c051_scale_50",
      "c301_scale_300",
      "c379_scale_378",
      "c057_scale_56",
      "c196_scale_195",
      "c340_scale_339"
    ],
    "edge-2": [
      "c011_scale_10",
      "c136_scale_135",
      "c140_scale_139",
      "c151_scale_150",
      "c174_scale_173",
      "c182_scale_181",
      "c202_scale_201",
      "c300_scale_299",
      "c355_scale_354",
      "c384_scale_383",
      "c396_scale_395",
      "c135_scale_134",
      "c147_scale_146",
      "c208_scale_207",
      "c279_scale_278",
      "c308_scale_307",
      "c163_scale_162"
    ],
    "edge-3": [
      "c158_scale_157",
      "c303_scale_302",
      "c345_scale_344",
      "c348_scale_347",
      "c361_scale_360",
      "c226_scale_225",
      "c259_scale_258",
      "c358_scale_357",
      "c386_scale_385"
    ],
    "edge-4": [
      "c027_scale_26",
      "c028_scale_27",
      "c033_scale_32",
      "c048_scale_47",
      "c081_scale_80",
      "c094_scale_93",
      "c109_scale_108",
      "c139_scale_138",
      "c206_scale_205",
      "c236_scale_235",
      "c240_scale_239",
      "c326_scale_325",
      "c339_scale_338",
      "c378_scale_377",
      "c391_scale_390",
      "c399_scale_398",
      "c095_scale_94",
      "c166_scale_165",
      "c132_scale_131",
      "c397_scale_396"
    ],
    "edge-5": [
      "c282_scale_281",
      "c341_scale_340",
      "c044_scale_43",
      "c049_scale_48",
      "c066_scale_65",
      "c084_scale_83",
      "c112_scale_111",
      "c383_scale_382",
      "c071_scale_70",
      "c141_scale_140",
      "c311_scale_310"
    ],
    "edge-6": [
      "c016_scale_15",
      "c025_scale_24",
      "c047_scale_46",
      "c144_scale_143",
      "c155_scale_154",
      "c165_scale_164",
      "c172_scale_171",
      "c179_scale_178",
      "c204_scale_203",
      "c229_scale_228",
      "c298_scale_297",
      "c305_scale_304",
      "c334_scale_333",
      "c342_scale_341",
      "c286_scale_285"
    ],
    "edge-7": [
      "c003_scale_2",
      "c024_scale_23",
      "c058_scale_57",
      "c134_scale_133",
      "c171_scale_170",
      "c209_scale_208",
      "c216_scale_215",
      "c296_scale_295",
      "c225_scale_224",
      "c258_scale_257",
      "c302_scale_301"
    ],
    "edge-8": [
      "c010_scale_9",
      "c029_scale_28",
      "c036_scale_35",
      "c045_scale_44",
      "c075_scale_74",
      "c121_scale_120",
      "c157_scale_156",
      "c220_scale_219",
      "c281_scale_280",
      "c293_scale_292",
      "c307_scale_306",
      "c309_scale_308",
      "c350_scale_349",
      "c359_scale_358",
      "c374_scale_373",
      "c376_scale_375",
      "c400_scale_399",
      "c190_scale_189"
    ],
    "edge-9": [
      "c043_scale_42",
      "c067_scale_66",
      "c088_scale_87",
      "c201_scale_200",
      "c019_scale_18",
      "c038_scale_37",
      "c082_scale_81",
      "c212_scale_211",
      "c329_scale_328",
      "c336_scale_335",
      "c122_scale_121"
    ],
    "edge-10": [
      "c021_scale_20",
      "c041_scale_40",
      "c113_scale_112",
      "c128_scale_127",
      "c180_scale_179",
      "c218_scale_217",
      "c234_scale_233",
      "c235_scale_234",
      "c265_scale_264",
      "c306_scale_305",
      "c310_scale_309",
      "c362_scale_361",
      "c366_scale_365",
      "c385_scale_384",
      "c324_scale_323",
      "c317_scale_316"
    ],
    "edge-11": [
      "c030_scale_29",
      "c042_scale_41",
      "c080_scale_79",
      "c192_scale_191",
      "c194_scale_193",
      "c243_scale_242",
      "c207_scale_206",
      "c222_scale_221",
      "c344_scale_343",
      "c256_scale_255"
    ],
    "edge-12": [
      "c162_scale_161",
      "c184_scale_183",
      "c189_scale_188",
      "c290_scale_289",
      "c295_scale_294",
      "c313_scale_312",
      "c375_scale_374",
      "c069_scale_68",
      "c092_scale_91",
      "c098_scale_97",
      "c370_scale_369",
      "c126_scale_125",
      "c055_scale_54"
    ],
    "edge-13": [
      "c009_scale_8",
      "c017_scale_16",
      "c096_scale_95",
      "c146_scale_145",
      "c164_scale_163",
      "c224_scale_223",
      "c248_scale_247",
      "c297_scale_296",
      "c373_scale_372",
      "c005_scale_4",
      "c050_scale_49"
    ],
    "edge-14": [
      "c026_scale_25",
      "c035_scale_34",
      "c079_scale_78",
      "c129_scale_128",
      "c150_scale_149",
      "c177_scale_176",
      "c199_scale_198",
      "c228_scale_227",
      "c246_scale_245",
      "c263_scale_262",
      "c283_scale_282",
      "c330_scale_329",
      "c364_scale_363"
    ]
  }
}
