{
  "summary": {
    "algo": "FG-DSCR-GC-K8s-selected",
    "num_containers": 1200,
    "num_assigned": 224,
    "num_failed": 976,
    "fail_rate": 0.8133333333333334,
    "num_nodes": 10,
    "ACT": 201.67782738095238,
    "AMS": 383.9229166666666,
    "downloaded_mb": 22169,
    "reused_mb": 89174,
    "reuse_rate": 0.8008945331094007,
    "objective_base": 292.8003720238095,
    "fail_penalty": 813.3333333333334,
    "lambda_fail": 1000.0,
    "objective": 1106.1337053571428
  },
  "assignment": {
    "edge-1": [
      "c656_scale_655",
      "c681_scale_680",
      "c731_scale_730",
      "c809_scale_808",
      "c399_scale_398",
      "c247_scale_246",
      "c324_scale_323",
      "c531_scale_530",
      "c745_scale_744",
      "c241_scale_240",
      "c729_scale_728",
      "c829_scale_828",
      "c193_scale_192",
      "c436_scale_435",
      "c840_scale_839",
      "c193_scale_1192",
      "c135_scale_134",
      "c535_scale_534",
      "c915_scale_914",
      "c127_scale_1126",
      "c620_scale_619"
    ],
    "edge-2": [
      "c934_scale_933",
      "c970_scale_969",
      "c973_scale_972",
      "c623_scale_622",
      "c062_scale_61",
      "c533_scale_532",
      "c978_scale_977",
      "c062_scale_1061",
      "c485_scale_484",
      "c556_scale_555",
      "c682_scale_681",
      "c743_scale_742",
      "c838_scale_837",
      "c981_scale_980",
      "c993_scale_992",
      "c619_scale_618",
      "c708_scale_707",
      "c074_scale_73",
      "c331_scale_330",
      "c393_scale_392",
      "c429_scale_428",
      "c582_scale_581",
      "c664_scale_663",
      "c723_scale_722"
    ],
    "edge-3": [
      "c861_scale_860",
      "c203_scale_202",
      "c292_scale_291",
      "c374_scale_373",
      "c225_scale_224",
      "c543_scale_542",
      "c640_scale_639",
      "c748_scale_747",
      "c991_scale_990",
      "c260_scale_259",
      "c575_scale_574",
      "c166_scale_165",
      "c966_scale_965",
      "c166_scale_1165",
      "c250_scale_249",
      "c542_scale_541",
      "c683_scale_682",
      "c127_scale_126",
      "c387_scale_386",
      "c394_scale_393"
    ],
    "edge-4": [
      "c352_scale_351",
      "c747_scale_746",
      "c585_scale_584",
      "c673_scale_672",
      "c872_scale_871",
      "c992_scale_991",
      "c074_scale_1073",
      "c705_scale_704",
      "c144_scale_143",
      "c451_scale_450",
      "c867_scale_866",
      "c986_scale_985",
      "c144_scale_1143",
      "c281_scale_280",
      "c032_scale_31",
      "c044_scale_43",
      "c194_scale_193",
      "c271_scale_270",
      "c370_scale_369",
      "c454_scale_453",
      "c922_scale_921",
      "c956_scale_955",
      "c148_scale_1147",
      "c865_scale_864"
    ],
    "edge-5": [
      "c412_scale_411",
      "c066_scale_65",
      "c066_scale_1065",
      "c187_scale_1186",
      "c059_scale_58",
      "c059_scale_1058",
      "c456_scale_455",
      "c487_scale_486",
      "c377_scale_376",
      "c201_scale_200",
      "c356_scale_355",
      "c672_scale_671",
      "c135_scale_1134",
      "c368_scale_367",
      "c611_scale_610",
      "c047_scale_46",
      "c305_scale_304",
      "c430_scale_429",
      "c666_scale_665",
      "c224_scale_223"
    ],
    "edge-6": [
      "c545_scale_544",
      "c096_scale_95",
      "c151_scale_150",
      "c096_scale_1095",
      "c151_scale_1150",
      "c119_scale_118",
      "c576_scale_575",
      "c671_scale_670",
      "c119_scale_1118",
      "c418_scale_417",
      "c231_scale_230",
      "c380_scale_379",
      "c633_scale_632",
      "c782_scale_781",
      "c022_scale_21",
      "c273_scale_272",
      "c600_scale_599",
      "c022_scale_1021",
      "c565_scale_564",
      "c584_scale_583",
      "c366_scale_365",
      "c460_scale_459",
      "c779_scale_778",
      "c921_scale_920"
    ],
    "edge-7": [
      "c195_scale_194",
      "c333_scale_332",
      "c698_scale_697",
      "c916_scale_915",
      "c195_scale_1194",
      "c561_scale_560",
      "c014_scale_13",
      "c869_scale_868",
      "c014_scale_1013",
      "c427_scale_426",
      "c463_scale_462",
      "c969_scale_968",
      "c060_scale_59",
      "c804_scale_803",
      "c060_scale_1059",
      "c902_scale_901",
      "c088_scale_87",
      "c088_scale_1087",
      "c082_scale_81",
      "c082_scale_1081",
      "c614_scale_613",
      "c503_scale_502",
      "c253_scale_252",
      "c618_scale_617"
    ],
    "edge-8": [
      "c866_scale_865",
      "c016_scale_15",
      "c016_scale_1015",
      "c566_scale_565",
      "c498_scale_497",
      "c100_scale_99",
      "c100_scale_1099",
      "c048_scale_47",
      "c048_scale_1047",
      "c856_scale_855",
      "c630_scale_629",
      "c890_scale_889",
      "c938_scale_937",
      "c647_scale_646",
      "c404_scale_403",
      "c932_scale_931",
      "c639_scale_638",
      "c047_scale_1046",
      "c883_scale_882",
      "c051_scale_50",
      "c539_scale_538"
    ],
    "edge-9": [
      "c930_scale_929",
      "c390_scale_389",
      "c834_scale_833",
      "c787_scale_786",
      "c860_scale_859",
      "c132_scale_131",
      "c132_scale_1131",
      "c357_scale_356",
      "c979_scale_978",
      "c590_scale_589",
      "c049_scale_48",
      "c049_scale_1048",
      "c202_scale_201",
      "c301_scale_300",
      "c306_scale_305",
      "c497_scale_496",
      "c621_scale_620",
      "c793_scale_792",
      "c904_scale_903",
      "c917_scale_916",
      "c926_scale_925",
      "c070_scale_69"
    ],
    "edge-10": [
      "c367_scale_366",
      "c076_scale_75",
      "c076_scale_1075",
      "c913_scale_912",
      "c187_scale_186",
      "c563_scale_562",
      "c652_scale_651",
      "c975_scale_974",
      "c553_scale_552",
      "c753_scale_752",
      "c769_scale_768",
      "c797_scale_796",
      "c990_scale_989",
      "c032_scale_1031",
      "c044_scale_1043",
      "c194_scale_1193",
      "c290_scale_289",
      "c677_scale_676",
      "c053_scale_52",
      "c053_scale_1052",
      "c037_scale_36",
      "c148_scale_147",
      "c343_scale_342",
      "c037_scale_1036"
    ]
  },
  "ordered_queues": {
    "edge-1": [
      "c135_scale_134",
      "c535_scale_534",
      "c809_scale_808",
      "c241_scale_240",
      "c247_scale_246",
      "c656_scale_655",
      "c731_scale_730",
      "c399_scale_398",
      "c681_scale_680",
      "c745_scale_744",
      "c193_scale_1192",
      "c193_scale_192",
      "c436_scale_435",
      "c729_scale_728",
      "c840_scale_839",
      "c324_scale_323",
      "c531_scale_530",
      "c829_scale_828",
      "c127_scale_1126",
      "c915_scale_914",
      "c620_scale_619"
    ],
    "edge-2": [
      "c062_scale_1061",
      "c062_scale_61",
      "c074_scale_73",
      "c331_scale_330",
      "c393_scale_392",
      "c429_scale_428",
      "c485_scale_484",
      "c533_scale_532",
      "c556_scale_555",
      "c582_scale_581",
      "c664_scale_663",
      "c682_scale_681",
      "c723_scale_722",
      "c743_scale_742",
      "c838_scale_837",
      "c978_scale_977",
      "c981_scale_980",
      "c993_scale_992",
      "c623_scale_622",
      "c934_scale_933",
      "c619_scale_618",
      "c708_scale_707",
      "c970_scale_969",
      "c973_scale_972"
    ],
    "edge-3": [
      "c166_scale_1165",
      "c166_scale_165",
      "c203_scale_202",
      "c225_scale_224",
      "c292_scale_291",
      "c374_scale_373",
      "c543_scale_542",
      "c640_scale_639",
      "c748_scale_747",
      "c966_scale_965",
      "c991_scale_990",
      "c683_scale_682",
      "c250_scale_249",
      "c260_scale_259",
      "c575_scale_574",
      "c861_scale_860",
      "c127_scale_126",
      "c387_scale_386",
      "c394_scale_393",
      "c542_scale_541"
    ],
    "edge-4": [
      "c032_scale_31",
      "c044_scale_43",
      "c074_scale_1073",
      "c144_scale_1143",
      "c144_scale_143",
      "c148_scale_1147",
      "c194_scale_193",
      "c271_scale_270",
      "c370_scale_369",
      "c451_scale_450",
      "c454_scale_453",
      "c867_scale_866",
      "c872_scale_871",
      "c922_scale_921",
      "c956_scale_955",
      "c986_scale_985",
      "c992_scale_991",
      "c281_scale_280",
      "c585_scale_584",
      "c673_scale_672",
      "c705_scale_704",
      "c747_scale_746",
      "c352_scale_351",
      "c865_scale_864"
    ],
    "edge-5": [
      "c201_scale_200",
      "c356_scale_355",
      "c487_scale_486",
      "c377_scale_376",
      "c430_scale_429",
      "c666_scale_665",
      "c672_scale_671",
      "c187_scale_1186",
      "c224_scale_223",
      "c456_scale_455",
      "c135_scale_1134",
      "c368_scale_367",
      "c066_scale_1065",
      "c066_scale_65",
      "c611_scale_610",
      "c059_scale_1058",
      "c059_scale_58",
      "c412_scale_411",
      "c047_scale_46",
      "c305_scale_304"
    ],
    "edge-6": [
      "c022_scale_1021",
      "c022_scale_21",
      "c096_scale_1095",
      "c096_scale_95",
      "c119_scale_1118",
      "c119_scale_118",
      "c151_scale_1150",
      "c151_scale_150",
      "c231_scale_230",
      "c273_scale_272",
      "c380_scale_379",
      "c576_scale_575",
      "c600_scale_599",
      "c633_scale_632",
      "c671_scale_670",
      "c782_scale_781",
      "c366_scale_365",
      "c460_scale_459",
      "c565_scale_564",
      "c418_scale_417",
      "c545_scale_544",
      "c584_scale_583",
      "c779_scale_778",
      "c921_scale_920"
    ],
    "edge-7": [
      "c014_scale_1013",
      "c014_scale_13",
      "c060_scale_1059",
      "c060_scale_59",
      "c088_scale_1087",
      "c088_scale_87",
      "c195_scale_1194",
      "c195_scale_194",
      "c253_scale_252",
      "c333_scale_332",
      "c618_scale_617",
      "c698_scale_697",
      "c804_scale_803",
      "c869_scale_868",
      "c916_scale_915",
      "c969_scale_968",
      "c427_scale_426",
      "c463_scale_462",
      "c503_scale_502",
      "c561_scale_560",
      "c902_scale_901",
      "c082_scale_1081",
      "c082_scale_81",
      "c614_scale_613"
    ],
    "edge-8": [
      "c048_scale_1047",
      "c048_scale_47",
      "c100_scale_1099",
      "c100_scale_99",
      "c404_scale_403",
      "c498_scale_497",
      "c630_scale_629",
      "c890_scale_889",
      "c016_scale_1015",
      "c016_scale_15",
      "c647_scale_646",
      "c566_scale_565",
      "c856_scale_855",
      "c866_scale_865",
      "c047_scale_1046",
      "c883_scale_882",
      "c932_scale_931",
      "c938_scale_937",
      "c639_scale_638",
      "c051_scale_50",
      "c539_scale_538"
    ],
    "edge-9": [
      "c202_scale_201",
      "c301_scale_300",
      "c306_scale_305",
      "c497_scale_496",
      "c621_scale_620",
      "c793_scale_792",
      "c904_scale_903",
      "c917_scale_916",
      "c926_scale_925",
      "c132_scale_1131",
      "c132_scale_131",
      "c390_scale_389",
      "c787_scale_786",
      "c834_scale_833",
      "c860_scale_859",
      "c930_scale_929",
      "c070_scale_69",
      "c049_scale_1048",
      "c049_scale_48",
      "c357_scale_356",
      "c979_scale_978",
      "c590_scale_589"
    ],
    "edge-10": [
      "c032_scale_1031",
      "c037_scale_1036",
      "c037_scale_36",
      "c044_scale_1043",
      "c148_scale_147",
      "c194_scale_1193",
      "c343_scale_342",
      "c753_scale_752",
      "c769_scale_768",
      "c797_scale_796",
      "c990_scale_989",
      "c187_scale_186",
      "c053_scale_1052",
      "c053_scale_52",
      "c553_scale_552",
      "c563_scale_562",
      "c913_scale_912",
      "c076_scale_1075",
      "c076_scale_75",
      "c290_scale_289",
      "c677_scale_676",
      "c367_scale_366",
      "c652_scale_651",
      "c975_scale_974"
    ]
  }
}
