{
  "summary": {
    "algo": "FG-DSCR-GC-K8s-selected",
    "num_containers": 2000,
    "num_assigned": 363,
    "num_failed": 1637,
    "fail_rate": 0.8185,
    "num_nodes": 18,
    "ACT": 155.01329201101925,
    "AMS": 293.8361111111111,
    "downloaded_mb": 10742,
    "reused_mb": 95846,
    "reuse_rate": 0.89921942432544,
    "objective_base": 224.42470156106518,
    "fail_penalty": 818.5,
    "lambda_fail": 1000.0,
    "objective": 1042.9247015610651
  },
  "assignment": {
    "edge-1": [
      "c166_scale_165",
      "c166_scale_1165",
      "c155_scale_1154",
      "c342_scale_1341",
      "c305_scale_1304",
      "c705_scale_1704",
      "c598_scale_1597",
      "c509_scale_508",
      "c818_scale_1817",
      "c095_scale_94",
      "c597_scale_596",
      "c095_scale_1094",
      "c119_scale_118",
      "c903_scale_902"
    ],
    "edge-2": [
      "c466_scale_465",
      "c466_scale_1465",
      "c147_scale_146",
      "c147_scale_1146",
      "c308_scale_307",
      "c610_scale_609",
      "c308_scale_1307",
      "c610_scale_1609",
      "c279_scale_278",
      "c485_scale_484",
      "c596_scale_595",
      "c930_scale_929",
      "c279_scale_1278",
      "c485_scale_1484",
      "c596_scale_1595",
      "c930_scale_1929",
      "c135_scale_134",
      "c691_scale_690",
      "c135_scale_1134",
      "c691_scale_1690",
      "c645_scale_644",
      "c752_scale_751",
      "c645_scale_1644",
      "c542_scale_1541"
    ],
    "edge-3": [
      "c536_scale_535",
      "c549_scale_548",
      "c536_scale_1535",
      "c549_scale_1548",
      "c092_scale_91",
      "c092_scale_1091",
      "c098_scale_97",
      "c098_scale_1097",
      "c412_scale_411",
      "c412_scale_1411",
      "c132_scale_131",
      "c397_scale_396",
      "c414_scale_413",
      "c827_scale_826",
      "c827_scale_1826",
      "c342_scale_341",
      "c069_scale_1068",
      "c818_scale_817"
    ],
    "edge-4": [
      "c937_scale_936",
      "c937_scale_1936",
      "c732_scale_731",
      "c892_scale_891",
      "c961_scale_960",
      "c990_scale_989",
      "c732_scale_1731",
      "c892_scale_1891",
      "c961_scale_1960",
      "c990_scale_1989",
      "c234_scale_233",
      "c362_scale_361",
      "c385_scale_384",
      "c433_scale_432",
      "c472_scale_471",
      "c613_scale_612",
      "c234_scale_1233",
      "c362_scale_1361",
      "c385_scale_1384",
      "c433_scale_1432",
      "c516_scale_1515",
      "c863_scale_862"
    ],
    "edge-5": [
      "c581_scale_1580",
      "c966_scale_1965",
      "c281_scale_280",
      "c350_scale_349",
      "c475_scale_474",
      "c718_scale_717",
      "c281_scale_1280",
      "c350_scale_1349",
      "c475_scale_1474",
      "c718_scale_1717",
      "c546_scale_545",
      "c566_scale_565",
      "c546_scale_1545",
      "c566_scale_1565",
      "c359_scale_358",
      "c400_scale_399",
      "c029_scale_28",
      "c293_scale_292",
      "c029_scale_1028",
      "c293_scale_1292"
    ],
    "edge-6": [
      "c434_scale_433",
      "c667_scale_666",
      "c846_scale_845",
      "c434_scale_1433",
      "c667_scale_1666",
      "c846_scale_1845",
      "c220_scale_219",
      "c309_scale_308",
      "c943_scale_942",
      "c220_scale_1219",
      "c309_scale_1308",
      "c943_scale_1942",
      "c376_scale_375",
      "c853_scale_852",
      "c376_scale_1375",
      "c853_scale_1852",
      "c473_scale_472",
      "c550_scale_549",
      "c473_scale_1472",
      "c550_scale_1549",
      "c863_scale_1862",
      "c235_scale_234"
    ],
    "edge-7": [
      "c094_scale_1093",
      "c489_scale_1488",
      "c028_scale_27",
      "c206_scale_205",
      "c391_scale_390",
      "c028_scale_1027",
      "c206_scale_1205",
      "c391_scale_1390",
      "c378_scale_377",
      "c406_scale_405",
      "c703_scale_702",
      "c800_scale_799",
      "c378_scale_1377",
      "c406_scale_1405",
      "c199_scale_198",
      "c246_scale_245",
      "c551_scale_550",
      "c893_scale_1892",
      "c915_scale_1914"
    ],
    "edge-8": [
      "c326_scale_325",
      "c326_scale_1325",
      "c033_scale_32",
      "c109_scale_108",
      "c139_scale_138",
      "c636_scale_635",
      "c944_scale_943",
      "c033_scale_1032",
      "c109_scale_1108",
      "c139_scale_1138",
      "c636_scale_1635",
      "c944_scale_1943",
      "c081_scale_80",
      "c339_scale_338",
      "c427_scale_426",
      "c652_scale_651",
      "c702_scale_701",
      "c745_scale_744",
      "c081_scale_1080",
      "c339_scale_1338",
      "c972_scale_1971",
      "c641_scale_640"
    ],
    "edge-9": [
      "c678_scale_677",
      "c766_scale_765",
      "c366_scale_1365",
      "c678_scale_1677",
      "c766_scale_1765",
      "c446_scale_445",
      "c864_scale_863",
      "c938_scale_937",
      "c446_scale_1445",
      "c864_scale_1863",
      "c938_scale_1937",
      "c713_scale_712",
      "c713_scale_1712",
      "c597_scale_1596",
      "c416_scale_415",
      "c893_scale_892",
      "c915_scale_914",
      "c235_scale_1234",
      "c005_scale_4"
    ],
    "edge-10": [
      "c047_scale_46",
      "c047_scale_1046",
      "c752_scale_1751",
      "c144_scale_143",
      "c144_scale_1143",
      "c334_scale_333",
      "c497_scale_496",
      "c709_scale_708",
      "c817_scale_816",
      "c334_scale_1333",
      "c497_scale_1496",
      "c709_scale_1708",
      "c817_scale_1816",
      "c229_scale_228",
      "c229_scale_1228",
      "c025_scale_24",
      "c025_scale_1024",
      "c155_scale_154",
      "c641_scale_1640",
      "c516_scale_515",
      "c705_scale_704",
      "c305_scale_304"
    ],
    "edge-11": [
      "c587_scale_586",
      "c734_scale_733",
      "c856_scale_855",
      "c982_scale_981",
      "c587_scale_1586",
      "c734_scale_1733",
      "c856_scale_1855",
      "c982_scale_1981",
      "c240_scale_239",
      "c443_scale_442",
      "c586_scale_585",
      "c603_scale_602",
      "c240_scale_1239",
      "c443_scale_1442",
      "c586_scale_1585",
      "c603_scale_1602",
      "c094_scale_93",
      "c489_scale_488",
      "c953_scale_952",
      "c934_scale_1933",
      "c953_scale_1952"
    ],
    "edge-12": [
      "c300_scale_299",
      "c300_scale_1299",
      "c782_scale_781",
      "c782_scale_1781",
      "c136_scale_135",
      "c174_scale_173",
      "c136_scale_1135",
      "c174_scale_1173",
      "c518_scale_517",
      "c568_scale_567",
      "c518_scale_1517",
      "c568_scale_1567",
      "c011_scale_10",
      "c011_scale_1010",
      "c508_scale_507",
      "c822_scale_821",
      "c508_scale_1507",
      "c822_scale_1821",
      "c151_scale_150",
      "c151_scale_1150",
      "c542_scale_541",
      "c005_scale_1004",
      "c119_scale_1118"
    ],
    "edge-13": [
      "c359_scale_1358",
      "c400_scale_1399",
      "c924_scale_923",
      "c924_scale_1923",
      "c182_scale_181",
      "c904_scale_903",
      "c929_scale_928",
      "c182_scale_1181",
      "c904_scale_1903",
      "c929_scale_1928",
      "c384_scale_383",
      "c208_scale_1207",
      "c903_scale_1902",
      "c523_scale_522",
      "c845_scale_844",
      "c523_scale_1522",
      "c845_scale_1844"
    ],
    "edge-14": [
      "c472_scale_1471",
      "c613_scale_1612",
      "c180_scale_179",
      "c180_scale_1179",
      "c684_scale_683",
      "c684_scale_1683",
      "c021_scale_20",
      "c021_scale_1020",
      "c218_scale_217",
      "c850_scale_849",
      "c218_scale_1217",
      "c850_scale_1849",
      "c128_scale_127",
      "c265_scale_264",
      "c445_scale_444",
      "c128_scale_1127",
      "c265_scale_1264",
      "c445_scale_1444",
      "c366_scale_365",
      "c330_scale_1329",
      "c364_scale_1363",
      "c438_scale_1437"
    ],
    "edge-15": [
      "c703_scale_1702",
      "c800_scale_1799",
      "c048_scale_47",
      "c399_scale_398",
      "c862_scale_861",
      "c048_scale_1047",
      "c399_scale_1398",
      "c862_scale_1861",
      "c228_scale_227",
      "c263_scale_262",
      "c503_scale_502",
      "c570_scale_569",
      "c842_scale_841",
      "c447_scale_446",
      "c416_scale_1415",
      "c934_scale_933",
      "c246_scale_1245",
      "c551_scale_1550",
      "c438_scale_437"
    ],
    "edge-16": [
      "c427_scale_1426",
      "c652_scale_1651",
      "c702_scale_1701",
      "c745_scale_1744",
      "c134_scale_133",
      "c190_scale_189",
      "c236_scale_235",
      "c564_scale_563",
      "c767_scale_766",
      "c949_scale_948",
      "c134_scale_1133",
      "c190_scale_1189",
      "c236_scale_1235",
      "c564_scale_1563",
      "c767_scale_1766",
      "c949_scale_1948",
      "c027_scale_26",
      "c653_scale_652",
      "c027_scale_1026",
      "c653_scale_1652",
      "c972_scale_971",
      "c199_scale_1198"
    ],
    "edge-17": [
      "c132_scale_1131",
      "c397_scale_1396",
      "c414_scale_1413",
      "c228_scale_1227",
      "c263_scale_1262",
      "c503_scale_1502",
      "c570_scale_1569",
      "c842_scale_1841",
      "c417_scale_416",
      "c384_scale_1383",
      "c417_scale_1416",
      "c598_scale_597",
      "c509_scale_1508",
      "c069_scale_68",
      "c447_scale_1446",
      "c208_scale_207"
    ],
    "edge-18": [
      "c861_scale_860",
      "c861_scale_1860",
      "c045_scale_44",
      "c307_scale_306",
      "c442_scale_441",
      "c527_scale_526",
      "c795_scale_794",
      "c045_scale_1044",
      "c307_scale_1306",
      "c442_scale_1441",
      "c527_scale_1526",
      "c795_scale_1794",
      "c010_scale_9",
      "c010_scale_1009",
      "c157_scale_156",
      "c581_scale_580",
      "c966_scale_965",
      "c157_scale_1156",
      "c330_scale_329",
      "c364_scale_363",
      "c813_scale_812"
    ]
  },
  "ordered_queues": {
    "edge-1": [
      "c095_scale_1094",
      "c095_scale_94",
      "c119_scale_118",
      "c166_scale_1165",
      "c166_scale_165",
      "c597_scale_596",
      "c903_scale_902",
      "c598_scale_1597",
      "c155_scale_1154",
      "c305_scale_1304",
      "c342_scale_1341",
      "c705_scale_1704",
      "c509_scale_508",
      "c818_scale_1817"
    ],
    "edge-2": [
      "c135_scale_1134",
      "c135_scale_134",
      "c147_scale_1146",
      "c147_scale_146",
      "c279_scale_1278",
      "c279_scale_278",
      "c308_scale_1307",
      "c308_scale_307",
      "c466_scale_1465",
      "c466_scale_465",
      "c485_scale_1484",
      "c485_scale_484",
      "c596_scale_1595",
      "c596_scale_595",
      "c610_scale_1609",
      "c610_scale_609",
      "c691_scale_1690",
      "c691_scale_690",
      "c930_scale_1929",
      "c930_scale_929",
      "c645_scale_1644",
      "c645_scale_644",
      "c752_scale_751",
      "c542_scale_1541"
    ],
    "edge-3": [
      "c069_scale_1068",
      "c092_scale_1091",
      "c092_scale_91",
      "c098_scale_1097",
      "c098_scale_97",
      "c132_scale_131",
      "c397_scale_396",
      "c412_scale_1411",
      "c412_scale_411",
      "c414_scale_413",
      "c536_scale_1535",
      "c536_scale_535",
      "c549_scale_1548",
      "c549_scale_548",
      "c827_scale_1826",
      "c827_scale_826",
      "c342_scale_341",
      "c818_scale_817"
    ],
    "edge-4": [
      "c234_scale_1233",
      "c234_scale_233",
      "c362_scale_1361",
      "c362_scale_361",
      "c385_scale_1384",
      "c385_scale_384",
      "c433_scale_1432",
      "c433_scale_432",
      "c472_scale_471",
      "c613_scale_612",
      "c732_scale_1731",
      "c732_scale_731",
      "c892_scale_1891",
      "c892_scale_891",
      "c937_scale_1936",
      "c937_scale_936",
      "c961_scale_1960",
      "c961_scale_960",
      "c990_scale_1989",
      "c990_scale_989",
      "c516_scale_1515",
      "c863_scale_862"
    ],
    "edge-5": [
      "c029_scale_1028",
      "c029_scale_28",
      "c281_scale_1280",
      "c281_scale_280",
      "c293_scale_1292",
      "c293_scale_292",
      "c350_scale_1349",
      "c350_scale_349",
      "c359_scale_358",
      "c400_scale_399",
      "c475_scale_1474",
      "c475_scale_474",
      "c546_scale_1545",
      "c546_scale_545",
      "c566_scale_1565",
      "c566_scale_565",
      "c581_scale_1580",
      "c718_scale_1717",
      "c718_scale_717",
      "c966_scale_1965"
    ],
    "edge-6": [
      "c220_scale_1219",
      "c220_scale_219",
      "c309_scale_1308",
      "c309_scale_308",
      "c376_scale_1375",
      "c376_scale_375",
      "c434_scale_1433",
      "c434_scale_433",
      "c473_scale_1472",
      "c473_scale_472",
      "c550_scale_1549",
      "c550_scale_549",
      "c667_scale_1666",
      "c667_scale_666",
      "c846_scale_1845",
      "c846_scale_845",
      "c853_scale_1852",
      "c853_scale_852",
      "c943_scale_1942",
      "c943_scale_942",
      "c863_scale_1862",
      "c235_scale_234"
    ],
    "edge-7": [
      "c028_scale_1027",
      "c028_scale_27",
      "c094_scale_1093",
      "c199_scale_198",
      "c206_scale_1205",
      "c206_scale_205",
      "c246_scale_245",
      "c378_scale_1377",
      "c378_scale_377",
      "c391_scale_1390",
      "c391_scale_390",
      "c406_scale_1405",
      "c406_scale_405",
      "c489_scale_1488",
      "c551_scale_550",
      "c703_scale_702",
      "c800_scale_799",
      "c893_scale_1892",
      "c915_scale_1914"
    ],
    "edge-8": [
      "c033_scale_1032",
      "c033_scale_32",
      "c081_scale_1080",
      "c081_scale_80",
      "c109_scale_108",
      "c109_scale_1108",
      "c139_scale_1138",
      "c139_scale_138",
      "c326_scale_1325",
      "c326_scale_325",
      "c339_scale_1338",
      "c339_scale_338",
      "c427_scale_426",
      "c636_scale_1635",
      "c636_scale_635",
      "c652_scale_651",
      "c702_scale_701",
      "c745_scale_744",
      "c944_scale_1943",
      "c944_scale_943",
      "c972_scale_1971",
      "c641_scale_640"
    ],
    "edge-9": [
      "c235_scale_1234",
      "c366_scale_1365",
      "c446_scale_1445",
      "c446_scale_445",
      "c678_scale_1677",
      "c678_scale_677",
      "c713_scale_1712",
      "c713_scale_712",
      "c766_scale_1765",
      "c766_scale_765",
      "c864_scale_1863",
      "c864_scale_863",
      "c893_scale_892",
      "c915_scale_914",
      "c938_scale_1937",
      "c938_scale_937",
      "c416_scale_415",
      "c597_scale_1596",
      "c005_scale_4"
    ],
    "edge-10": [
      "c025_scale_1024",
      "c025_scale_24",
      "c047_scale_1046",
      "c047_scale_46",
      "c144_scale_1143",
      "c144_scale_143",
      "c155_scale_154",
      "c229_scale_1228",
      "c229_scale_228",
      "c305_scale_304",
      "c334_scale_1333",
      "c334_scale_333",
      "c497_scale_1496",
      "c497_scale_496",
      "c516_scale_515",
      "c705_scale_704",
      "c709_scale_1708",
      "c709_scale_708",
      "c752_scale_1751",
      "c817_scale_1816",
      "c817_scale_816",
      "c641_scale_1640"
    ],
    "edge-11": [
      "c094_scale_93",
      "c240_scale_1239",
      "c240_scale_239",
      "c443_scale_1442",
      "c443_scale_442",
      "c489_scale_488",
      "c586_scale_1585",
      "c586_scale_585",
      "c587_scale_1586",
      "c587_scale_586",
      "c603_scale_1602",
      "c603_scale_602",
      "c734_scale_1733",
      "c734_scale_733",
      "c856_scale_1855",
      "c856_scale_855",
      "c934_scale_1933",
      "c953_scale_1952",
      "c953_scale_952",
      "c982_scale_1981",
      "c982_scale_981"
    ],
    "edge-12": [
      "c011_scale_10",
      "c011_scale_1010",
      "c136_scale_1135",
      "c136_scale_135",
      "c151_scale_1150",
      "c151_scale_150",
      "c174_scale_1173",
      "c174_scale_173",
      "c300_scale_1299",
      "c300_scale_299",
      "c508_scale_1507",
      "c508_scale_507",
      "c518_scale_1517",
      "c518_scale_517",
      "c542_scale_541",
      "c568_scale_1567",
      "c568_scale_567",
      "c782_scale_1781",
      "c782_scale_781",
      "c822_scale_1821",
      "c822_scale_821",
      "c119_scale_1118",
      "c005_scale_1004"
    ],
    "edge-13": [
      "c182_scale_1181",
      "c182_scale_181",
      "c384_scale_383",
      "c904_scale_1903",
      "c904_scale_903",
      "c929_scale_1928",
      "c929_scale_928",
      "c924_scale_1923",
      "c924_scale_923",
      "c208_scale_1207",
      "c903_scale_1902",
      "c359_scale_1358",
      "c400_scale_1399",
      "c523_scale_1522",
      "c523_scale_522",
      "c845_scale_1844",
      "c845_scale_844"
    ],
    "edge-14": [
      "c021_scale_1020",
      "c021_scale_20",
      "c128_scale_1127",
      "c128_scale_127",
      "c180_scale_1179",
      "c180_scale_179",
      "c218_scale_1217",
      "c218_scale_217",
      "c265_scale_1264",
      "c265_scale_264",
      "c366_scale_365",
      "c438_scale_1437",
      "c445_scale_1444",
      "c445_scale_444",
      "c472_scale_1471",
      "c613_scale_1612",
      "c684_scale_1683",
      "c684_scale_683",
      "c850_scale_1849",
      "c850_scale_849",
      "c330_scale_1329",
      "c364_scale_1363"
    ],
    "edge-15": [
      "c048_scale_1047",
      "c048_scale_47",
      "c228_scale_227",
      "c246_scale_1245",
      "c263_scale_262",
      "c399_scale_1398",
      "c399_scale_398",
      "c503_scale_502",
      "c551_scale_1550",
      "c570_scale_569",
      "c703_scale_1702",
      "c800_scale_1799",
      "c842_scale_841",
      "c862_scale_1861",
      "c862_scale_861",
      "c934_scale_933",
      "c438_scale_437",
      "c416_scale_1415",
      "c447_scale_446"
    ],
    "edge-16": [
      "c027_scale_1026",
      "c027_scale_26",
      "c134_scale_1133",
      "c134_scale_133",
      "c190_scale_1189",
      "c190_scale_189",
      "c199_scale_1198",
      "c236_scale_1235",
      "c236_scale_235",
      "c427_scale_1426",
      "c564_scale_1563",
      "c564_scale_563",
      "c652_scale_1651",
      "c653_scale_1652",
      "c653_scale_652",
      "c702_scale_1701",
      "c745_scale_1744",
      "c767_scale_1766",
      "c767_scale_766",
      "c949_scale_1948",
      "c949_scale_948",
      "c972_scale_971"
    ],
    "edge-17": [
      "c069_scale_68",
      "c132_scale_1131",
      "c397_scale_1396",
      "c414_scale_1413",
      "c598_scale_597",
      "c208_scale_207",
      "c447_scale_1446",
      "c228_scale_1227",
      "c263_scale_1262",
      "c503_scale_1502",
      "c570_scale_1569",
      "c842_scale_1841",
      "c384_scale_1383",
      "c417_scale_1416",
      "c417_scale_416",
      "c509_scale_1508"
    ],
    "edge-18": [
      "c010_scale_1009",
      "c010_scale_9",
      "c045_scale_1044",
      "c045_scale_44",
      "c157_scale_1156",
      "c157_scale_156",
      "c307_scale_1306",
      "c307_scale_306",
      "c442_scale_1441",
      "c442_scale_441",
      "c527_scale_1526",
      "c527_scale_526",
      "c581_scale_580",
      "c795_scale_1794",
      "c795_scale_794",
      "c966_scale_965",
      "c861_scale_1860",
      "c861_scale_860",
      "c330_scale_329",
      "c364_scale_363",
      "c813_scale_812"
    ]
  }
}
