{
  "summary": {
    "algo": "FG-DSCR-GC-K8s-selected",
    "num_containers": 1000,
    "num_assigned": 346,
    "num_failed": 654,
    "fail_rate": 0.654,
    "num_nodes": 18,
    "ACT": 176.81159682080923,
    "AMS": 343.11967592592583,
    "downloaded_mb": 49349,
    "reused_mb": 127632,
    "reuse_rate": 0.7211621586497986,
    "objective_base": 259.96563637336754,
    "fail_penalty": 654.0,
    "lambda_fail": 1000.0,
    "objective": 913.9656363733675
  },
  "assignment": {
    "edge-1": [
      "c332_scale_331",
      "c343_scale_342",
      "c491_scale_490",
      "c689_scale_688",
      "c172_scale_171",
      "c113_scale_112",
      "c597_scale_596",
      "c465_scale_464",
      "c765_scale_764",
      "c077_scale_76",
      "c169_scale_168",
      "c487_scale_486",
      "c063_scale_62",
      "c354_scale_353",
      "c090_scale_89",
      "c947_scale_946",
      "c900_scale_899",
      "c142_scale_141",
      "c337_scale_336",
      "c895_scale_894"
    ],
    "edge-2": [
      "c637_scale_636",
      "c977_scale_976",
      "c539_scale_538",
      "c714_scale_713",
      "c983_scale_982",
      "c055_scale_54",
      "c053_scale_52",
      "c300_scale_299",
      "c389_scale_388",
      "c155_scale_154",
      "c182_scale_181",
      "c454_scale_453",
      "c533_scale_532",
      "c549_scale_548",
      "c631_scale_630",
      "c203_scale_202",
      "c238_scale_237",
      "c835_scale_834",
      "c318_scale_317"
    ],
    "edge-3": [
      "c285_scale_284",
      "c021_scale_20",
      "c020_scale_19",
      "c898_scale_897",
      "c211_scale_210",
      "c672_scale_671",
      "c973_scale_972",
      "c066_scale_65",
      "c256_scale_255",
      "c839_scale_838",
      "c455_scale_454",
      "c269_scale_268",
      "c099_scale_98",
      "c310_scale_309",
      "c767_scale_766",
      "c751_scale_750",
      "c305_scale_304",
      "c230_scale_229",
      "c568_scale_567"
    ],
    "edge-4": [
      "c574_scale_573",
      "c599_scale_598",
      "c368_scale_367",
      "c832_scale_831",
      "c308_scale_307",
      "c567_scale_566",
      "c660_scale_659",
      "c675_scale_674",
      "c777_scale_776",
      "c226_scale_225",
      "c435_scale_434",
      "c471_scale_470",
      "c131_scale_130",
      "c509_scale_508",
      "c834_scale_833",
      "c817_scale_816",
      "c482_scale_481",
      "c194_scale_193",
      "c359_scale_358",
      "c679_scale_678",
      "c115_scale_114",
      "c272_scale_271",
      "c669_scale_668",
      "c235_scale_234"
    ],
    "edge-5": [
      "c175_scale_174",
      "c790_scale_789",
      "c030_scale_29",
      "c281_scale_280",
      "c785_scale_784",
      "c540_scale_539",
      "c889_scale_888",
      "c971_scale_970",
      "c883_scale_882",
      "c213_scale_212",
      "c901_scale_900",
      "c393_scale_392",
      "c537_scale_536",
      "c698_scale_697",
      "c854_scale_853",
      "c562_scale_561"
    ],
    "edge-6": [
      "c472_scale_471",
      "c936_scale_935",
      "c948_scale_947",
      "c398_scale_397",
      "c484_scale_483",
      "c865_scale_864",
      "c192_scale_191",
      "c241_scale_240",
      "c483_scale_482",
      "c468_scale_467",
      "c636_scale_635",
      "c787_scale_786",
      "c927_scale_926",
      "c928_scale_927",
      "c208_scale_207",
      "c209_scale_208",
      "c314_scale_313",
      "c503_scale_502",
      "c775_scale_774",
      "c801_scale_800",
      "c910_scale_909",
      "c923_scale_922",
      "c225_scale_224"
    ],
    "edge-7": [
      "c687_scale_686",
      "c603_scale_602",
      "c407_scale_406",
      "c052_scale_51",
      "c098_scale_97",
      "c876_scale_875",
      "c722_scale_721",
      "c375_scale_374",
      "c133_scale_132",
      "c287_scale_286",
      "c921_scale_920",
      "c873_scale_872",
      "c815_scale_814",
      "c140_scale_139",
      "c584_scale_583",
      "c227_scale_226",
      "c874_scale_873",
      "c453_scale_452",
      "c526_scale_525",
      "c753_scale_752"
    ],
    "edge-8": [
      "c579_scale_578",
      "c068_scale_67",
      "c335_scale_334",
      "c536_scale_535",
      "c982_scale_981",
      "c233_scale_232",
      "c577_scale_576",
      "c749_scale_748",
      "c843_scale_842",
      "c960_scale_959",
      "c985_scale_984",
      "c080_scale_79",
      "c401_scale_400",
      "c589_scale_588",
      "c628_scale_627",
      "c729_scale_728",
      "c795_scale_794",
      "c877_scale_876",
      "c919_scale_918",
      "c065_scale_64",
      "c994_scale_993",
      "c154_scale_153",
      "c350_scale_349",
      "c373_scale_372"
    ],
    "edge-9": [
      "c086_scale_85",
      "c569_scale_568",
      "c558_scale_557",
      "c547_scale_546",
      "c141_scale_140",
      "c122_scale_121",
      "c313_scale_312",
      "c179_scale_178",
      "c478_scale_477",
      "c336_scale_335",
      "c250_scale_249",
      "c302_scale_301",
      "c406_scale_405",
      "c649_scale_648",
      "c684_scale_683",
      "c145_scale_144",
      "c575_scale_574"
    ],
    "edge-10": [
      "c164_scale_163",
      "c022_scale_21",
      "c592_scale_591",
      "c922_scale_921",
      "c711_scale_710",
      "c289_scale_288",
      "c200_scale_199",
      "c845_scale_844",
      "c402_scale_401",
      "c908_scale_907",
      "c193_scale_192",
      "c757_scale_756",
      "c476_scale_475",
      "c481_scale_480",
      "c530_scale_529",
      "c925_scale_924",
      "c564_scale_563",
      "c489_scale_488",
      "c710_scale_709",
      "c716_scale_715"
    ],
    "edge-11": [
      "c504_scale_503",
      "c106_scale_105",
      "c606_scale_605",
      "c054_scale_53",
      "c381_scale_380",
      "c444_scale_443",
      "c857_scale_856",
      "c069_scale_68",
      "c283_scale_282",
      "c548_scale_547",
      "c647_scale_646",
      "c995_scale_994",
      "c264_scale_263",
      "c322_scale_321",
      "c588_scale_587",
      "c771_scale_770"
    ],
    "edge-12": [
      "c871_scale_870",
      "c572_scale_571",
      "c424_scale_423",
      "c084_scale_83",
      "c861_scale_860",
      "c932_scale_931",
      "c057_scale_56",
      "c544_scale_543",
      "c697_scale_696",
      "c967_scale_966",
      "c972_scale_971",
      "c249_scale_248",
      "c271_scale_270",
      "c892_scale_891",
      "c663_scale_662",
      "c291_scale_290",
      "c752_scale_751",
      "c754_scale_753",
      "c703_scale_702"
    ],
    "edge-13": [
      "c724_scale_723",
      "c437_scale_436",
      "c039_scale_38",
      "c043_scale_42",
      "c858_scale_857",
      "c418_scale_417",
      "c747_scale_746",
      "c170_scale_169",
      "c998_scale_997",
      "c740_scale_739",
      "c993_scale_992",
      "c918_scale_917",
      "c596_scale_595",
      "c781_scale_780",
      "c792_scale_791",
      "c907_scale_906",
      "c331_scale_330",
      "c850_scale_849",
      "c899_scale_898"
    ],
    "edge-14": [
      "c374_scale_373",
      "c150_scale_149",
      "c459_scale_458",
      "c561_scale_560",
      "c585_scale_584",
      "c782_scale_781",
      "c872_scale_871",
      "c990_scale_989",
      "c658_scale_657",
      "c688_scale_687",
      "c979_scale_978",
      "c050_scale_49",
      "c161_scale_160",
      "c201_scale_200",
      "c228_scale_227",
      "c279_scale_278",
      "c377_scale_376",
      "c571_scale_570",
      "c591_scale_590",
      "c677_scale_676",
      "c760_scale_759",
      "c805_scale_804",
      "c257_scale_256"
    ],
    "edge-15": [
      "c426_scale_425",
      "c473_scale_472",
      "c969_scale_968",
      "c736_scale_735",
      "c159_scale_158",
      "c137_scale_136",
      "c642_scale_641",
      "c717_scale_716",
      "c848_scale_847",
      "c067_scale_66",
      "c937_scale_936",
      "c959_scale_958",
      "c282_scale_281",
      "c463_scale_462"
    ],
    "edge-16": [
      "c443_scale_442",
      "c087_scale_86",
      "c248_scale_247",
      "c961_scale_960",
      "c673_scale_672",
      "c135_scale_134",
      "c210_scale_209",
      "c826_scale_825",
      "c237_scale_236",
      "c604_scale_603",
      "c806_scale_805",
      "c495_scale_494",
      "c764_scale_763",
      "c204_scale_203",
      "c104_scale_103",
      "c207_scale_206",
      "c704_scale_703",
      "c847_scale_846"
    ],
    "edge-17": [
      "c882_scale_881",
      "c004_scale_3",
      "c462_scale_461",
      "c413_scale_412",
      "c317_scale_316",
      "c255_scale_254",
      "c640_scale_639",
      "c812_scale_811",
      "c525_scale_524",
      "c108_scale_107",
      "c110_scale_109",
      "c196_scale_195",
      "c303_scale_302",
      "c316_scale_315",
      "c595_scale_594",
      "c369_scale_368"
    ],
    "edge-18": [
      "c866_scale_865",
      "c362_scale_361",
      "c268_scale_267",
      "c646_scale_645",
      "c600_scale_599",
      "c929_scale_928",
      "c376_scale_375",
      "c379_scale_378",
      "c480_scale_479",
      "c153_scale_152",
      "c261_scale_260",
      "c624_scale_623",
      "c367_scale_366",
      "c641_scale_640",
      "c386_scale_385",
      "c796_scale_795",
      "c821_scale_820",
      "c997_scale_996",
      "c038_scale_37"
    ]
  },
  "ordered_queues": {
    "edge-1": [
      "c077_scale_76",
      "c113_scale_112",
      "c169_scale_168",
      "c172_scale_171",
      "c332_scale_331",
      "c343_scale_342",
      "c487_scale_486",
      "c491_scale_490",
      "c689_scale_688",
      "c765_scale_764",
      "c947_scale_946",
      "c090_scale_89",
      "c063_scale_62",
      "c465_scale_464",
      "c597_scale_596",
      "c354_scale_353",
      "c895_scale_894",
      "c900_scale_899",
      "c142_scale_141",
      "c337_scale_336"
    ],
    "edge-2": [
      "c155_scale_154",
      "c182_scale_181",
      "c203_scale_202",
      "c238_scale_237",
      "c454_scale_453",
      "c533_scale_532",
      "c549_scale_548",
      "c631_scale_630",
      "c053_scale_52",
      "c300_scale_299",
      "c389_scale_388",
      "c539_scale_538",
      "c714_scale_713",
      "c977_scale_976",
      "c637_scale_636",
      "c055_scale_54",
      "c835_scale_834",
      "c983_scale_982",
      "c318_scale_317"
    ],
    "edge-3": [
      "c020_scale_19",
      "c021_scale_20",
      "c066_scale_65",
      "c211_scale_210",
      "c285_scale_284",
      "c310_scale_309",
      "c455_scale_454",
      "c672_scale_671",
      "c767_scale_766",
      "c839_scale_838",
      "c898_scale_897",
      "c973_scale_972",
      "c751_scale_750",
      "c256_scale_255",
      "c269_scale_268",
      "c099_scale_98",
      "c305_scale_304",
      "c230_scale_229",
      "c568_scale_567"
    ],
    "edge-4": [
      "c235_scale_234",
      "c272_scale_271",
      "c368_scale_367",
      "c435_scale_434",
      "c471_scale_470",
      "c482_scale_481",
      "c509_scale_508",
      "c567_scale_566",
      "c660_scale_659",
      "c669_scale_668",
      "c675_scale_674",
      "c777_scale_776",
      "c832_scale_831",
      "c834_scale_833",
      "c308_scale_307",
      "c574_scale_573",
      "c599_scale_598",
      "c194_scale_193",
      "c131_scale_130",
      "c226_scale_225",
      "c817_scale_816",
      "c359_scale_358",
      "c679_scale_678",
      "c115_scale_114"
    ],
    "edge-5": [
      "c030_scale_29",
      "c213_scale_212",
      "c281_scale_280",
      "c790_scale_789",
      "c883_scale_882",
      "c889_scale_888",
      "c901_scale_900",
      "c971_scale_970",
      "c562_scale_561",
      "c175_scale_174",
      "c540_scale_539",
      "c785_scale_784",
      "c393_scale_392",
      "c537_scale_536",
      "c698_scale_697",
      "c854_scale_853"
    ],
    "edge-6": [
      "c209_scale_208",
      "c314_scale_313",
      "c468_scale_467",
      "c503_scale_502",
      "c636_scale_635",
      "c775_scale_774",
      "c787_scale_786",
      "c801_scale_800",
      "c910_scale_909",
      "c923_scale_922",
      "c927_scale_926",
      "c928_scale_927",
      "c192_scale_191",
      "c241_scale_240",
      "c398_scale_397",
      "c472_scale_471",
      "c483_scale_482",
      "c865_scale_864",
      "c936_scale_935",
      "c208_scale_207",
      "c484_scale_483",
      "c948_scale_947",
      "c225_scale_224"
    ],
    "edge-7": [
      "c133_scale_132",
      "c140_scale_139",
      "c287_scale_286",
      "c722_scale_721",
      "c753_scale_752",
      "c921_scale_920",
      "c584_scale_583",
      "c815_scale_814",
      "c098_scale_97",
      "c603_scale_602",
      "c876_scale_875",
      "c375_scale_374",
      "c407_scale_406",
      "c687_scale_686",
      "c873_scale_872",
      "c227_scale_226",
      "c052_scale_51",
      "c874_scale_873",
      "c453_scale_452",
      "c526_scale_525"
    ],
    "edge-8": [
      "c065_scale_64",
      "c068_scale_67",
      "c080_scale_79",
      "c154_scale_153",
      "c233_scale_232",
      "c335_scale_334",
      "c350_scale_349",
      "c373_scale_372",
      "c401_scale_400",
      "c536_scale_535",
      "c577_scale_576",
      "c589_scale_588",
      "c628_scale_627",
      "c729_scale_728",
      "c749_scale_748",
      "c795_scale_794",
      "c843_scale_842",
      "c877_scale_876",
      "c919_scale_918",
      "c960_scale_959",
      "c982_scale_981",
      "c985_scale_984",
      "c994_scale_993",
      "c579_scale_578"
    ],
    "edge-9": [
      "c086_scale_85",
      "c122_scale_121",
      "c179_scale_178",
      "c313_scale_312",
      "c336_scale_335",
      "c547_scale_546",
      "c558_scale_557",
      "c569_scale_568",
      "c478_scale_477",
      "c141_scale_140",
      "c145_scale_144",
      "c250_scale_249",
      "c302_scale_301",
      "c406_scale_405",
      "c575_scale_574",
      "c649_scale_648",
      "c684_scale_683"
    ],
    "edge-10": [
      "c200_scale_199",
      "c289_scale_288",
      "c481_scale_480",
      "c592_scale_591",
      "c711_scale_710",
      "c845_scale_844",
      "c922_scale_921",
      "c925_scale_924",
      "c022_scale_21",
      "c164_scale_163",
      "c530_scale_529",
      "c193_scale_192",
      "c402_scale_401",
      "c476_scale_475",
      "c757_scale_756",
      "c908_scale_907",
      "c564_scale_563",
      "c489_scale_488",
      "c710_scale_709",
      "c716_scale_715"
    ],
    "edge-11": [
      "c054_scale_53",
      "c069_scale_68",
      "c106_scale_105",
      "c381_scale_380",
      "c444_scale_443",
      "c504_scale_503",
      "c606_scale_605",
      "c857_scale_856",
      "c283_scale_282",
      "c548_scale_547",
      "c647_scale_646",
      "c995_scale_994",
      "c264_scale_263",
      "c322_scale_321",
      "c588_scale_587",
      "c771_scale_770"
    ],
    "edge-12": [
      "c057_scale_56",
      "c249_scale_248",
      "c271_scale_270",
      "c291_scale_290",
      "c544_scale_543",
      "c697_scale_696",
      "c752_scale_751",
      "c754_scale_753",
      "c892_scale_891",
      "c932_scale_931",
      "c967_scale_966",
      "c972_scale_971",
      "c572_scale_571",
      "c663_scale_662",
      "c861_scale_860",
      "c871_scale_870",
      "c703_scale_702",
      "c084_scale_83",
      "c424_scale_423"
    ],
    "edge-13": [
      "c039_scale_38",
      "c043_scale_42",
      "c170_scale_169",
      "c418_scale_417",
      "c437_scale_436",
      "c724_scale_723",
      "c740_scale_739",
      "c747_scale_746",
      "c858_scale_857",
      "c918_scale_917",
      "c993_scale_992",
      "c998_scale_997",
      "c596_scale_595",
      "c792_scale_791",
      "c850_scale_849",
      "c899_scale_898",
      "c907_scale_906",
      "c331_scale_330",
      "c781_scale_780"
    ],
    "edge-14": [
      "c050_scale_49",
      "c150_scale_149",
      "c161_scale_160",
      "c201_scale_200",
      "c228_scale_227",
      "c279_scale_278",
      "c377_scale_376",
      "c459_scale_458",
      "c561_scale_560",
      "c571_scale_570",
      "c585_scale_584",
      "c591_scale_590",
      "c677_scale_676",
      "c760_scale_759",
      "c782_scale_781",
      "c805_scale_804",
      "c872_scale_871",
      "c990_scale_989",
      "c374_scale_373",
      "c658_scale_657",
      "c688_scale_687",
      "c979_scale_978",
      "c257_scale_256"
    ],
    "edge-15": [
      "c159_scale_158",
      "c642_scale_641",
      "c969_scale_968",
      "c473_scale_472",
      "c067_scale_66",
      "c717_scale_716",
      "c426_scale_425",
      "c137_scale_136",
      "c736_scale_735",
      "c937_scale_936",
      "c959_scale_958",
      "c282_scale_281",
      "c463_scale_462",
      "c848_scale_847"
    ],
    "edge-16": [
      "c961_scale_960",
      "c087_scale_86",
      "c135_scale_134",
      "c204_scale_203",
      "c248_scale_247",
      "c443_scale_442",
      "c495_scale_494",
      "c764_scale_763",
      "c210_scale_209",
      "c237_scale_236",
      "c673_scale_672",
      "c826_scale_825",
      "c104_scale_103",
      "c207_scale_206",
      "c704_scale_703",
      "c847_scale_846",
      "c604_scale_603",
      "c806_scale_805"
    ],
    "edge-17": [
      "c317_scale_316",
      "c369_scale_368",
      "c413_scale_412",
      "c462_scale_461",
      "c525_scale_524",
      "c812_scale_811",
      "c640_scale_639",
      "c255_scale_254",
      "c108_scale_107",
      "c110_scale_109",
      "c004_scale_3",
      "c882_scale_881",
      "c196_scale_195",
      "c303_scale_302",
      "c316_scale_315",
      "c595_scale_594"
    ],
    "edge-18": [
      "c261_scale_260",
      "c367_scale_366",
      "c386_scale_385",
      "c480_scale_479",
      "c624_scale_623",
      "c796_scale_795",
      "c153_scale_152",
      "c268_scale_267",
      "c600_scale_599",
      "c646_scale_645",
      "c866_scale_865",
      "c929_scale_928",
      "c641_scale_640",
      "c362_scale_361",
      "c376_scale_375",
      "c379_scale_378",
      "c038_scale_37",
      "c821_scale_820",
      "c997_scale_996"
    ]
  }
}
