{
  "summary": {
    "algo": "FG-DSCR-GC-K8s-selected",
    "num_containers": 1000,
    "num_assigned": 144,
    "num_failed": 856,
    "fail_rate": 0.856,
    "num_nodes": 6,
    "ACT": 217.5379050925926,
    "AMS": 428.7729166666666,
    "downloaded_mb": 22526,
    "reused_mb": 51163,
    "reuse_rate": 0.6943098698584592,
    "objective_base": 323.1554108796296,
    "fail_penalty": 856.0,
    "lambda_fail": 1000.0,
    "objective": 1179.1554108796295
  },
  "assignment": {
    "edge-1": [
      "c579_scale_578",
      "c443_scale_442",
      "c504_scale_503",
      "c113_scale_112",
      "c482_scale_481",
      "c106_scale_105",
      "c606_scale_605",
      "c087_scale_86",
      "c272_scale_271",
      "c973_scale_972",
      "c054_scale_53",
      "c381_scale_380",
      "c039_scale_38",
      "c161_scale_160",
      "c201_scale_200",
      "c228_scale_227",
      "c279_scale_278",
      "c377_scale_376",
      "c571_scale_570",
      "c591_scale_590",
      "c248_scale_247",
      "c268_scale_267",
      "c669_scale_668",
      "c043_scale_42"
    ],
    "edge-2": [
      "c637_scale_636",
      "c374_scale_373",
      "c977_scale_976",
      "c592_scale_591",
      "c922_scale_921",
      "c437_scale_436",
      "c194_scale_193",
      "c359_scale_358",
      "c539_scale_538",
      "c711_scale_710",
      "c603_scale_602",
      "c407_scale_406",
      "c424_scale_423",
      "c462_scale_461",
      "c658_scale_657",
      "c688_scale_687",
      "c979_scale_978",
      "c362_scale_361",
      "c714_scale_713",
      "c672_scale_671",
      "c154_scale_153",
      "c350_scale_349",
      "c373_scale_372",
      "c468_scale_467"
    ],
    "edge-3": [
      "c164_scale_163",
      "c866_scale_865",
      "c022_scale_21",
      "c086_scale_85",
      "c790_scale_789",
      "c817_scale_816",
      "c679_scale_678",
      "c115_scale_114",
      "c569_scale_568",
      "c473_scale_472",
      "c052_scale_51",
      "c084_scale_83",
      "c558_scale_557",
      "c484_scale_483",
      "c865_scale_864",
      "c289_scale_288",
      "c030_scale_29",
      "c281_scale_280",
      "c038_scale_37",
      "c050_scale_49",
      "c192_scale_191",
      "c241_scale_240",
      "c483_scale_482",
      "c858_scale_857"
    ],
    "edge-4": [
      "c574_scale_573",
      "c599_scale_598",
      "c368_scale_367",
      "c832_scale_831",
      "c308_scale_307",
      "c332_scale_331",
      "c343_scale_342",
      "c491_scale_490",
      "c689_scale_688",
      "c567_scale_566",
      "c660_scale_659",
      "c675_scale_674",
      "c777_scale_776",
      "c226_scale_225",
      "c175_scale_174",
      "c687_scale_686",
      "c172_scale_171",
      "c435_scale_434",
      "c471_scale_470",
      "c724_scale_723",
      "c131_scale_130",
      "c509_scale_508",
      "c834_scale_833",
      "c760_scale_759"
    ],
    "edge-5": [
      "c871_scale_870",
      "c285_scale_284",
      "c572_scale_571",
      "c021_scale_20",
      "c426_scale_425",
      "c882_scale_881",
      "c020_scale_19",
      "c898_scale_897",
      "c877_scale_876",
      "c919_scale_918",
      "c065_scale_64",
      "c150_scale_149",
      "c459_scale_458",
      "c561_scale_560",
      "c585_scale_584",
      "c782_scale_781",
      "c872_scale_871",
      "c990_scale_989",
      "c004_scale_3",
      "c211_scale_210",
      "c969_scale_968",
      "c861_scale_860",
      "c983_scale_982",
      "c413_scale_412"
    ],
    "edge-6": [
      "c472_scale_471",
      "c936_scale_935",
      "c068_scale_67",
      "c335_scale_334",
      "c536_scale_535",
      "c982_scale_981",
      "c948_scale_947",
      "c398_scale_397",
      "c233_scale_232",
      "c577_scale_576",
      "c749_scale_748",
      "c843_scale_842",
      "c960_scale_959",
      "c985_scale_984",
      "c080_scale_79",
      "c401_scale_400",
      "c589_scale_588",
      "c628_scale_627",
      "c729_scale_728",
      "c795_scale_794",
      "c677_scale_676",
      "c805_scale_804",
      "c994_scale_993",
      "c736_scale_735"
    ]
  },
  "ordered_queues": {
    "edge-1": [
      "c161_scale_160",
      "c201_scale_200",
      "c228_scale_227",
      "c279_scale_278",
      "c377_scale_376",
      "c571_scale_570",
      "c591_scale_590",
      "c579_scale_578",
      "c054_scale_53",
      "c106_scale_105",
      "c381_scale_380",
      "c504_scale_503",
      "c606_scale_605",
      "c087_scale_86",
      "c248_scale_247",
      "c443_scale_442",
      "c272_scale_271",
      "c482_scale_481",
      "c669_scale_668",
      "c113_scale_112",
      "c268_scale_267",
      "c973_scale_972",
      "c039_scale_38",
      "c043_scale_42"
    ],
    "edge-2": [
      "c194_scale_193",
      "c637_scale_636",
      "c374_scale_373",
      "c658_scale_657",
      "c688_scale_687",
      "c979_scale_978",
      "c603_scale_602",
      "c407_scale_406",
      "c359_scale_358",
      "c462_scale_461",
      "c424_scale_423",
      "c592_scale_591",
      "c711_scale_710",
      "c922_scale_921",
      "c539_scale_538",
      "c714_scale_713",
      "c977_scale_976",
      "c154_scale_153",
      "c350_scale_349",
      "c362_scale_361",
      "c672_scale_671",
      "c373_scale_372",
      "c437_scale_436",
      "c468_scale_467"
    ],
    "edge-3": [
      "c817_scale_816",
      "c679_scale_678",
      "c022_scale_21",
      "c164_scale_163",
      "c473_scale_472",
      "c084_scale_83",
      "c192_scale_191",
      "c241_scale_240",
      "c483_scale_482",
      "c865_scale_864",
      "c484_scale_483",
      "c052_scale_51",
      "c086_scale_85",
      "c558_scale_557",
      "c569_scale_568",
      "c115_scale_114",
      "c866_scale_865",
      "c289_scale_288",
      "c030_scale_29",
      "c281_scale_280",
      "c790_scale_789",
      "c858_scale_857",
      "c038_scale_37",
      "c050_scale_49"
    ],
    "edge-4": [
      "c368_scale_367",
      "c435_scale_434",
      "c471_scale_470",
      "c509_scale_508",
      "c567_scale_566",
      "c660_scale_659",
      "c675_scale_674",
      "c777_scale_776",
      "c832_scale_831",
      "c834_scale_833",
      "c687_scale_686",
      "c172_scale_171",
      "c332_scale_331",
      "c343_scale_342",
      "c491_scale_490",
      "c689_scale_688",
      "c308_scale_307",
      "c574_scale_573",
      "c599_scale_598",
      "c131_scale_130",
      "c226_scale_225",
      "c175_scale_174",
      "c724_scale_723",
      "c760_scale_759"
    ],
    "edge-5": [
      "c065_scale_64",
      "c150_scale_149",
      "c459_scale_458",
      "c561_scale_560",
      "c585_scale_584",
      "c782_scale_781",
      "c872_scale_871",
      "c877_scale_876",
      "c919_scale_918",
      "c990_scale_989",
      "c969_scale_968",
      "c426_scale_425",
      "c572_scale_571",
      "c861_scale_860",
      "c871_scale_870",
      "c020_scale_19",
      "c021_scale_20",
      "c211_scale_210",
      "c285_scale_284",
      "c898_scale_897",
      "c413_scale_412",
      "c004_scale_3",
      "c882_scale_881",
      "c983_scale_982"
    ],
    "edge-6": [
      "c068_scale_67",
      "c080_scale_79",
      "c233_scale_232",
      "c335_scale_334",
      "c401_scale_400",
      "c536_scale_535",
      "c577_scale_576",
      "c589_scale_588",
      "c628_scale_627",
      "c677_scale_676",
      "c729_scale_728",
      "c749_scale_748",
      "c795_scale_794",
      "c805_scale_804",
      "c843_scale_842",
      "c960_scale_959",
      "c982_scale_981",
      "c985_scale_984",
      "c994_scale_993",
      "c948_scale_947",
      "c398_scale_397",
      "c472_scale_471",
      "c936_scale_935",
      "c736_scale_735"
    ]
  }
}
