{
  "summary": {
    "algo": "FG-DSCR-GC-K8s-selected",
    "num_containers": 200,
    "num_assigned": 153,
    "num_failed": 47,
    "fail_rate": 0.235,
    "num_nodes": 12,
    "ACT": 131.41056644880175,
    "AMS": 243.85833333333332,
    "downloaded_mb": 28861,
    "reused_mb": 48279,
    "reuse_rate": 0.6258620689655172,
    "objective_base": 187.63444989106753,
    "fail_penalty": 235.0,
    "lambda_fail": 1000.0,
    "objective": 422.63444989106756
  },
  "assignment": {
    "edge-1": [
      "c138_scale_137",
      "c042_scale_41",
      "c046_scale_45",
      "c179_scale_178",
      "c105_scale_104",
      "c140_scale_139",
      "c018_scale_17",
      "c065_scale_64",
      "c197_scale_196",
      "c135_scale_134",
      "c021_scale_20",
      "c062_scale_61",
      "c032_scale_31"
    ],
    "edge-2": [
      "c091_scale_90",
      "c161_scale_160",
      "c075_scale_74",
      "c162_scale_161",
      "c031_scale_30",
      "c103_scale_102",
      "c077_scale_76",
      "c168_scale_167",
      "c014_scale_13",
      "c059_scale_58",
      "c193_scale_192",
      "c106_scale_105",
      "c172_scale_171",
      "c097_scale_96"
    ],
    "edge-3": [
      "c023_scale_22",
      "c141_scale_140",
      "c165_scale_164",
      "c118_scale_117",
      "c108_scale_107",
      "c146_scale_145",
      "c006_scale_5",
      "c028_scale_27",
      "c043_scale_42",
      "c088_scale_87",
      "c009_scale_8",
      "c087_scale_86",
      "c050_scale_49"
    ],
    "edge-4": [
      "c167_scale_166",
      "c144_scale_143",
      "c015_scale_14",
      "c112_scale_111",
      "c114_scale_113",
      "c198_scale_197",
      "c157_scale_156",
      "c003_scale_2",
      "c070_scale_69",
      "c132_scale_131",
      "c200_scale_199",
      "c079_scale_78",
      "c016_scale_15",
      "c063_scale_62",
      "c060_scale_59"
    ],
    "edge-5": [
      "c110_scale_109",
      "c057_scale_56",
      "c178_scale_177",
      "c173_scale_172",
      "c094_scale_93",
      "c010_scale_9",
      "c017_scale_16",
      "c026_scale_25",
      "c127_scale_126",
      "c035_scale_34",
      "c082_scale_81",
      "c160_scale_159",
      "c058_scale_57"
    ],
    "edge-6": [
      "c071_scale_70",
      "c083_scale_82",
      "c068_scale_67",
      "c154_scale_153",
      "c041_scale_40",
      "c053_scale_52",
      "c189_scale_188",
      "c142_scale_141",
      "c158_scale_157",
      "c102_scale_101",
      "c145_scale_144",
      "c159_scale_158",
      "c185_scale_184",
      "c116_scale_115",
      "c187_scale_186",
      "c121_scale_120",
      "c095_scale_94"
    ],
    "edge-7": [
      "c055_scale_54",
      "c115_scale_114",
      "c139_scale_138",
      "c113_scale_112",
      "c029_scale_28",
      "c122_scale_121",
      "c152_scale_151",
      "c081_scale_80",
      "c119_scale_118",
      "c048_scale_47",
      "c033_scale_32",
      "c051_scale_50"
    ],
    "edge-8": [
      "c025_scale_24",
      "c056_scale_55",
      "c176_scale_175",
      "c190_scale_189",
      "c137_scale_136",
      "c194_scale_193",
      "c125_scale_124",
      "c098_scale_97",
      "c090_scale_89",
      "c019_scale_18",
      "c188_scale_187",
      "c164_scale_163"
    ],
    "edge-9": [
      "c007_scale_6",
      "c130_scale_129",
      "c067_scale_66",
      "c030_scale_29",
      "c171_scale_170",
      "c101_scale_100",
      "c191_scale_190",
      "c022_scale_21",
      "c049_scale_48",
      "c073_scale_72"
    ],
    "edge-10": [
      "c085_scale_84",
      "c182_scale_181",
      "c072_scale_71",
      "c008_scale_7",
      "c133_scale_132",
      "c036_scale_35",
      "c040_scale_39",
      "c181_scale_180",
      "c086_scale_85",
      "c012_scale_11",
      "c175_scale_174",
      "c184_scale_183"
    ],
    "edge-11": [
      "c126_scale_125",
      "c039_scale_38",
      "c004_scale_3",
      "c150_scale_149",
      "c134_scale_133",
      "c183_scale_182",
      "c034_scale_33",
      "c005_scale_4",
      "c129_scale_128",
      "c061_scale_60"
    ],
    "edge-12": [
      "c024_scale_23",
      "c069_scale_68",
      "c002_scale_1",
      "c080_scale_79",
      "c064_scale_63",
      "c149_scale_148",
      "c186_scale_185",
      "c099_scale_98",
      "c128_scale_127",
      "c001_scale_0",
      "c124_scale_123",
      "c066_scale_65"
    ]
  },
  "ordered_queues": {
    "edge-1": [
      "c042_scale_41",
      "c046_scale_45",
      "c065_scale_64",
      "c105_scale_104",
      "c135_scale_134",
      "c138_scale_137",
      "c140_scale_139",
      "c179_scale_178",
      "c018_scale_17",
      "c197_scale_196",
      "c021_scale_20",
      "c032_scale_31",
      "c062_scale_61"
    ],
    "edge-2": [
      "c014_scale_13",
      "c031_scale_30",
      "c059_scale_58",
      "c103_scale_102",
      "c106_scale_105",
      "c161_scale_160",
      "c091_scale_90",
      "c193_scale_192",
      "c075_scale_74",
      "c077_scale_76",
      "c162_scale_161",
      "c168_scale_167",
      "c172_scale_171",
      "c097_scale_96"
    ],
    "edge-3": [
      "c006_scale_5",
      "c108_scale_107",
      "c009_scale_8",
      "c028_scale_27",
      "c043_scale_42",
      "c050_scale_49",
      "c087_scale_86",
      "c088_scale_87",
      "c023_scale_22",
      "c118_scale_117",
      "c146_scale_145",
      "c165_scale_164",
      "c141_scale_140"
    ],
    "edge-4": [
      "c003_scale_2",
      "c015_scale_14",
      "c112_scale_111",
      "c114_scale_113",
      "c132_scale_131",
      "c198_scale_197",
      "c200_scale_199",
      "c063_scale_62",
      "c070_scale_69",
      "c079_scale_78",
      "c016_scale_15",
      "c167_scale_166",
      "c157_scale_156",
      "c144_scale_143",
      "c060_scale_59"
    ],
    "edge-5": [
      "c017_scale_16",
      "c026_scale_25",
      "c057_scale_56",
      "c082_scale_81",
      "c094_scale_93",
      "c110_scale_109",
      "c160_scale_159",
      "c010_scale_9",
      "c127_scale_126",
      "c173_scale_172",
      "c178_scale_177",
      "c035_scale_34",
      "c058_scale_57"
    ],
    "edge-6": [
      "c041_scale_40",
      "c053_scale_52",
      "c068_scale_67",
      "c071_scale_70",
      "c083_scale_82",
      "c095_scale_94",
      "c116_scale_115",
      "c154_scale_153",
      "c158_scale_157",
      "c159_scale_158",
      "c185_scale_184",
      "c187_scale_186",
      "c189_scale_188",
      "c121_scale_120",
      "c145_scale_144",
      "c102_scale_101",
      "c142_scale_141"
    ],
    "edge-7": [
      "c029_scale_28",
      "c122_scale_121",
      "c048_scale_47",
      "c055_scale_54",
      "c115_scale_114",
      "c152_scale_151",
      "c113_scale_112",
      "c139_scale_138",
      "c081_scale_80",
      "c119_scale_118",
      "c033_scale_32",
      "c051_scale_50"
    ],
    "edge-8": [
      "c090_scale_89",
      "c025_scale_24",
      "c019_scale_18",
      "c056_scale_55",
      "c125_scale_124",
      "c176_scale_175",
      "c137_scale_136",
      "c194_scale_193",
      "c098_scale_97",
      "c190_scale_189",
      "c188_scale_187",
      "c164_scale_163"
    ],
    "edge-9": [
      "c022_scale_21",
      "c049_scale_48",
      "c073_scale_72",
      "c101_scale_100",
      "c171_scale_170",
      "c191_scale_190",
      "c030_scale_29",
      "c007_scale_6",
      "c067_scale_66",
      "c130_scale_129"
    ],
    "edge-10": [
      "c008_scale_7",
      "c040_scale_39",
      "c086_scale_85",
      "c133_scale_132",
      "c182_scale_181",
      "c036_scale_35",
      "c085_scale_84",
      "c184_scale_183",
      "c072_scale_71",
      "c181_scale_180",
      "c012_scale_11",
      "c175_scale_174"
    ],
    "edge-11": [
      "c004_scale_3",
      "c039_scale_38",
      "c150_scale_149",
      "c061_scale_60",
      "c126_scale_125",
      "c134_scale_133",
      "c034_scale_33",
      "c005_scale_4",
      "c129_scale_128",
      "c183_scale_182"
    ],
    "edge-12": [
      "c001_scale_0",
      "c099_scale_98",
      "c128_scale_127",
      "c066_scale_65",
      "c002_scale_1",
      "c080_scale_79",
      "c149_scale_148",
      "c024_scale_23",
      "c064_scale_63",
      "c069_scale_68",
      "c186_scale_185",
      "c124_scale_123"
    ]
  }
}
