{
  "summary": {
    "algo": "FG-DSCR-GC-K8s-selected",
    "num_containers": 1000,
    "num_assigned": 267,
    "num_failed": 733,
    "fail_rate": 0.733,
    "num_nodes": 16,
    "ACT": 140.10816167290886,
    "AMS": 246.05182291666665,
    "downloaded_mb": 8236,
    "reused_mb": 71274,
    "reuse_rate": 0.8964155452144384,
    "objective_base": 193.07999229478776,
    "fail_penalty": 733.0,
    "lambda_fail": 1000.0,
    "objective": 926.0799922947878
  },
  "assignment": {
    "edge-1": [
      "c536_scale_535",
      "c549_scale_548",
      "c092_scale_91",
      "c098_scale_97",
      "c412_scale_411",
      "c132_scale_131",
      "c397_scale_396",
      "c414_scale_413",
      "c827_scale_826",
      "c823_scale_822",
      "c912_scale_911",
      "c762_scale_761",
      "c451_scale_450",
      "c476_scale_475",
      "c942_scale_941",
      "c974_scale_973",
      "c128_scale_127"
    ],
    "edge-2": [
      "c466_scale_465",
      "c147_scale_146",
      "c308_scale_307",
      "c610_scale_609",
      "c326_scale_325",
      "c279_scale_278",
      "c485_scale_484",
      "c596_scale_595",
      "c930_scale_929",
      "c033_scale_32",
      "c109_scale_108",
      "c139_scale_138",
      "c636_scale_635",
      "c944_scale_943",
      "c135_scale_134",
      "c691_scale_690",
      "c081_scale_80",
      "c339_scale_338",
      "c427_scale_426",
      "c652_scale_651",
      "c702_scale_701",
      "c745_scale_744",
      "c134_scale_133",
      "c190_scale_189"
    ],
    "edge-3": [
      "c391_scale_390",
      "c378_scale_377",
      "c406_scale_405",
      "c703_scale_702",
      "c800_scale_799",
      "c048_scale_47",
      "c399_scale_398",
      "c862_scale_861",
      "c263_scale_262",
      "c503_scale_502",
      "c570_scale_569",
      "c842_scale_841",
      "c199_scale_198",
      "c934_scale_933",
      "c953_scale_952",
      "c972_scale_971",
      "c330_scale_329"
    ],
    "edge-4": [
      "c937_scale_936",
      "c732_scale_731",
      "c892_scale_891",
      "c961_scale_960",
      "c990_scale_989",
      "c234_scale_233",
      "c362_scale_361",
      "c385_scale_384",
      "c433_scale_432",
      "c472_scale_471",
      "c613_scale_612",
      "c180_scale_179",
      "c684_scale_683",
      "c021_scale_20",
      "c218_scale_217",
      "c850_scale_849",
      "c265_scale_264",
      "c445_scale_444",
      "c366_scale_365",
      "c209_scale_208",
      "c216_scale_215"
    ],
    "edge-5": [
      "c598_scale_597",
      "c069_scale_68",
      "c165_scale_164",
      "c204_scale_203",
      "c479_scale_478",
      "c370_scale_369",
      "c172_scale_171",
      "c430_scale_429",
      "c539_scale_538",
      "c640_scale_639",
      "c468_scale_467",
      "c606_scale_605",
      "c786_scale_785"
    ],
    "edge-6": [
      "c434_scale_433",
      "c667_scale_666",
      "c846_scale_845",
      "c220_scale_219",
      "c309_scale_308",
      "c943_scale_942",
      "c376_scale_375",
      "c853_scale_852",
      "c473_scale_472",
      "c550_scale_549",
      "c045_scale_44",
      "c307_scale_306",
      "c442_scale_441",
      "c527_scale_526",
      "c795_scale_794",
      "c010_scale_9",
      "c157_scale_156",
      "c581_scale_580",
      "c966_scale_965",
      "c281_scale_280",
      "c350_scale_349",
      "c475_scale_474",
      "c718_scale_717",
      "c546_scale_545"
    ],
    "edge-7": [
      "c924_scale_923",
      "c364_scale_363",
      "c813_scale_812",
      "c035_scale_34",
      "c150_scale_149",
      "c283_scale_282",
      "c419_scale_418",
      "c565_scale_564",
      "c177_scale_176",
      "c407_scale_406",
      "c026_scale_25",
      "c079_scale_78",
      "c228_scale_227"
    ],
    "edge-8": [
      "c047_scale_46",
      "c645_scale_644",
      "c752_scale_751",
      "c144_scale_143",
      "c334_scale_333",
      "c497_scale_496",
      "c709_scale_708",
      "c817_scale_816",
      "c229_scale_228",
      "c025_scale_24",
      "c155_scale_154",
      "c342_scale_341",
      "c305_scale_304",
      "c705_scale_704",
      "c516_scale_515",
      "c016_scale_15",
      "c719_scale_718",
      "c146_scale_145"
    ],
    "edge-9": [
      "c417_scale_416",
      "c509_scale_508",
      "c818_scale_817",
      "c863_scale_862",
      "c140_scale_139",
      "c355_scale_354",
      "c574_scale_573",
      "c771_scale_770",
      "c885_scale_884",
      "c976_scale_975",
      "c880_scale_879",
      "c750_scale_749",
      "c512_scale_511",
      "c005_scale_4"
    ],
    "edge-10": [
      "c300_scale_299",
      "c782_scale_781",
      "c136_scale_135",
      "c174_scale_173",
      "c518_scale_517",
      "c568_scale_567",
      "c011_scale_10",
      "c508_scale_507",
      "c822_scale_821",
      "c151_scale_150",
      "c542_scale_541",
      "c182_scale_181",
      "c904_scale_903",
      "c929_scale_928",
      "c384_scale_383",
      "c202_scale_201",
      "c201_scale_200",
      "c457_scale_456",
      "c179_scale_178"
    ],
    "edge-11": [
      "c416_scale_415",
      "c487_scale_486",
      "c213_scale_212",
      "c041_scale_40",
      "c404_scale_403",
      "c941_scale_940",
      "c991_scale_990",
      "c113_scale_112",
      "c310_scale_309",
      "c358_scale_357",
      "c780_scale_779",
      "c921_scale_920"
    ],
    "edge-12": [
      "c236_scale_235",
      "c564_scale_563",
      "c767_scale_766",
      "c949_scale_948",
      "c027_scale_26",
      "c653_scale_652",
      "c587_scale_586",
      "c734_scale_733",
      "c856_scale_855",
      "c982_scale_981",
      "c240_scale_239",
      "c443_scale_442",
      "c586_scale_585",
      "c603_scale_602",
      "c094_scale_93",
      "c489_scale_488",
      "c028_scale_27",
      "c206_scale_205",
      "c246_scale_245",
      "c551_scale_550",
      "c641_scale_640"
    ],
    "edge-13": [
      "c447_scale_446",
      "c707_scale_706",
      "c889_scale_888",
      "c075_scale_74",
      "c184_scale_183",
      "c432_scale_431",
      "c498_scale_497",
      "c517_scale_516",
      "c295_scale_294",
      "c313_scale_312",
      "c375_scale_374",
      "c444_scale_443"
    ],
    "edge-14": [
      "c861_scale_860",
      "c566_scale_565",
      "c359_scale_358",
      "c400_scale_399",
      "c597_scale_596",
      "c903_scale_902",
      "c523_scale_522",
      "c845_scale_844",
      "c029_scale_28",
      "c293_scale_292",
      "c036_scale_35",
      "c121_scale_120",
      "c374_scale_373",
      "c690_scale_689"
    ],
    "edge-15": [
      "c119_scale_118",
      "c839_scale_838",
      "c471_scale_470",
      "c439_scale_438",
      "c507_scale_506",
      "c697_scale_696",
      "c958_scale_957",
      "c071_scale_70",
      "c688_scale_687",
      "c875_scale_874",
      "c129_scale_128",
      "c171_scale_170"
    ],
    "edge-16": [
      "c166_scale_165",
      "c678_scale_677",
      "c766_scale_765",
      "c446_scale_445",
      "c864_scale_863",
      "c938_scale_937",
      "c713_scale_712",
      "c438_scale_437",
      "c095_scale_94",
      "c208_scale_207",
      "c235_scale_234",
      "c893_scale_892",
      "c915_scale_914",
      "c306_scale_305",
      "c665_scale_664",
      "c717_scale_716"
    ]
  },
  "ordered_queues": {
    "edge-1": [
      "c092_scale_91",
      "c098_scale_97",
      "c132_scale_131",
      "c397_scale_396",
      "c412_scale_411",
      "c414_scale_413",
      "c536_scale_535",
      "c549_scale_548",
      "c827_scale_826",
      "c762_scale_761",
      "c823_scale_822",
      "c912_scale_911",
      "c128_scale_127",
      "c451_scale_450",
      "c476_scale_475",
      "c942_scale_941",
      "c974_scale_973"
    ],
    "edge-2": [
      "c033_scale_32",
      "c081_scale_80",
      "c109_scale_108",
      "c134_scale_133",
      "c139_scale_138",
      "c190_scale_189",
      "c326_scale_325",
      "c339_scale_338",
      "c427_scale_426",
      "c636_scale_635",
      "c652_scale_651",
      "c702_scale_701",
      "c745_scale_744",
      "c944_scale_943",
      "c135_scale_134",
      "c147_scale_146",
      "c279_scale_278",
      "c308_scale_307",
      "c466_scale_465",
      "c485_scale_484",
      "c596_scale_595",
      "c610_scale_609",
      "c691_scale_690",
      "c930_scale_929"
    ],
    "edge-3": [
      "c048_scale_47",
      "c199_scale_198",
      "c263_scale_262",
      "c330_scale_329",
      "c378_scale_377",
      "c391_scale_390",
      "c399_scale_398",
      "c406_scale_405",
      "c503_scale_502",
      "c570_scale_569",
      "c703_scale_702",
      "c800_scale_799",
      "c842_scale_841",
      "c862_scale_861",
      "c934_scale_933",
      "c953_scale_952",
      "c972_scale_971"
    ],
    "edge-4": [
      "c021_scale_20",
      "c180_scale_179",
      "c218_scale_217",
      "c234_scale_233",
      "c265_scale_264",
      "c362_scale_361",
      "c366_scale_365",
      "c385_scale_384",
      "c433_scale_432",
      "c445_scale_444",
      "c472_scale_471",
      "c613_scale_612",
      "c684_scale_683",
      "c732_scale_731",
      "c850_scale_849",
      "c892_scale_891",
      "c937_scale_936",
      "c961_scale_960",
      "c990_scale_989",
      "c209_scale_208",
      "c216_scale_215"
    ],
    "edge-5": [
      "c165_scale_164",
      "c172_scale_171",
      "c204_scale_203",
      "c430_scale_429",
      "c479_scale_478",
      "c539_scale_538",
      "c640_scale_639",
      "c069_scale_68",
      "c370_scale_369",
      "c598_scale_597",
      "c468_scale_467",
      "c606_scale_605",
      "c786_scale_785"
    ],
    "edge-6": [
      "c010_scale_9",
      "c045_scale_44",
      "c157_scale_156",
      "c220_scale_219",
      "c281_scale_280",
      "c307_scale_306",
      "c309_scale_308",
      "c350_scale_349",
      "c376_scale_375",
      "c434_scale_433",
      "c442_scale_441",
      "c473_scale_472",
      "c475_scale_474",
      "c527_scale_526",
      "c546_scale_545",
      "c550_scale_549",
      "c581_scale_580",
      "c667_scale_666",
      "c718_scale_717",
      "c795_scale_794",
      "c846_scale_845",
      "c853_scale_852",
      "c943_scale_942",
      "c966_scale_965"
    ],
    "edge-7": [
      "c026_scale_25",
      "c035_scale_34",
      "c079_scale_78",
      "c150_scale_149",
      "c177_scale_176",
      "c228_scale_227",
      "c283_scale_282",
      "c364_scale_363",
      "c407_scale_406",
      "c419_scale_418",
      "c565_scale_564",
      "c813_scale_812",
      "c924_scale_923"
    ],
    "edge-8": [
      "c016_scale_15",
      "c025_scale_24",
      "c047_scale_46",
      "c144_scale_143",
      "c155_scale_154",
      "c229_scale_228",
      "c305_scale_304",
      "c334_scale_333",
      "c342_scale_341",
      "c497_scale_496",
      "c516_scale_515",
      "c645_scale_644",
      "c705_scale_704",
      "c709_scale_708",
      "c719_scale_718",
      "c752_scale_751",
      "c817_scale_816",
      "c146_scale_145"
    ],
    "edge-9": [
      "c140_scale_139",
      "c355_scale_354",
      "c417_scale_416",
      "c509_scale_508",
      "c574_scale_573",
      "c771_scale_770",
      "c818_scale_817",
      "c863_scale_862",
      "c880_scale_879",
      "c885_scale_884",
      "c976_scale_975",
      "c750_scale_749",
      "c005_scale_4",
      "c512_scale_511"
    ],
    "edge-10": [
      "c011_scale_10",
      "c136_scale_135",
      "c151_scale_150",
      "c174_scale_173",
      "c182_scale_181",
      "c202_scale_201",
      "c300_scale_299",
      "c384_scale_383",
      "c508_scale_507",
      "c518_scale_517",
      "c542_scale_541",
      "c568_scale_567",
      "c782_scale_781",
      "c822_scale_821",
      "c904_scale_903",
      "c929_scale_928",
      "c201_scale_200",
      "c457_scale_456",
      "c179_scale_178"
    ],
    "edge-11": [
      "c041_scale_40",
      "c113_scale_112",
      "c310_scale_309",
      "c358_scale_357",
      "c404_scale_403",
      "c487_scale_486",
      "c941_scale_940",
      "c991_scale_990",
      "c213_scale_212",
      "c416_scale_415",
      "c780_scale_779",
      "c921_scale_920"
    ],
    "edge-12": [
      "c027_scale_26",
      "c028_scale_27",
      "c094_scale_93",
      "c206_scale_205",
      "c236_scale_235",
      "c240_scale_239",
      "c246_scale_245",
      "c443_scale_442",
      "c489_scale_488",
      "c551_scale_550",
      "c564_scale_563",
      "c586_scale_585",
      "c587_scale_586",
      "c603_scale_602",
      "c653_scale_652",
      "c734_scale_733",
      "c767_scale_766",
      "c856_scale_855",
      "c949_scale_948",
      "c982_scale_981",
      "c641_scale_640"
    ],
    "edge-13": [
      "c075_scale_74",
      "c184_scale_183",
      "c295_scale_294",
      "c313_scale_312",
      "c375_scale_374",
      "c432_scale_431",
      "c444_scale_443",
      "c498_scale_497",
      "c517_scale_516",
      "c707_scale_706",
      "c889_scale_888",
      "c447_scale_446"
    ],
    "edge-14": [
      "c029_scale_28",
      "c036_scale_35",
      "c121_scale_120",
      "c293_scale_292",
      "c359_scale_358",
      "c374_scale_373",
      "c400_scale_399",
      "c523_scale_522",
      "c566_scale_565",
      "c690_scale_689",
      "c845_scale_844",
      "c597_scale_596",
      "c861_scale_860",
      "c903_scale_902"
    ],
    "edge-15": [
      "c129_scale_128",
      "c171_scale_170",
      "c439_scale_438",
      "c507_scale_506",
      "c697_scale_696",
      "c958_scale_957",
      "c688_scale_687",
      "c875_scale_874",
      "c071_scale_70",
      "c119_scale_118",
      "c471_scale_470",
      "c839_scale_838"
    ],
    "edge-16": [
      "c235_scale_234",
      "c306_scale_305",
      "c438_scale_437",
      "c446_scale_445",
      "c678_scale_677",
      "c713_scale_712",
      "c766_scale_765",
      "c864_scale_863",
      "c893_scale_892",
      "c915_scale_914",
      "c938_scale_937",
      "c665_scale_664",
      "c717_scale_716",
      "c095_scale_94",
      "c166_scale_165",
      "c208_scale_207"
    ]
  }
}
