{
  "summary": {
    "algo": "FG-DSCR-GC-K8s-selected",
    "num_containers": 600,
    "num_assigned": 135,
    "num_failed": 465,
    "fail_rate": 0.775,
    "num_nodes": 6,
    "ACT": 207.98083333333332,
    "AMS": 410.3020833333333,
    "downloaded_mb": 20053,
    "reused_mb": 43966,
    "reuse_rate": 0.6867648666802043,
    "objective_base": 309.14145833333333,
    "fail_penalty": 775.0,
    "lambda_fail": 1000.0,
    "objective": 1084.1414583333333
  },
  "assignment": {
    "edge-1": [
      "c551_scale_550",
      "c161_scale_160",
      "c426_scale_425",
      "c235_scale_234",
      "c333_scale_332",
      "c344_scale_343",
      "c491_scale_490",
      "c031_scale_30",
      "c103_scale_102",
      "c282_scale_281",
      "c512_scale_511",
      "c597_scale_596",
      "c318_scale_317",
      "c418_scale_417",
      "c145_scale_144",
      "c541_scale_540",
      "c465_scale_464",
      "c126_scale_125",
      "c272_scale_271",
      "c478_scale_477",
      "c130_scale_129"
    ],
    "edge-2": [
      "c091_scale_90",
      "c286_scale_285",
      "c504_scale_503",
      "c023_scale_22",
      "c540_scale_539",
      "c472_scale_471",
      "c583_scale_582",
      "c395_scale_394",
      "c299_scale_298",
      "c351_scale_350",
      "c468_scale_467",
      "c211_scale_210",
      "c310_scale_309",
      "c315_scale_314",
      "c503_scale_502",
      "c115_scale_114",
      "c536_scale_535",
      "c314_scale_313",
      "c056_scale_55",
      "c301_scale_300",
      "c390_scale_389"
    ],
    "edge-3": [
      "c167_scale_166",
      "c398_scale_397",
      "c237_scale_236",
      "c110_scale_109",
      "c484_scale_483",
      "c057_scale_56",
      "c290_scale_289",
      "c382_scale_381",
      "c250_scale_249",
      "c243_scale_242",
      "c295_scale_294",
      "c483_scale_482",
      "c548_scale_547",
      "c210_scale_209",
      "c202_scale_201",
      "c412_scale_411",
      "c444_scale_443",
      "c102_scale_101",
      "c376_scale_375",
      "c288_scale_287",
      "c402_scale_401",
      "c233_scale_232"
    ],
    "edge-4": [
      "c360_scale_359",
      "c443_scale_442",
      "c375_scale_374",
      "c228_scale_227",
      "c025_scale_24",
      "c085_scale_84",
      "c024_scale_23",
      "c592_scale_591",
      "c075_scale_74",
      "c532_scale_531",
      "c350_scale_349",
      "c380_scale_379",
      "c570_scale_569",
      "c407_scale_406",
      "c462_scale_461",
      "c256_scale_255",
      "c559_scale_558",
      "c213_scale_212",
      "c422_scale_421",
      "c269_scale_268",
      "c069_scale_68",
      "c182_scale_181",
      "c372_scale_371",
      "c144_scale_143"
    ],
    "edge-5": [
      "c580_scale_579",
      "c071_scale_70",
      "c336_scale_335",
      "c083_scale_82",
      "c401_scale_400",
      "c589_scale_588",
      "c068_scale_67",
      "c154_scale_153",
      "c264_scale_263",
      "c459_scale_458",
      "c562_scale_561",
      "c473_scale_472",
      "c007_scale_6",
      "c041_scale_40",
      "c053_scale_52",
      "c189_scale_188",
      "c203_scale_202",
      "c230_scale_229",
      "c280_scale_279",
      "c378_scale_377",
      "c537_scale_536",
      "c572_scale_571",
      "c591_scale_590"
    ],
    "edge-6": [
      "c369_scale_368",
      "c568_scale_567",
      "c435_scale_434",
      "c471_scale_470",
      "c494_scale_493",
      "c138_scale_137",
      "c364_scale_363",
      "c509_scale_508",
      "c437_scale_436",
      "c162_scale_161",
      "c482_scale_481",
      "c055_scale_54",
      "c273_scale_272",
      "c042_scale_41",
      "c525_scale_524",
      "c142_scale_141",
      "c374_scale_373",
      "c582_scale_581",
      "c046_scale_45",
      "c259_scale_258",
      "c545_scale_544",
      "c523_scale_522",
      "c251_scale_250",
      "c158_scale_157"
    ]
  },
  "ordered_queues": {
    "edge-1": [
      "c145_scale_144",
      "c541_scale_540",
      "c478_scale_477",
      "c465_scale_464",
      "c512_scale_511",
      "c597_scale_596",
      "c426_scale_425",
      "c551_scale_550",
      "c126_scale_125",
      "c235_scale_234",
      "c333_scale_332",
      "c344_scale_343",
      "c491_scale_490",
      "c031_scale_30",
      "c103_scale_102",
      "c161_scale_160",
      "c282_scale_281",
      "c318_scale_317",
      "c130_scale_129",
      "c418_scale_417",
      "c272_scale_271"
    ],
    "edge-2": [
      "c211_scale_210",
      "c310_scale_309",
      "c315_scale_314",
      "c351_scale_350",
      "c468_scale_467",
      "c503_scale_502",
      "c091_scale_90",
      "c056_scale_55",
      "c301_scale_300",
      "c390_scale_389",
      "c540_scale_539",
      "c023_scale_22",
      "c286_scale_285",
      "c395_scale_394",
      "c472_scale_471",
      "c299_scale_298",
      "c115_scale_114",
      "c536_scale_535",
      "c314_scale_313",
      "c504_scale_503",
      "c583_scale_582"
    ],
    "edge-3": [
      "c243_scale_242",
      "c288_scale_287",
      "c295_scale_294",
      "c398_scale_397",
      "c402_scale_401",
      "c483_scale_482",
      "c210_scale_209",
      "c484_scale_483",
      "c057_scale_56",
      "c110_scale_109",
      "c202_scale_201",
      "c290_scale_289",
      "c382_scale_381",
      "c412_scale_411",
      "c444_scale_443",
      "c102_scale_101",
      "c376_scale_375",
      "c233_scale_232",
      "c167_scale_166",
      "c237_scale_236",
      "c250_scale_249",
      "c548_scale_547"
    ],
    "edge-4": [
      "c360_scale_359",
      "c380_scale_379",
      "c422_scale_421",
      "c443_scale_442",
      "c350_scale_349",
      "c228_scale_227",
      "c407_scale_406",
      "c024_scale_23",
      "c069_scale_68",
      "c213_scale_212",
      "c592_scale_591",
      "c025_scale_24",
      "c085_scale_84",
      "c269_scale_268",
      "c182_scale_181",
      "c559_scale_558",
      "c570_scale_569",
      "c256_scale_255",
      "c375_scale_374",
      "c075_scale_74",
      "c532_scale_531",
      "c462_scale_461",
      "c372_scale_371",
      "c144_scale_143"
    ],
    "edge-5": [
      "c041_scale_40",
      "c053_scale_52",
      "c068_scale_67",
      "c071_scale_70",
      "c083_scale_82",
      "c154_scale_153",
      "c189_scale_188",
      "c203_scale_202",
      "c230_scale_229",
      "c264_scale_263",
      "c280_scale_279",
      "c336_scale_335",
      "c378_scale_377",
      "c401_scale_400",
      "c459_scale_458",
      "c537_scale_536",
      "c562_scale_561",
      "c572_scale_571",
      "c589_scale_588",
      "c591_scale_590",
      "c580_scale_579",
      "c473_scale_472",
      "c007_scale_6"
    ],
    "edge-6": [
      "c162_scale_161",
      "c273_scale_272",
      "c364_scale_363",
      "c369_scale_368",
      "c435_scale_434",
      "c471_scale_470",
      "c482_scale_481",
      "c494_scale_493",
      "c509_scale_508",
      "c568_scale_567",
      "c525_scale_524",
      "c142_scale_141",
      "c374_scale_373",
      "c055_scale_54",
      "c042_scale_41",
      "c259_scale_258",
      "c582_scale_581",
      "c046_scale_45",
      "c138_scale_137",
      "c437_scale_436",
      "c523_scale_522",
      "c158_scale_157",
      "c251_scale_250",
      "c545_scale_544"
    ]
  }
}
