{
  "summary": {
    "algo": "FG-DSCR-GC-K8s-selected",
    "num_containers": 1200,
    "num_assigned": 344,
    "num_failed": 856,
    "fail_rate": 0.7133333333333334,
    "num_nodes": 18,
    "ACT": 175.44146075581392,
    "AMS": 334.6724537037037,
    "downloaded_mb": 39851,
    "reused_mb": 138625,
    "reuse_rate": 0.7767150765369013,
    "objective_base": 255.0569572297588,
    "fail_penalty": 713.3333333333334,
    "lambda_fail": 1000.0,
    "objective": 968.3902905630922
  },
  "assignment": {
    "edge-1": [
      "c195_scale_194",
      "c333_scale_332",
      "c698_scale_697",
      "c916_scale_915",
      "c195_scale_1194",
      "c561_scale_560",
      "c014_scale_13",
      "c869_scale_868",
      "c014_scale_1013",
      "c427_scale_426",
      "c463_scale_462",
      "c969_scale_968",
      "c060_scale_59",
      "c804_scale_803",
      "c060_scale_1059",
      "c902_scale_901",
      "c088_scale_87",
      "c088_scale_1087",
      "c503_scale_502",
      "c253_scale_252",
      "c147_scale_146",
      "c147_scale_1146",
      "c933_scale_932",
      "c273_scale_272"
    ],
    "edge-2": [
      "c934_scale_933",
      "c970_scale_969",
      "c973_scale_972",
      "c623_scale_622",
      "c619_scale_618",
      "c708_scale_707",
      "c203_scale_202",
      "c292_scale_291",
      "c374_scale_373",
      "c225_scale_224",
      "c543_scale_542",
      "c640_scale_639",
      "c748_scale_747",
      "c991_scale_990",
      "c166_scale_165",
      "c966_scale_965",
      "c166_scale_1165",
      "c865_scale_864",
      "c242_scale_241",
      "c102_scale_1101",
      "c776_scale_775",
      "c283_scale_282"
    ],
    "edge-3": [
      "c747_scale_746",
      "c585_scale_584",
      "c673_scale_672",
      "c705_scale_704",
      "c281_scale_280",
      "c729_scale_728",
      "c193_scale_192",
      "c436_scale_435",
      "c840_scale_839",
      "c193_scale_1192",
      "c474_scale_473",
      "c663_scale_662",
      "c473_scale_472",
      "c948_scale_947",
      "c813_scale_812",
      "c006_scale_1005",
      "c169_scale_168",
      "c849_scale_848"
    ],
    "edge-4": [
      "c352_scale_351",
      "c096_scale_95",
      "c151_scale_150",
      "c096_scale_1095",
      "c151_scale_1150",
      "c016_scale_15",
      "c016_scale_1015",
      "c076_scale_75",
      "c076_scale_1075",
      "c119_scale_118",
      "c576_scale_575",
      "c671_scale_670",
      "c119_scale_1118",
      "c231_scale_230",
      "c380_scale_379",
      "c633_scale_632",
      "c782_scale_781",
      "c022_scale_21",
      "c600_scale_599",
      "c571_scale_570",
      "c591_scale_590",
      "c102_scale_101",
      "c295_scale_294",
      "c588_scale_587"
    ],
    "edge-5": [
      "c498_scale_497",
      "c187_scale_1186",
      "c100_scale_99",
      "c100_scale_1099",
      "c048_scale_47",
      "c048_scale_1047",
      "c630_scale_629",
      "c890_scale_889",
      "c404_scale_403",
      "c517_scale_516",
      "c852_scale_851",
      "c131_scale_130",
      "c131_scale_1130",
      "c063_scale_62",
      "c946_scale_945",
      "c063_scale_1062",
      "c814_scale_813",
      "c606_scale_605"
    ],
    "edge-6": [
      "c545_scale_544",
      "c062_scale_61",
      "c533_scale_532",
      "c978_scale_977",
      "c062_scale_1061",
      "c485_scale_484",
      "c556_scale_555",
      "c682_scale_681",
      "c743_scale_742",
      "c838_scale_837",
      "c981_scale_980",
      "c993_scale_992",
      "c074_scale_73",
      "c331_scale_330",
      "c393_scale_392",
      "c429_scale_428",
      "c582_scale_581",
      "c664_scale_663",
      "c723_scale_722",
      "c872_scale_871",
      "c992_scale_991",
      "c074_scale_1073",
      "c144_scale_143",
      "c767_scale_766"
    ],
    "edge-7": [
      "c681_scale_680",
      "c022_scale_1021",
      "c745_scale_744",
      "c938_scale_937",
      "c932_scale_931",
      "c883_scale_882",
      "c415_scale_414",
      "c540_scale_539",
      "c546_scale_545",
      "c755_scale_754",
      "c095_scale_94",
      "c095_scale_1094",
      "c347_scale_346",
      "c893_scale_892",
      "c214_scale_213",
      "c071_scale_70"
    ],
    "edge-8": [
      "c866_scale_865",
      "c566_scale_565",
      "c451_scale_450",
      "c867_scale_866",
      "c986_scale_985",
      "c144_scale_1143",
      "c032_scale_31",
      "c044_scale_43",
      "c194_scale_193",
      "c271_scale_270",
      "c370_scale_369",
      "c454_scale_453",
      "c565_scale_564",
      "c584_scale_583",
      "c753_scale_752",
      "c769_scale_768",
      "c797_scale_796",
      "c990_scale_989",
      "c032_scale_1031",
      "c217_scale_216",
      "c235_scale_234",
      "c224_scale_223"
    ],
    "edge-9": [
      "c418_scale_417",
      "c456_scale_455",
      "c357_scale_356",
      "c979_scale_978",
      "c049_scale_48",
      "c049_scale_1048",
      "c683_scale_682",
      "c471_scale_470",
      "c328_scale_327",
      "c999_scale_998",
      "c023_scale_22",
      "c149_scale_148",
      "c175_scale_174",
      "c446_scale_445",
      "c570_scale_569",
      "c572_scale_571",
      "c158_scale_1157"
    ],
    "edge-10": [
      "c367_scale_366",
      "c652_scale_651",
      "c975_scale_974",
      "c290_scale_289",
      "c677_scale_676",
      "c306_scale_305",
      "c497_scale_496",
      "c621_scale_620",
      "c793_scale_792",
      "c904_scale_903",
      "c917_scale_916",
      "c926_scale_925",
      "c051_scale_50",
      "c539_scale_538",
      "c620_scale_619",
      "c968_scale_967",
      "c051_scale_1050",
      "c308_scale_307",
      "c494_scale_493"
    ],
    "edge-11": [
      "c066_scale_65",
      "c066_scale_1065",
      "c590_scale_589",
      "c579_scale_578",
      "c595_scale_594",
      "c226_scale_225",
      "c068_scale_67",
      "c068_scale_1067",
      "c023_scale_1022",
      "c149_scale_1148",
      "c175_scale_1174",
      "c006_scale_5",
      "c158_scale_157",
      "c243_scale_242",
      "c360_scale_359",
      "c798_scale_797"
    ],
    "edge-12": [
      "c656_scale_655",
      "c731_scale_730",
      "c247_scale_246",
      "c856_scale_855",
      "c241_scale_240",
      "c535_scale_534",
      "c135_scale_1134",
      "c611_scale_610",
      "c892_scale_891",
      "c263_scale_262",
      "c373_scale_372",
      "c761_scale_760",
      "c886_scale_885",
      "c120_scale_119",
      "c120_scale_1119",
      "c169_scale_1168",
      "c085_scale_84",
      "c070_scale_1069"
    ],
    "edge-13": [
      "c913_scale_912",
      "c187_scale_186",
      "c563_scale_562",
      "c553_scale_552",
      "c053_scale_52",
      "c053_scale_1052",
      "c542_scale_541",
      "c047_scale_46",
      "c305_scale_304",
      "c047_scale_1046",
      "c172_scale_171",
      "c172_scale_1171",
      "c469_scale_468",
      "c248_scale_247",
      "c294_scale_293",
      "c977_scale_976",
      "c261_scale_260",
      "c901_scale_900"
    ],
    "edge-14": [
      "c412_scale_411",
      "c059_scale_58",
      "c059_scale_1058",
      "c044_scale_1043",
      "c194_scale_1193",
      "c037_scale_36",
      "c148_scale_147",
      "c343_scale_342",
      "c366_scale_365",
      "c460_scale_459",
      "c779_scale_778",
      "c921_scale_920",
      "c922_scale_921",
      "c956_scale_955",
      "c037_scale_1036",
      "c148_scale_1147",
      "c202_scale_201",
      "c301_scale_300",
      "c104_scale_103",
      "c189_scale_188"
    ],
    "edge-15": [
      "c809_scale_808",
      "c614_scale_613",
      "c618_scale_617",
      "c487_scale_486",
      "c377_scale_376",
      "c201_scale_200",
      "c356_scale_355",
      "c672_scale_671",
      "c135_scale_134",
      "c430_scale_429",
      "c666_scale_665",
      "c807_scale_806",
      "c577_scale_576",
      "c108_scale_107",
      "c108_scale_1107",
      "c085_scale_1084",
      "c589_scale_588",
      "c070_scale_69"
    ],
    "edge-16": [
      "c861_scale_860",
      "c260_scale_259",
      "c575_scale_574",
      "c647_scale_646",
      "c250_scale_249",
      "c639_scale_638",
      "c923_scale_922",
      "c275_scale_274",
      "c525_scale_524",
      "c369_scale_368",
      "c727_scale_726",
      "c528_scale_527",
      "c544_scale_543",
      "c625_scale_624",
      "c919_scale_918",
      "c104_scale_1103",
      "c189_scale_1188"
    ],
    "edge-17": [
      "c082_scale_81",
      "c082_scale_1081",
      "c399_scale_398",
      "c324_scale_323",
      "c531_scale_530",
      "c829_scale_828",
      "c368_scale_367",
      "c868_scale_867",
      "c706_scale_705",
      "c129_scale_128",
      "c129_scale_1128",
      "c481_scale_480",
      "c398_scale_397",
      "c678_scale_677",
      "c071_scale_1070"
    ],
    "edge-18": [
      "c930_scale_929",
      "c390_scale_389",
      "c834_scale_833",
      "c787_scale_786",
      "c860_scale_859",
      "c132_scale_131",
      "c132_scale_1131",
      "c127_scale_126",
      "c387_scale_386",
      "c394_scale_393",
      "c915_scale_914",
      "c127_scale_1126",
      "c134_scale_133",
      "c134_scale_1133",
      "c447_scale_446",
      "c628_scale_627",
      "c889_scale_888",
      "c489_scale_488"
    ]
  },
  "ordered_queues": {
    "edge-1": [
      "c014_scale_1013",
      "c014_scale_13",
      "c060_scale_1059",
      "c060_scale_59",
      "c088_scale_1087",
      "c088_scale_87",
      "c195_scale_1194",
      "c195_scale_194",
      "c253_scale_252",
      "c333_scale_332",
      "c698_scale_697",
      "c804_scale_803",
      "c869_scale_868",
      "c916_scale_915",
      "c969_scale_968",
      "c427_scale_426",
      "c463_scale_462",
      "c503_scale_502",
      "c561_scale_560",
      "c902_scale_901",
      "c147_scale_1146",
      "c147_scale_146",
      "c933_scale_932",
      "c273_scale_272"
    ],
    "edge-2": [
      "c166_scale_1165",
      "c166_scale_165",
      "c203_scale_202",
      "c225_scale_224",
      "c292_scale_291",
      "c374_scale_373",
      "c543_scale_542",
      "c619_scale_618",
      "c640_scale_639",
      "c708_scale_707",
      "c748_scale_747",
      "c776_scale_775",
      "c865_scale_864",
      "c966_scale_965",
      "c970_scale_969",
      "c973_scale_972",
      "c991_scale_990",
      "c623_scale_622",
      "c934_scale_933",
      "c102_scale_1101",
      "c242_scale_241",
      "c283_scale_282"
    ],
    "edge-3": [
      "c193_scale_1192",
      "c193_scale_192",
      "c281_scale_280",
      "c436_scale_435",
      "c473_scale_472",
      "c474_scale_473",
      "c585_scale_584",
      "c673_scale_672",
      "c705_scale_704",
      "c729_scale_728",
      "c747_scale_746",
      "c840_scale_839",
      "c948_scale_947",
      "c663_scale_662",
      "c006_scale_1005",
      "c169_scale_168",
      "c813_scale_812",
      "c849_scale_848"
    ],
    "edge-4": [
      "c022_scale_21",
      "c096_scale_1095",
      "c096_scale_95",
      "c119_scale_1118",
      "c119_scale_118",
      "c151_scale_1150",
      "c151_scale_150",
      "c231_scale_230",
      "c380_scale_379",
      "c571_scale_570",
      "c576_scale_575",
      "c591_scale_590",
      "c600_scale_599",
      "c633_scale_632",
      "c671_scale_670",
      "c782_scale_781",
      "c352_scale_351",
      "c076_scale_1075",
      "c076_scale_75",
      "c016_scale_1015",
      "c016_scale_15",
      "c102_scale_101",
      "c295_scale_294",
      "c588_scale_587"
    ],
    "edge-5": [
      "c048_scale_1047",
      "c048_scale_47",
      "c063_scale_1062",
      "c063_scale_62",
      "c100_scale_1099",
      "c100_scale_99",
      "c404_scale_403",
      "c498_scale_497",
      "c517_scale_516",
      "c630_scale_629",
      "c852_scale_851",
      "c890_scale_889",
      "c946_scale_945",
      "c131_scale_1130",
      "c131_scale_130",
      "c187_scale_1186",
      "c814_scale_813",
      "c606_scale_605"
    ],
    "edge-6": [
      "c062_scale_1061",
      "c062_scale_61",
      "c074_scale_1073",
      "c074_scale_73",
      "c144_scale_143",
      "c331_scale_330",
      "c393_scale_392",
      "c429_scale_428",
      "c485_scale_484",
      "c533_scale_532",
      "c556_scale_555",
      "c582_scale_581",
      "c664_scale_663",
      "c682_scale_681",
      "c723_scale_722",
      "c743_scale_742",
      "c838_scale_837",
      "c872_scale_871",
      "c978_scale_977",
      "c981_scale_980",
      "c992_scale_991",
      "c993_scale_992",
      "c545_scale_544",
      "c767_scale_766"
    ],
    "edge-7": [
      "c022_scale_1021",
      "c214_scale_213",
      "c415_scale_414",
      "c540_scale_539",
      "c546_scale_545",
      "c755_scale_754",
      "c883_scale_882",
      "c932_scale_931",
      "c938_scale_937",
      "c681_scale_680",
      "c745_scale_744",
      "c347_scale_346",
      "c071_scale_70",
      "c095_scale_1094",
      "c095_scale_94",
      "c893_scale_892"
    ],
    "edge-8": [
      "c032_scale_1031",
      "c032_scale_31",
      "c044_scale_43",
      "c144_scale_1143",
      "c194_scale_193",
      "c217_scale_216",
      "c235_scale_234",
      "c271_scale_270",
      "c370_scale_369",
      "c451_scale_450",
      "c454_scale_453",
      "c565_scale_564",
      "c584_scale_583",
      "c753_scale_752",
      "c769_scale_768",
      "c797_scale_796",
      "c867_scale_866",
      "c986_scale_985",
      "c990_scale_989",
      "c224_scale_223",
      "c566_scale_565",
      "c866_scale_865"
    ],
    "edge-9": [
      "c023_scale_22",
      "c149_scale_148",
      "c158_scale_1157",
      "c175_scale_174",
      "c446_scale_445",
      "c570_scale_569",
      "c572_scale_571",
      "c999_scale_998",
      "c328_scale_327",
      "c456_scale_455",
      "c471_scale_470",
      "c418_scale_417",
      "c683_scale_682",
      "c049_scale_1048",
      "c049_scale_48",
      "c357_scale_356",
      "c979_scale_978"
    ],
    "edge-10": [
      "c051_scale_1050",
      "c051_scale_50",
      "c306_scale_305",
      "c308_scale_307",
      "c494_scale_493",
      "c497_scale_496",
      "c539_scale_538",
      "c620_scale_619",
      "c621_scale_620",
      "c793_scale_792",
      "c904_scale_903",
      "c917_scale_916",
      "c926_scale_925",
      "c968_scale_967",
      "c290_scale_289",
      "c677_scale_676",
      "c367_scale_366",
      "c652_scale_651",
      "c975_scale_974"
    ],
    "edge-11": [
      "c579_scale_578",
      "c226_scale_225",
      "c066_scale_1065",
      "c066_scale_65",
      "c068_scale_1067",
      "c068_scale_67",
      "c590_scale_589",
      "c006_scale_5",
      "c023_scale_1022",
      "c595_scale_594",
      "c149_scale_1148",
      "c360_scale_359",
      "c798_scale_797",
      "c158_scale_157",
      "c175_scale_1174",
      "c243_scale_242"
    ],
    "edge-12": [
      "c120_scale_1119",
      "c120_scale_119",
      "c241_scale_240",
      "c247_scale_246",
      "c611_scale_610",
      "c656_scale_655",
      "c731_scale_730",
      "c892_scale_891",
      "c135_scale_1134",
      "c535_scale_534",
      "c169_scale_1168",
      "c263_scale_262",
      "c070_scale_1069",
      "c085_scale_84",
      "c856_scale_855",
      "c373_scale_372",
      "c761_scale_760",
      "c886_scale_885"
    ],
    "edge-13": [
      "c047_scale_1046",
      "c047_scale_46",
      "c053_scale_1052",
      "c053_scale_52",
      "c172_scale_1171",
      "c172_scale_171",
      "c305_scale_304",
      "c542_scale_541",
      "c553_scale_552",
      "c563_scale_562",
      "c913_scale_912",
      "c187_scale_186",
      "c248_scale_247",
      "c977_scale_976",
      "c261_scale_260",
      "c469_scale_468",
      "c901_scale_900",
      "c294_scale_293"
    ],
    "edge-14": [
      "c037_scale_1036",
      "c037_scale_36",
      "c044_scale_1043",
      "c104_scale_103",
      "c148_scale_1147",
      "c148_scale_147",
      "c189_scale_188",
      "c194_scale_1193",
      "c202_scale_201",
      "c301_scale_300",
      "c343_scale_342",
      "c366_scale_365",
      "c460_scale_459",
      "c779_scale_778",
      "c921_scale_920",
      "c922_scale_921",
      "c956_scale_955",
      "c059_scale_1058",
      "c059_scale_58",
      "c412_scale_411"
    ],
    "edge-15": [
      "c108_scale_107",
      "c108_scale_1107",
      "c377_scale_376",
      "c430_scale_429",
      "c577_scale_576",
      "c618_scale_617",
      "c666_scale_665",
      "c672_scale_671",
      "c201_scale_200",
      "c356_scale_355",
      "c487_scale_486",
      "c807_scale_806",
      "c614_scale_613",
      "c135_scale_134",
      "c809_scale_808",
      "c070_scale_69",
      "c085_scale_1084",
      "c589_scale_588"
    ],
    "edge-16": [
      "c104_scale_1103",
      "c189_scale_1188",
      "c528_scale_527",
      "c544_scale_543",
      "c625_scale_624",
      "c919_scale_918",
      "c250_scale_249",
      "c260_scale_259",
      "c369_scale_368",
      "c575_scale_574",
      "c639_scale_638",
      "c727_scale_726",
      "c861_scale_860",
      "c923_scale_922",
      "c525_scale_524",
      "c647_scale_646",
      "c275_scale_274"
    ],
    "edge-17": [
      "c082_scale_1081",
      "c082_scale_81",
      "c368_scale_367",
      "c399_scale_398",
      "c868_scale_867",
      "c071_scale_1070",
      "c324_scale_323",
      "c481_scale_480",
      "c531_scale_530",
      "c829_scale_828",
      "c129_scale_1128",
      "c129_scale_128",
      "c706_scale_705",
      "c398_scale_397",
      "c678_scale_677"
    ],
    "edge-18": [
      "c127_scale_1126",
      "c127_scale_126",
      "c134_scale_1133",
      "c134_scale_133",
      "c387_scale_386",
      "c390_scale_389",
      "c394_scale_393",
      "c447_scale_446",
      "c787_scale_786",
      "c834_scale_833",
      "c860_scale_859",
      "c915_scale_914",
      "c930_scale_929",
      "c132_scale_1131",
      "c132_scale_131",
      "c489_scale_488",
      "c628_scale_627",
      "c889_scale_888"
    ]
  }
}
