{
  "summary": {
    "algo": "FG-DSCR-GC-K8s-selected",
    "num_containers": 400,
    "num_assigned": 156,
    "num_failed": 244,
    "fail_rate": 0.61,
    "num_nodes": 8,
    "ACT": 189.89391025641027,
    "AMS": 365.9619791666667,
    "downloaded_mb": 27286,
    "reused_mb": 52907,
    "reuse_rate": 0.6597458631052585,
    "objective_base": 277.9279447115385,
    "fail_penalty": 610.0,
    "lambda_fail": 1000.0,
    "objective": 887.9279447115384
  },
  "assignment": {
    "edge-1": [
      "c286_scale_285",
      "c023_scale_22",
      "c007_scale_6",
      "c395_scale_394",
      "c145_scale_144",
      "c056_scale_55",
      "c301_scale_300",
      "c390_scale_389",
      "c176_scale_175",
      "c252_scale_251",
      "c112_scale_111",
      "c114_scale_113",
      "c198_scale_197",
      "c304_scale_303",
      "c132_scale_131",
      "c200_scale_199",
      "c079_scale_78",
      "c016_scale_15"
    ],
    "edge-2": [
      "c091_scale_90",
      "c369_scale_368",
      "c071_scale_70",
      "c336_scale_335",
      "c364_scale_363",
      "c083_scale_82",
      "c350_scale_349",
      "c380_scale_379",
      "c162_scale_161",
      "c068_scale_67",
      "c154_scale_153",
      "c264_scale_263",
      "c273_scale_272",
      "c041_scale_40",
      "c053_scale_52",
      "c189_scale_188",
      "c203_scale_202",
      "c230_scale_229",
      "c280_scale_279",
      "c378_scale_377",
      "c142_scale_141",
      "c158_scale_157",
      "c351_scale_350",
      "c211_scale_210"
    ],
    "edge-3": [
      "c161_scale_160",
      "c031_scale_30",
      "c103_scale_102",
      "c282_scale_281",
      "c299_scale_298",
      "c314_scale_313",
      "c182_scale_181",
      "c212_scale_211",
      "c284_scale_283",
      "c003_scale_2",
      "c239_scale_238",
      "c265_scale_264",
      "c323_scale_322",
      "c070_scale_69",
      "c387_scale_386",
      "c332_scale_331",
      "c105_scale_104",
      "c283_scale_282",
      "c032_scale_31"
    ],
    "edge-4": [
      "c360_scale_359",
      "c398_scale_397",
      "c235_scale_234",
      "c333_scale_332",
      "c344_scale_343",
      "c243_scale_242",
      "c295_scale_294",
      "c210_scale_209",
      "c310_scale_309",
      "c315_scale_314",
      "c126_scale_125",
      "c288_scale_287",
      "c372_scale_371",
      "c144_scale_143",
      "c251_scale_250",
      "c272_scale_271",
      "c233_scale_232",
      "c190_scale_189",
      "c206_scale_205",
      "c232_scale_231"
    ],
    "edge-5": [
      "c228_scale_227",
      "c085_scale_84",
      "c237_scale_236",
      "c374_scale_373",
      "c250_scale_249",
      "c102_scale_101",
      "c376_scale_375",
      "c115_scale_114",
      "c389_scale_388",
      "c072_scale_71",
      "c139_scale_138",
      "c215_scale_214",
      "c157_scale_156",
      "c179_scale_178",
      "c319_scale_318",
      "c039_scale_38",
      "c178_scale_177",
      "c217_scale_216",
      "c391_scale_390"
    ],
    "edge-6": [
      "c167_scale_166",
      "c024_scale_23",
      "c055_scale_54",
      "c213_scale_212",
      "c269_scale_268",
      "c259_scale_258",
      "c069_scale_68",
      "c292_scale_291",
      "c377_scale_376",
      "c159_scale_158",
      "c185_scale_184",
      "c015_scale_14",
      "c205_scale_204",
      "c240_scale_239",
      "c108_scale_107",
      "c306_scale_305",
      "c338_scale_337",
      "c227_scale_226",
      "c171_scale_170"
    ],
    "edge-7": [
      "c025_scale_24",
      "c075_scale_74",
      "c110_scale_109",
      "c057_scale_56",
      "c290_scale_289",
      "c382_scale_381",
      "c202_scale_201",
      "c257_scale_256",
      "c141_scale_140",
      "c077_scale_76",
      "c337_scale_336",
      "c270_scale_269",
      "c165_scale_164",
      "c118_scale_117",
      "c368_scale_367",
      "c146_scale_145",
      "c064_scale_63",
      "c246_scale_245"
    ],
    "edge-8": [
      "c375_scale_374",
      "c138_scale_137",
      "c256_scale_255",
      "c042_scale_41",
      "c046_scale_45",
      "c318_scale_317",
      "c130_scale_129",
      "c002_scale_1",
      "c244_scale_243",
      "c067_scale_66",
      "c303_scale_302",
      "c355_scale_354",
      "c080_scale_79",
      "c317_scale_316",
      "c370_scale_369",
      "c063_scale_62",
      "c030_scale_29",
      "c225_scale_224",
      "c113_scale_112"
    ]
  },
  "ordered_queues": {
    "edge-1": [
      "c112_scale_111",
      "c114_scale_113",
      "c132_scale_131",
      "c198_scale_197",
      "c200_scale_199",
      "c252_scale_251",
      "c304_scale_303",
      "c145_scale_144",
      "c079_scale_78",
      "c016_scale_15",
      "c056_scale_55",
      "c176_scale_175",
      "c301_scale_300",
      "c390_scale_389",
      "c007_scale_6",
      "c023_scale_22",
      "c286_scale_285",
      "c395_scale_394"
    ],
    "edge-2": [
      "c041_scale_40",
      "c053_scale_52",
      "c068_scale_67",
      "c071_scale_70",
      "c083_scale_82",
      "c154_scale_153",
      "c158_scale_157",
      "c189_scale_188",
      "c203_scale_202",
      "c211_scale_210",
      "c230_scale_229",
      "c264_scale_263",
      "c280_scale_279",
      "c336_scale_335",
      "c351_scale_350",
      "c378_scale_377",
      "c350_scale_349",
      "c091_scale_90",
      "c142_scale_141",
      "c162_scale_161",
      "c273_scale_272",
      "c364_scale_363",
      "c369_scale_368",
      "c380_scale_379"
    ],
    "edge-3": [
      "c070_scale_69",
      "c003_scale_2",
      "c032_scale_31",
      "c239_scale_238",
      "c265_scale_264",
      "c283_scale_282",
      "c323_scale_322",
      "c031_scale_30",
      "c103_scale_102",
      "c161_scale_160",
      "c282_scale_281",
      "c332_scale_331",
      "c299_scale_298",
      "c182_scale_181",
      "c314_scale_313",
      "c212_scale_211",
      "c284_scale_283",
      "c387_scale_386",
      "c105_scale_104"
    ],
    "edge-4": [
      "c144_scale_143",
      "c243_scale_242",
      "c288_scale_287",
      "c295_scale_294",
      "c398_scale_397",
      "c210_scale_209",
      "c372_scale_371",
      "c233_scale_232",
      "c360_scale_359",
      "c126_scale_125",
      "c235_scale_234",
      "c333_scale_332",
      "c344_scale_343",
      "c190_scale_189",
      "c206_scale_205",
      "c251_scale_250",
      "c272_scale_271",
      "c232_scale_231",
      "c310_scale_309",
      "c315_scale_314"
    ],
    "edge-5": [
      "c102_scale_101",
      "c228_scale_227",
      "c376_scale_375",
      "c374_scale_373",
      "c139_scale_138",
      "c237_scale_236",
      "c250_scale_249",
      "c389_scale_388",
      "c085_scale_84",
      "c115_scale_114",
      "c039_scale_38",
      "c157_scale_156",
      "c319_scale_318",
      "c072_scale_71",
      "c215_scale_214",
      "c178_scale_177",
      "c179_scale_178",
      "c217_scale_216",
      "c391_scale_390"
    ],
    "edge-6": [
      "c015_scale_14",
      "c159_scale_158",
      "c171_scale_170",
      "c185_scale_184",
      "c205_scale_204",
      "c240_scale_239",
      "c292_scale_291",
      "c108_scale_107",
      "c024_scale_23",
      "c069_scale_68",
      "c213_scale_212",
      "c227_scale_226",
      "c055_scale_54",
      "c259_scale_258",
      "c269_scale_268",
      "c377_scale_376",
      "c167_scale_166",
      "c306_scale_305",
      "c338_scale_337"
    ],
    "edge-7": [
      "c057_scale_56",
      "c110_scale_109",
      "c202_scale_201",
      "c290_scale_289",
      "c368_scale_367",
      "c382_scale_381",
      "c257_scale_256",
      "c141_scale_140",
      "c025_scale_24",
      "c075_scale_74",
      "c077_scale_76",
      "c270_scale_269",
      "c118_scale_117",
      "c146_scale_145",
      "c165_scale_164",
      "c337_scale_336",
      "c064_scale_63",
      "c246_scale_245"
    ],
    "edge-8": [
      "c067_scale_66",
      "c130_scale_129",
      "c256_scale_255",
      "c375_scale_374",
      "c225_scale_224",
      "c318_scale_317",
      "c370_scale_369",
      "c063_scale_62",
      "c030_scale_29",
      "c244_scale_243",
      "c042_scale_41",
      "c046_scale_45",
      "c138_scale_137",
      "c303_scale_302",
      "c355_scale_354",
      "c002_scale_1",
      "c080_scale_79",
      "c113_scale_112",
      "c317_scale_316"
    ]
  }
}
