{
  "summary": {
    "algo": "FG-DSCR-GC-K8s-selected",
    "num_containers": 1500,
    "num_assigned": 190,
    "num_failed": 1310,
    "fail_rate": 0.8733333333333333,
    "num_nodes": 8,
    "ACT": 212.42004385964913,
    "AMS": 411.8494791666667,
    "downloaded_mb": 17488,
    "reused_mb": 72378,
    "reuse_rate": 0.8053991498453252,
    "objective_base": 312.1347615131579,
    "fail_penalty": 873.3333333333333,
    "lambda_fail": 1000.0,
    "objective": 1185.468094846491
  },
  "assignment": {
    "edge-1": [
      "c367_scale_366",
      "c367_scale_1366",
      "c076_scale_75",
      "c076_scale_1075",
      "c913_scale_912",
      "c187_scale_186",
      "c563_scale_562",
      "c451_scale_1450",
      "c652_scale_651",
      "c975_scale_974",
      "c553_scale_552",
      "c032_scale_31",
      "c044_scale_43",
      "c194_scale_193",
      "c271_scale_270",
      "c370_scale_369",
      "c454_scale_453",
      "c565_scale_564",
      "c584_scale_583",
      "c753_scale_752",
      "c290_scale_289",
      "c677_scale_676",
      "c290_scale_1289",
      "c856_scale_855"
    ],
    "edge-2": [
      "c934_scale_933",
      "c195_scale_194",
      "c333_scale_332",
      "c698_scale_697",
      "c916_scale_915",
      "c195_scale_1194",
      "c333_scale_1332",
      "c096_scale_95",
      "c151_scale_150",
      "c096_scale_1095",
      "c151_scale_1150",
      "c561_scale_560",
      "c014_scale_13",
      "c869_scale_868",
      "c014_scale_1013",
      "c119_scale_118",
      "c576_scale_575",
      "c671_scale_670",
      "c119_scale_1118",
      "c427_scale_426",
      "c463_scale_462",
      "c427_scale_1426",
      "c463_scale_1462",
      "c990_scale_989"
    ],
    "edge-3": [
      "c861_scale_860",
      "c681_scale_680",
      "c969_scale_968",
      "c060_scale_59",
      "c804_scale_803",
      "c060_scale_1059",
      "c902_scale_901",
      "c088_scale_87",
      "c088_scale_1087",
      "c503_scale_502",
      "c860_scale_859",
      "c253_scale_252",
      "c618_scale_617",
      "c253_scale_1252",
      "c022_scale_21",
      "c273_scale_272",
      "c600_scale_599",
      "c022_scale_1021",
      "c273_scale_1272",
      "c194_scale_1193",
      "c053_scale_52",
      "c053_scale_1052",
      "c166_scale_165",
      "c032_scale_1031"
    ],
    "edge-4": [
      "c352_scale_351",
      "c352_scale_1351",
      "c623_scale_622",
      "c545_scale_544",
      "c930_scale_929",
      "c390_scale_389",
      "c390_scale_1389",
      "c418_scale_417",
      "c418_scale_1417",
      "c231_scale_230",
      "c380_scale_379",
      "c633_scale_632",
      "c782_scale_781",
      "c231_scale_1230",
      "c380_scale_1379",
      "c834_scale_833",
      "c787_scale_786",
      "c324_scale_323",
      "c531_scale_530",
      "c324_scale_1323",
      "c132_scale_1131",
      "c456_scale_455",
      "c456_scale_1455",
      "c745_scale_744"
    ],
    "edge-5": [
      "c656_scale_655",
      "c016_scale_15",
      "c016_scale_1015",
      "c066_scale_65",
      "c066_scale_1065",
      "c731_scale_730",
      "c809_scale_808",
      "c203_scale_202",
      "c292_scale_291",
      "c374_scale_373",
      "c203_scale_1202",
      "c292_scale_1291",
      "c374_scale_1373",
      "c225_scale_224",
      "c225_scale_1224",
      "c082_scale_81",
      "c082_scale_1081",
      "c614_scale_613",
      "c247_scale_246",
      "c247_scale_1246",
      "c357_scale_356",
      "c979_scale_978",
      "c357_scale_1356",
      "c241_scale_240"
    ],
    "edge-6": [
      "c970_scale_969",
      "c973_scale_972",
      "c062_scale_61",
      "c533_scale_532",
      "c978_scale_977",
      "c062_scale_1061",
      "c485_scale_484",
      "c556_scale_555",
      "c682_scale_681",
      "c743_scale_742",
      "c838_scale_837",
      "c981_scale_980",
      "c993_scale_992",
      "c485_scale_1484",
      "c619_scale_618",
      "c708_scale_707",
      "c074_scale_73",
      "c331_scale_330",
      "c393_scale_392",
      "c429_scale_428",
      "c271_scale_1270",
      "c370_scale_1369",
      "c454_scale_1453",
      "c132_scale_131"
    ],
    "edge-7": [
      "c412_scale_411",
      "c412_scale_1411",
      "c498_scale_497",
      "c498_scale_1497",
      "c187_scale_1186",
      "c059_scale_58",
      "c059_scale_1058",
      "c100_scale_99",
      "c100_scale_1099",
      "c399_scale_398",
      "c399_scale_1398",
      "c543_scale_542",
      "c640_scale_639",
      "c748_scale_747",
      "c991_scale_990",
      "c281_scale_280",
      "c281_scale_1280",
      "c048_scale_47",
      "c048_scale_1047",
      "c769_scale_768",
      "c797_scale_796",
      "c044_scale_1043"
    ],
    "edge-8": [
      "c866_scale_865",
      "c747_scale_746",
      "c566_scale_565",
      "c585_scale_584",
      "c673_scale_672",
      "c582_scale_581",
      "c664_scale_663",
      "c723_scale_722",
      "c872_scale_871",
      "c992_scale_991",
      "c074_scale_1073",
      "c331_scale_1330",
      "c393_scale_1392",
      "c429_scale_1428",
      "c705_scale_704",
      "c144_scale_143",
      "c451_scale_450",
      "c867_scale_866",
      "c986_scale_985",
      "c144_scale_1143",
      "c241_scale_1240",
      "c260_scale_259",
      "c575_scale_574",
      "c260_scale_1259"
    ]
  },
  "ordered_queues": {
    "edge-1": [
      "c032_scale_31",
      "c044_scale_43",
      "c194_scale_193",
      "c271_scale_270",
      "c370_scale_369",
      "c451_scale_1450",
      "c454_scale_453",
      "c565_scale_564",
      "c584_scale_583",
      "c753_scale_752",
      "c187_scale_186",
      "c076_scale_1075",
      "c076_scale_75",
      "c290_scale_1289",
      "c290_scale_289",
      "c677_scale_676",
      "c367_scale_1366",
      "c367_scale_366",
      "c652_scale_651",
      "c975_scale_974",
      "c553_scale_552",
      "c563_scale_562",
      "c913_scale_912",
      "c856_scale_855"
    ],
    "edge-2": [
      "c014_scale_1013",
      "c014_scale_13",
      "c195_scale_1194",
      "c195_scale_194",
      "c333_scale_1332",
      "c333_scale_332",
      "c698_scale_697",
      "c869_scale_868",
      "c916_scale_915",
      "c427_scale_1426",
      "c427_scale_426",
      "c463_scale_1462",
      "c463_scale_462",
      "c561_scale_560",
      "c096_scale_1095",
      "c096_scale_95",
      "c119_scale_1118",
      "c119_scale_118",
      "c151_scale_1150",
      "c151_scale_150",
      "c576_scale_575",
      "c671_scale_670",
      "c934_scale_933",
      "c990_scale_989"
    ],
    "edge-3": [
      "c060_scale_1059",
      "c060_scale_59",
      "c088_scale_1087",
      "c088_scale_87",
      "c253_scale_1252",
      "c253_scale_252",
      "c618_scale_617",
      "c804_scale_803",
      "c969_scale_968",
      "c503_scale_502",
      "c902_scale_901",
      "c681_scale_680",
      "c022_scale_1021",
      "c022_scale_21",
      "c273_scale_1272",
      "c273_scale_272",
      "c600_scale_599",
      "c053_scale_1052",
      "c053_scale_52",
      "c861_scale_860",
      "c166_scale_165",
      "c860_scale_859",
      "c032_scale_1031",
      "c194_scale_1193"
    ],
    "edge-4": [
      "c231_scale_1230",
      "c231_scale_230",
      "c380_scale_1379",
      "c380_scale_379",
      "c633_scale_632",
      "c782_scale_781",
      "c132_scale_1131",
      "c390_scale_1389",
      "c390_scale_389",
      "c787_scale_786",
      "c834_scale_833",
      "c930_scale_929",
      "c352_scale_1351",
      "c352_scale_351",
      "c456_scale_1455",
      "c456_scale_455",
      "c623_scale_622",
      "c418_scale_1417",
      "c418_scale_417",
      "c545_scale_544",
      "c745_scale_744",
      "c324_scale_1323",
      "c324_scale_323",
      "c531_scale_530"
    ],
    "edge-5": [
      "c203_scale_1202",
      "c203_scale_202",
      "c225_scale_1224",
      "c225_scale_224",
      "c292_scale_1291",
      "c292_scale_291",
      "c374_scale_1373",
      "c374_scale_373",
      "c082_scale_1081",
      "c082_scale_81",
      "c614_scale_613",
      "c809_scale_808",
      "c241_scale_240",
      "c247_scale_1246",
      "c247_scale_246",
      "c656_scale_655",
      "c731_scale_730",
      "c016_scale_1015",
      "c016_scale_15",
      "c066_scale_1065",
      "c066_scale_65",
      "c357_scale_1356",
      "c357_scale_356",
      "c979_scale_978"
    ],
    "edge-6": [
      "c062_scale_1061",
      "c062_scale_61",
      "c074_scale_73",
      "c271_scale_1270",
      "c331_scale_330",
      "c370_scale_1369",
      "c393_scale_392",
      "c429_scale_428",
      "c454_scale_1453",
      "c485_scale_1484",
      "c485_scale_484",
      "c533_scale_532",
      "c556_scale_555",
      "c682_scale_681",
      "c743_scale_742",
      "c838_scale_837",
      "c978_scale_977",
      "c981_scale_980",
      "c993_scale_992",
      "c132_scale_131",
      "c619_scale_618",
      "c708_scale_707",
      "c970_scale_969",
      "c973_scale_972"
    ],
    "edge-7": [
      "c187_scale_1186",
      "c048_scale_1047",
      "c048_scale_47",
      "c100_scale_1099",
      "c100_scale_99",
      "c498_scale_1497",
      "c498_scale_497",
      "c399_scale_1398",
      "c399_scale_398",
      "c059_scale_1058",
      "c059_scale_58",
      "c412_scale_1411",
      "c412_scale_411",
      "c543_scale_542",
      "c640_scale_639",
      "c748_scale_747",
      "c991_scale_990",
      "c281_scale_1280",
      "c281_scale_280",
      "c044_scale_1043",
      "c769_scale_768",
      "c797_scale_796"
    ],
    "edge-8": [
      "c074_scale_1073",
      "c144_scale_1143",
      "c144_scale_143",
      "c331_scale_1330",
      "c393_scale_1392",
      "c429_scale_1428",
      "c451_scale_450",
      "c582_scale_581",
      "c664_scale_663",
      "c723_scale_722",
      "c867_scale_866",
      "c872_scale_871",
      "c986_scale_985",
      "c992_scale_991",
      "c585_scale_584",
      "c673_scale_672",
      "c705_scale_704",
      "c747_scale_746",
      "c566_scale_565",
      "c866_scale_865",
      "c260_scale_1259",
      "c260_scale_259",
      "c575_scale_574",
      "c241_scale_1240"
    ]
  }
}
