{
  "summary": {
    "algo": "FG-DSCR-GC-K8s-selected",
    "num_containers": 600,
    "num_assigned": 214,
    "num_failed": 386,
    "fail_rate": 0.6433333333333333,
    "num_nodes": 12,
    "ACT": 172.17889408099688,
    "AMS": 319.87638888888887,
    "downloaded_mb": 27803,
    "reused_mb": 81845,
    "reuse_rate": 0.7464340434846053,
    "objective_base": 246.02764148494288,
    "fail_penalty": 643.3333333333333,
    "lambda_fail": 1000.0,
    "objective": 889.3609748182762
  },
  "assignment": {
    "edge-1": [
      "c076_scale_75",
      "c324_scale_323",
      "c531_scale_530",
      "c290_scale_289",
      "c481_scale_480",
      "c071_scale_70",
      "c147_scale_146",
      "c058_scale_57",
      "c562_scale_561",
      "c136_scale_135",
      "c237_scale_236",
      "c084_scale_83",
      "c007_scale_6",
      "c030_scale_29",
      "c227_scale_226",
      "c214_scale_213"
    ],
    "edge-2": [
      "c352_scale_351",
      "c412_scale_411",
      "c062_scale_61",
      "c533_scale_532",
      "c485_scale_484",
      "c556_scale_555",
      "c074_scale_73",
      "c331_scale_330",
      "c393_scale_392",
      "c429_scale_428",
      "c582_scale_581",
      "c187_scale_186",
      "c059_scale_58",
      "c144_scale_143",
      "c451_scale_450",
      "c399_scale_398",
      "c032_scale_31",
      "c044_scale_43",
      "c194_scale_193",
      "c271_scale_270",
      "c370_scale_369",
      "c454_scale_453",
      "c565_scale_564",
      "c584_scale_583"
    ],
    "edge-3": [
      "c566_scale_565",
      "c456_scale_455",
      "c357_scale_356",
      "c049_scale_48",
      "c579_scale_578",
      "c328_scale_327",
      "c226_scale_225",
      "c347_scale_346",
      "c571_scale_570",
      "c591_scale_590",
      "c070_scale_69",
      "c224_scale_223",
      "c279_scale_278",
      "c183_scale_182",
      "c476_scale_475",
      "c285_scale_284",
      "c323_scale_322"
    ],
    "edge-4": [
      "c545_scale_544",
      "c066_scale_65",
      "c563_scale_562",
      "c553_scale_552",
      "c053_scale_52",
      "c542_scale_541",
      "c047_scale_46",
      "c305_scale_304",
      "c430_scale_429",
      "c172_scale_171",
      "c577_scale_576",
      "c108_scale_107",
      "c068_scale_67",
      "c408_scale_407",
      "c223_scale_222",
      "c103_scale_102",
      "c587_scale_586"
    ],
    "edge-5": [
      "c390_scale_389",
      "c132_scale_131",
      "c127_scale_126",
      "c387_scale_386",
      "c394_scale_393",
      "c134_scale_133",
      "c447_scale_446",
      "c469_scale_468",
      "c248_scale_247",
      "c217_scale_216",
      "c235_scale_234",
      "c295_scale_294",
      "c308_scale_307",
      "c494_scale_493",
      "c570_scale_569"
    ],
    "edge-6": [
      "c367_scale_366",
      "c247_scale_246",
      "c241_scale_240",
      "c260_scale_259",
      "c575_scale_574",
      "c250_scale_249",
      "c135_scale_134",
      "c535_scale_534",
      "c595_scale_594",
      "c471_scale_470",
      "c120_scale_119",
      "c369_scale_368",
      "c398_scale_397",
      "c102_scale_101",
      "c104_scale_103",
      "c189_scale_188",
      "c310_scale_309",
      "c341_scale_340"
    ],
    "edge-7": [
      "c585_scale_584",
      "c281_scale_280",
      "c193_scale_192",
      "c436_scale_435",
      "c474_scale_473",
      "c473_scale_472",
      "c572_scale_571",
      "c588_scale_587",
      "c169_scale_168",
      "c360_scale_359",
      "c093_scale_92",
      "c256_scale_255",
      "c314_scale_313",
      "c478_scale_477",
      "c581_scale_580"
    ],
    "edge-8": [
      "c195_scale_194",
      "c333_scale_332",
      "c561_scale_560",
      "c014_scale_13",
      "c427_scale_426",
      "c463_scale_462",
      "c060_scale_59",
      "c088_scale_87",
      "c503_scale_502",
      "c253_scale_252",
      "c487_scale_486",
      "c377_scale_376",
      "c037_scale_36",
      "c148_scale_147",
      "c343_scale_342",
      "c366_scale_365",
      "c460_scale_459",
      "c201_scale_200",
      "c356_scale_355",
      "c202_scale_201",
      "c301_scale_300",
      "c306_scale_305",
      "c497_scale_496"
    ],
    "edge-9": [
      "c498_scale_497",
      "c100_scale_99",
      "c048_scale_47",
      "c404_scale_403",
      "c517_scale_516",
      "c131_scale_130",
      "c063_scale_62",
      "c095_scale_94",
      "c261_scale_260",
      "c085_scale_84",
      "c489_scale_488",
      "c061_scale_60",
      "c118_scale_117",
      "c297_scale_296",
      "c178_scale_177",
      "c490_scale_489",
      "c168_scale_167"
    ],
    "edge-10": [
      "c096_scale_95",
      "c151_scale_150",
      "c119_scale_118",
      "c576_scale_575",
      "c231_scale_230",
      "c380_scale_379",
      "c022_scale_21",
      "c273_scale_272",
      "c600_scale_599",
      "c368_scale_367",
      "c415_scale_414",
      "c540_scale_539",
      "c546_scale_545",
      "c528_scale_527",
      "c544_scale_543",
      "c006_scale_5",
      "c158_scale_157",
      "c243_scale_242",
      "c294_scale_293"
    ],
    "edge-11": [
      "c418_scale_417",
      "c203_scale_202",
      "c292_scale_291",
      "c275_scale_274",
      "c129_scale_128",
      "c589_scale_588",
      "c221_scale_220",
      "c274_scale_273",
      "c455_scale_454",
      "c483_scale_482",
      "c197_scale_196",
      "c122_scale_121",
      "c191_scale_190",
      "c405_scale_404",
      "c091_scale_90"
    ],
    "edge-12": [
      "c016_scale_15",
      "c374_scale_373",
      "c225_scale_224",
      "c082_scale_81",
      "c543_scale_542",
      "c166_scale_165",
      "c590_scale_589",
      "c051_scale_50",
      "c539_scale_538",
      "c242_scale_241",
      "c263_scale_262",
      "c373_scale_372",
      "c283_scale_282",
      "c525_scale_524",
      "c023_scale_22",
      "c149_scale_148",
      "c175_scale_174",
      "c446_scale_445"
    ]
  },
  "ordered_queues": {
    "edge-1": [
      "c071_scale_70",
      "c227_scale_226",
      "c324_scale_323",
      "c481_scale_480",
      "c531_scale_530",
      "c562_scale_561",
      "c058_scale_57",
      "c007_scale_6",
      "c076_scale_75",
      "c290_scale_289",
      "c030_scale_29",
      "c147_scale_146",
      "c136_scale_135",
      "c237_scale_236",
      "c084_scale_83",
      "c214_scale_213"
    ],
    "edge-2": [
      "c032_scale_31",
      "c044_scale_43",
      "c062_scale_61",
      "c074_scale_73",
      "c144_scale_143",
      "c194_scale_193",
      "c271_scale_270",
      "c331_scale_330",
      "c370_scale_369",
      "c393_scale_392",
      "c429_scale_428",
      "c451_scale_450",
      "c454_scale_453",
      "c485_scale_484",
      "c533_scale_532",
      "c556_scale_555",
      "c565_scale_564",
      "c582_scale_581",
      "c584_scale_583",
      "c187_scale_186",
      "c399_scale_398",
      "c352_scale_351",
      "c059_scale_58",
      "c412_scale_411"
    ],
    "edge-3": [
      "c579_scale_578",
      "c070_scale_69",
      "c224_scale_223",
      "c279_scale_278",
      "c328_scale_327",
      "c456_scale_455",
      "c226_scale_225",
      "c049_scale_48",
      "c357_scale_356",
      "c476_scale_475",
      "c347_scale_346",
      "c566_scale_565",
      "c285_scale_284",
      "c183_scale_182",
      "c323_scale_322",
      "c571_scale_570",
      "c591_scale_590"
    ],
    "edge-4": [
      "c047_scale_46",
      "c053_scale_52",
      "c172_scale_171",
      "c223_scale_222",
      "c305_scale_304",
      "c542_scale_541",
      "c553_scale_552",
      "c563_scale_562",
      "c066_scale_65",
      "c068_scale_67",
      "c408_scale_407",
      "c545_scale_544",
      "c103_scale_102",
      "c587_scale_586",
      "c108_scale_107",
      "c430_scale_429",
      "c577_scale_576"
    ],
    "edge-5": [
      "c127_scale_126",
      "c134_scale_133",
      "c387_scale_386",
      "c390_scale_389",
      "c394_scale_393",
      "c447_scale_446",
      "c469_scale_468",
      "c132_scale_131",
      "c248_scale_247",
      "c217_scale_216",
      "c235_scale_234",
      "c295_scale_294",
      "c308_scale_307",
      "c494_scale_493",
      "c570_scale_569"
    ],
    "edge-6": [
      "c135_scale_134",
      "c535_scale_534",
      "c471_scale_470",
      "c250_scale_249",
      "c260_scale_259",
      "c310_scale_309",
      "c369_scale_368",
      "c575_scale_574",
      "c120_scale_119",
      "c241_scale_240",
      "c247_scale_246",
      "c367_scale_366",
      "c595_scale_594",
      "c102_scale_101",
      "c104_scale_103",
      "c189_scale_188",
      "c341_scale_340",
      "c398_scale_397"
    ],
    "edge-7": [
      "c093_scale_92",
      "c169_scale_168",
      "c256_scale_255",
      "c314_scale_313",
      "c478_scale_477",
      "c572_scale_571",
      "c581_scale_580",
      "c588_scale_587",
      "c193_scale_192",
      "c281_scale_280",
      "c360_scale_359",
      "c436_scale_435",
      "c473_scale_472",
      "c474_scale_473",
      "c585_scale_584"
    ],
    "edge-8": [
      "c037_scale_36",
      "c148_scale_147",
      "c202_scale_201",
      "c301_scale_300",
      "c306_scale_305",
      "c343_scale_342",
      "c366_scale_365",
      "c460_scale_459",
      "c497_scale_496",
      "c014_scale_13",
      "c060_scale_59",
      "c088_scale_87",
      "c195_scale_194",
      "c253_scale_252",
      "c333_scale_332",
      "c377_scale_376",
      "c201_scale_200",
      "c356_scale_355",
      "c427_scale_426",
      "c463_scale_462",
      "c487_scale_486",
      "c503_scale_502",
      "c561_scale_560"
    ],
    "edge-9": [
      "c048_scale_47",
      "c063_scale_62",
      "c095_scale_94",
      "c100_scale_99",
      "c404_scale_403",
      "c498_scale_497",
      "c517_scale_516",
      "c131_scale_130",
      "c261_scale_260",
      "c490_scale_489",
      "c489_scale_488",
      "c085_scale_84",
      "c061_scale_60",
      "c118_scale_117",
      "c168_scale_167",
      "c297_scale_296",
      "c178_scale_177"
    ],
    "edge-10": [
      "c022_scale_21",
      "c096_scale_95",
      "c119_scale_118",
      "c151_scale_150",
      "c231_scale_230",
      "c273_scale_272",
      "c380_scale_379",
      "c415_scale_414",
      "c540_scale_539",
      "c546_scale_545",
      "c576_scale_575",
      "c600_scale_599",
      "c006_scale_5",
      "c158_scale_157",
      "c243_scale_242",
      "c368_scale_367",
      "c294_scale_293",
      "c528_scale_527",
      "c544_scale_543"
    ],
    "edge-11": [
      "c122_scale_121",
      "c191_scale_190",
      "c221_scale_220",
      "c274_scale_273",
      "c405_scale_404",
      "c455_scale_454",
      "c483_scale_482",
      "c091_scale_90",
      "c418_scale_417",
      "c589_scale_588",
      "c129_scale_128",
      "c197_scale_196",
      "c203_scale_202",
      "c275_scale_274",
      "c292_scale_291"
    ],
    "edge-12": [
      "c023_scale_22",
      "c051_scale_50",
      "c149_scale_148",
      "c175_scale_174",
      "c242_scale_241",
      "c263_scale_262",
      "c283_scale_282",
      "c373_scale_372",
      "c446_scale_445",
      "c539_scale_538",
      "c082_scale_81",
      "c590_scale_589",
      "c166_scale_165",
      "c225_scale_224",
      "c374_scale_373",
      "c543_scale_542",
      "c016_scale_15",
      "c525_scale_524"
    ]
  }
}
