{
  "summary": {
    "algo": "FG-DSCR-GC-K8s-selected",
    "num_containers": 1000,
    "num_assigned": 134,
    "num_failed": 866,
    "fail_rate": 0.866,
    "num_nodes": 6,
    "ACT": 174.14869402985076,
    "AMS": 325.8236111111111,
    "downloaded_mb": 4431,
    "reused_mb": 36097,
    "reuse_rate": 0.8906681800236873,
    "objective_base": 249.98615257048095,
    "fail_penalty": 866.0,
    "lambda_fail": 1000.0,
    "objective": 1115.986152570481
  },
  "assignment": {
    "edge-1": [
      "c047_scale_46",
      "c645_scale_644",
      "c752_scale_751",
      "c144_scale_143",
      "c861_scale_860",
      "c166_scale_165",
      "c536_scale_535",
      "c549_scale_548",
      "c092_scale_91",
      "c334_scale_333",
      "c497_scale_496",
      "c709_scale_708",
      "c817_scale_816",
      "c098_scale_97",
      "c412_scale_411",
      "c028_scale_27",
      "c206_scale_205",
      "c391_scale_390",
      "c406_scale_405",
      "c703_scale_702",
      "c095_scale_94",
      "c489_scale_488"
    ],
    "edge-2": [
      "c466_scale_465",
      "c147_scale_146",
      "c308_scale_307",
      "c610_scale_609",
      "c326_scale_325",
      "c279_scale_278",
      "c485_scale_484",
      "c596_scale_595",
      "c930_scale_929",
      "c033_scale_32",
      "c109_scale_108",
      "c139_scale_138",
      "c636_scale_635",
      "c944_scale_943",
      "c135_scale_134",
      "c691_scale_690",
      "c081_scale_80",
      "c339_scale_338",
      "c427_scale_426",
      "c652_scale_651",
      "c702_scale_701",
      "c745_scale_744",
      "c134_scale_133",
      "c190_scale_189"
    ],
    "edge-3": [
      "c300_scale_299",
      "c782_scale_781",
      "c136_scale_135",
      "c174_scale_173",
      "c518_scale_517",
      "c568_scale_567",
      "c011_scale_10",
      "c508_scale_507",
      "c822_scale_821",
      "c566_scale_565",
      "c446_scale_445",
      "c864_scale_863",
      "c938_scale_937",
      "c359_scale_358",
      "c400_scale_399",
      "c378_scale_377",
      "c151_scale_150",
      "c713_scale_712",
      "c399_scale_398",
      "c597_scale_596"
    ],
    "edge-4": [
      "c937_scale_936",
      "c732_scale_731",
      "c892_scale_891",
      "c961_scale_960",
      "c990_scale_989",
      "c234_scale_233",
      "c362_scale_361",
      "c385_scale_384",
      "c433_scale_432",
      "c472_scale_471",
      "c613_scale_612",
      "c180_scale_179",
      "c684_scale_683",
      "c021_scale_20",
      "c218_scale_217",
      "c850_scale_849",
      "c128_scale_127",
      "c265_scale_264",
      "c445_scale_444",
      "c366_scale_365",
      "c862_scale_861",
      "c132_scale_131",
      "c397_scale_396",
      "c094_scale_93"
    ],
    "edge-5": [
      "c236_scale_235",
      "c564_scale_563",
      "c767_scale_766",
      "c949_scale_948",
      "c027_scale_26",
      "c653_scale_652",
      "c587_scale_586",
      "c734_scale_733",
      "c856_scale_855",
      "c982_scale_981",
      "c240_scale_239",
      "c443_scale_442",
      "c586_scale_585",
      "c603_scale_602",
      "c678_scale_677",
      "c766_scale_765",
      "c800_scale_799",
      "c025_scale_24",
      "c048_scale_47",
      "c229_scale_228"
    ],
    "edge-6": [
      "c434_scale_433",
      "c667_scale_666",
      "c846_scale_845",
      "c220_scale_219",
      "c309_scale_308",
      "c943_scale_942",
      "c376_scale_375",
      "c853_scale_852",
      "c473_scale_472",
      "c550_scale_549",
      "c045_scale_44",
      "c307_scale_306",
      "c442_scale_441",
      "c527_scale_526",
      "c795_scale_794",
      "c010_scale_9",
      "c157_scale_156",
      "c581_scale_580",
      "c966_scale_965",
      "c281_scale_280",
      "c350_scale_349",
      "c475_scale_474",
      "c718_scale_717",
      "c546_scale_545"
    ]
  },
  "ordered_queues": {
    "edge-1": [
      "c047_scale_46",
      "c144_scale_143",
      "c334_scale_333",
      "c497_scale_496",
      "c645_scale_644",
      "c709_scale_708",
      "c752_scale_751",
      "c817_scale_816",
      "c092_scale_91",
      "c098_scale_97",
      "c412_scale_411",
      "c536_scale_535",
      "c549_scale_548",
      "c095_scale_94",
      "c166_scale_165",
      "c861_scale_860",
      "c028_scale_27",
      "c206_scale_205",
      "c391_scale_390",
      "c406_scale_405",
      "c489_scale_488",
      "c703_scale_702"
    ],
    "edge-2": [
      "c033_scale_32",
      "c081_scale_80",
      "c109_scale_108",
      "c134_scale_133",
      "c139_scale_138",
      "c190_scale_189",
      "c326_scale_325",
      "c339_scale_338",
      "c427_scale_426",
      "c636_scale_635",
      "c652_scale_651",
      "c702_scale_701",
      "c745_scale_744",
      "c944_scale_943",
      "c135_scale_134",
      "c147_scale_146",
      "c279_scale_278",
      "c308_scale_307",
      "c466_scale_465",
      "c485_scale_484",
      "c596_scale_595",
      "c610_scale_609",
      "c691_scale_690",
      "c930_scale_929"
    ],
    "edge-3": [
      "c011_scale_10",
      "c136_scale_135",
      "c151_scale_150",
      "c174_scale_173",
      "c300_scale_299",
      "c508_scale_507",
      "c518_scale_517",
      "c568_scale_567",
      "c782_scale_781",
      "c822_scale_821",
      "c597_scale_596",
      "c446_scale_445",
      "c713_scale_712",
      "c864_scale_863",
      "c938_scale_937",
      "c378_scale_377",
      "c399_scale_398",
      "c359_scale_358",
      "c400_scale_399",
      "c566_scale_565"
    ],
    "edge-4": [
      "c021_scale_20",
      "c128_scale_127",
      "c180_scale_179",
      "c218_scale_217",
      "c234_scale_233",
      "c265_scale_264",
      "c362_scale_361",
      "c366_scale_365",
      "c385_scale_384",
      "c433_scale_432",
      "c445_scale_444",
      "c472_scale_471",
      "c613_scale_612",
      "c684_scale_683",
      "c732_scale_731",
      "c850_scale_849",
      "c892_scale_891",
      "c937_scale_936",
      "c961_scale_960",
      "c990_scale_989",
      "c094_scale_93",
      "c862_scale_861",
      "c132_scale_131",
      "c397_scale_396"
    ],
    "edge-5": [
      "c027_scale_26",
      "c048_scale_47",
      "c236_scale_235",
      "c240_scale_239",
      "c443_scale_442",
      "c564_scale_563",
      "c586_scale_585",
      "c587_scale_586",
      "c603_scale_602",
      "c653_scale_652",
      "c734_scale_733",
      "c767_scale_766",
      "c800_scale_799",
      "c856_scale_855",
      "c949_scale_948",
      "c982_scale_981",
      "c678_scale_677",
      "c766_scale_765",
      "c025_scale_24",
      "c229_scale_228"
    ],
    "edge-6": [
      "c010_scale_9",
      "c045_scale_44",
      "c157_scale_156",
      "c220_scale_219",
      "c281_scale_280",
      "c307_scale_306",
      "c309_scale_308",
      "c350_scale_349",
      "c376_scale_375",
      "c434_scale_433",
      "c442_scale_441",
      "c473_scale_472",
      "c475_scale_474",
      "c527_scale_526",
      "c546_scale_545",
      "c550_scale_549",
      "c581_scale_580",
      "c667_scale_666",
      "c718_scale_717",
      "c795_scale_794",
      "c846_scale_845",
      "c853_scale_852",
      "c943_scale_942",
      "c966_scale_965"
    ]
  }
}
