{
  "summary": {
    "algo": "FG-DSCR-GC-K8s-selected",
    "num_containers": 800,
    "num_assigned": 96,
    "num_failed": 704,
    "fail_rate": 0.88,
    "num_nodes": 4,
    "ACT": 220.48051215277778,
    "AMS": 432.3260416666667,
    "downloaded_mb": 17893,
    "reused_mb": 25830,
    "reuse_rate": 0.590764586144592,
    "objective_base": 326.40327690972225,
    "fail_penalty": 880.0,
    "lambda_fail": 1000.0,
    "objective": 1206.4032769097223
  },
  "assignment": {
    "edge-1": [
      "c472_scale_471",
      "c226_scale_225",
      "c572_scale_571",
      "c398_scale_397",
      "c504_scale_503",
      "c131_scale_130",
      "c401_scale_400",
      "c589_scale_588",
      "c628_scale_627",
      "c729_scale_728",
      "c795_scale_794",
      "c194_scale_193",
      "c359_scale_358",
      "c106_scale_105",
      "c606_scale_605",
      "c065_scale_64",
      "c150_scale_149",
      "c459_scale_458",
      "c561_scale_560",
      "c585_scale_584",
      "c782_scale_781",
      "c407_scale_406",
      "c658_scale_657",
      "c688_scale_687"
    ],
    "edge-2": [
      "c637_scale_636",
      "c164_scale_163",
      "c374_scale_373",
      "c285_scale_284",
      "c022_scale_21",
      "c021_scale_20",
      "c592_scale_591",
      "c426_scale_425",
      "c020_scale_19",
      "c790_scale_789",
      "c113_scale_112",
      "c679_scale_678",
      "c115_scale_114",
      "c711_scale_710",
      "c603_scale_602",
      "c473_scale_472",
      "c424_scale_423",
      "c052_scale_51",
      "c004_scale_3",
      "c462_scale_461",
      "c038_scale_37",
      "c050_scale_49",
      "c161_scale_160",
      "c201_scale_200"
    ],
    "edge-3": [
      "c579_scale_578",
      "c443_scale_442",
      "c175_scale_174",
      "c086_scale_85",
      "c724_scale_723",
      "c437_scale_436",
      "c482_scale_481",
      "c569_scale_568",
      "c539_scale_538",
      "c084_scale_83",
      "c087_scale_86",
      "c362_scale_361",
      "c558_scale_557",
      "c714_scale_713",
      "c484_scale_483",
      "c272_scale_271",
      "c211_scale_210",
      "c672_scale_671",
      "c289_scale_288",
      "c054_scale_53",
      "c381_scale_380",
      "c030_scale_29",
      "c281_scale_280",
      "c039_scale_38"
    ],
    "edge-4": [
      "c574_scale_573",
      "c599_scale_598",
      "c368_scale_367",
      "c308_scale_307",
      "c332_scale_331",
      "c343_scale_342",
      "c491_scale_490",
      "c689_scale_688",
      "c567_scale_566",
      "c660_scale_659",
      "c675_scale_674",
      "c777_scale_776",
      "c068_scale_67",
      "c335_scale_334",
      "c536_scale_535",
      "c687_scale_686",
      "c172_scale_171",
      "c435_scale_434",
      "c471_scale_470",
      "c233_scale_232",
      "c577_scale_576",
      "c749_scale_748",
      "c509_scale_508",
      "c080_scale_79"
    ]
  },
  "ordered_queues": {
    "edge-1": [
      "c065_scale_64",
      "c150_scale_149",
      "c401_scale_400",
      "c459_scale_458",
      "c561_scale_560",
      "c585_scale_584",
      "c589_scale_588",
      "c628_scale_627",
      "c729_scale_728",
      "c782_scale_781",
      "c795_scale_794",
      "c194_scale_193",
      "c131_scale_130",
      "c226_scale_225",
      "c407_scale_406",
      "c359_scale_358",
      "c658_scale_657",
      "c688_scale_687",
      "c572_scale_571",
      "c106_scale_105",
      "c504_scale_503",
      "c606_scale_605",
      "c398_scale_397",
      "c472_scale_471"
    ],
    "edge-2": [
      "c637_scale_636",
      "c022_scale_21",
      "c164_scale_163",
      "c603_scale_602",
      "c679_scale_678",
      "c473_scale_472",
      "c426_scale_425",
      "c592_scale_591",
      "c711_scale_710",
      "c424_scale_423",
      "c052_scale_51",
      "c462_scale_461",
      "c374_scale_373",
      "c004_scale_3",
      "c020_scale_19",
      "c021_scale_20",
      "c285_scale_284",
      "c038_scale_37",
      "c050_scale_49",
      "c115_scale_114",
      "c113_scale_112",
      "c161_scale_160",
      "c790_scale_789",
      "c201_scale_200"
    ],
    "edge-3": [
      "c175_scale_174",
      "c579_scale_578",
      "c084_scale_83",
      "c086_scale_85",
      "c558_scale_557",
      "c569_scale_568",
      "c087_scale_86",
      "c443_scale_442",
      "c362_scale_361",
      "c211_scale_210",
      "c672_scale_671",
      "c539_scale_538",
      "c714_scale_713",
      "c039_scale_38",
      "c272_scale_271",
      "c482_scale_481",
      "c054_scale_53",
      "c381_scale_380",
      "c484_scale_483",
      "c437_scale_436",
      "c030_scale_29",
      "c281_scale_280",
      "c289_scale_288",
      "c724_scale_723"
    ],
    "edge-4": [
      "c068_scale_67",
      "c080_scale_79",
      "c233_scale_232",
      "c335_scale_334",
      "c536_scale_535",
      "c577_scale_576",
      "c749_scale_748",
      "c368_scale_367",
      "c435_scale_434",
      "c471_scale_470",
      "c509_scale_508",
      "c567_scale_566",
      "c660_scale_659",
      "c675_scale_674",
      "c777_scale_776",
      "c687_scale_686",
      "c172_scale_171",
      "c332_scale_331",
      "c343_scale_342",
      "c491_scale_490",
      "c689_scale_688",
      "c308_scale_307",
      "c574_scale_573",
      "c599_scale_598"
    ]
  }
}
