{
  "summary": {
    "algo": "FG-DSCR-GC-K8s-selected",
    "num_containers": 400,
    "num_assigned": 260,
    "num_failed": 140,
    "fail_rate": 0.35,
    "num_nodes": 18,
    "ACT": 140.72979166666667,
    "AMS": 267.47245370370376,
    "downloaded_mb": 38076,
    "reused_mb": 90282,
    "reuse_rate": 0.703360912447997,
    "objective_base": 204.1011226851852,
    "fail_penalty": 350.0,
    "lambda_fail": 1000.0,
    "objective": 554.1011226851851
  },
  "assignment": {
    "edge-1": [
      "c115_scale_114",
      "c268_scale_267",
      "c153_scale_152",
      "c318_scale_317",
      "c036_scale_35",
      "c073_scale_72",
      "c380_scale_379",
      "c012_scale_11",
      "c097_scale_96",
      "c146_scale_145",
      "c047_scale_46",
      "c158_scale_157",
      "c254_scale_253"
    ],
    "edge-2": [
      "c368_scale_367",
      "c308_scale_307",
      "c226_scale_225",
      "c175_scale_174",
      "c022_scale_21",
      "c131_scale_130",
      "c194_scale_193",
      "c359_scale_358",
      "c272_scale_271",
      "c098_scale_97",
      "c235_scale_234",
      "c141_scale_140",
      "c375_scale_374",
      "c255_scale_254",
      "c193_scale_192",
      "c159_scale_158",
      "c063_scale_62",
      "c137_scale_136",
      "c009_scale_8",
      "c180_scale_179"
    ],
    "edge-3": [
      "c052_scale_51",
      "c053_scale_52",
      "c300_scale_299",
      "c389_scale_388",
      "c256_scale_255",
      "c283_scale_282",
      "c132_scale_131",
      "c174_scale_173",
      "c259_scale_258",
      "c328_scale_327",
      "c121_scale_120",
      "c114_scale_113",
      "c032_scale_31",
      "c298_scale_297",
      "c126_scale_125"
    ],
    "edge-4": [
      "c164_scale_163",
      "c289_scale_288",
      "c200_scale_199",
      "c261_scale_260",
      "c367_scale_366",
      "c386_scale_385",
      "c003_scale_2",
      "c292_scale_291",
      "c007_scale_6",
      "c014_scale_13",
      "c123_scale_122",
      "c347_scale_346",
      "c056_scale_55",
      "c082_scale_81",
      "c020_scale_19"
    ],
    "edge-5": [
      "c106_scale_105",
      "c054_scale_53",
      "c381_scale_380",
      "c069_scale_68",
      "c005_scale_4",
      "c023_scale_22",
      "c346_scale_345",
      "c178_scale_177",
      "c234_scale_233",
      "c118_scale_117",
      "c010_scale_9",
      "c183_scale_182",
      "c100_scale_99",
      "c156_scale_155"
    ],
    "edge-6": [
      "c374_scale_373",
      "c055_scale_54",
      "c282_scale_281",
      "c128_scale_127",
      "c198_scale_197",
      "c349_scale_348",
      "c360_scale_359",
      "c168_scale_167",
      "c188_scale_187",
      "c215_scale_214",
      "c333_scale_332",
      "c284_scale_283",
      "c324_scale_323"
    ],
    "edge-7": [
      "c362_scale_361",
      "c376_scale_375",
      "c379_scale_378",
      "c311_scale_310",
      "c251_scale_250",
      "c136_scale_135",
      "c306_scale_305",
      "c315_scale_314",
      "c340_scale_339",
      "c352_scale_351",
      "c364_scale_363",
      "c046_scale_45",
      "c085_scale_84",
      "c021_scale_20"
    ],
    "edge-8": [
      "c332_scale_331",
      "c343_scale_342",
      "c317_scale_316",
      "c077_scale_76",
      "c169_scale_168",
      "c369_scale_368",
      "c104_scale_103",
      "c207_scale_206",
      "c223_scale_222",
      "c293_scale_292",
      "c390_scale_389",
      "c391_scale_390",
      "c095_scale_94",
      "c307_scale_306"
    ],
    "edge-9": [
      "c030_scale_29",
      "c281_scale_280",
      "c213_scale_212",
      "c331_scale_330",
      "c013_scale_12",
      "c244_scale_243",
      "c184_scale_183",
      "c370_scale_369",
      "c171_scale_170",
      "c001_scale_0",
      "c094_scale_93",
      "c399_scale_398",
      "c275_scale_274",
      "c211_scale_210"
    ],
    "edge-10": [
      "c285_scale_284",
      "c066_scale_65",
      "c310_scale_309",
      "c257_scale_256",
      "c225_scale_224",
      "c026_scale_25",
      "c061_scale_60",
      "c165_scale_164",
      "c334_scale_333",
      "c339_scale_338"
    ],
    "edge-11": [
      "c039_scale_38",
      "c043_scale_42",
      "c170_scale_169",
      "c002_scale_1",
      "c083_scale_82",
      "c348_scale_347",
      "c326_scale_325",
      "c205_scale_204",
      "c378_scale_377",
      "c304_scale_303",
      "c025_scale_24",
      "c062_scale_61",
      "c019_scale_18"
    ],
    "edge-12": [
      "c068_scale_67",
      "c335_scale_334",
      "c233_scale_232",
      "c080_scale_79",
      "c065_scale_64",
      "c150_scale_149",
      "c038_scale_37",
      "c050_scale_49",
      "c161_scale_160",
      "c201_scale_200",
      "c228_scale_227",
      "c279_scale_278",
      "c377_scale_376",
      "c154_scale_153",
      "c350_scale_349",
      "c373_scale_372",
      "c209_scale_208",
      "c314_scale_313",
      "c102_scale_101",
      "c006_scale_5"
    ],
    "edge-13": [
      "c004_scale_3",
      "c269_scale_268",
      "c076_scale_75",
      "c071_scale_70",
      "c130_scale_129",
      "c246_scale_245",
      "c081_scale_80",
      "c273_scale_272",
      "c358_scale_357",
      "c387_scale_386",
      "c221_scale_220",
      "c078_scale_77",
      "c172_scale_171"
    ],
    "edge-14": [
      "c086_scale_85",
      "c122_scale_121",
      "c313_scale_312",
      "c179_scale_178",
      "c336_scale_335",
      "c110_scale_109",
      "c196_scale_195",
      "c303_scale_302",
      "c316_scale_315",
      "c393_scale_392",
      "c264_scale_263",
      "c322_scale_321",
      "c355_scale_354",
      "c105_scale_104"
    ],
    "edge-15": [
      "c087_scale_86",
      "c248_scale_247",
      "c135_scale_134",
      "c067_scale_66",
      "c204_scale_203",
      "c060_scale_59",
      "c239_scale_238",
      "c245_scale_244",
      "c266_scale_265",
      "c276_scale_275",
      "c296_scale_295",
      "c124_scale_123",
      "c111_scale_110"
    ],
    "edge-16": [
      "c398_scale_397",
      "c192_scale_191",
      "c241_scale_240",
      "c208_scale_207",
      "c133_scale_132",
      "c287_scale_286",
      "c140_scale_139",
      "c210_scale_209",
      "c237_scale_236",
      "c230_scale_229",
      "c142_scale_141",
      "c337_scale_336",
      "c222_scale_221",
      "c236_scale_235",
      "c173_scale_172",
      "c195_scale_194"
    ],
    "edge-17": [
      "c084_scale_83",
      "c354_scale_353",
      "c090_scale_89",
      "c099_scale_98",
      "c227_scale_226",
      "c305_scale_304",
      "c214_scale_213",
      "c129_scale_128",
      "c240_scale_239",
      "c015_scale_14",
      "c037_scale_36",
      "c079_scale_78",
      "c072_scale_71",
      "c138_scale_137"
    ],
    "edge-18": [
      "c113_scale_112",
      "c057_scale_56",
      "c249_scale_248",
      "c271_scale_270",
      "c291_scale_290",
      "c155_scale_154",
      "c182_scale_181",
      "c203_scale_202",
      "c238_scale_237",
      "c250_scale_249",
      "c302_scale_301",
      "c108_scale_107",
      "c145_scale_144",
      "c040_scale_39",
      "c160_scale_159"
    ]
  },
  "ordered_queues": {
    "edge-1": [
      "c036_scale_35",
      "c115_scale_114",
      "c146_scale_145",
      "c153_scale_152",
      "c268_scale_267",
      "c318_scale_317",
      "c073_scale_72",
      "c158_scale_157",
      "c254_scale_253",
      "c012_scale_11",
      "c047_scale_46",
      "c097_scale_96",
      "c380_scale_379"
    ],
    "edge-2": [
      "c194_scale_193",
      "c308_scale_307",
      "c131_scale_130",
      "c226_scale_225",
      "c098_scale_97",
      "c255_scale_254",
      "c159_scale_158",
      "c359_scale_358",
      "c022_scale_21",
      "c141_scale_140",
      "c175_scale_174",
      "c375_scale_374",
      "c193_scale_192",
      "c235_scale_234",
      "c272_scale_271",
      "c368_scale_367",
      "c063_scale_62",
      "c137_scale_136",
      "c009_scale_8",
      "c180_scale_179"
    ],
    "edge-3": [
      "c053_scale_52",
      "c121_scale_120",
      "c132_scale_131",
      "c174_scale_173",
      "c259_scale_258",
      "c283_scale_282",
      "c300_scale_299",
      "c328_scale_327",
      "c389_scale_388",
      "c052_scale_51",
      "c256_scale_255",
      "c298_scale_297",
      "c126_scale_125",
      "c032_scale_31",
      "c114_scale_113"
    ],
    "edge-4": [
      "c014_scale_13",
      "c200_scale_199",
      "c261_scale_260",
      "c289_scale_288",
      "c367_scale_366",
      "c386_scale_385",
      "c164_scale_163",
      "c003_scale_2",
      "c007_scale_6",
      "c123_scale_122",
      "c292_scale_291",
      "c347_scale_346",
      "c082_scale_81",
      "c020_scale_19",
      "c056_scale_55"
    ],
    "edge-5": [
      "c023_scale_22",
      "c054_scale_53",
      "c069_scale_68",
      "c100_scale_99",
      "c106_scale_105",
      "c156_scale_155",
      "c178_scale_177",
      "c381_scale_380",
      "c234_scale_233",
      "c005_scale_4",
      "c118_scale_117",
      "c183_scale_182",
      "c346_scale_345",
      "c010_scale_9"
    ],
    "edge-6": [
      "c128_scale_127",
      "c168_scale_167",
      "c188_scale_187",
      "c198_scale_197",
      "c215_scale_214",
      "c282_scale_281",
      "c284_scale_283",
      "c324_scale_323",
      "c333_scale_332",
      "c349_scale_348",
      "c374_scale_373",
      "c055_scale_54",
      "c360_scale_359"
    ],
    "edge-7": [
      "c046_scale_45",
      "c136_scale_135",
      "c306_scale_305",
      "c315_scale_314",
      "c340_scale_339",
      "c352_scale_351",
      "c364_scale_363",
      "c085_scale_84",
      "c311_scale_310",
      "c251_scale_250",
      "c362_scale_361",
      "c376_scale_375",
      "c379_scale_378",
      "c021_scale_20"
    ],
    "edge-8": [
      "c077_scale_76",
      "c104_scale_103",
      "c169_scale_168",
      "c207_scale_206",
      "c332_scale_331",
      "c343_scale_342",
      "c223_scale_222",
      "c293_scale_292",
      "c317_scale_316",
      "c369_scale_368",
      "c095_scale_94",
      "c307_scale_306",
      "c390_scale_389",
      "c391_scale_390"
    ],
    "edge-9": [
      "c013_scale_12",
      "c030_scale_29",
      "c213_scale_212",
      "c244_scale_243",
      "c281_scale_280",
      "c331_scale_330",
      "c370_scale_369",
      "c094_scale_93",
      "c171_scale_170",
      "c184_scale_183",
      "c399_scale_398",
      "c001_scale_0",
      "c275_scale_274",
      "c211_scale_210"
    ],
    "edge-10": [
      "c061_scale_60",
      "c066_scale_65",
      "c225_scale_224",
      "c257_scale_256",
      "c285_scale_284",
      "c310_scale_309",
      "c339_scale_338",
      "c026_scale_25",
      "c165_scale_164",
      "c334_scale_333"
    ],
    "edge-11": [
      "c348_scale_347",
      "c002_scale_1",
      "c039_scale_38",
      "c043_scale_42",
      "c062_scale_61",
      "c083_scale_82",
      "c170_scale_169",
      "c205_scale_204",
      "c378_scale_377",
      "c304_scale_303",
      "c019_scale_18",
      "c025_scale_24",
      "c326_scale_325"
    ],
    "edge-12": [
      "c006_scale_5",
      "c038_scale_37",
      "c050_scale_49",
      "c065_scale_64",
      "c068_scale_67",
      "c080_scale_79",
      "c150_scale_149",
      "c154_scale_153",
      "c161_scale_160",
      "c201_scale_200",
      "c209_scale_208",
      "c228_scale_227",
      "c233_scale_232",
      "c279_scale_278",
      "c314_scale_313",
      "c335_scale_334",
      "c350_scale_349",
      "c373_scale_372",
      "c377_scale_376",
      "c102_scale_101"
    ],
    "edge-13": [
      "c078_scale_77",
      "c076_scale_75",
      "c246_scale_245",
      "c358_scale_357",
      "c387_scale_386",
      "c071_scale_70",
      "c130_scale_129",
      "c172_scale_171",
      "c273_scale_272",
      "c004_scale_3",
      "c081_scale_80",
      "c269_scale_268",
      "c221_scale_220"
    ],
    "edge-14": [
      "c110_scale_109",
      "c196_scale_195",
      "c264_scale_263",
      "c303_scale_302",
      "c316_scale_315",
      "c322_scale_321",
      "c355_scale_354",
      "c393_scale_392",
      "c086_scale_85",
      "c122_scale_121",
      "c179_scale_178",
      "c313_scale_312",
      "c336_scale_335",
      "c105_scale_104"
    ],
    "edge-15": [
      "c060_scale_59",
      "c067_scale_66",
      "c087_scale_86",
      "c135_scale_134",
      "c204_scale_203",
      "c248_scale_247",
      "c111_scale_110",
      "c124_scale_123",
      "c239_scale_238",
      "c245_scale_244",
      "c266_scale_265",
      "c276_scale_275",
      "c296_scale_295"
    ],
    "edge-16": [
      "c133_scale_132",
      "c140_scale_139",
      "c142_scale_141",
      "c192_scale_191",
      "c222_scale_221",
      "c236_scale_235",
      "c241_scale_240",
      "c287_scale_286",
      "c337_scale_336",
      "c398_scale_397",
      "c208_scale_207",
      "c210_scale_209",
      "c237_scale_236",
      "c173_scale_172",
      "c195_scale_194",
      "c230_scale_229"
    ],
    "edge-17": [
      "c240_scale_239",
      "c015_scale_14",
      "c084_scale_83",
      "c099_scale_98",
      "c354_scale_353",
      "c138_scale_137",
      "c227_scale_226",
      "c214_scale_213",
      "c305_scale_304",
      "c090_scale_89",
      "c072_scale_71",
      "c037_scale_36",
      "c079_scale_78",
      "c129_scale_128"
    ],
    "edge-18": [
      "c040_scale_39",
      "c057_scale_56",
      "c108_scale_107",
      "c155_scale_154",
      "c160_scale_159",
      "c182_scale_181",
      "c203_scale_202",
      "c238_scale_237",
      "c249_scale_248",
      "c250_scale_249",
      "c271_scale_270",
      "c291_scale_290",
      "c302_scale_301",
      "c113_scale_112",
      "c145_scale_144"
    ]
  }
}
