{
  "summary": {
    "algo": "FG-DSCR-GC-K8s-selected",
    "num_containers": 2000,
    "num_assigned": 269,
    "num_failed": 1731,
    "fail_rate": 0.8655,
    "num_nodes": 12,
    "ACT": 170.89069083023543,
    "AMS": 322.96111111111105,
    "downloaded_mb": 7014,
    "reused_mb": 74052,
    "reuse_rate": 0.9134779068906816,
    "objective_base": 246.92590097067324,
    "fail_penalty": 865.5,
    "lambda_fail": 1000.0,
    "objective": 1112.4259009706732
  },
  "assignment": {
    "edge-1": [
      "c472_scale_1471",
      "c613_scale_1612",
      "c180_scale_179",
      "c180_scale_1179",
      "c684_scale_683",
      "c684_scale_1683",
      "c021_scale_20",
      "c021_scale_1020",
      "c218_scale_217",
      "c850_scale_849",
      "c218_scale_1217",
      "c850_scale_1849",
      "c128_scale_127",
      "c265_scale_264",
      "c445_scale_444",
      "c128_scale_1127",
      "c265_scale_1264",
      "c445_scale_1444",
      "c366_scale_365",
      "c151_scale_1150",
      "c713_scale_712",
      "c597_scale_596"
    ],
    "edge-2": [
      "c466_scale_465",
      "c466_scale_1465",
      "c147_scale_146",
      "c147_scale_1146",
      "c308_scale_307",
      "c610_scale_609",
      "c308_scale_1307",
      "c610_scale_1609",
      "c279_scale_278",
      "c485_scale_484",
      "c596_scale_595",
      "c930_scale_929",
      "c279_scale_1278",
      "c485_scale_1484",
      "c596_scale_1595",
      "c930_scale_1929",
      "c135_scale_134",
      "c691_scale_690",
      "c135_scale_1134",
      "c691_scale_1690",
      "c645_scale_644",
      "c752_scale_751",
      "c645_scale_1644",
      "c446_scale_445"
    ],
    "edge-3": [
      "c427_scale_1426",
      "c652_scale_1651",
      "c702_scale_1701",
      "c745_scale_1744",
      "c134_scale_133",
      "c190_scale_189",
      "c236_scale_235",
      "c564_scale_563",
      "c767_scale_766",
      "c949_scale_948",
      "c134_scale_1133",
      "c190_scale_1189",
      "c236_scale_1235",
      "c564_scale_1563",
      "c767_scale_1766",
      "c949_scale_1948",
      "c027_scale_26",
      "c653_scale_652",
      "c027_scale_1026",
      "c653_scale_1652",
      "c378_scale_377",
      "c406_scale_405",
      "c703_scale_1702",
      "c800_scale_1799"
    ],
    "edge-4": [
      "c937_scale_936",
      "c937_scale_1936",
      "c732_scale_731",
      "c892_scale_891",
      "c961_scale_960",
      "c990_scale_989",
      "c732_scale_1731",
      "c892_scale_1891",
      "c961_scale_1960",
      "c990_scale_1989",
      "c234_scale_233",
      "c362_scale_361",
      "c385_scale_384",
      "c433_scale_432",
      "c472_scale_471",
      "c613_scale_612",
      "c234_scale_1233",
      "c362_scale_1361",
      "c385_scale_1384",
      "c433_scale_1432",
      "c938_scale_937",
      "c446_scale_1445",
      "c864_scale_1863",
      "c938_scale_1937"
    ],
    "edge-5": [
      "c861_scale_860",
      "c861_scale_1860",
      "c166_scale_165",
      "c166_scale_1165",
      "c281_scale_280",
      "c350_scale_349",
      "c475_scale_474",
      "c718_scale_717",
      "c281_scale_1280",
      "c350_scale_1349",
      "c475_scale_1474",
      "c718_scale_1717",
      "c546_scale_545",
      "c566_scale_565",
      "c546_scale_1545",
      "c566_scale_1565",
      "c132_scale_131",
      "c397_scale_396",
      "c414_scale_413"
    ],
    "edge-6": [
      "c434_scale_433",
      "c667_scale_666",
      "c846_scale_845",
      "c434_scale_1433",
      "c667_scale_1666",
      "c846_scale_1845",
      "c220_scale_219",
      "c309_scale_308",
      "c943_scale_942",
      "c220_scale_1219",
      "c309_scale_1308",
      "c943_scale_1942",
      "c376_scale_375",
      "c853_scale_852",
      "c376_scale_1375",
      "c853_scale_1852",
      "c473_scale_472",
      "c550_scale_549",
      "c473_scale_1472",
      "c550_scale_1549",
      "c359_scale_358",
      "c400_scale_399",
      "c359_scale_1358",
      "c400_scale_1399"
    ],
    "edge-7": [
      "c045_scale_44",
      "c307_scale_306",
      "c442_scale_441",
      "c527_scale_526",
      "c795_scale_794",
      "c045_scale_1044",
      "c307_scale_1306",
      "c442_scale_1441",
      "c527_scale_1526",
      "c795_scale_1794",
      "c010_scale_9",
      "c010_scale_1009",
      "c157_scale_156",
      "c581_scale_580",
      "c966_scale_965",
      "c157_scale_1156",
      "c581_scale_1580",
      "c966_scale_1965",
      "c399_scale_1398",
      "c862_scale_1861",
      "c095_scale_1094",
      "c597_scale_1596"
    ],
    "edge-8": [
      "c326_scale_325",
      "c326_scale_1325",
      "c033_scale_32",
      "c109_scale_108",
      "c139_scale_138",
      "c636_scale_635",
      "c944_scale_943",
      "c033_scale_1032",
      "c109_scale_1108",
      "c139_scale_1138",
      "c636_scale_1635",
      "c944_scale_1943",
      "c081_scale_80",
      "c339_scale_338",
      "c427_scale_426",
      "c652_scale_651",
      "c702_scale_701",
      "c745_scale_744",
      "c081_scale_1080",
      "c339_scale_1338",
      "c703_scale_702",
      "c800_scale_799",
      "c378_scale_1377",
      "c406_scale_1405"
    ],
    "edge-9": [
      "c536_scale_535",
      "c549_scale_548",
      "c536_scale_1535",
      "c549_scale_1548",
      "c092_scale_91",
      "c092_scale_1091",
      "c098_scale_97",
      "c098_scale_1097",
      "c094_scale_1093",
      "c489_scale_1488",
      "c412_scale_411",
      "c412_scale_1411",
      "c678_scale_677",
      "c766_scale_765",
      "c366_scale_1365",
      "c678_scale_1677",
      "c713_scale_1712",
      "c048_scale_47",
      "c399_scale_398"
    ],
    "edge-10": [
      "c047_scale_46",
      "c047_scale_1046",
      "c752_scale_1751",
      "c144_scale_143",
      "c144_scale_1143",
      "c334_scale_333",
      "c497_scale_496",
      "c709_scale_708",
      "c817_scale_816",
      "c334_scale_1333",
      "c497_scale_1496",
      "c709_scale_1708",
      "c817_scale_1816",
      "c229_scale_228",
      "c229_scale_1228",
      "c766_scale_1765",
      "c028_scale_27",
      "c206_scale_205",
      "c391_scale_390",
      "c025_scale_24",
      "c025_scale_1024",
      "c151_scale_150"
    ],
    "edge-11": [
      "c587_scale_586",
      "c734_scale_733",
      "c856_scale_855",
      "c982_scale_981",
      "c587_scale_1586",
      "c734_scale_1733",
      "c856_scale_1855",
      "c982_scale_1981",
      "c240_scale_239",
      "c443_scale_442",
      "c586_scale_585",
      "c603_scale_602",
      "c240_scale_1239",
      "c443_scale_1442",
      "c586_scale_1585",
      "c603_scale_1602",
      "c094_scale_93",
      "c489_scale_488",
      "c862_scale_861",
      "c048_scale_1047",
      "c416_scale_415",
      "c447_scale_446"
    ],
    "edge-12": [
      "c300_scale_299",
      "c300_scale_1299",
      "c782_scale_781",
      "c782_scale_1781",
      "c136_scale_135",
      "c174_scale_173",
      "c136_scale_1135",
      "c174_scale_1173",
      "c518_scale_517",
      "c568_scale_567",
      "c518_scale_1517",
      "c568_scale_1567",
      "c011_scale_10",
      "c011_scale_1010",
      "c508_scale_507",
      "c822_scale_821",
      "c508_scale_1507",
      "c822_scale_1821",
      "c028_scale_1027",
      "c206_scale_1205",
      "c391_scale_1390",
      "c864_scale_863",
      "c095_scale_94"
    ]
  },
  "ordered_queues": {
    "edge-1": [
      "c021_scale_1020",
      "c021_scale_20",
      "c128_scale_1127",
      "c128_scale_127",
      "c180_scale_1179",
      "c180_scale_179",
      "c218_scale_1217",
      "c218_scale_217",
      "c265_scale_1264",
      "c265_scale_264",
      "c366_scale_365",
      "c445_scale_1444",
      "c445_scale_444",
      "c472_scale_1471",
      "c613_scale_1612",
      "c684_scale_1683",
      "c684_scale_683",
      "c713_scale_712",
      "c850_scale_1849",
      "c850_scale_849",
      "c597_scale_596",
      "c151_scale_1150"
    ],
    "edge-2": [
      "c135_scale_1134",
      "c135_scale_134",
      "c147_scale_1146",
      "c147_scale_146",
      "c279_scale_1278",
      "c279_scale_278",
      "c308_scale_1307",
      "c308_scale_307",
      "c466_scale_1465",
      "c466_scale_465",
      "c485_scale_1484",
      "c485_scale_484",
      "c596_scale_1595",
      "c596_scale_595",
      "c610_scale_1609",
      "c610_scale_609",
      "c691_scale_1690",
      "c691_scale_690",
      "c930_scale_1929",
      "c930_scale_929",
      "c645_scale_1644",
      "c645_scale_644",
      "c752_scale_751",
      "c446_scale_445"
    ],
    "edge-3": [
      "c027_scale_1026",
      "c027_scale_26",
      "c134_scale_1133",
      "c134_scale_133",
      "c190_scale_1189",
      "c190_scale_189",
      "c236_scale_1235",
      "c236_scale_235",
      "c378_scale_377",
      "c406_scale_405",
      "c427_scale_1426",
      "c564_scale_1563",
      "c564_scale_563",
      "c652_scale_1651",
      "c653_scale_1652",
      "c653_scale_652",
      "c702_scale_1701",
      "c703_scale_1702",
      "c745_scale_1744",
      "c767_scale_1766",
      "c767_scale_766",
      "c800_scale_1799",
      "c949_scale_1948",
      "c949_scale_948"
    ],
    "edge-4": [
      "c234_scale_1233",
      "c234_scale_233",
      "c362_scale_1361",
      "c362_scale_361",
      "c385_scale_1384",
      "c385_scale_384",
      "c433_scale_1432",
      "c433_scale_432",
      "c446_scale_1445",
      "c472_scale_471",
      "c613_scale_612",
      "c732_scale_1731",
      "c732_scale_731",
      "c864_scale_1863",
      "c892_scale_1891",
      "c892_scale_891",
      "c937_scale_1936",
      "c937_scale_936",
      "c938_scale_1937",
      "c938_scale_937",
      "c961_scale_1960",
      "c961_scale_960",
      "c990_scale_1989",
      "c990_scale_989"
    ],
    "edge-5": [
      "c281_scale_1280",
      "c281_scale_280",
      "c350_scale_1349",
      "c350_scale_349",
      "c475_scale_1474",
      "c475_scale_474",
      "c546_scale_1545",
      "c546_scale_545",
      "c566_scale_1565",
      "c566_scale_565",
      "c718_scale_1717",
      "c718_scale_717",
      "c166_scale_1165",
      "c166_scale_165",
      "c861_scale_1860",
      "c861_scale_860",
      "c132_scale_131",
      "c397_scale_396",
      "c414_scale_413"
    ],
    "edge-6": [
      "c220_scale_1219",
      "c220_scale_219",
      "c309_scale_1308",
      "c309_scale_308",
      "c359_scale_1358",
      "c359_scale_358",
      "c376_scale_1375",
      "c376_scale_375",
      "c400_scale_1399",
      "c400_scale_399",
      "c434_scale_1433",
      "c434_scale_433",
      "c473_scale_1472",
      "c473_scale_472",
      "c550_scale_1549",
      "c550_scale_549",
      "c667_scale_1666",
      "c667_scale_666",
      "c846_scale_1845",
      "c846_scale_845",
      "c853_scale_1852",
      "c853_scale_852",
      "c943_scale_1942",
      "c943_scale_942"
    ],
    "edge-7": [
      "c010_scale_1009",
      "c010_scale_9",
      "c045_scale_1044",
      "c045_scale_44",
      "c157_scale_1156",
      "c157_scale_156",
      "c307_scale_1306",
      "c307_scale_306",
      "c442_scale_1441",
      "c442_scale_441",
      "c527_scale_1526",
      "c527_scale_526",
      "c581_scale_1580",
      "c581_scale_580",
      "c795_scale_1794",
      "c795_scale_794",
      "c966_scale_1965",
      "c966_scale_965",
      "c095_scale_1094",
      "c597_scale_1596",
      "c399_scale_1398",
      "c862_scale_1861"
    ],
    "edge-8": [
      "c033_scale_1032",
      "c033_scale_32",
      "c081_scale_1080",
      "c081_scale_80",
      "c109_scale_108",
      "c109_scale_1108",
      "c139_scale_1138",
      "c139_scale_138",
      "c326_scale_1325",
      "c326_scale_325",
      "c339_scale_1338",
      "c339_scale_338",
      "c378_scale_1377",
      "c406_scale_1405",
      "c427_scale_426",
      "c636_scale_1635",
      "c636_scale_635",
      "c652_scale_651",
      "c702_scale_701",
      "c703_scale_702",
      "c745_scale_744",
      "c800_scale_799",
      "c944_scale_1943",
      "c944_scale_943"
    ],
    "edge-9": [
      "c092_scale_1091",
      "c092_scale_91",
      "c098_scale_1097",
      "c098_scale_97",
      "c412_scale_1411",
      "c412_scale_411",
      "c536_scale_1535",
      "c536_scale_535",
      "c549_scale_1548",
      "c549_scale_548",
      "c366_scale_1365",
      "c678_scale_1677",
      "c678_scale_677",
      "c713_scale_1712",
      "c766_scale_765",
      "c048_scale_47",
      "c094_scale_1093",
      "c399_scale_398",
      "c489_scale_1488"
    ],
    "edge-10": [
      "c025_scale_1024",
      "c025_scale_24",
      "c047_scale_1046",
      "c047_scale_46",
      "c144_scale_1143",
      "c144_scale_143",
      "c229_scale_1228",
      "c229_scale_228",
      "c334_scale_1333",
      "c334_scale_333",
      "c497_scale_1496",
      "c497_scale_496",
      "c709_scale_1708",
      "c709_scale_708",
      "c752_scale_1751",
      "c817_scale_1816",
      "c817_scale_816",
      "c028_scale_27",
      "c206_scale_205",
      "c391_scale_390",
      "c766_scale_1765",
      "c151_scale_150"
    ],
    "edge-11": [
      "c048_scale_1047",
      "c094_scale_93",
      "c240_scale_1239",
      "c240_scale_239",
      "c443_scale_1442",
      "c443_scale_442",
      "c489_scale_488",
      "c586_scale_1585",
      "c586_scale_585",
      "c587_scale_1586",
      "c587_scale_586",
      "c603_scale_1602",
      "c603_scale_602",
      "c734_scale_1733",
      "c734_scale_733",
      "c856_scale_1855",
      "c856_scale_855",
      "c862_scale_861",
      "c982_scale_1981",
      "c982_scale_981",
      "c416_scale_415",
      "c447_scale_446"
    ],
    "edge-12": [
      "c011_scale_10",
      "c011_scale_1010",
      "c136_scale_1135",
      "c136_scale_135",
      "c174_scale_1173",
      "c174_scale_173",
      "c300_scale_1299",
      "c300_scale_299",
      "c508_scale_1507",
      "c508_scale_507",
      "c518_scale_1517",
      "c518_scale_517",
      "c568_scale_1567",
      "c568_scale_567",
      "c782_scale_1781",
      "c782_scale_781",
      "c822_scale_1821",
      "c822_scale_821",
      "c095_scale_94",
      "c028_scale_1027",
      "c206_scale_1205",
      "c391_scale_1390",
      "c864_scale_863"
    ]
  }
}
