{
  "summary": {
    "algo": "FG-DSCR-GC-K8s-selected",
    "num_containers": 800,
    "num_assigned": 267,
    "num_failed": 533,
    "fail_rate": 0.66625,
    "num_nodes": 14,
    "ACT": 183.02198813982525,
    "AMS": 357.5089285714285,
    "downloaded_mb": 43047,
    "reused_mb": 90046,
    "reuse_rate": 0.6765645075248135,
    "objective_base": 270.2654583556269,
    "fail_penalty": 666.25,
    "lambda_fail": 1000.0,
    "objective": 936.5154583556268
  },
  "assignment": {
    "edge-1": [
      "c161_scale_160",
      "c790_scale_789",
      "c031_scale_30",
      "c103_scale_102",
      "c282_scale_281",
      "c785_scale_784",
      "c145_scale_144",
      "c541_scale_540",
      "c771_scale_770",
      "c130_scale_129",
      "c546_scale_545",
      "c653_scale_652",
      "c552_scale_551",
      "c067_scale_66",
      "c015_scale_14",
      "c265_scale_264",
      "c323_scale_322"
    ],
    "edge-2": [
      "c091_scale_90",
      "c286_scale_285",
      "c023_scale_22",
      "c472_scale_471",
      "c473_scale_472",
      "c462_scale_461",
      "c395_scale_394",
      "c673_scale_672",
      "c636_scale_635",
      "c602_scale_601",
      "c272_scale_271",
      "c292_scale_291",
      "c755_scale_754",
      "c032_scale_31",
      "c159_scale_158",
      "c185_scale_184",
      "c534_scale_533",
      "c165_scale_164",
      "c625_scale_624"
    ],
    "edge-3": [
      "c085_scale_84",
      "c532_scale_531",
      "c525_scale_524",
      "c269_scale_268",
      "c582_scale_581",
      "c259_scale_258",
      "c376_scale_375",
      "c758_scale_757",
      "c478_scale_477",
      "c476_scale_475",
      "c377_scale_376",
      "c355_scale_354",
      "c598_scale_597",
      "c317_scale_316",
      "c157_scale_156",
      "c284_scale_283",
      "c765_scale_764"
    ],
    "edge-4": [
      "c360_scale_359",
      "c443_scale_442",
      "c540_scale_539",
      "c715_scale_714",
      "c299_scale_298",
      "c684_scale_683",
      "c422_scale_421",
      "c732_scale_731",
      "c056_scale_55",
      "c301_scale_300",
      "c390_scale_389",
      "c700_scale_699",
      "c176_scale_175",
      "c550_scale_549",
      "c632_scale_631",
      "c751_scale_750",
      "c549_scale_548",
      "c648_scale_647",
      "c697_scale_696"
    ],
    "edge-5": [
      "c690_scale_689",
      "c055_scale_54",
      "c748_scale_747",
      "c102_scale_101",
      "c115_scale_114",
      "c536_scale_535",
      "c647_scale_646",
      "c002_scale_1",
      "c139_scale_138",
      "c713_scale_712",
      "c571_scale_570",
      "c080_scale_79",
      "c455_scale_454",
      "c565_scale_564",
      "c387_scale_386",
      "c332_scale_331",
      "c105_scale_104",
      "c711_scale_710",
      "c364_scale_363"
    ],
    "edge-6": [
      "c369_scale_368",
      "c568_scale_567",
      "c676_scale_675",
      "c777_scale_776",
      "c228_scale_227",
      "c025_scale_24",
      "c435_scale_434",
      "c471_scale_470",
      "c494_scale_493",
      "c509_scale_508",
      "c350_scale_349",
      "c380_scale_379",
      "c162_scale_161",
      "c482_scale_481",
      "c630_scale_629",
      "c407_scale_406",
      "c693_scale_692",
      "c273_scale_272",
      "c670_scale_669",
      "c563_scale_562",
      "c596_scale_595",
      "c118_scale_117",
      "c489_scale_488"
    ],
    "edge-7": [
      "c398_scale_397",
      "c795_scale_794",
      "c007_scale_6",
      "c484_scale_483",
      "c243_scale_242",
      "c295_scale_294",
      "c483_scale_482",
      "c210_scale_209",
      "c723_scale_722",
      "c288_scale_287",
      "c402_scale_401",
      "c372_scale_371",
      "c144_scale_143",
      "c674_scale_673",
      "c077_scale_76",
      "c588_scale_587",
      "c607_scale_606",
      "c370_scale_369",
      "c319_scale_318"
    ],
    "edge-8": [
      "c551_scale_550",
      "c426_scale_425",
      "c237_scale_236",
      "c738_scale_737",
      "c110_scale_109",
      "c057_scale_56",
      "c290_scale_289",
      "c382_scale_381",
      "c250_scale_249",
      "c637_scale_636",
      "c202_scale_201",
      "c412_scale_411",
      "c444_scale_443",
      "c389_scale_388",
      "c481_scale_480",
      "c641_scale_640",
      "c257_scale_256",
      "c141_scale_140",
      "c368_scale_367",
      "c781_scale_780"
    ],
    "edge-9": [
      "c024_scale_23",
      "c592_scale_591",
      "c712_scale_711",
      "c213_scale_212",
      "c142_scale_141",
      "c318_scale_317",
      "c069_scale_68",
      "c244_scale_243",
      "c419_scale_418",
      "c480_scale_479",
      "c205_scale_204",
      "c240_scale_239",
      "c252_scale_251",
      "c406_scale_405",
      "c577_scale_576",
      "c595_scale_594"
    ],
    "edge-10": [
      "c580_scale_579",
      "c071_scale_70",
      "c336_scale_335",
      "c083_scale_82",
      "c401_scale_400",
      "c589_scale_588",
      "c629_scale_628",
      "c730_scale_729",
      "c753_scale_752",
      "c068_scale_67",
      "c154_scale_153",
      "c264_scale_263",
      "c459_scale_458",
      "c562_scale_561",
      "c782_scale_781",
      "c041_scale_40",
      "c053_scale_52",
      "c189_scale_188",
      "c203_scale_202",
      "c230_scale_229",
      "c280_scale_279",
      "c378_scale_377",
      "c537_scale_536",
      "c572_scale_571"
    ],
    "edge-11": [
      "c504_scale_503",
      "c583_scale_582",
      "c374_scale_373",
      "c126_scale_125",
      "c523_scale_522",
      "c072_scale_71",
      "c337_scale_336",
      "c487_scale_486",
      "c650_scale_649",
      "c685_scale_684",
      "c215_scale_214",
      "c112_scale_111",
      "c270_scale_269",
      "c635_scale_634",
      "c070_scale_69",
      "c416_scale_415"
    ],
    "edge-12": [
      "c167_scale_166",
      "c075_scale_74",
      "c570_scale_569",
      "c559_scale_558",
      "c736_scale_735",
      "c512_scale_511",
      "c597_scale_596",
      "c548_scale_547",
      "c310_scale_309",
      "c315_scale_314",
      "c503_scale_502",
      "c775_scale_774",
      "c465_scale_464",
      "c314_scale_313",
      "c545_scale_544",
      "c182_scale_181",
      "c251_scale_250",
      "c003_scale_2",
      "c239_scale_238"
    ],
    "edge-13": [
      "c138_scale_137",
      "c725_scale_724",
      "c437_scale_436",
      "c042_scale_41",
      "c046_scale_45",
      "c418_scale_417",
      "c664_scale_663",
      "c454_scale_453",
      "c212_scale_211",
      "c303_scale_302",
      "c733_scale_732",
      "c114_scale_113",
      "c198_scale_197",
      "c304_scale_303",
      "c179_scale_178",
      "c770_scale_769",
      "c233_scale_232"
    ],
    "edge-14": [
      "c375_scale_374",
      "c235_scale_234",
      "c256_scale_255",
      "c659_scale_658",
      "c661_scale_660",
      "c689_scale_688",
      "c333_scale_332",
      "c344_scale_343",
      "c491_scale_490",
      "c754_scale_753",
      "c591_scale_590",
      "c678_scale_677",
      "c761_scale_760",
      "c766_scale_765",
      "c158_scale_157",
      "c351_scale_350",
      "c468_scale_467",
      "c787_scale_786",
      "c211_scale_210",
      "c718_scale_717",
      "c613_scale_612",
      "c792_scale_791"
    ]
  },
  "ordered_queues": {
    "edge-1": [
      "c031_scale_30",
      "c103_scale_102",
      "c161_scale_160",
      "c282_scale_281",
      "c546_scale_545",
      "c552_scale_551",
      "c653_scale_652",
      "c771_scale_770",
      "c790_scale_789",
      "c145_scale_144",
      "c541_scale_540",
      "c785_scale_784",
      "c067_scale_66",
      "c130_scale_129",
      "c015_scale_14",
      "c265_scale_264",
      "c323_scale_322"
    ],
    "edge-2": [
      "c032_scale_31",
      "c159_scale_158",
      "c185_scale_184",
      "c272_scale_271",
      "c292_scale_291",
      "c534_scale_533",
      "c755_scale_754",
      "c023_scale_22",
      "c165_scale_164",
      "c286_scale_285",
      "c395_scale_394",
      "c472_scale_471",
      "c673_scale_672",
      "c091_scale_90",
      "c473_scale_472",
      "c462_scale_461",
      "c602_scale_601",
      "c636_scale_635",
      "c625_scale_624"
    ],
    "edge-3": [
      "c525_scale_524",
      "c157_scale_156",
      "c259_scale_258",
      "c269_scale_268",
      "c377_scale_376",
      "c532_scale_531",
      "c582_scale_581",
      "c376_scale_375",
      "c478_scale_477",
      "c085_scale_84",
      "c355_scale_354",
      "c765_scale_764",
      "c476_scale_475",
      "c758_scale_757",
      "c284_scale_283",
      "c598_scale_597",
      "c317_scale_316"
    ],
    "edge-4": [
      "c056_scale_55",
      "c176_scale_175",
      "c301_scale_300",
      "c390_scale_389",
      "c540_scale_539",
      "c549_scale_548",
      "c648_scale_647",
      "c715_scale_714",
      "c360_scale_359",
      "c422_scale_421",
      "c443_scale_442",
      "c732_scale_731",
      "c697_scale_696",
      "c299_scale_298",
      "c684_scale_683",
      "c700_scale_699",
      "c550_scale_549",
      "c632_scale_631",
      "c751_scale_750"
    ],
    "edge-5": [
      "c102_scale_101",
      "c565_scale_564",
      "c002_scale_1",
      "c080_scale_79",
      "c536_scale_535",
      "c647_scale_646",
      "c690_scale_689",
      "c055_scale_54",
      "c748_scale_747",
      "c115_scale_114",
      "c571_scale_570",
      "c139_scale_138",
      "c713_scale_712",
      "c364_scale_363",
      "c455_scale_454",
      "c387_scale_386",
      "c105_scale_104",
      "c332_scale_331",
      "c711_scale_710"
    ],
    "edge-6": [
      "c162_scale_161",
      "c273_scale_272",
      "c369_scale_368",
      "c435_scale_434",
      "c471_scale_470",
      "c482_scale_481",
      "c494_scale_493",
      "c509_scale_508",
      "c568_scale_567",
      "c670_scale_669",
      "c676_scale_675",
      "c777_scale_776",
      "c563_scale_562",
      "c350_scale_349",
      "c630_scale_629",
      "c228_scale_227",
      "c407_scale_406",
      "c693_scale_692",
      "c596_scale_595",
      "c025_scale_24",
      "c380_scale_379",
      "c118_scale_117",
      "c489_scale_488"
    ],
    "edge-7": [
      "c144_scale_143",
      "c243_scale_242",
      "c288_scale_287",
      "c295_scale_294",
      "c398_scale_397",
      "c402_scale_401",
      "c483_scale_482",
      "c723_scale_722",
      "c795_scale_794",
      "c210_scale_209",
      "c372_scale_371",
      "c484_scale_483",
      "c674_scale_673",
      "c607_scale_606",
      "c077_scale_76",
      "c007_scale_6",
      "c370_scale_369",
      "c319_scale_318",
      "c588_scale_587"
    ],
    "edge-8": [
      "c057_scale_56",
      "c110_scale_109",
      "c202_scale_201",
      "c290_scale_289",
      "c368_scale_367",
      "c382_scale_381",
      "c412_scale_411",
      "c444_scale_443",
      "c481_scale_480",
      "c637_scale_636",
      "c641_scale_640",
      "c257_scale_256",
      "c237_scale_236",
      "c250_scale_249",
      "c389_scale_388",
      "c738_scale_737",
      "c426_scale_425",
      "c551_scale_550",
      "c141_scale_140",
      "c781_scale_780"
    ],
    "edge-9": [
      "c024_scale_23",
      "c069_scale_68",
      "c213_scale_212",
      "c480_scale_479",
      "c592_scale_591",
      "c712_scale_711",
      "c142_scale_141",
      "c244_scale_243",
      "c419_scale_418",
      "c205_scale_204",
      "c240_scale_239",
      "c252_scale_251",
      "c318_scale_317",
      "c406_scale_405",
      "c577_scale_576",
      "c595_scale_594"
    ],
    "edge-10": [
      "c041_scale_40",
      "c053_scale_52",
      "c068_scale_67",
      "c071_scale_70",
      "c083_scale_82",
      "c154_scale_153",
      "c189_scale_188",
      "c203_scale_202",
      "c230_scale_229",
      "c264_scale_263",
      "c280_scale_279",
      "c336_scale_335",
      "c378_scale_377",
      "c401_scale_400",
      "c459_scale_458",
      "c537_scale_536",
      "c562_scale_561",
      "c572_scale_571",
      "c589_scale_588",
      "c629_scale_628",
      "c730_scale_729",
      "c753_scale_752",
      "c782_scale_781",
      "c580_scale_579"
    ],
    "edge-11": [
      "c070_scale_69",
      "c374_scale_373",
      "c270_scale_269",
      "c072_scale_71",
      "c215_scale_214",
      "c504_scale_503",
      "c523_scale_522",
      "c583_scale_582",
      "c416_scale_415",
      "c126_scale_125",
      "c337_scale_336",
      "c487_scale_486",
      "c635_scale_634",
      "c112_scale_111",
      "c650_scale_649",
      "c685_scale_684"
    ],
    "edge-12": [
      "c003_scale_2",
      "c239_scale_238",
      "c251_scale_250",
      "c310_scale_309",
      "c315_scale_314",
      "c503_scale_502",
      "c545_scale_544",
      "c775_scale_774",
      "c182_scale_181",
      "c314_scale_313",
      "c548_scale_547",
      "c559_scale_558",
      "c570_scale_569",
      "c736_scale_735",
      "c465_scale_464",
      "c512_scale_511",
      "c597_scale_596",
      "c167_scale_166",
      "c075_scale_74"
    ],
    "edge-13": [
      "c042_scale_41",
      "c046_scale_45",
      "c138_scale_137",
      "c179_scale_178",
      "c303_scale_302",
      "c418_scale_417",
      "c437_scale_436",
      "c454_scale_453",
      "c725_scale_724",
      "c733_scale_732",
      "c770_scale_769",
      "c233_scale_232",
      "c664_scale_663",
      "c212_scale_211",
      "c114_scale_113",
      "c198_scale_197",
      "c304_scale_303"
    ],
    "edge-14": [
      "c158_scale_157",
      "c211_scale_210",
      "c351_scale_350",
      "c468_scale_467",
      "c591_scale_590",
      "c678_scale_677",
      "c761_scale_760",
      "c787_scale_786",
      "c718_scale_717",
      "c235_scale_234",
      "c333_scale_332",
      "c344_scale_343",
      "c491_scale_490",
      "c754_scale_753",
      "c766_scale_765",
      "c256_scale_255",
      "c375_scale_374",
      "c613_scale_612",
      "c659_scale_658",
      "c661_scale_660",
      "c689_scale_688",
      "c792_scale_791"
    ]
  }
}
