{
  "summary": {
    "algo": "FG-DSCR-GC-K8s-selected",
    "num_containers": 1000,
    "num_assigned": 187,
    "num_failed": 813,
    "fail_rate": 0.813,
    "num_nodes": 8,
    "ACT": 207.0627450980392,
    "AMS": 404.56927083333335,
    "downloaded_mb": 22584,
    "reused_mb": 72224,
    "reuse_rate": 0.7617922538182432,
    "objective_base": 305.81600796568625,
    "fail_penalty": 813.0,
    "lambda_fail": 1000.0,
    "objective": 1118.8160079656864
  },
  "assignment": {
    "edge-1": [
      "c871_scale_870",
      "c285_scale_284",
      "c572_scale_571",
      "c021_scale_20",
      "c020_scale_19",
      "c898_scale_897",
      "c603_scale_602",
      "c407_scale_406",
      "c473_scale_472",
      "c052_scale_51",
      "c084_scale_83",
      "c362_scale_361",
      "c211_scale_210",
      "c672_scale_671",
      "c973_scale_972",
      "c861_scale_860",
      "c043_scale_42",
      "c858_scale_857",
      "c098_scale_97",
      "c876_scale_875",
      "c375_scale_374",
      "c313_scale_312",
      "c053_scale_52",
      "c287_scale_286"
    ],
    "edge-2": [
      "c637_scale_636",
      "c866_scale_865",
      "c068_scale_67",
      "c335_scale_334",
      "c536_scale_535",
      "c982_scale_981",
      "c233_scale_232",
      "c577_scale_576",
      "c749_scale_748",
      "c843_scale_842",
      "c960_scale_959",
      "c985_scale_984",
      "c080_scale_79",
      "c401_scale_400",
      "c589_scale_588",
      "c628_scale_627",
      "c729_scale_728",
      "c795_scale_794",
      "c877_scale_876",
      "c919_scale_918",
      "c817_scale_816",
      "c194_scale_193",
      "c115_scale_114",
      "c775_scale_774"
    ],
    "edge-3": [
      "c374_scale_373",
      "c086_scale_85",
      "c679_scale_678",
      "c569_scale_568",
      "c065_scale_64",
      "c150_scale_149",
      "c459_scale_458",
      "c561_scale_560",
      "c585_scale_584",
      "c782_scale_781",
      "c872_scale_871",
      "c990_scale_989",
      "c658_scale_657",
      "c688_scale_687",
      "c979_scale_978",
      "c558_scale_557",
      "c038_scale_37",
      "c050_scale_49",
      "c161_scale_160",
      "c201_scale_200",
      "c801_scale_800",
      "c910_scale_909"
    ],
    "edge-4": [
      "c574_scale_573",
      "c599_scale_598",
      "c368_scale_367",
      "c832_scale_831",
      "c308_scale_307",
      "c567_scale_566",
      "c660_scale_659",
      "c675_scale_674",
      "c777_scale_776",
      "c226_scale_225",
      "c175_scale_174",
      "c687_scale_686",
      "c435_scale_434",
      "c471_scale_470",
      "c504_scale_503",
      "c131_scale_130",
      "c509_scale_508",
      "c834_scale_833",
      "c482_scale_481",
      "c106_scale_105",
      "c465_scale_464",
      "c646_scale_645",
      "c765_scale_764",
      "c122_scale_121"
    ],
    "edge-5": [
      "c443_scale_442",
      "c592_scale_591",
      "c922_scale_921",
      "c711_scale_710",
      "c424_scale_423",
      "c087_scale_86",
      "c289_scale_288",
      "c983_scale_982",
      "c248_scale_247",
      "c154_scale_153",
      "c350_scale_349",
      "c373_scale_372",
      "c468_scale_467",
      "c636_scale_635",
      "c787_scale_786",
      "c927_scale_926",
      "c928_scale_927",
      "c055_scale_54",
      "c200_scale_199",
      "c845_scale_844",
      "c908_scale_907",
      "c133_scale_132",
      "c641_scale_640"
    ],
    "edge-6": [
      "c472_scale_471",
      "c936_scale_935",
      "c948_scale_947",
      "c398_scale_397",
      "c724_scale_723",
      "c437_scale_436",
      "c462_scale_461",
      "c484_scale_483",
      "c865_scale_864",
      "c039_scale_38",
      "c228_scale_227",
      "c279_scale_278",
      "c377_scale_376",
      "c571_scale_570",
      "c591_scale_590",
      "c677_scale_676",
      "c760_scale_759",
      "c805_scale_804",
      "c994_scale_993",
      "c413_scale_412",
      "c923_scale_922",
      "c932_scale_931",
      "c785_scale_784",
      "c503_scale_502"
    ],
    "edge-7": [
      "c164_scale_163",
      "c977_scale_976",
      "c022_scale_21",
      "c359_scale_358",
      "c539_scale_538",
      "c606_scale_605",
      "c714_scale_713",
      "c054_scale_53",
      "c381_scale_380",
      "c969_scale_968",
      "c736_scale_735",
      "c268_scale_267",
      "c317_scale_316",
      "c208_scale_207",
      "c444_scale_443",
      "c418_scale_417",
      "c747_scale_746",
      "c209_scale_208",
      "c314_scale_313",
      "c300_scale_299",
      "c389_scale_388",
      "c402_scale_401"
    ],
    "edge-8": [
      "c579_scale_578",
      "c332_scale_331",
      "c343_scale_342",
      "c491_scale_490",
      "c689_scale_688",
      "c172_scale_171",
      "c426_scale_425",
      "c882_scale_881",
      "c790_scale_789",
      "c113_scale_112",
      "c004_scale_3",
      "c272_scale_271",
      "c030_scale_29",
      "c281_scale_280",
      "c669_scale_668",
      "c192_scale_191",
      "c241_scale_240",
      "c483_scale_482",
      "c597_scale_596",
      "c547_scale_546",
      "c235_scale_234",
      "c722_scale_721",
      "c141_scale_140",
      "c540_scale_539"
    ]
  },
  "ordered_queues": {
    "edge-1": [
      "c020_scale_19",
      "c021_scale_20",
      "c211_scale_210",
      "c285_scale_284",
      "c672_scale_671",
      "c898_scale_897",
      "c973_scale_972",
      "c098_scale_97",
      "c603_scale_602",
      "c876_scale_875",
      "c375_scale_374",
      "c407_scale_406",
      "c473_scale_472",
      "c572_scale_571",
      "c861_scale_860",
      "c871_scale_870",
      "c084_scale_83",
      "c052_scale_51",
      "c362_scale_361",
      "c313_scale_312",
      "c053_scale_52",
      "c287_scale_286",
      "c043_scale_42",
      "c858_scale_857"
    ],
    "edge-2": [
      "c068_scale_67",
      "c080_scale_79",
      "c233_scale_232",
      "c335_scale_334",
      "c401_scale_400",
      "c536_scale_535",
      "c577_scale_576",
      "c589_scale_588",
      "c628_scale_627",
      "c729_scale_728",
      "c749_scale_748",
      "c775_scale_774",
      "c795_scale_794",
      "c843_scale_842",
      "c877_scale_876",
      "c919_scale_918",
      "c960_scale_959",
      "c982_scale_981",
      "c985_scale_984",
      "c194_scale_193",
      "c637_scale_636",
      "c817_scale_816",
      "c115_scale_114",
      "c866_scale_865"
    ],
    "edge-3": [
      "c038_scale_37",
      "c050_scale_49",
      "c065_scale_64",
      "c150_scale_149",
      "c161_scale_160",
      "c201_scale_200",
      "c459_scale_458",
      "c561_scale_560",
      "c585_scale_584",
      "c782_scale_781",
      "c801_scale_800",
      "c872_scale_871",
      "c910_scale_909",
      "c990_scale_989",
      "c374_scale_373",
      "c658_scale_657",
      "c688_scale_687",
      "c979_scale_978",
      "c679_scale_678",
      "c086_scale_85",
      "c558_scale_557",
      "c569_scale_568"
    ],
    "edge-4": [
      "c368_scale_367",
      "c435_scale_434",
      "c471_scale_470",
      "c482_scale_481",
      "c509_scale_508",
      "c567_scale_566",
      "c660_scale_659",
      "c675_scale_674",
      "c777_scale_776",
      "c832_scale_831",
      "c834_scale_833",
      "c308_scale_307",
      "c574_scale_573",
      "c599_scale_598",
      "c131_scale_130",
      "c226_scale_225",
      "c175_scale_174",
      "c687_scale_686",
      "c465_scale_464",
      "c765_scale_764",
      "c646_scale_645",
      "c122_scale_121",
      "c106_scale_105",
      "c504_scale_503"
    ],
    "edge-5": [
      "c154_scale_153",
      "c350_scale_349",
      "c373_scale_372",
      "c468_scale_467",
      "c636_scale_635",
      "c787_scale_786",
      "c927_scale_926",
      "c928_scale_927",
      "c641_scale_640",
      "c200_scale_199",
      "c289_scale_288",
      "c592_scale_591",
      "c711_scale_710",
      "c845_scale_844",
      "c922_scale_921",
      "c055_scale_54",
      "c983_scale_982",
      "c424_scale_423",
      "c087_scale_86",
      "c248_scale_247",
      "c443_scale_442",
      "c908_scale_907",
      "c133_scale_132"
    ],
    "edge-6": [
      "c228_scale_227",
      "c279_scale_278",
      "c377_scale_376",
      "c503_scale_502",
      "c571_scale_570",
      "c591_scale_590",
      "c677_scale_676",
      "c760_scale_759",
      "c805_scale_804",
      "c923_scale_922",
      "c932_scale_931",
      "c994_scale_993",
      "c398_scale_397",
      "c472_scale_471",
      "c865_scale_864",
      "c936_scale_935",
      "c484_scale_483",
      "c948_scale_947",
      "c785_scale_784",
      "c413_scale_412",
      "c462_scale_461",
      "c039_scale_38",
      "c437_scale_436",
      "c724_scale_723"
    ],
    "edge-7": [
      "c359_scale_358",
      "c969_scale_968",
      "c300_scale_299",
      "c389_scale_388",
      "c539_scale_538",
      "c714_scale_713",
      "c977_scale_976",
      "c022_scale_21",
      "c164_scale_163",
      "c736_scale_735",
      "c054_scale_53",
      "c381_scale_380",
      "c444_scale_443",
      "c606_scale_605",
      "c317_scale_316",
      "c268_scale_267",
      "c208_scale_207",
      "c402_scale_401",
      "c418_scale_417",
      "c747_scale_746",
      "c209_scale_208",
      "c314_scale_313"
    ],
    "edge-8": [
      "c113_scale_112",
      "c172_scale_171",
      "c332_scale_331",
      "c343_scale_342",
      "c491_scale_490",
      "c689_scale_688",
      "c141_scale_140",
      "c540_scale_539",
      "c426_scale_425",
      "c192_scale_191",
      "c241_scale_240",
      "c483_scale_482",
      "c722_scale_721",
      "c579_scale_578",
      "c597_scale_596",
      "c004_scale_3",
      "c882_scale_881",
      "c235_scale_234",
      "c272_scale_271",
      "c669_scale_668",
      "c030_scale_29",
      "c281_scale_280",
      "c790_scale_789",
      "c547_scale_546"
    ]
  }
}
