{
  "summary": {
    "algo": "FG-DSCR-GC-K8s-selected",
    "num_containers": 800,
    "num_assigned": 301,
    "num_failed": 499,
    "fail_rate": 0.62375,
    "num_nodes": 16,
    "ACT": 172.99882336655594,
    "AMS": 325.51093749999995,
    "downloaded_mb": 30942,
    "reused_mb": 119901,
    "reuse_rate": 0.7948728147809312,
    "objective_base": 249.25488043327795,
    "fail_penalty": 623.75,
    "lambda_fail": 1000.0,
    "objective": 873.004880433278
  },
  "assignment": {
    "edge-1": [
      "c390_scale_389",
      "c787_scale_786",
      "c132_scale_131",
      "c127_scale_126",
      "c387_scale_386",
      "c394_scale_393",
      "c134_scale_133",
      "c469_scale_468",
      "c248_scale_247",
      "c147_scale_146",
      "c118_scale_117",
      "c784_scale_783",
      "c223_scale_222",
      "c689_scale_688",
      "c237_scale_236"
    ],
    "edge-2": [
      "c352_scale_351",
      "c656_scale_655",
      "c731_scale_730",
      "c247_scale_246",
      "c456_scale_455",
      "c241_scale_240",
      "c647_scale_646",
      "c135_scale_134",
      "c535_scale_534",
      "c611_scale_610",
      "c471_scale_470",
      "c328_scale_327",
      "c120_scale_119",
      "c525_scale_524",
      "c175_scale_174",
      "c446_scale_445",
      "c587_scale_586",
      "c030_scale_29",
      "c325_scale_324",
      "c437_scale_436"
    ],
    "edge-3": [
      "c498_scale_497",
      "c100_scale_99",
      "c048_scale_47",
      "c630_scale_629",
      "c404_scale_403",
      "c517_scale_516",
      "c131_scale_130",
      "c063_scale_62",
      "c095_scale_94",
      "c261_scale_260",
      "c085_scale_84",
      "c581_scale_580",
      "c763_scale_762",
      "c341_scale_340",
      "c490_scale_489",
      "c168_scale_167",
      "c604_scale_603",
      "c644_scale_643"
    ],
    "edge-4": [
      "c623_scale_622",
      "c062_scale_61",
      "c533_scale_532",
      "c485_scale_484",
      "c556_scale_555",
      "c682_scale_681",
      "c743_scale_742",
      "c074_scale_73",
      "c331_scale_330",
      "c393_scale_392",
      "c429_scale_428",
      "c582_scale_581",
      "c664_scale_663",
      "c723_scale_722",
      "c144_scale_143",
      "c451_scale_450",
      "c032_scale_31",
      "c044_scale_43",
      "c194_scale_193",
      "c271_scale_270",
      "c370_scale_369",
      "c454_scale_453",
      "c565_scale_564",
      "c584_scale_583"
    ],
    "edge-5": [
      "c066_scale_65",
      "c590_scale_589",
      "c368_scale_367",
      "c226_scale_225",
      "c068_scale_67",
      "c347_scale_346",
      "c628_scale_627",
      "c589_scale_588",
      "c070_scale_69",
      "c224_scale_223",
      "c279_scale_278",
      "c408_scale_407",
      "c297_scale_296",
      "c197_scale_196",
      "c007_scale_6",
      "c609_scale_608"
    ],
    "edge-6": [
      "c545_scale_544",
      "c753_scale_752",
      "c769_scale_768",
      "c797_scale_796",
      "c037_scale_36",
      "c148_scale_147",
      "c343_scale_342",
      "c366_scale_365",
      "c460_scale_459",
      "c779_scale_778",
      "c301_scale_300",
      "c306_scale_305",
      "c497_scale_496",
      "c621_scale_620",
      "c793_scale_792",
      "c683_scale_682",
      "c483_scale_482",
      "c704_scale_703",
      "c710_scale_709",
      "c122_scale_121"
    ],
    "edge-7": [
      "c619_scale_618",
      "c708_scale_707",
      "c203_scale_202",
      "c292_scale_291",
      "c614_scale_613",
      "c543_scale_542",
      "c748_scale_747",
      "c275_scale_274",
      "c295_scale_294",
      "c308_scale_307",
      "c494_scale_493",
      "c570_scale_569",
      "c572_scale_571",
      "c588_scale_587",
      "c455_scale_454",
      "c198_scale_197",
      "c521_scale_520",
      "c239_scale_238",
      "c552_scale_551"
    ],
    "edge-8": [
      "c367_scale_366",
      "c652_scale_651",
      "c357_scale_356",
      "c049_scale_48",
      "c051_scale_50",
      "c539_scale_538",
      "c620_scale_619",
      "c595_scale_594",
      "c242_scale_241",
      "c263_scale_262",
      "c373_scale_372",
      "c761_scale_760",
      "c283_scale_282",
      "c023_scale_22",
      "c149_scale_148",
      "c476_scale_475",
      "c285_scale_284",
      "c660_scale_659",
      "c103_scale_102"
    ],
    "edge-9": [
      "c374_scale_373",
      "c225_scale_224",
      "c082_scale_81",
      "c640_scale_639",
      "c166_scale_165",
      "c591_scale_590",
      "c214_scale_213",
      "c776_scale_775",
      "c183_scale_182",
      "c323_scale_322",
      "c562_scale_561",
      "c766_scale_765",
      "c136_scale_135",
      "c434_scale_433",
      "c495_scale_494",
      "c447_scale_446"
    ],
    "edge-10": [
      "c412_scale_411",
      "c059_scale_58",
      "c260_scale_259",
      "c575_scale_574",
      "c250_scale_249",
      "c639_scale_638",
      "c369_scale_368",
      "c727_scale_726",
      "c129_scale_128",
      "c243_scale_242",
      "c294_scale_293",
      "c398_scale_397",
      "c678_scale_677",
      "c310_scale_309",
      "c669_scale_668",
      "c227_scale_226",
      "c244_scale_243",
      "c383_scale_382"
    ],
    "edge-11": [
      "c563_scale_562",
      "c553_scale_552",
      "c053_scale_52",
      "c542_scale_541",
      "c047_scale_46",
      "c305_scale_304",
      "c172_scale_171",
      "c767_scale_766",
      "c102_scale_101",
      "c104_scale_103",
      "c189_scale_188",
      "c217_scale_216",
      "c235_scale_234",
      "c191_scale_190",
      "c405_scale_404",
      "c649_scale_648",
      "c091_scale_90"
    ],
    "edge-12": [
      "c195_scale_194",
      "c333_scale_332",
      "c698_scale_697",
      "c016_scale_15",
      "c076_scale_75",
      "c566_scale_565",
      "c561_scale_560",
      "c014_scale_13",
      "c681_scale_680",
      "c418_scale_417",
      "c427_scale_426",
      "c463_scale_462",
      "c060_scale_59",
      "c187_scale_186",
      "c088_scale_87",
      "c399_scale_398",
      "c503_scale_502",
      "c253_scale_252",
      "c618_scale_617",
      "c745_scale_744",
      "c695_scale_694",
      "c532_scale_531"
    ],
    "edge-13": [
      "c324_scale_323",
      "c531_scale_530",
      "c706_scale_705",
      "c481_scale_480",
      "c071_scale_70",
      "c169_scale_168",
      "c606_scale_605",
      "c093_scale_92",
      "c256_scale_255",
      "c314_scale_313",
      "c478_scale_477",
      "c489_scale_488",
      "c221_scale_220",
      "c161_scale_160",
      "c181_scale_180",
      "c799_scale_798",
      "c760_scale_759"
    ],
    "edge-14": [
      "c747_scale_746",
      "c585_scale_584",
      "c673_scale_672",
      "c705_scale_704",
      "c281_scale_280",
      "c729_scale_728",
      "c193_scale_192",
      "c436_scale_435",
      "c474_scale_473",
      "c528_scale_527",
      "c544_scale_543",
      "c625_scale_624",
      "c473_scale_472",
      "c006_scale_5",
      "c158_scale_157",
      "c274_scale_273",
      "c208_scale_207",
      "c746_scale_745",
      "c697_scale_696",
      "c202_scale_201"
    ],
    "edge-15": [
      "c290_scale_289",
      "c677_scale_676",
      "c487_scale_486",
      "c377_scale_376",
      "c201_scale_200",
      "c356_scale_355",
      "c672_scale_671",
      "c430_scale_429",
      "c666_scale_665",
      "c577_scale_576",
      "c108_scale_107",
      "c663_scale_662",
      "c360_scale_359",
      "c798_scale_797",
      "c058_scale_57",
      "c612_scale_611",
      "c665_scale_664",
      "c690_scale_689",
      "c229_scale_228"
    ],
    "edge-16": [
      "c096_scale_95",
      "c151_scale_150",
      "c119_scale_118",
      "c576_scale_575",
      "c671_scale_670",
      "c231_scale_230",
      "c380_scale_379",
      "c633_scale_632",
      "c782_scale_781",
      "c022_scale_21",
      "c273_scale_272",
      "c600_scale_599",
      "c579_scale_578",
      "c415_scale_414",
      "c540_scale_539",
      "c546_scale_545",
      "c755_scale_754",
      "c571_scale_570",
      "c061_scale_60",
      "c084_scale_83",
      "c178_scale_177"
    ]
  },
  "ordered_queues": {
    "edge-1": [
      "c127_scale_126",
      "c134_scale_133",
      "c237_scale_236",
      "c387_scale_386",
      "c390_scale_389",
      "c394_scale_393",
      "c469_scale_468",
      "c787_scale_786",
      "c132_scale_131",
      "c248_scale_247",
      "c118_scale_117",
      "c147_scale_146",
      "c784_scale_783",
      "c223_scale_222",
      "c689_scale_688"
    ],
    "edge-2": [
      "c120_scale_119",
      "c241_scale_240",
      "c247_scale_246",
      "c587_scale_586",
      "c611_scale_610",
      "c656_scale_655",
      "c731_scale_730",
      "c135_scale_134",
      "c535_scale_534",
      "c471_scale_470",
      "c328_scale_327",
      "c352_scale_351",
      "c456_scale_455",
      "c525_scale_524",
      "c647_scale_646",
      "c030_scale_29",
      "c175_scale_174",
      "c325_scale_324",
      "c437_scale_436",
      "c446_scale_445"
    ],
    "edge-3": [
      "c048_scale_47",
      "c063_scale_62",
      "c095_scale_94",
      "c100_scale_99",
      "c341_scale_340",
      "c404_scale_403",
      "c498_scale_497",
      "c517_scale_516",
      "c630_scale_629",
      "c131_scale_130",
      "c261_scale_260",
      "c490_scale_489",
      "c085_scale_84",
      "c168_scale_167",
      "c581_scale_580",
      "c604_scale_603",
      "c644_scale_643",
      "c763_scale_762"
    ],
    "edge-4": [
      "c032_scale_31",
      "c044_scale_43",
      "c062_scale_61",
      "c074_scale_73",
      "c144_scale_143",
      "c194_scale_193",
      "c271_scale_270",
      "c331_scale_330",
      "c370_scale_369",
      "c393_scale_392",
      "c429_scale_428",
      "c451_scale_450",
      "c454_scale_453",
      "c485_scale_484",
      "c533_scale_532",
      "c556_scale_555",
      "c565_scale_564",
      "c582_scale_581",
      "c584_scale_583",
      "c664_scale_663",
      "c682_scale_681",
      "c723_scale_722",
      "c743_scale_742",
      "c623_scale_622"
    ],
    "edge-5": [
      "c226_scale_225",
      "c070_scale_69",
      "c224_scale_223",
      "c279_scale_278",
      "c007_scale_6",
      "c589_scale_588",
      "c590_scale_589",
      "c609_scale_608",
      "c368_scale_367",
      "c066_scale_65",
      "c068_scale_67",
      "c408_scale_407",
      "c297_scale_296",
      "c628_scale_627",
      "c347_scale_346",
      "c197_scale_196"
    ],
    "edge-6": [
      "c037_scale_36",
      "c122_scale_121",
      "c148_scale_147",
      "c301_scale_300",
      "c306_scale_305",
      "c343_scale_342",
      "c366_scale_365",
      "c460_scale_459",
      "c483_scale_482",
      "c497_scale_496",
      "c621_scale_620",
      "c704_scale_703",
      "c710_scale_709",
      "c753_scale_752",
      "c769_scale_768",
      "c779_scale_778",
      "c793_scale_792",
      "c797_scale_796",
      "c545_scale_544",
      "c683_scale_682"
    ],
    "edge-7": [
      "c295_scale_294",
      "c308_scale_307",
      "c455_scale_454",
      "c494_scale_493",
      "c570_scale_569",
      "c572_scale_571",
      "c588_scale_587",
      "c198_scale_197",
      "c203_scale_202",
      "c275_scale_274",
      "c292_scale_291",
      "c543_scale_542",
      "c619_scale_618",
      "c708_scale_707",
      "c748_scale_747",
      "c614_scale_613",
      "c239_scale_238",
      "c552_scale_551",
      "c521_scale_520"
    ],
    "edge-8": [
      "c023_scale_22",
      "c051_scale_50",
      "c149_scale_148",
      "c242_scale_241",
      "c263_scale_262",
      "c283_scale_282",
      "c373_scale_372",
      "c539_scale_538",
      "c620_scale_619",
      "c761_scale_760",
      "c285_scale_284",
      "c367_scale_366",
      "c595_scale_594",
      "c652_scale_651",
      "c660_scale_659",
      "c049_scale_48",
      "c357_scale_356",
      "c476_scale_475",
      "c103_scale_102"
    ],
    "edge-9": [
      "c082_scale_81",
      "c166_scale_165",
      "c225_scale_224",
      "c374_scale_373",
      "c640_scale_639",
      "c766_scale_765",
      "c776_scale_775",
      "c136_scale_135",
      "c434_scale_433",
      "c447_scale_446",
      "c495_scale_494",
      "c183_scale_182",
      "c214_scale_213",
      "c323_scale_322",
      "c591_scale_590",
      "c562_scale_561"
    ],
    "edge-10": [
      "c250_scale_249",
      "c260_scale_259",
      "c310_scale_309",
      "c369_scale_368",
      "c575_scale_574",
      "c639_scale_638",
      "c669_scale_668",
      "c727_scale_726",
      "c244_scale_243",
      "c383_scale_382",
      "c059_scale_58",
      "c129_scale_128",
      "c412_scale_411",
      "c243_scale_242",
      "c294_scale_293",
      "c227_scale_226",
      "c398_scale_397",
      "c678_scale_677"
    ],
    "edge-11": [
      "c102_scale_101",
      "c104_scale_103",
      "c189_scale_188",
      "c191_scale_190",
      "c217_scale_216",
      "c235_scale_234",
      "c405_scale_404",
      "c047_scale_46",
      "c053_scale_52",
      "c172_scale_171",
      "c305_scale_304",
      "c542_scale_541",
      "c553_scale_552",
      "c563_scale_562",
      "c767_scale_766",
      "c649_scale_648",
      "c091_scale_90"
    ],
    "edge-12": [
      "c014_scale_13",
      "c060_scale_59",
      "c088_scale_87",
      "c195_scale_194",
      "c253_scale_252",
      "c333_scale_332",
      "c532_scale_531",
      "c618_scale_617",
      "c698_scale_697",
      "c427_scale_426",
      "c463_scale_462",
      "c503_scale_502",
      "c561_scale_560",
      "c187_scale_186",
      "c399_scale_398",
      "c681_scale_680",
      "c745_scale_744",
      "c418_scale_417",
      "c016_scale_15",
      "c076_scale_75",
      "c566_scale_565",
      "c695_scale_694"
    ],
    "edge-13": [
      "c093_scale_92",
      "c161_scale_160",
      "c169_scale_168",
      "c181_scale_180",
      "c221_scale_220",
      "c256_scale_255",
      "c314_scale_313",
      "c478_scale_477",
      "c799_scale_798",
      "c489_scale_488",
      "c760_scale_759",
      "c071_scale_70",
      "c324_scale_323",
      "c481_scale_480",
      "c531_scale_530",
      "c606_scale_605",
      "c706_scale_705"
    ],
    "edge-14": [
      "c006_scale_5",
      "c158_scale_157",
      "c202_scale_201",
      "c208_scale_207",
      "c274_scale_273",
      "c528_scale_527",
      "c544_scale_543",
      "c625_scale_624",
      "c746_scale_745",
      "c193_scale_192",
      "c281_scale_280",
      "c436_scale_435",
      "c473_scale_472",
      "c474_scale_473",
      "c585_scale_584",
      "c673_scale_672",
      "c705_scale_704",
      "c729_scale_728",
      "c747_scale_746",
      "c697_scale_696"
    ],
    "edge-15": [
      "c108_scale_107",
      "c377_scale_376",
      "c430_scale_429",
      "c577_scale_576",
      "c666_scale_665",
      "c672_scale_671",
      "c201_scale_200",
      "c356_scale_355",
      "c487_scale_486",
      "c663_scale_662",
      "c690_scale_689",
      "c229_scale_228",
      "c058_scale_57",
      "c290_scale_289",
      "c677_scale_676",
      "c360_scale_359",
      "c798_scale_797",
      "c612_scale_611",
      "c665_scale_664"
    ],
    "edge-16": [
      "c022_scale_21",
      "c084_scale_83",
      "c096_scale_95",
      "c119_scale_118",
      "c151_scale_150",
      "c231_scale_230",
      "c273_scale_272",
      "c380_scale_379",
      "c415_scale_414",
      "c540_scale_539",
      "c546_scale_545",
      "c571_scale_570",
      "c576_scale_575",
      "c600_scale_599",
      "c633_scale_632",
      "c671_scale_670",
      "c755_scale_754",
      "c782_scale_781",
      "c579_scale_578",
      "c061_scale_60",
      "c178_scale_177"
    ]
  }
}
