{
  "summary": {
    "algo": "FG-DSCR-GC-K8s-selected",
    "num_containers": 1500,
    "num_assigned": 192,
    "num_failed": 1308,
    "fail_rate": 0.872,
    "num_nodes": 8,
    "ACT": 210.35705295138885,
    "AMS": 427.05729166666663,
    "downloaded_mb": 28857,
    "reused_mb": 65708,
    "reuse_rate": 0.6948448157352086,
    "objective_base": 318.7071723090277,
    "fail_penalty": 872.0,
    "lambda_fail": 1000.0,
    "objective": 1190.7071723090278
  },
  "assignment": {
    "edge-1": [
      "c164_scale_163",
      "c164_scale_1163",
      "c977_scale_976",
      "c022_scale_21",
      "c022_scale_1021",
      "c426_scale_425",
      "c426_scale_1425",
      "c790_scale_789",
      "c194_scale_193",
      "c539_scale_538",
      "c714_scale_713",
      "c289_scale_1288",
      "c381_scale_380",
      "c054_scale_1053",
      "c381_scale_1380",
      "c030_scale_29",
      "c281_scale_280",
      "c030_scale_1029",
      "c281_scale_1280",
      "c039_scale_38",
      "c279_scale_1278",
      "c377_scale_1376",
      "c969_scale_968",
      "c861_scale_860"
    ],
    "edge-2": [
      "c637_scale_636",
      "c866_scale_865",
      "c285_scale_284",
      "c285_scale_1284",
      "c021_scale_20",
      "c021_scale_1020",
      "c882_scale_881",
      "c020_scale_19",
      "c898_scale_897",
      "c020_scale_1019",
      "c194_scale_1193",
      "c679_scale_678",
      "c115_scale_114",
      "c115_scale_1114",
      "c603_scale_602",
      "c473_scale_472",
      "c473_scale_1472",
      "c052_scale_51",
      "c052_scale_1051",
      "c004_scale_3",
      "c571_scale_570",
      "c591_scale_590",
      "c677_scale_676",
      "c760_scale_759"
    ],
    "edge-3": [
      "c374_scale_373",
      "c374_scale_1373",
      "c175_scale_174",
      "c175_scale_1174",
      "c504_scale_503",
      "c359_scale_358",
      "c359_scale_1358",
      "c106_scale_105",
      "c606_scale_605",
      "c106_scale_1105",
      "c424_scale_423",
      "c424_scale_1423",
      "c462_scale_461",
      "c462_scale_1461",
      "c658_scale_657",
      "c688_scale_687",
      "c979_scale_978",
      "c362_scale_361",
      "c362_scale_1361",
      "c054_scale_53",
      "c805_scale_804",
      "c994_scale_993",
      "c038_scale_1037",
      "c228_scale_1227"
    ],
    "edge-4": [
      "c574_scale_573",
      "c599_scale_598",
      "c368_scale_367",
      "c832_scale_831",
      "c368_scale_1367",
      "c308_scale_307",
      "c308_scale_1307",
      "c567_scale_566",
      "c660_scale_659",
      "c675_scale_674",
      "c777_scale_776",
      "c068_scale_67",
      "c335_scale_334",
      "c536_scale_535",
      "c982_scale_981",
      "c068_scale_1067",
      "c335_scale_1334",
      "c435_scale_434",
      "c471_scale_470",
      "c435_scale_1434",
      "c471_scale_1470",
      "c233_scale_232",
      "c577_scale_576",
      "c749_scale_748"
    ],
    "edge-5": [
      "c443_scale_442",
      "c443_scale_1442",
      "c843_scale_842",
      "c960_scale_959",
      "c985_scale_984",
      "c233_scale_1232",
      "c080_scale_79",
      "c401_scale_400",
      "c589_scale_588",
      "c628_scale_627",
      "c729_scale_728",
      "c795_scale_794",
      "c877_scale_876",
      "c919_scale_918",
      "c080_scale_1079",
      "c401_scale_1400",
      "c065_scale_64",
      "c150_scale_149",
      "c459_scale_458",
      "c561_scale_560",
      "c585_scale_584",
      "c782_scale_781",
      "c872_scale_871",
      "c990_scale_989"
    ],
    "edge-6": [
      "c472_scale_471",
      "c472_scale_1471",
      "c936_scale_935",
      "c948_scale_947",
      "c398_scale_397",
      "c398_scale_1397",
      "c724_scale_723",
      "c437_scale_436",
      "c437_scale_1436",
      "c407_scale_406",
      "c407_scale_1406",
      "c004_scale_1003",
      "c087_scale_86",
      "c087_scale_1086",
      "c484_scale_483",
      "c484_scale_1483",
      "c865_scale_864",
      "c211_scale_210",
      "c672_scale_671",
      "c973_scale_972",
      "c039_scale_1038",
      "c038_scale_37",
      "c050_scale_49",
      "c161_scale_160"
    ],
    "edge-7": [
      "c871_scale_870",
      "c226_scale_225",
      "c226_scale_1225",
      "c572_scale_571",
      "c086_scale_85",
      "c086_scale_1085",
      "c131_scale_130",
      "c131_scale_1130",
      "c509_scale_508",
      "c834_scale_833",
      "c817_scale_816",
      "c482_scale_481",
      "c482_scale_1481",
      "c569_scale_568",
      "c084_scale_83",
      "c084_scale_1083",
      "c558_scale_557",
      "c272_scale_271",
      "c272_scale_1271",
      "c211_scale_1210",
      "c050_scale_1049",
      "c161_scale_1160",
      "c201_scale_1200",
      "c736_scale_735"
    ],
    "edge-8": [
      "c579_scale_578",
      "c332_scale_331",
      "c343_scale_342",
      "c491_scale_490",
      "c689_scale_688",
      "c332_scale_1331",
      "c343_scale_1342",
      "c491_scale_1490",
      "c687_scale_686",
      "c172_scale_171",
      "c172_scale_1171",
      "c592_scale_591",
      "c922_scale_921",
      "c113_scale_112",
      "c113_scale_1112",
      "c711_scale_710",
      "c065_scale_1064",
      "c150_scale_1149",
      "c459_scale_1458",
      "c289_scale_288",
      "c201_scale_200",
      "c228_scale_227",
      "c279_scale_278",
      "c377_scale_376"
    ]
  },
  "ordered_queues": {
    "edge-1": [
      "c194_scale_193",
      "c022_scale_1021",
      "c022_scale_21",
      "c164_scale_1163",
      "c164_scale_163",
      "c969_scale_968",
      "c426_scale_1425",
      "c426_scale_425",
      "c030_scale_1029",
      "c030_scale_29",
      "c281_scale_1280",
      "c281_scale_280",
      "c790_scale_789",
      "c861_scale_860",
      "c539_scale_538",
      "c714_scale_713",
      "c977_scale_976",
      "c054_scale_1053",
      "c381_scale_1380",
      "c381_scale_380",
      "c289_scale_1288",
      "c039_scale_38",
      "c279_scale_1278",
      "c377_scale_1376"
    ],
    "edge-2": [
      "c020_scale_1019",
      "c020_scale_19",
      "c021_scale_1020",
      "c021_scale_20",
      "c285_scale_1284",
      "c285_scale_284",
      "c898_scale_897",
      "c194_scale_1193",
      "c637_scale_636",
      "c603_scale_602",
      "c473_scale_1472",
      "c473_scale_472",
      "c679_scale_678",
      "c115_scale_1114",
      "c115_scale_114",
      "c866_scale_865",
      "c052_scale_1051",
      "c052_scale_51",
      "c004_scale_3",
      "c882_scale_881",
      "c571_scale_570",
      "c591_scale_590",
      "c677_scale_676",
      "c760_scale_759"
    ],
    "edge-3": [
      "c374_scale_1373",
      "c374_scale_373",
      "c658_scale_657",
      "c688_scale_687",
      "c979_scale_978",
      "c175_scale_1174",
      "c175_scale_174",
      "c359_scale_1358",
      "c359_scale_358",
      "c462_scale_1461",
      "c462_scale_461",
      "c424_scale_1423",
      "c424_scale_423",
      "c054_scale_53",
      "c106_scale_105",
      "c106_scale_1105",
      "c504_scale_503",
      "c606_scale_605",
      "c362_scale_1361",
      "c362_scale_361",
      "c038_scale_1037",
      "c228_scale_1227",
      "c805_scale_804",
      "c994_scale_993"
    ],
    "edge-4": [
      "c068_scale_1067",
      "c068_scale_67",
      "c233_scale_232",
      "c335_scale_1334",
      "c335_scale_334",
      "c536_scale_535",
      "c577_scale_576",
      "c749_scale_748",
      "c982_scale_981",
      "c368_scale_1367",
      "c368_scale_367",
      "c435_scale_1434",
      "c435_scale_434",
      "c471_scale_1470",
      "c471_scale_470",
      "c567_scale_566",
      "c660_scale_659",
      "c675_scale_674",
      "c777_scale_776",
      "c832_scale_831",
      "c308_scale_1307",
      "c308_scale_307",
      "c574_scale_573",
      "c599_scale_598"
    ],
    "edge-5": [
      "c065_scale_64",
      "c080_scale_1079",
      "c080_scale_79",
      "c150_scale_149",
      "c233_scale_1232",
      "c401_scale_1400",
      "c401_scale_400",
      "c459_scale_458",
      "c561_scale_560",
      "c585_scale_584",
      "c589_scale_588",
      "c628_scale_627",
      "c729_scale_728",
      "c782_scale_781",
      "c795_scale_794",
      "c843_scale_842",
      "c872_scale_871",
      "c877_scale_876",
      "c919_scale_918",
      "c960_scale_959",
      "c985_scale_984",
      "c990_scale_989",
      "c443_scale_1442",
      "c443_scale_442"
    ],
    "edge-6": [
      "c398_scale_1397",
      "c398_scale_397",
      "c472_scale_1471",
      "c472_scale_471",
      "c865_scale_864",
      "c936_scale_935",
      "c484_scale_1483",
      "c484_scale_483",
      "c948_scale_947",
      "c407_scale_1406",
      "c407_scale_406",
      "c039_scale_1038",
      "c437_scale_1436",
      "c437_scale_436",
      "c724_scale_723",
      "c004_scale_1003",
      "c087_scale_1086",
      "c087_scale_86",
      "c211_scale_210",
      "c672_scale_671",
      "c973_scale_972",
      "c038_scale_37",
      "c050_scale_49",
      "c161_scale_160"
    ],
    "edge-7": [
      "c817_scale_816",
      "c131_scale_1130",
      "c131_scale_130",
      "c226_scale_1225",
      "c226_scale_225",
      "c272_scale_1271",
      "c272_scale_271",
      "c482_scale_1481",
      "c482_scale_481",
      "c509_scale_508",
      "c834_scale_833",
      "c084_scale_1083",
      "c084_scale_83",
      "c572_scale_571",
      "c871_scale_870",
      "c086_scale_1085",
      "c086_scale_85",
      "c558_scale_557",
      "c569_scale_568",
      "c736_scale_735",
      "c211_scale_1210",
      "c050_scale_1049",
      "c161_scale_1160",
      "c201_scale_1200"
    ],
    "edge-8": [
      "c065_scale_1064",
      "c150_scale_1149",
      "c201_scale_200",
      "c228_scale_227",
      "c279_scale_278",
      "c377_scale_376",
      "c459_scale_1458",
      "c113_scale_1112",
      "c113_scale_112",
      "c172_scale_1171",
      "c172_scale_171",
      "c332_scale_1331",
      "c332_scale_331",
      "c343_scale_1342",
      "c343_scale_342",
      "c491_scale_1490",
      "c491_scale_490",
      "c689_scale_688",
      "c687_scale_686",
      "c579_scale_578",
      "c289_scale_288",
      "c592_scale_591",
      "c711_scale_710",
      "c922_scale_921"
    ]
  }
}
