{
  "summary": {
    "algo": "FG-DSCR-GC-K8s-selected",
    "num_containers": 2000,
    "num_assigned": 143,
    "num_failed": 1857,
    "fail_rate": 0.9285,
    "num_nodes": 6,
    "ACT": 176.81518065268065,
    "AMS": 337.88055555555553,
    "downloaded_mb": 4946,
    "reused_mb": 36748,
    "reuse_rate": 0.8813738187748836,
    "objective_base": 257.3478681041181,
    "fail_penalty": 928.5,
    "lambda_fail": 1000.0,
    "objective": 1185.847868104118
  },
  "assignment": {
    "edge-1": [
      "c047_scale_46",
      "c047_scale_1046",
      "c135_scale_134",
      "c691_scale_690",
      "c135_scale_1134",
      "c691_scale_1690",
      "c645_scale_644",
      "c752_scale_751",
      "c645_scale_1644",
      "c752_scale_1751",
      "c144_scale_143",
      "c144_scale_1143",
      "c564_scale_563",
      "c767_scale_766",
      "c949_scale_948",
      "c134_scale_1133",
      "c190_scale_1189",
      "c236_scale_1235",
      "c564_scale_1563",
      "c767_scale_1766",
      "c166_scale_1165",
      "c536_scale_535",
      "c549_scale_548",
      "c536_scale_1535"
    ],
    "edge-2": [
      "c466_scale_465",
      "c466_scale_1465",
      "c147_scale_146",
      "c147_scale_1146",
      "c308_scale_307",
      "c610_scale_609",
      "c308_scale_1307",
      "c610_scale_1609",
      "c326_scale_325",
      "c326_scale_1325",
      "c279_scale_278",
      "c485_scale_484",
      "c596_scale_595",
      "c930_scale_929",
      "c279_scale_1278",
      "c485_scale_1484",
      "c596_scale_1595",
      "c930_scale_1929",
      "c033_scale_32",
      "c109_scale_108",
      "c139_scale_138",
      "c636_scale_635",
      "c944_scale_943",
      "c033_scale_1032"
    ],
    "edge-3": [
      "c300_scale_299",
      "c300_scale_1299",
      "c782_scale_781",
      "c782_scale_1781",
      "c949_scale_1948",
      "c861_scale_860",
      "c861_scale_1860",
      "c684_scale_683",
      "c684_scale_1683",
      "c045_scale_44",
      "c307_scale_306",
      "c442_scale_441",
      "c527_scale_526",
      "c795_scale_794",
      "c045_scale_1044",
      "c307_scale_1306",
      "c442_scale_1441",
      "c527_scale_1526",
      "c795_scale_1794",
      "c027_scale_26",
      "c027_scale_1026",
      "c653_scale_1652",
      "c166_scale_165"
    ],
    "edge-4": [
      "c937_scale_936",
      "c937_scale_1936",
      "c732_scale_731",
      "c892_scale_891",
      "c961_scale_960",
      "c990_scale_989",
      "c732_scale_1731",
      "c892_scale_1891",
      "c961_scale_1960",
      "c990_scale_1989",
      "c234_scale_233",
      "c362_scale_361",
      "c385_scale_384",
      "c433_scale_432",
      "c472_scale_471",
      "c613_scale_612",
      "c234_scale_1233",
      "c362_scale_1361",
      "c385_scale_1384",
      "c433_scale_1432",
      "c472_scale_1471",
      "c613_scale_1612",
      "c180_scale_179",
      "c653_scale_652"
    ],
    "edge-5": [
      "c109_scale_1108",
      "c139_scale_1138",
      "c636_scale_1635",
      "c944_scale_1943",
      "c081_scale_80",
      "c339_scale_338",
      "c427_scale_426",
      "c652_scale_651",
      "c702_scale_701",
      "c745_scale_744",
      "c081_scale_1080",
      "c339_scale_1338",
      "c427_scale_1426",
      "c652_scale_1651",
      "c702_scale_1701",
      "c745_scale_1744",
      "c180_scale_1179",
      "c134_scale_133",
      "c190_scale_189",
      "c236_scale_235",
      "c174_scale_1173",
      "c021_scale_20",
      "c021_scale_1020",
      "c010_scale_9"
    ],
    "edge-6": [
      "c434_scale_433",
      "c667_scale_666",
      "c846_scale_845",
      "c434_scale_1433",
      "c667_scale_1666",
      "c846_scale_1845",
      "c220_scale_219",
      "c309_scale_308",
      "c943_scale_942",
      "c220_scale_1219",
      "c309_scale_1308",
      "c943_scale_1942",
      "c376_scale_375",
      "c853_scale_852",
      "c376_scale_1375",
      "c853_scale_1852",
      "c473_scale_472",
      "c550_scale_549",
      "c473_scale_1472",
      "c550_scale_1549",
      "c549_scale_1548",
      "c136_scale_135",
      "c174_scale_173",
      "c136_scale_1135"
    ]
  },
  "ordered_queues": {
    "edge-1": [
      "c134_scale_1133",
      "c190_scale_1189",
      "c236_scale_1235",
      "c564_scale_1563",
      "c564_scale_563",
      "c767_scale_1766",
      "c767_scale_766",
      "c949_scale_948",
      "c047_scale_1046",
      "c047_scale_46",
      "c144_scale_1143",
      "c144_scale_143",
      "c645_scale_1644",
      "c645_scale_644",
      "c752_scale_1751",
      "c752_scale_751",
      "c536_scale_1535",
      "c536_scale_535",
      "c549_scale_548",
      "c135_scale_1134",
      "c135_scale_134",
      "c166_scale_1165",
      "c691_scale_1690",
      "c691_scale_690"
    ],
    "edge-2": [
      "c033_scale_1032",
      "c033_scale_32",
      "c109_scale_108",
      "c139_scale_138",
      "c326_scale_1325",
      "c326_scale_325",
      "c636_scale_635",
      "c944_scale_943",
      "c147_scale_1146",
      "c147_scale_146",
      "c279_scale_1278",
      "c279_scale_278",
      "c308_scale_1307",
      "c308_scale_307",
      "c466_scale_1465",
      "c466_scale_465",
      "c485_scale_1484",
      "c485_scale_484",
      "c596_scale_1595",
      "c596_scale_595",
      "c610_scale_1609",
      "c610_scale_609",
      "c930_scale_1929",
      "c930_scale_929"
    ],
    "edge-3": [
      "c045_scale_1044",
      "c045_scale_44",
      "c307_scale_1306",
      "c307_scale_306",
      "c442_scale_1441",
      "c442_scale_441",
      "c527_scale_1526",
      "c527_scale_526",
      "c795_scale_1794",
      "c795_scale_794",
      "c166_scale_165",
      "c861_scale_1860",
      "c861_scale_860",
      "c027_scale_1026",
      "c027_scale_26",
      "c653_scale_1652",
      "c949_scale_1948",
      "c684_scale_1683",
      "c684_scale_683",
      "c300_scale_1299",
      "c300_scale_299",
      "c782_scale_1781",
      "c782_scale_781"
    ],
    "edge-4": [
      "c180_scale_179",
      "c234_scale_1233",
      "c234_scale_233",
      "c362_scale_1361",
      "c362_scale_361",
      "c385_scale_1384",
      "c385_scale_384",
      "c433_scale_1432",
      "c433_scale_432",
      "c472_scale_1471",
      "c472_scale_471",
      "c613_scale_1612",
      "c613_scale_612",
      "c732_scale_1731",
      "c732_scale_731",
      "c892_scale_1891",
      "c892_scale_891",
      "c937_scale_1936",
      "c937_scale_936",
      "c961_scale_1960",
      "c961_scale_960",
      "c990_scale_1989",
      "c990_scale_989",
      "c653_scale_652"
    ],
    "edge-5": [
      "c081_scale_1080",
      "c081_scale_80",
      "c109_scale_1108",
      "c134_scale_133",
      "c139_scale_1138",
      "c190_scale_189",
      "c236_scale_235",
      "c339_scale_1338",
      "c339_scale_338",
      "c427_scale_1426",
      "c427_scale_426",
      "c636_scale_1635",
      "c652_scale_1651",
      "c652_scale_651",
      "c702_scale_1701",
      "c702_scale_701",
      "c745_scale_1744",
      "c745_scale_744",
      "c944_scale_1943",
      "c021_scale_1020",
      "c021_scale_20",
      "c180_scale_1179",
      "c174_scale_1173",
      "c010_scale_9"
    ],
    "edge-6": [
      "c220_scale_1219",
      "c220_scale_219",
      "c309_scale_1308",
      "c309_scale_308",
      "c376_scale_1375",
      "c376_scale_375",
      "c434_scale_1433",
      "c434_scale_433",
      "c473_scale_1472",
      "c473_scale_472",
      "c550_scale_1549",
      "c550_scale_549",
      "c667_scale_1666",
      "c667_scale_666",
      "c846_scale_1845",
      "c846_scale_845",
      "c853_scale_1852",
      "c853_scale_852",
      "c943_scale_1942",
      "c943_scale_942",
      "c549_scale_1548",
      "c136_scale_1135",
      "c136_scale_135",
      "c174_scale_173"
    ]
  }
}
