{
  "summary": {
    "algo": "FG-DSCR-GC-K8s-selected",
    "num_containers": 600,
    "num_assigned": 192,
    "num_failed": 408,
    "fail_rate": 0.68,
    "num_nodes": 10,
    "ACT": 178.62157118055555,
    "AMS": 349.4808333333334,
    "downloaded_mb": 29923,
    "reused_mb": 65298,
    "reuse_rate": 0.6857520925006039,
    "objective_base": 264.05120225694446,
    "fail_penalty": 680.0,
    "lambda_fail": 1000.0,
    "objective": 944.0512022569444
  },
  "assignment": {
    "edge-1": [
      "c332_scale_331",
      "c343_scale_342",
      "c491_scale_490",
      "c172_scale_171",
      "c424_scale_423",
      "c004_scale_3",
      "c597_scale_596",
      "c375_scale_374",
      "c465_scale_464",
      "c077_scale_76",
      "c169_scale_168",
      "c487_scale_486",
      "c476_scale_475",
      "c063_scale_62",
      "c302_scale_301",
      "c406_scale_405",
      "c588_scale_587",
      "c495_scale_494",
      "c318_scale_317",
      "c575_scale_574"
    ],
    "edge-2": [
      "c574_scale_573",
      "c599_scale_598",
      "c472_scale_471",
      "c308_scale_307",
      "c226_scale_225",
      "c175_scale_174",
      "c022_scale_21",
      "c398_scale_397",
      "c131_scale_130",
      "c426_scale_425",
      "c113_scale_112",
      "c194_scale_193",
      "c359_scale_358",
      "c407_scale_406",
      "c462_scale_461",
      "c484_scale_483",
      "c413_scale_412",
      "c192_scale_191",
      "c241_scale_240",
      "c483_scale_482",
      "c269_scale_268",
      "c153_scale_152",
      "c145_scale_144"
    ],
    "edge-3": [
      "c086_scale_85",
      "c569_scale_568",
      "c084_scale_83",
      "c558_scale_557",
      "c350_scale_349",
      "c373_scale_372",
      "c468_scale_467",
      "c547_scale_546",
      "c209_scale_208",
      "c314_scale_313",
      "c503_scale_502",
      "c122_scale_121",
      "c313_scale_312",
      "c057_scale_56",
      "c544_scale_543",
      "c179_scale_178",
      "c249_scale_248",
      "c537_scale_536",
      "c562_scale_561"
    ],
    "edge-4": [
      "c368_scale_367",
      "c567_scale_566",
      "c435_scale_434",
      "c471_scale_470",
      "c509_scale_508",
      "c482_scale_481",
      "c473_scale_472",
      "c052_scale_51",
      "c362_scale_361",
      "c272_scale_271",
      "c208_scale_207",
      "c235_scale_234",
      "c402_scale_401",
      "c133_scale_132",
      "c287_scale_286",
      "c193_scale_192",
      "c140_scale_139",
      "c584_scale_583",
      "c090_scale_89",
      "c596_scale_595"
    ],
    "edge-5": [
      "c443_scale_442",
      "c115_scale_114",
      "c268_scale_267",
      "c098_scale_97",
      "c055_scale_54",
      "c255_scale_254",
      "c600_scale_599",
      "c336_scale_335",
      "c480_scale_479",
      "c108_scale_107",
      "c110_scale_109",
      "c196_scale_195",
      "c303_scale_302",
      "c261_scale_260",
      "c393_scale_392",
      "c564_scale_563"
    ],
    "edge-6": [
      "c579_scale_578",
      "c068_scale_67",
      "c335_scale_334",
      "c536_scale_535",
      "c233_scale_232",
      "c577_scale_576",
      "c080_scale_79",
      "c401_scale_400",
      "c589_scale_588",
      "c065_scale_64",
      "c150_scale_149",
      "c459_scale_458",
      "c561_scale_560",
      "c585_scale_584",
      "c038_scale_37",
      "c050_scale_49",
      "c161_scale_160",
      "c201_scale_200",
      "c228_scale_227",
      "c279_scale_278",
      "c377_scale_376",
      "c571_scale_570",
      "c591_scale_590",
      "c154_scale_153"
    ],
    "edge-7": [
      "c572_scale_571",
      "c437_scale_436",
      "c039_scale_38",
      "c043_scale_42",
      "c418_scale_417",
      "c141_scale_140",
      "c170_scale_169",
      "c478_scale_477",
      "c256_scale_255",
      "c210_scale_209",
      "c354_scale_353",
      "c213_scale_212",
      "c316_scale_315",
      "c595_scale_594",
      "c099_scale_98",
      "c237_scale_236"
    ],
    "edge-8": [
      "c164_scale_163",
      "c592_scale_591",
      "c539_scale_538",
      "c289_scale_288",
      "c317_scale_316",
      "c200_scale_199",
      "c053_scale_52",
      "c300_scale_299",
      "c389_scale_388",
      "c271_scale_270",
      "c481_scale_480",
      "c291_scale_290",
      "c530_scale_529",
      "c155_scale_154",
      "c182_scale_181",
      "c283_scale_282",
      "c548_scale_547",
      "c227_scale_226"
    ],
    "edge-9": [
      "c285_scale_284",
      "c021_scale_20",
      "c020_scale_19",
      "c087_scale_86",
      "c211_scale_210",
      "c248_scale_247",
      "c540_scale_539",
      "c066_scale_65",
      "c159_scale_158",
      "c137_scale_136",
      "c376_scale_375",
      "c135_scale_134",
      "c379_scale_378",
      "c525_scale_524",
      "c455_scale_454",
      "c310_scale_309",
      "c367_scale_366"
    ],
    "edge-10": [
      "c374_scale_373",
      "c504_scale_503",
      "c106_scale_105",
      "c054_scale_53",
      "c381_scale_380",
      "c030_scale_29",
      "c281_scale_280",
      "c444_scale_443",
      "c069_scale_68",
      "c454_scale_453",
      "c533_scale_532",
      "c549_scale_548",
      "c203_scale_202",
      "c238_scale_237",
      "c250_scale_249",
      "c264_scale_263",
      "c322_scale_321",
      "c067_scale_66",
      "c369_scale_368"
    ]
  },
  "ordered_queues": {
    "edge-1": [
      "c077_scale_76",
      "c169_scale_168",
      "c172_scale_171",
      "c332_scale_331",
      "c343_scale_342",
      "c487_scale_486",
      "c491_scale_490",
      "c375_scale_374",
      "c063_scale_62",
      "c465_scale_464",
      "c597_scale_596",
      "c424_scale_423",
      "c004_scale_3",
      "c495_scale_494",
      "c318_scale_317",
      "c575_scale_574",
      "c476_scale_475",
      "c302_scale_301",
      "c406_scale_405",
      "c588_scale_587"
    ],
    "edge-2": [
      "c192_scale_191",
      "c241_scale_240",
      "c398_scale_397",
      "c472_scale_471",
      "c483_scale_482",
      "c484_scale_483",
      "c308_scale_307",
      "c574_scale_573",
      "c599_scale_598",
      "c194_scale_193",
      "c131_scale_130",
      "c226_scale_225",
      "c022_scale_21",
      "c175_scale_174",
      "c407_scale_406",
      "c359_scale_358",
      "c426_scale_425",
      "c413_scale_412",
      "c462_scale_461",
      "c269_scale_268",
      "c153_scale_152",
      "c113_scale_112",
      "c145_scale_144"
    ],
    "edge-3": [
      "c057_scale_56",
      "c209_scale_208",
      "c249_scale_248",
      "c314_scale_313",
      "c350_scale_349",
      "c373_scale_372",
      "c468_scale_467",
      "c503_scale_502",
      "c537_scale_536",
      "c544_scale_543",
      "c086_scale_85",
      "c122_scale_121",
      "c179_scale_178",
      "c313_scale_312",
      "c547_scale_546",
      "c558_scale_557",
      "c569_scale_568",
      "c562_scale_561",
      "c084_scale_83"
    ],
    "edge-4": [
      "c193_scale_192",
      "c235_scale_234",
      "c272_scale_271",
      "c368_scale_367",
      "c402_scale_401",
      "c435_scale_434",
      "c471_scale_470",
      "c482_scale_481",
      "c509_scale_508",
      "c567_scale_566",
      "c208_scale_207",
      "c584_scale_583",
      "c133_scale_132",
      "c140_scale_139",
      "c287_scale_286",
      "c090_scale_89",
      "c473_scale_472",
      "c596_scale_595",
      "c052_scale_51",
      "c362_scale_361"
    ],
    "edge-5": [
      "c098_scale_97",
      "c564_scale_563",
      "c255_scale_254",
      "c055_scale_54",
      "c115_scale_114",
      "c268_scale_267",
      "c600_scale_599",
      "c443_scale_442",
      "c108_scale_107",
      "c110_scale_109",
      "c261_scale_260",
      "c480_scale_479",
      "c336_scale_335",
      "c196_scale_195",
      "c303_scale_302",
      "c393_scale_392"
    ],
    "edge-6": [
      "c038_scale_37",
      "c050_scale_49",
      "c065_scale_64",
      "c068_scale_67",
      "c080_scale_79",
      "c150_scale_149",
      "c154_scale_153",
      "c161_scale_160",
      "c201_scale_200",
      "c228_scale_227",
      "c233_scale_232",
      "c279_scale_278",
      "c335_scale_334",
      "c377_scale_376",
      "c401_scale_400",
      "c459_scale_458",
      "c536_scale_535",
      "c561_scale_560",
      "c571_scale_570",
      "c577_scale_576",
      "c585_scale_584",
      "c589_scale_588",
      "c591_scale_590",
      "c579_scale_578"
    ],
    "edge-7": [
      "c141_scale_140",
      "c478_scale_477",
      "c099_scale_98",
      "c354_scale_353",
      "c572_scale_571",
      "c256_scale_255",
      "c039_scale_38",
      "c043_scale_42",
      "c170_scale_169",
      "c418_scale_417",
      "c437_scale_436",
      "c210_scale_209",
      "c237_scale_236",
      "c213_scale_212",
      "c316_scale_315",
      "c595_scale_594"
    ],
    "edge-8": [
      "c053_scale_52",
      "c283_scale_282",
      "c300_scale_299",
      "c389_scale_388",
      "c539_scale_538",
      "c548_scale_547",
      "c164_scale_163",
      "c530_scale_529",
      "c200_scale_199",
      "c289_scale_288",
      "c481_scale_480",
      "c592_scale_591",
      "c227_scale_226",
      "c317_scale_316",
      "c155_scale_154",
      "c182_scale_181",
      "c271_scale_270",
      "c291_scale_290"
    ],
    "edge-9": [
      "c020_scale_19",
      "c021_scale_20",
      "c066_scale_65",
      "c211_scale_210",
      "c285_scale_284",
      "c310_scale_309",
      "c455_scale_454",
      "c540_scale_539",
      "c159_scale_158",
      "c376_scale_375",
      "c379_scale_378",
      "c137_scale_136",
      "c087_scale_86",
      "c135_scale_134",
      "c248_scale_247",
      "c525_scale_524",
      "c367_scale_366"
    ],
    "edge-10": [
      "c203_scale_202",
      "c238_scale_237",
      "c250_scale_249",
      "c264_scale_263",
      "c322_scale_321",
      "c454_scale_453",
      "c533_scale_532",
      "c549_scale_548",
      "c054_scale_53",
      "c069_scale_68",
      "c106_scale_105",
      "c381_scale_380",
      "c444_scale_443",
      "c504_scale_503",
      "c067_scale_66",
      "c369_scale_368",
      "c374_scale_373",
      "c030_scale_29",
      "c281_scale_280"
    ]
  }
}
