{
  "summary": {
    "algo": "FG-DSCR-GC-K8s-selected",
    "num_containers": 800,
    "num_assigned": 176,
    "num_failed": 624,
    "fail_rate": 0.78,
    "num_nodes": 8,
    "ACT": 201.05608428030303,
    "AMS": 392.38281249999994,
    "downloaded_mb": 29044,
    "reused_mb": 55738,
    "reuse_rate": 0.6574272840933217,
    "objective_base": 296.71944839015146,
    "fail_penalty": 780.0,
    "lambda_fail": 1000.0,
    "objective": 1076.7194483901515
  },
  "assignment": {
    "edge-1": [
      "c164_scale_163",
      "c022_scale_21",
      "c572_scale_571",
      "c592_scale_591",
      "c711_scale_710",
      "c084_scale_83",
      "c289_scale_288",
      "c736_scale_735",
      "c055_scale_54",
      "c200_scale_199",
      "c722_scale_721",
      "c141_scale_140",
      "c122_scale_121",
      "c313_scale_312",
      "c133_scale_132",
      "c287_scale_286",
      "c697_scale_696",
      "c753_scale_752",
      "c481_scale_480",
      "c740_scale_739"
    ],
    "edge-2": [
      "c637_scale_636",
      "c285_scale_284",
      "c021_scale_20",
      "c020_scale_19",
      "c790_scale_789",
      "c004_scale_3",
      "c362_scale_361",
      "c211_scale_210",
      "c672_scale_671",
      "c030_scale_29",
      "c281_scale_280",
      "c444_scale_443",
      "c785_scale_784",
      "c540_scale_539",
      "c465_scale_464",
      "c646_scale_645",
      "c066_scale_65",
      "c057_scale_56",
      "c544_scale_543",
      "c476_scale_475",
      "c291_scale_290",
      "c641_scale_640",
      "c567_scale_566"
    ],
    "edge-3": [
      "c374_scale_373",
      "c086_scale_85",
      "c569_scale_568",
      "c603_scale_602",
      "c407_scale_406",
      "c424_scale_423",
      "c462_scale_461",
      "c658_scale_657",
      "c688_scale_687",
      "c558_scale_557",
      "c413_scale_412",
      "c098_scale_97",
      "c597_scale_596",
      "c317_scale_316",
      "c547_scale_546",
      "c209_scale_208",
      "c314_scale_313",
      "c503_scale_502",
      "c775_scale_774",
      "c249_scale_248",
      "c271_scale_270",
      "c478_scale_477"
    ],
    "edge-4": [
      "c574_scale_573",
      "c599_scale_598",
      "c368_scale_367",
      "c308_scale_307",
      "c660_scale_659",
      "c675_scale_674",
      "c777_scale_776",
      "c226_scale_225",
      "c175_scale_174",
      "c687_scale_686",
      "c435_scale_434",
      "c471_scale_470",
      "c131_scale_130",
      "c426_scale_425",
      "c509_scale_508",
      "c113_scale_112",
      "c482_scale_481",
      "c194_scale_193",
      "c359_scale_358",
      "c679_scale_678",
      "c087_scale_86",
      "c272_scale_271",
      "c248_scale_247"
    ],
    "edge-5": [
      "c332_scale_331",
      "c343_scale_342",
      "c491_scale_490",
      "c689_scale_688",
      "c172_scale_171",
      "c115_scale_114",
      "c473_scale_472",
      "c052_scale_51",
      "c050_scale_49",
      "c161_scale_160",
      "c201_scale_200",
      "c228_scale_227",
      "c279_scale_278",
      "c377_scale_376",
      "c571_scale_570",
      "c591_scale_590",
      "c677_scale_676",
      "c760_scale_759",
      "c268_scale_267",
      "c154_scale_153",
      "c255_scale_254",
      "c600_scale_599",
      "c179_scale_178"
    ],
    "edge-6": [
      "c472_scale_471",
      "c398_scale_397",
      "c504_scale_503",
      "c539_scale_538",
      "c106_scale_105",
      "c606_scale_605",
      "c714_scale_713",
      "c484_scale_483",
      "c054_scale_53",
      "c381_scale_380",
      "c192_scale_191",
      "c241_scale_240",
      "c483_scale_482",
      "c350_scale_349",
      "c373_scale_372",
      "c468_scale_467",
      "c636_scale_635",
      "c787_scale_786",
      "c208_scale_207",
      "c487_scale_486",
      "c584_scale_583",
      "c673_scale_672"
    ],
    "edge-7": [
      "c443_scale_442",
      "c724_scale_723",
      "c437_scale_436",
      "c039_scale_38",
      "c669_scale_668",
      "c043_scale_42",
      "c418_scale_417",
      "c747_scale_746",
      "c235_scale_234",
      "c375_scale_374",
      "c765_scale_764",
      "c053_scale_52",
      "c300_scale_299",
      "c389_scale_388",
      "c402_scale_401",
      "c170_scale_169",
      "c193_scale_192",
      "c757_scale_756",
      "c140_scale_139"
    ],
    "edge-8": [
      "c579_scale_578",
      "c068_scale_67",
      "c335_scale_334",
      "c536_scale_535",
      "c233_scale_232",
      "c577_scale_576",
      "c749_scale_748",
      "c080_scale_79",
      "c401_scale_400",
      "c589_scale_588",
      "c628_scale_627",
      "c729_scale_728",
      "c795_scale_794",
      "c065_scale_64",
      "c150_scale_149",
      "c459_scale_458",
      "c561_scale_560",
      "c585_scale_584",
      "c782_scale_781",
      "c038_scale_37",
      "c159_scale_158",
      "c663_scale_662",
      "c077_scale_76",
      "c169_scale_168"
    ]
  },
  "ordered_queues": {
    "edge-1": [
      "c022_scale_21",
      "c164_scale_163",
      "c200_scale_199",
      "c289_scale_288",
      "c481_scale_480",
      "c592_scale_591",
      "c711_scale_710",
      "c141_scale_140",
      "c084_scale_83",
      "c572_scale_571",
      "c055_scale_54",
      "c736_scale_735",
      "c133_scale_132",
      "c287_scale_286",
      "c722_scale_721",
      "c753_scale_752",
      "c122_scale_121",
      "c313_scale_312",
      "c740_scale_739",
      "c697_scale_696"
    ],
    "edge-2": [
      "c020_scale_19",
      "c021_scale_20",
      "c066_scale_65",
      "c211_scale_210",
      "c285_scale_284",
      "c672_scale_671",
      "c637_scale_636",
      "c641_scale_640",
      "c540_scale_539",
      "c785_scale_784",
      "c465_scale_464",
      "c362_scale_361",
      "c004_scale_3",
      "c646_scale_645",
      "c030_scale_29",
      "c281_scale_280",
      "c790_scale_789",
      "c476_scale_475",
      "c567_scale_566",
      "c444_scale_443",
      "c057_scale_56",
      "c291_scale_290",
      "c544_scale_543"
    ],
    "edge-3": [
      "c478_scale_477",
      "c098_scale_97",
      "c603_scale_602",
      "c407_scale_406",
      "c209_scale_208",
      "c249_scale_248",
      "c317_scale_316",
      "c413_scale_412",
      "c462_scale_461",
      "c374_scale_373",
      "c658_scale_657",
      "c688_scale_687",
      "c086_scale_85",
      "c547_scale_546",
      "c558_scale_557",
      "c569_scale_568",
      "c597_scale_596",
      "c424_scale_423",
      "c271_scale_270",
      "c314_scale_313",
      "c503_scale_502",
      "c775_scale_774"
    ],
    "edge-4": [
      "c272_scale_271",
      "c368_scale_367",
      "c435_scale_434",
      "c471_scale_470",
      "c482_scale_481",
      "c509_scale_508",
      "c660_scale_659",
      "c675_scale_674",
      "c777_scale_776",
      "c308_scale_307",
      "c574_scale_573",
      "c599_scale_598",
      "c131_scale_130",
      "c226_scale_225",
      "c194_scale_193",
      "c175_scale_174",
      "c359_scale_358",
      "c687_scale_686",
      "c679_scale_678",
      "c426_scale_425",
      "c113_scale_112",
      "c087_scale_86",
      "c248_scale_247"
    ],
    "edge-5": [
      "c050_scale_49",
      "c154_scale_153",
      "c161_scale_160",
      "c201_scale_200",
      "c228_scale_227",
      "c279_scale_278",
      "c377_scale_376",
      "c571_scale_570",
      "c591_scale_590",
      "c677_scale_676",
      "c760_scale_759",
      "c255_scale_254",
      "c473_scale_472",
      "c172_scale_171",
      "c332_scale_331",
      "c343_scale_342",
      "c491_scale_490",
      "c689_scale_688",
      "c052_scale_51",
      "c115_scale_114",
      "c268_scale_267",
      "c600_scale_599",
      "c179_scale_178"
    ],
    "edge-6": [
      "c192_scale_191",
      "c241_scale_240",
      "c398_scale_397",
      "c472_scale_471",
      "c483_scale_482",
      "c208_scale_207",
      "c484_scale_483",
      "c584_scale_583",
      "c673_scale_672",
      "c054_scale_53",
      "c106_scale_105",
      "c381_scale_380",
      "c504_scale_503",
      "c606_scale_605",
      "c350_scale_349",
      "c373_scale_372",
      "c468_scale_467",
      "c539_scale_538",
      "c714_scale_713",
      "c487_scale_486",
      "c636_scale_635",
      "c787_scale_786"
    ],
    "edge-7": [
      "c039_scale_38",
      "c043_scale_42",
      "c170_scale_169",
      "c418_scale_417",
      "c437_scale_436",
      "c724_scale_723",
      "c747_scale_746",
      "c375_scale_374",
      "c193_scale_192",
      "c235_scale_234",
      "c402_scale_401",
      "c669_scale_668",
      "c757_scale_756",
      "c053_scale_52",
      "c300_scale_299",
      "c389_scale_388",
      "c443_scale_442",
      "c765_scale_764",
      "c140_scale_139"
    ],
    "edge-8": [
      "c038_scale_37",
      "c065_scale_64",
      "c068_scale_67",
      "c080_scale_79",
      "c150_scale_149",
      "c233_scale_232",
      "c335_scale_334",
      "c401_scale_400",
      "c459_scale_458",
      "c536_scale_535",
      "c561_scale_560",
      "c577_scale_576",
      "c585_scale_584",
      "c589_scale_588",
      "c628_scale_627",
      "c729_scale_728",
      "c749_scale_748",
      "c782_scale_781",
      "c795_scale_794",
      "c159_scale_158",
      "c579_scale_578",
      "c663_scale_662",
      "c077_scale_76",
      "c169_scale_168"
    ]
  }
}
