===== START full81 Optuna only =====
2026年 05月 16日 星期六 09:27:38 CST
full cases = 81
FULL_OPTUNA_TRIALS=5

====================================================================================================
[START full81 constrained Optuna]
====================================================================================================
[INFO] cases = 81
[INFO] base_dir = results/drtp/final_exp/cacheonly_dg_0_1024_fg
[INFO] out_root = results/drtp/optuna/fg_online_norm_full81_constrained_runs
[INFO] study_name = fg_online_norm_full81_constrained
[INFO] storage = sqlite:///results/drtp/optuna/fg_online_norm_full81_constrained.db
[INFO] reuse_penalty = 1500.0
[INFO] download_penalty = 200.0
[BASE] {
  "objective": 1259.0302552627336,
  "reuse_rate": 0.3449537716045495,
  "downloaded_mb": 203179.71604938273,
  "ACT": 889.3942489513931,
  "AMS": 1628.6662615740745
}
[I 2026-05-16 09:27:39,508] A new study created in RDB with name: fg_online_norm_full81_constrained
====================================================================================================
[TRIAL] 0
score = 1661.927411207617
metrics = {
  "avg_objective": 1322.6542238087072,
  "avg_reuse_rate": 0.15657080078292865,
  "avg_downloaded_mb": 260779.8765432099,
  "avg_ACT": 882.0366819281148,
  "avg_AMS": 1763.2717656893,
  "reuse_drop": 0.18838297082162084,
  "download_inc_ratio": 0.2834936558323936
}
params = {
  "lambda_cong": 0.37692562659193996,
  "lambda_frag": 0.1898722609319264,
  "lambda_aff": 0.4994522466669227,
  "lambda_task_load": 0.1556084614630832,
  "alpha1_reuse": 0.36077379417532496,
  "alpha2_future": 0.6734370255677246,
  "alpha3_pull": 0.6983322343611649,
  "alpha4_evict": 0.2497539829391204,
  "greedy_load_factor": 1.3455753253779519
}
[I 2026-05-16 12:20:34,855] Trial 0 finished with value: 1661.927411207617 and parameters: {'lambda_cong': 0.37692562659193996, 'lambda_frag': 0.1898722609319264, 'lambda_aff': 0.4994522466669227, 'lambda_task_load': 0.1556084614630832, 'alpha1_reuse': 0.36077379417532496, 'alpha2_future': 0.6734370255677246, 'alpha3_pull': 0.6983322343611649, 'alpha4_evict': 0.2497539829391204, 'greedy_load_factor': 1.3455753253779519}. Best is trial 0 with value: 1661.927411207617.
