[RUN][max_delay300][fg] drtp_img88_cacheonly_1024mb_200.json
{
  "algo": "fg-online-k8sca",
  "num_containers": 200,
  "num_edge_containers": 96,
  "num_ca_containers": 104,
  "failed_deployments": 104,
  "fail_rate": 0.52,
  "num_nodes": 8,
  "num_eval_nodes": 9,
  "resource_model": "online_cumulative_k8s_filter_no_release",
  "ca_model": "parallel_virtual_guarantee",
  "ca_bandwidth_mb_s": 70.0,
  "ca_extra_delay": 300.0,
  "ca_penalty": 520.0,
  "ca_fixed_penalty": 1000.0,
  "ACT": 229.5601488095238,
  "AMS": 342.9142857142857,
  "AMS_mode": "max",
  "downloaded_mb": 69917.0,
  "reused_mb": 38929.0,
  "reuse_rate": 0.35765209562133654,
  "objective_without_ca_penalty": 286.2372172619048,
  "objective": 806.2372172619048
}
[RUN][max_delay300][ilrsa] drtp_img88_cacheonly_1024mb_200.json
{
  "algo": "ilrsa-online-k8sca",
  "num_containers": 200,
  "num_edge_containers": 96,
  "num_ca_containers": 104,
  "failed_deployments": 104,
  "fail_rate": 0.52,
  "num_nodes": 8,
  "num_eval_nodes": 9,
  "resource_model": "online_cumulative_k8s_filter_no_release",
  "ca_model": "parallel_virtual_guarantee",
  "ca_bandwidth_mb_s": 70.0,
  "ca_extra_delay": 300.0,
  "ca_penalty": 520.0,
  "ca_fixed_penalty": 1000.0,
  "ACT": 234.88423214285714,
  "AMS": 342.9142857142857,
  "AMS_mode": "max",
  "downloaded_mb": 79624.0,
  "reused_mb": 29222.0,
  "reuse_rate": 0.2684710508424747,
  "objective_without_ca_penalty": 288.89925892857144,
  "objective": 808.8992589285715
}
[RUN][max_delay300][lrscheduler] drtp_img88_cacheonly_1024mb_200.json
{
  "algo": "lrscheduler-online-k8sca",
  "num_containers": 200,
  "num_edge_containers": 96,
  "num_ca_containers": 104,
  "failed_deployments": 104,
  "fail_rate": 0.52,
  "num_nodes": 8,
  "num_eval_nodes": 9,
  "resource_model": "online_cumulative_k8s_filter_no_release",
  "ca_model": "parallel_virtual_guarantee",
  "ca_bandwidth_mb_s": 70.0,
  "ca_extra_delay": 300.0,
  "ca_penalty": 520.0,
  "ca_fixed_penalty": 1000.0,
  "ACT": 231.1459821428571,
  "AMS": 342.9142857142857,
  "AMS_mode": "max",
  "downloaded_mb": 71800.0,
  "reused_mb": 37091.0,
  "reuse_rate": 0.3406250286984232,
  "objective_without_ca_penalty": 287.0301339285714,
  "objective": 807.0301339285713
}
[RUN][max_delay300][gahrl] drtp_img88_cacheonly_1024mb_200.json
{
  "algo": "gahrl-online-k8sca",
  "num_containers": 200,
  "num_edge_containers": 96,
  "num_ca_containers": 104,
  "failed_deployments": 104,
  "fail_rate": 0.52,
  "num_nodes": 8,
  "num_eval_nodes": 9,
  "resource_model": "online_cumulative_k8s_filter_no_release",
  "ca_model": "parallel_virtual_guarantee",
  "ca_bandwidth_mb_s": 70.0,
  "ca_extra_delay": 300.0,
  "ca_penalty": 520.0,
  "ca_fixed_penalty": 1000.0,
  "ACT": 230.39844047619044,
  "AMS": 342.9142857142857,
  "AMS_mode": "max",
  "downloaded_mb": 72141.0,
  "reused_mb": 36750.0,
  "reuse_rate": 0.3374934567595118,
  "objective_without_ca_penalty": 286.6563630952381,
  "objective": 806.656363095238
}
[RUN][max_delay300][orr] drtp_img88_cacheonly_1024mb_200.json
{
  "algo": "orr-online-k8sca",
  "num_containers": 200,
  "num_edge_containers": 97,
  "num_ca_containers": 103,
  "failed_deployments": 103,
  "fail_rate": 0.515,
  "num_nodes": 8,
  "num_eval_nodes": 9,
  "resource_model": "online_cumulative_k8s_filter_no_release",
  "ca_model": "parallel_virtual_guarantee",
  "ca_bandwidth_mb_s": 70.0,
  "ca_extra_delay": 300.0,
  "ca_penalty": 515.0,
  "ca_fixed_penalty": 1000.0,
  "ACT": 232.8494821428571,
  "AMS": 342.9142857142857,
  "AMS_mode": "max",
  "downloaded_mb": 77207.0,
  "reused_mb": 31684.0,
  "reuse_rate": 0.2909698689515203,
  "objective_without_ca_penalty": 287.8818839285714,
  "objective": 802.8818839285714
}
[RUN][max_delay300][lasa] drtp_img88_cacheonly_1024mb_200.json
{
  "algo": "lasa-online-k8sca",
  "num_containers": 200,
  "num_edge_containers": 97,
  "num_ca_containers": 103,
  "failed_deployments": 103,
  "fail_rate": 0.515,
  "num_nodes": 8,
  "num_eval_nodes": 9,
  "resource_model": "online_cumulative_k8s_filter_no_release",
  "ca_model": "parallel_virtual_guarantee",
  "ca_bandwidth_mb_s": 70.0,
  "ca_extra_delay": 300.0,
  "ca_penalty": 515.0,
  "ca_fixed_penalty": 1000.0,
  "ACT": 229.901068452381,
  "AMS": 342.9142857142857,
  "AMS_mode": "max",
  "downloaded_mb": 95756.0,
  "reused_mb": 13135.0,
  "reuse_rate": 0.12062521236833164,
  "objective_without_ca_penalty": 286.40767708333334,
  "objective": 801.4076770833333
}
[RUN][max_delay300][fg] drtp_img88_cacheonly_1024mb_300.json
{
  "algo": "fg-online-k8sca",
  "num_containers": 300,
  "num_edge_containers": 94,
  "num_ca_containers": 206,
  "failed_deployments": 206,
  "fail_rate": 0.6866666666666666,
  "num_nodes": 8,
  "num_eval_nodes": 9,
  "resource_model": "online_cumulative_k8s_filter_no_release",
  "ca_model": "parallel_virtual_guarantee",
  "ca_bandwidth_mb_s": 70.0,
  "ca_extra_delay": 300.0,
  "ca_penalty": 686.6666666666666,
  "ca_fixed_penalty": 1000.0,
  "ACT": 262.3888750000001,
  "AMS": 342.9142857142857,
  "AMS_mode": "max",
  "downloaded_mb": 129562.0,
  "reused_mb": 26778.0,
  "reuse_rate": 0.17128054240757323,
  "objective_without_ca_penalty": 302.6515803571429,
  "objective": 989.3182470238096
}
[RUN][max_delay300][ilrsa] drtp_img88_cacheonly_1024mb_300.json
{
  "algo": "ilrsa-online-k8sca",
  "num_containers": 300,
  "num_edge_containers": 95,
  "num_ca_containers": 205,
  "failed_deployments": 205,
  "fail_rate": 0.6833333333333333,
  "num_nodes": 8,
  "num_eval_nodes": 9,
  "resource_model": "online_cumulative_k8s_filter_no_release",
  "ca_model": "parallel_virtual_guarantee",
  "ca_bandwidth_mb_s": 70.0,
  "ca_extra_delay": 300.0,
  "ca_penalty": 683.3333333333334,
  "ca_fixed_penalty": 1000.0,
  "ACT": 265.9560257936509,
  "AMS": 342.9142857142857,
  "AMS_mode": "max",
  "downloaded_mb": 133875.0,
  "reused_mb": 22465.0,
  "reuse_rate": 0.14369323269796597,
  "objective_without_ca_penalty": 304.4351557539683,
  "objective": 987.7684890873016
}
[RUN][max_delay300][lrscheduler] drtp_img88_cacheonly_1024mb_300.json
{
  "algo": "lrscheduler-online-k8sca",
  "num_containers": 300,
  "num_edge_containers": 94,
  "num_ca_containers": 206,
  "failed_deployments": 206,
  "fail_rate": 0.6866666666666666,
  "num_nodes": 8,
  "num_eval_nodes": 9,
  "resource_model": "online_cumulative_k8s_filter_no_release",
  "ca_model": "parallel_virtual_guarantee",
  "ca_bandwidth_mb_s": 70.0,
  "ca_extra_delay": 300.0,
  "ca_penalty": 686.6666666666666,
  "ca_fixed_penalty": 1000.0,
  "ACT": 261.63405753968266,
  "AMS": 342.9142857142857,
  "AMS_mode": "max",
  "downloaded_mb": 124774.0,
  "reused_mb": 31602.0,
  "reuse_rate": 0.20208983475725176,
  "objective_without_ca_penalty": 302.2741716269842,
  "objective": 988.9408382936508
}
[RUN][max_delay300][gahrl] drtp_img88_cacheonly_1024mb_300.json
{
  "algo": "gahrl-online-k8sca",
  "num_containers": 300,
  "num_edge_containers": 94,
  "num_ca_containers": 206,
  "failed_deployments": 206,
  "fail_rate": 0.6866666666666666,
  "num_nodes": 8,
  "num_eval_nodes": 9,
  "resource_model": "online_cumulative_k8s_filter_no_release",
  "ca_model": "parallel_virtual_guarantee",
  "ca_bandwidth_mb_s": 70.0,
  "ca_extra_delay": 300.0,
  "ca_penalty": 686.6666666666666,
  "ca_fixed_penalty": 1000.0,
  "ACT": 261.1191269841271,
  "AMS": 342.9142857142857,
  "AMS_mode": "max",
  "downloaded_mb": 124841.0,
  "reused_mb": 31535.0,
  "reuse_rate": 0.20166138026295596,
  "objective_without_ca_penalty": 302.0167063492064,
  "objective": 988.683373015873
}
[RUN][max_delay300][orr] drtp_img88_cacheonly_1024mb_300.json
{
  "algo": "orr-online-k8sca",
  "num_containers": 300,
  "num_edge_containers": 94,
  "num_ca_containers": 206,
  "failed_deployments": 206,
  "fail_rate": 0.6866666666666666,
  "num_nodes": 8,
  "num_eval_nodes": 9,
  "resource_model": "online_cumulative_k8s_filter_no_release",
  "ca_model": "parallel_virtual_guarantee",
  "ca_bandwidth_mb_s": 70.0,
  "ca_extra_delay": 300.0,
  "ca_penalty": 686.6666666666666,
  "ca_fixed_penalty": 1000.0,
  "ACT": 263.8041547619049,
  "AMS": 342.9142857142857,
  "AMS_mode": "max",
  "downloaded_mb": 131805.0,
  "reused_mb": 24571.0,
  "reuse_rate": 0.15712769222898654,
  "objective_without_ca_penalty": 303.3592202380953,
  "objective": 990.0258869047619
}
[RUN][max_delay300][lasa] drtp_img88_cacheonly_1024mb_300.json
{
  "algo": "lasa-online-k8sca",
  "num_containers": 300,
  "num_edge_containers": 91,
  "num_ca_containers": 209,
  "failed_deployments": 209,
  "fail_rate": 0.6966666666666667,
  "num_nodes": 8,
  "num_eval_nodes": 9,
  "resource_model": "online_cumulative_k8s_filter_no_release",
  "ca_model": "parallel_virtual_guarantee",
  "ca_bandwidth_mb_s": 70.0,
  "ca_extra_delay": 300.0,
  "ca_penalty": 696.6666666666666,
  "ca_fixed_penalty": 1000.0,
  "ACT": 263.512642857143,
  "AMS": 342.9142857142857,
  "AMS_mode": "max",
  "downloaded_mb": 148015.0,
  "reused_mb": 8361.0,
  "reuse_rate": 0.05346728398219676,
  "objective_without_ca_penalty": 303.2134642857144,
  "objective": 999.880130952381
}
[RUN][max_delay300][fg] drtp_img88_cacheonly_1024mb_400.json
{
  "algo": "fg-online-k8sca",
  "num_containers": 400,
  "num_edge_containers": 94,
  "num_ca_containers": 306,
  "failed_deployments": 306,
  "fail_rate": 0.765,
  "num_nodes": 8,
  "num_eval_nodes": 9,
  "resource_model": "online_cumulative_k8s_filter_no_release",
  "ca_model": "parallel_virtual_guarantee",
  "ca_bandwidth_mb_s": 70.0,
  "ca_extra_delay": 300.0,
  "ca_penalty": 765.0,
  "ca_fixed_penalty": 1000.0,
  "ACT": 277.79179910714333,
  "AMS": 342.9142857142857,
  "AMS_mode": "max",
  "downloaded_mb": 183326.0,
  "reused_mb": 26778.0,
  "reuse_rate": 0.12745116704108442,
  "objective_without_ca_penalty": 310.3530424107145,
  "objective": 1075.3530424107146
}
[RUN][max_delay300][ilrsa] drtp_img88_cacheonly_1024mb_400.json
{
  "algo": "ilrsa-online-k8sca",
  "num_containers": 400,
  "num_edge_containers": 94,
  "num_ca_containers": 306,
  "failed_deployments": 306,
  "fail_rate": 0.765,
  "num_nodes": 8,
  "num_eval_nodes": 9,
  "resource_model": "online_cumulative_k8s_filter_no_release",
  "ca_model": "parallel_virtual_guarantee",
  "ca_bandwidth_mb_s": 70.0,
  "ca_extra_delay": 300.0,
  "ca_penalty": 765.0,
  "ca_fixed_penalty": 1000.0,
  "ACT": 280.1711964285719,
  "AMS": 342.9142857142857,
  "AMS_mode": "max",
  "downloaded_mb": 186241.0,
  "reused_mb": 23862.0,
  "reuse_rate": 0.1135728666415996,
  "objective_without_ca_penalty": 311.5427410714288,
  "objective": 1076.5427410714287
}
[RUN][max_delay300][lrscheduler] drtp_img88_cacheonly_1024mb_400.json
{
  "algo": "lrscheduler-online-k8sca",
  "num_containers": 400,
  "num_edge_containers": 94,
  "num_ca_containers": 306,
  "failed_deployments": 306,
  "fail_rate": 0.765,
  "num_nodes": 8,
  "num_eval_nodes": 9,
  "resource_model": "online_cumulative_k8s_filter_no_release",
  "ca_model": "parallel_virtual_guarantee",
  "ca_bandwidth_mb_s": 70.0,
  "ca_extra_delay": 300.0,
  "ca_penalty": 765.0,
  "ca_fixed_penalty": 1000.0,
  "ACT": 277.2256860119052,
  "AMS": 342.9142857142857,
  "AMS_mode": "max",
  "downloaded_mb": 178538.0,
  "reused_mb": 31602.0,
  "reuse_rate": 0.1503854573141715,
  "objective_without_ca_penalty": 310.06998586309544,
  "objective": 1075.0699858630956
}
[RUN][max_delay300][gahrl] drtp_img88_cacheonly_1024mb_400.json
{
  "algo": "gahrl-online-k8sca",
  "num_containers": 400,
  "num_edge_containers": 95,
  "num_ca_containers": 305,
  "failed_deployments": 305,
  "fail_rate": 0.7625,
  "num_nodes": 8,
  "num_eval_nodes": 9,
  "resource_model": "online_cumulative_k8s_filter_no_release",
  "ca_model": "parallel_virtual_guarantee",
  "ca_bandwidth_mb_s": 70.0,
  "ca_extra_delay": 300.0,
  "ca_penalty": 762.5,
  "ca_fixed_penalty": 1000.0,
  "ACT": 276.410766369048,
  "AMS": 342.9142857142857,
  "AMS_mode": "max",
  "downloaded_mb": 178151.0,
  "reused_mb": 31989.0,
  "reuse_rate": 0.15222708670410204,
  "objective_without_ca_penalty": 309.66252604166687,
  "objective": 1072.1625260416668
}
[RUN][max_delay300][orr] drtp_img88_cacheonly_1024mb_400.json
{
  "algo": "orr-online-k8sca",
  "num_containers": 400,
  "num_edge_containers": 94,
  "num_ca_containers": 306,
  "failed_deployments": 306,
  "fail_rate": 0.765,
  "num_nodes": 8,
  "num_eval_nodes": 9,
  "resource_model": "online_cumulative_k8s_filter_no_release",
  "ca_model": "parallel_virtual_guarantee",
  "ca_bandwidth_mb_s": 70.0,
  "ca_extra_delay": 300.0,
  "ca_penalty": 765.0,
  "ca_fixed_penalty": 1000.0,
  "ACT": 278.86102976190523,
  "AMS": 342.9142857142857,
  "AMS_mode": "max",
  "downloaded_mb": 185230.0,
  "reused_mb": 24910.0,
  "reuse_rate": 0.118540020938422,
  "objective_without_ca_penalty": 310.88765773809547,
  "objective": 1075.8876577380954
}
[RUN][max_delay300][lasa] drtp_img88_cacheonly_1024mb_400.json
{
  "algo": "lasa-online-k8sca",
  "num_containers": 400,
  "num_edge_containers": 90,
  "num_ca_containers": 310,
  "failed_deployments": 310,
  "fail_rate": 0.775,
  "num_nodes": 8,
  "num_eval_nodes": 9,
  "resource_model": "online_cumulative_k8s_filter_no_release",
  "ca_model": "parallel_virtual_guarantee",
  "ca_bandwidth_mb_s": 70.0,
  "ca_extra_delay": 300.0,
  "ca_penalty": 775.0,
  "ca_fixed_penalty": 1000.0,
  "ACT": 278.2522008928577,
  "AMS": 342.9142857142857,
  "AMS_mode": "max",
  "downloaded_mb": 203826.0,
  "reused_mb": 6314.0,
  "reuse_rate": 0.03004663557628248,
  "objective_without_ca_penalty": 310.5832433035717,
  "objective": 1085.5832433035716
}
[RUN][max_delay300][fg] drtp_img88_cacheonly_1024mb_500.json
{
  "algo": "fg-online-k8sca",
  "num_containers": 500,
  "num_edge_containers": 93,
  "num_ca_containers": 407,
  "failed_deployments": 407,
  "fail_rate": 0.814,
  "num_nodes": 8,
  "num_eval_nodes": 9,
  "resource_model": "online_cumulative_k8s_filter_no_release",
  "ca_model": "parallel_virtual_guarantee",
  "ca_bandwidth_mb_s": 70.0,
  "ca_extra_delay": 300.0,
  "ca_penalty": 814.0,
  "ca_fixed_penalty": 1000.0,
  "ACT": 287.4639285714288,
  "AMS": 347.9142857142857,
  "AMS_mode": "max",
  "downloaded_mb": 242103.0,
  "reused_mb": 27631.0,
  "reuse_rate": 0.10243795739506328,
  "objective_without_ca_penalty": 317.68910714285727,
  "objective": 1131.6891071428572
}
[RUN][max_delay300][ilrsa] drtp_img88_cacheonly_1024mb_500.json
{
  "algo": "ilrsa-online-k8sca",
  "num_containers": 500,
  "num_edge_containers": 91,
  "num_ca_containers": 409,
  "failed_deployments": 409,
  "fail_rate": 0.818,
  "num_nodes": 8,
  "num_eval_nodes": 9,
  "resource_model": "online_cumulative_k8s_filter_no_release",
  "ca_model": "parallel_virtual_guarantee",
  "ca_bandwidth_mb_s": 70.0,
  "ca_extra_delay": 300.0,
  "ca_penalty": 818.0,
  "ca_fixed_penalty": 1000.0,
  "ACT": 291.69443214285735,
  "AMS": 347.9142857142857,
  "AMS_mode": "max",
  "downloaded_mb": 247399.0,
  "reused_mb": 22335.0,
  "reuse_rate": 0.08280379929856822,
  "objective_without_ca_penalty": 319.80435892857156,
  "objective": 1137.8043589285717
}
[RUN][max_delay300][lrscheduler] drtp_img88_cacheonly_1024mb_500.json
{
  "algo": "lrscheduler-online-k8sca",
  "num_containers": 500,
  "num_edge_containers": 91,
  "num_ca_containers": 409,
  "failed_deployments": 409,
  "fail_rate": 0.818,
  "num_nodes": 8,
  "num_eval_nodes": 9,
  "resource_model": "online_cumulative_k8s_filter_no_release",
  "ca_model": "parallel_virtual_guarantee",
  "ca_bandwidth_mb_s": 70.0,
  "ca_extra_delay": 300.0,
  "ca_penalty": 818.0,
  "ca_fixed_penalty": 1000.0,
  "ACT": 288.0314404761907,
  "AMS": 347.9142857142857,
  "AMS_mode": "max",
  "downloaded_mb": 237412.0,
  "reused_mb": 32364.0,
  "reuse_rate": 0.1199661941759089,
  "objective_without_ca_penalty": 317.9728630952382,
  "objective": 1135.9728630952382
}
[RUN][max_delay300][gahrl] drtp_img88_cacheonly_1024mb_500.json
{
  "algo": "gahrl-online-k8sca",
  "num_containers": 500,
  "num_edge_containers": 91,
  "num_ca_containers": 409,
  "failed_deployments": 409,
  "fail_rate": 0.818,
  "num_nodes": 8,
  "num_eval_nodes": 9,
  "resource_model": "online_cumulative_k8s_filter_no_release",
  "ca_model": "parallel_virtual_guarantee",
  "ca_bandwidth_mb_s": 70.0,
  "ca_extra_delay": 300.0,
  "ca_penalty": 818.0,
  "ca_fixed_penalty": 1000.0,
  "ACT": 288.4626821428573,
  "AMS": 347.9142857142857,
  "AMS_mode": "max",
  "downloaded_mb": 239001.0,
  "reused_mb": 30775.0,
  "reuse_rate": 0.11407612241266829,
  "objective_without_ca_penalty": 318.1884839285715,
  "objective": 1136.1884839285715
}
[RUN][max_delay300][orr] drtp_img88_cacheonly_1024mb_500.json
{
  "algo": "orr-online-k8sca",
  "num_containers": 500,
  "num_edge_containers": 93,
  "num_ca_containers": 407,
  "failed_deployments": 407,
  "fail_rate": 0.814,
  "num_nodes": 8,
  "num_eval_nodes": 9,
  "resource_model": "online_cumulative_k8s_filter_no_release",
  "ca_model": "parallel_virtual_guarantee",
  "ca_bandwidth_mb_s": 70.0,
  "ca_extra_delay": 300.0,
  "ca_penalty": 814.0,
  "ca_fixed_penalty": 1000.0,
  "ACT": 288.03908690476214,
  "AMS": 347.9142857142857,
  "AMS_mode": "max",
  "downloaded_mb": 242394.0,
  "reused_mb": 27382.0,
  "reuse_rate": 0.10149902141035526,
  "objective_without_ca_penalty": 317.9766863095239,
  "objective": 1131.976686309524
}
[RUN][max_delay300][lasa] drtp_img88_cacheonly_1024mb_500.json
{
  "algo": "lasa-online-k8sca",
  "num_containers": 500,
  "num_edge_containers": 94,
  "num_ca_containers": 406,
  "failed_deployments": 406,
  "fail_rate": 0.812,
  "num_nodes": 8,
  "num_eval_nodes": 9,
  "resource_model": "online_cumulative_k8s_filter_no_release",
  "ca_model": "parallel_virtual_guarantee",
  "ca_bandwidth_mb_s": 70.0,
  "ca_extra_delay": 300.0,
  "ca_penalty": 812.0,
  "ca_fixed_penalty": 1000.0,
  "ACT": 286.49982500000027,
  "AMS": 347.9142857142857,
  "AMS_mode": "max",
  "downloaded_mb": 264921.0,
  "reused_mb": 4855.0,
  "reuse_rate": 0.017996411837969278,
  "objective_without_ca_penalty": 317.20705535714296,
  "objective": 1129.207055357143
}
[RUN][max_delay300][fg] drtp_img88_cacheonly_1024mb_600.json
{
  "algo": "fg-online-k8sca",
  "num_containers": 600,
  "num_edge_containers": 94,
  "num_ca_containers": 506,
  "failed_deployments": 506,
  "fail_rate": 0.8433333333333334,
  "num_nodes": 8,
  "num_eval_nodes": 9,
  "resource_model": "online_cumulative_k8s_filter_no_release",
  "ca_model": "parallel_virtual_guarantee",
  "ca_bandwidth_mb_s": 70.0,
  "ca_extra_delay": 300.0,
  "ca_penalty": 843.3333333333334,
  "ca_fixed_penalty": 1000.0,
  "ACT": 293.4476994047616,
  "AMS": 347.9142857142857,
  "AMS_mode": "max",
  "downloaded_mb": 291609.0,
  "reused_mb": 26778.0,
  "reuse_rate": 0.08410519273714065,
  "objective_without_ca_penalty": 320.68099255952365,
  "objective": 1164.014325892857
}
[RUN][max_delay300][ilrsa] drtp_img88_cacheonly_1024mb_600.json
{
  "algo": "ilrsa-online-k8sca",
  "num_containers": 600,
  "num_edge_containers": 94,
  "num_ca_containers": 506,
  "failed_deployments": 506,
  "fail_rate": 0.8433333333333334,
  "num_nodes": 8,
  "num_eval_nodes": 9,
  "resource_model": "online_cumulative_k8s_filter_no_release",
  "ca_model": "parallel_virtual_guarantee",
  "ca_bandwidth_mb_s": 70.0,
  "ca_extra_delay": 300.0,
  "ca_penalty": 843.3333333333334,
  "ca_fixed_penalty": 1000.0,
  "ACT": 295.43978968253924,
  "AMS": 347.9142857142857,
  "AMS_mode": "max",
  "downloaded_mb": 297137.0,
  "reused_mb": 21250.0,
  "reuse_rate": 0.06674267479513925,
  "objective_without_ca_penalty": 321.6770376984125,
  "objective": 1165.0103710317458
}
[RUN][max_delay300][lrscheduler] drtp_img88_cacheonly_1024mb_600.json
{
  "algo": "lrscheduler-online-k8sca",
  "num_containers": 600,
  "num_edge_containers": 93,
  "num_ca_containers": 507,
  "failed_deployments": 507,
  "fail_rate": 0.845,
  "num_nodes": 8,
  "num_eval_nodes": 9,
  "resource_model": "online_cumulative_k8s_filter_no_release",
  "ca_model": "parallel_virtual_guarantee",
  "ca_bandwidth_mb_s": 70.0,
  "ca_extra_delay": 300.0,
  "ca_penalty": 845.0,
  "ca_fixed_penalty": 1000.0,
  "ACT": 293.5654722222219,
  "AMS": 347.9142857142857,
  "AMS_mode": "max",
  "downloaded_mb": 288534.0,
  "reused_mb": 29889.0,
  "reuse_rate": 0.0938657069369989,
  "objective_without_ca_penalty": 320.73987896825383,
  "objective": 1165.7398789682538
}
[RUN][max_delay300][gahrl] drtp_img88_cacheonly_1024mb_600.json
{
  "algo": "gahrl-online-k8sca",
  "num_containers": 600,
  "num_edge_containers": 95,
  "num_ca_containers": 505,
  "failed_deployments": 505,
  "fail_rate": 0.8416666666666667,
  "num_nodes": 8,
  "num_eval_nodes": 9,
  "resource_model": "online_cumulative_k8s_filter_no_release",
  "ca_model": "parallel_virtual_guarantee",
  "ca_bandwidth_mb_s": 70.0,
  "ca_extra_delay": 300.0,
  "ca_penalty": 841.6666666666666,
  "ca_fixed_penalty": 1000.0,
  "ACT": 292.80299007936475,
  "AMS": 347.9142857142857,
  "AMS_mode": "max",
  "downloaded_mb": 287262.0,
  "reused_mb": 31161.0,
  "reuse_rate": 0.09786039325048757,
  "objective_without_ca_penalty": 320.35863789682526,
  "objective": 1162.0253045634918
}
[RUN][max_delay300][orr] drtp_img88_cacheonly_1024mb_600.json
{
  "algo": "orr-online-k8sca",
  "num_containers": 600,
  "num_edge_containers": 94,
  "num_ca_containers": 506,
  "failed_deployments": 506,
  "fail_rate": 0.8433333333333334,
  "num_nodes": 8,
  "num_eval_nodes": 9,
  "resource_model": "online_cumulative_k8s_filter_no_release",
  "ca_model": "parallel_virtual_guarantee",
  "ca_bandwidth_mb_s": 70.0,
  "ca_extra_delay": 300.0,
  "ca_penalty": 843.3333333333334,
  "ca_fixed_penalty": 1000.0,
  "ACT": 294.1196448412695,
  "AMS": 347.9142857142857,
  "AMS_mode": "max",
  "downloaded_mb": 293835.0,
  "reused_mb": 24588.0,
  "reuse_rate": 0.0772180401541346,
  "objective_without_ca_penalty": 321.0169652777776,
  "objective": 1164.350298611111
}
[RUN][max_delay300][lasa] drtp_img88_cacheonly_1024mb_600.json
{
  "algo": "lasa-online-k8sca",
  "num_containers": 600,
  "num_edge_containers": 98,
  "num_ca_containers": 502,
  "failed_deployments": 502,
  "fail_rate": 0.8366666666666667,
  "num_nodes": 8,
  "num_eval_nodes": 9,
  "resource_model": "online_cumulative_k8s_filter_no_release",
  "ca_model": "parallel_virtual_guarantee",
  "ca_bandwidth_mb_s": 70.0,
  "ca_extra_delay": 300.0,
  "ca_penalty": 836.6666666666666,
  "ca_fixed_penalty": 1000.0,
  "ACT": 292.62191865079336,
  "AMS": 347.9142857142857,
  "AMS_mode": "max",
  "downloaded_mb": 312768.0,
  "reused_mb": 5655.0,
  "reuse_rate": 0.017759395521052185,
  "objective_without_ca_penalty": 320.26810218253956,
  "objective": 1156.9347688492062
}
[RUN][max_delay300][fg] drtp_img88_cacheonly_1024mb_700.json
{
  "algo": "fg-online-k8sca",
  "num_containers": 700,
  "num_edge_containers": 94,
  "num_ca_containers": 606,
  "failed_deployments": 606,
  "fail_rate": 0.8657142857142858,
  "num_nodes": 8,
  "num_eval_nodes": 9,
  "resource_model": "online_cumulative_k8s_filter_no_release",
  "ca_model": "parallel_virtual_guarantee",
  "ca_bandwidth_mb_s": 70.0,
  "ca_extra_delay": 300.0,
  "ca_penalty": 865.7142857142858,
  "ca_fixed_penalty": 1000.0,
  "ACT": 297.9612117346928,
  "AMS": 347.9142857142857,
  "AMS_mode": "max",
  "downloaded_mb": 338735.0,
  "reused_mb": 26778.0,
  "reuse_rate": 0.07326141614662132,
  "objective_without_ca_penalty": 322.93774872448927,
  "objective": 1188.652034438775
}
[RUN][max_delay300][ilrsa] drtp_img88_cacheonly_1024mb_700.json
{
  "algo": "ilrsa-online-k8sca",
  "num_containers": 700,
  "num_edge_containers": 94,
  "num_ca_containers": 606,
  "failed_deployments": 606,
  "fail_rate": 0.8657142857142858,
  "num_nodes": 8,
  "num_eval_nodes": 9,
  "resource_model": "online_cumulative_k8s_filter_no_release",
  "ca_model": "parallel_virtual_guarantee",
  "ca_bandwidth_mb_s": 70.0,
  "ca_extra_delay": 300.0,
  "ca_penalty": 865.7142857142858,
  "ca_fixed_penalty": 1000.0,
  "ACT": 299.5536998299309,
  "AMS": 347.9142857142857,
  "AMS_mode": "max",
  "downloaded_mb": 343319.0,
  "reused_mb": 22194.0,
  "reuse_rate": 0.06072013854500387,
  "objective_without_ca_penalty": 323.7339927721083,
  "objective": 1189.448278486394
}
[RUN][max_delay300][lrscheduler] drtp_img88_cacheonly_1024mb_700.json
{
  "algo": "lrscheduler-online-k8sca",
  "num_containers": 700,
  "num_edge_containers": 95,
  "num_ca_containers": 605,
  "failed_deployments": 605,
  "fail_rate": 0.8642857142857143,
  "num_nodes": 8,
  "num_eval_nodes": 9,
  "resource_model": "online_cumulative_k8s_filter_no_release",
  "ca_model": "parallel_virtual_guarantee",
  "ca_bandwidth_mb_s": 70.0,
  "ca_extra_delay": 300.0,
  "ca_penalty": 864.2857142857143,
  "ca_fixed_penalty": 1000.0,
  "ACT": 297.39119302720985,
  "AMS": 347.9142857142857,
  "AMS_mode": "max",
  "downloaded_mb": 333909.0,
  "reused_mb": 31640.0,
  "reuse_rate": 0.08655474368689287,
  "objective_without_ca_penalty": 322.6527393707478,
  "objective": 1186.9384536564621
}
[RUN][max_delay300][gahrl] drtp_img88_cacheonly_1024mb_700.json
{
  "algo": "gahrl-online-k8sca",
  "num_containers": 700,
  "num_edge_containers": 94,
  "num_ca_containers": 606,
  "failed_deployments": 606,
  "fail_rate": 0.8657142857142858,
  "num_nodes": 8,
  "num_eval_nodes": 9,
  "resource_model": "online_cumulative_k8s_filter_no_release",
  "ca_model": "parallel_virtual_guarantee",
  "ca_bandwidth_mb_s": 70.0,
  "ca_extra_delay": 300.0,
  "ca_penalty": 865.7142857142858,
  "ca_fixed_penalty": 1000.0,
  "ACT": 297.7868843537405,
  "AMS": 347.9142857142857,
  "AMS_mode": "max",
  "downloaded_mb": 335498.0,
  "reused_mb": 30051.0,
  "reuse_rate": 0.08220785722297147,
  "objective_without_ca_penalty": 322.8505850340131,
  "objective": 1188.5648707482987
}
[RUN][max_delay300][orr] drtp_img88_cacheonly_1024mb_700.json
{
  "algo": "orr-online-k8sca",
  "num_containers": 700,
  "num_edge_containers": 94,
  "num_ca_containers": 606,
  "failed_deployments": 606,
  "fail_rate": 0.8657142857142858,
  "num_nodes": 8,
  "num_eval_nodes": 9,
  "resource_model": "online_cumulative_k8s_filter_no_release",
  "ca_model": "parallel_virtual_guarantee",
  "ca_bandwidth_mb_s": 70.0,
  "ca_extra_delay": 300.0,
  "ca_penalty": 865.7142857142858,
  "ca_fixed_penalty": 1000.0,
  "ACT": 298.57220068027107,
  "AMS": 347.9142857142857,
  "AMS_mode": "max",
  "downloaded_mb": 340639.0,
  "reused_mb": 24910.0,
  "reuse_rate": 0.06814407917953544,
  "objective_without_ca_penalty": 323.2432431972784,
  "objective": 1188.9575289115642
}
[RUN][max_delay300][lasa] drtp_img88_cacheonly_1024mb_700.json
{
  "algo": "lasa-online-k8sca",
  "num_containers": 700,
  "num_edge_containers": 92,
  "num_ca_containers": 608,
  "failed_deployments": 608,
  "fail_rate": 0.8685714285714285,
  "num_nodes": 8,
  "num_eval_nodes": 9,
  "resource_model": "online_cumulative_k8s_filter_no_release",
  "ca_model": "parallel_virtual_guarantee",
  "ca_bandwidth_mb_s": 70.0,
  "ca_extra_delay": 300.0,
  "ca_penalty": 868.5714285714286,
  "ca_fixed_penalty": 1000.0,
  "ACT": 298.0494022108833,
  "AMS": 347.9142857142857,
  "AMS_mode": "max",
  "downloaded_mb": 362029.0,
  "reused_mb": 3520.0,
  "reuse_rate": 0.009629352015735237,
  "objective_without_ca_penalty": 322.9818439625845,
  "objective": 1191.553272534013
}
[RUN][max_delay300][fg] drtp_img88_cacheonly_1024mb_800.json
{
  "algo": "fg-online-k8sca",
  "num_containers": 800,
  "num_edge_containers": 94,
  "num_ca_containers": 706,
  "failed_deployments": 706,
  "fail_rate": 0.8825,
  "num_nodes": 8,
  "num_eval_nodes": 9,
  "resource_model": "online_cumulative_k8s_filter_no_release",
  "ca_model": "parallel_virtual_guarantee",
  "ca_bandwidth_mb_s": 70.0,
  "ca_extra_delay": 300.0,
  "ca_penalty": 882.5,
  "ca_fixed_penalty": 1000.0,
  "ACT": 301.29184598214164,
  "AMS": 347.9142857142857,
  "AMS_mode": "max",
  "downloaded_mb": 389949.0,
  "reused_mb": 26778.0,
  "reuse_rate": 0.06425789545673787,
  "objective_without_ca_penalty": 324.60306584821365,
  "objective": 1207.1030658482136
}
[RUN][max_delay300][ilrsa] drtp_img88_cacheonly_1024mb_800.json
{
  "algo": "ilrsa-online-k8sca",
  "num_containers": 800,
  "num_edge_containers": 93,
  "num_ca_containers": 707,
  "failed_deployments": 707,
  "fail_rate": 0.88375,
  "num_nodes": 8,
  "num_eval_nodes": 9,
  "resource_model": "online_cumulative_k8s_filter_no_release",
  "ca_model": "parallel_virtual_guarantee",
  "ca_bandwidth_mb_s": 70.0,
  "ca_extra_delay": 300.0,
  "ca_penalty": 883.75,
  "ca_fixed_penalty": 1000.0,
  "ACT": 302.87304017857014,
  "AMS": 347.9142857142857,
  "AMS_mode": "max",
  "downloaded_mb": 395971.0,
  "reused_mb": 20756.0,
  "reuse_rate": 0.049807187919189304,
  "objective_without_ca_penalty": 325.3936629464279,
  "objective": 1209.1436629464279
}
[RUN][max_delay300][lrscheduler] drtp_img88_cacheonly_1024mb_800.json
{
  "algo": "lrscheduler-online-k8sca",
  "num_containers": 800,
  "num_edge_containers": 94,
  "num_ca_containers": 706,
  "failed_deployments": 706,
  "fail_rate": 0.8825,
  "num_nodes": 8,
  "num_eval_nodes": 9,
  "resource_model": "online_cumulative_k8s_filter_no_release",
  "ca_model": "parallel_virtual_guarantee",
  "ca_bandwidth_mb_s": 70.0,
  "ca_extra_delay": 300.0,
  "ca_penalty": 882.5,
  "ca_fixed_penalty": 1000.0,
  "ACT": 301.2558102678559,
  "AMS": 347.9142857142857,
  "AMS_mode": "max",
  "downloaded_mb": 385493.0,
  "reused_mb": 31270.0,
  "reuse_rate": 0.0750306529130465,
  "objective_without_ca_penalty": 324.58504799107084,
  "objective": 1207.085047991071
}
[RUN][max_delay300][gahrl] drtp_img88_cacheonly_1024mb_800.json
{
  "algo": "gahrl-online-k8sca",
  "num_containers": 800,
  "num_edge_containers": 95,
  "num_ca_containers": 705,
  "failed_deployments": 705,
  "fail_rate": 0.88125,
  "num_nodes": 8,
  "num_eval_nodes": 9,
  "resource_model": "online_cumulative_k8s_filter_no_release",
  "ca_model": "parallel_virtual_guarantee",
  "ca_bandwidth_mb_s": 70.0,
  "ca_extra_delay": 300.0,
  "ca_penalty": 881.25,
  "ca_fixed_penalty": 1000.0,
  "ACT": 301.1101212797607,
  "AMS": 347.9142857142857,
  "AMS_mode": "max",
  "downloaded_mb": 387068.0,
  "reused_mb": 29695.0,
  "reuse_rate": 0.07125152664703921,
  "objective_without_ca_penalty": 324.51220349702317,
  "objective": 1205.7622034970232
}
[RUN][max_delay300][orr] drtp_img88_cacheonly_1024mb_800.json
{
  "algo": "orr-online-k8sca",
  "num_containers": 800,
  "num_edge_containers": 95,
  "num_ca_containers": 705,
  "failed_deployments": 705,
  "fail_rate": 0.88125,
  "num_nodes": 8,
  "num_eval_nodes": 9,
  "resource_model": "online_cumulative_k8s_filter_no_release",
  "ca_model": "parallel_virtual_guarantee",
  "ca_bandwidth_mb_s": 70.0,
  "ca_extra_delay": 300.0,
  "ca_penalty": 881.25,
  "ca_fixed_penalty": 1000.0,
  "ACT": 301.802048363094,
  "AMS": 347.9142857142857,
  "AMS_mode": "max",
  "downloaded_mb": 393920.0,
  "reused_mb": 22843.0,
  "reuse_rate": 0.05481052780597126,
  "objective_without_ca_penalty": 324.8581670386899,
  "objective": 1206.1081670386898
}
[RUN][max_delay300][lasa] drtp_img88_cacheonly_1024mb_800.json
{
  "algo": "lasa-online-k8sca",
  "num_containers": 800,
  "num_edge_containers": 93,
  "num_ca_containers": 707,
  "failed_deployments": 707,
  "fail_rate": 0.88375,
  "num_nodes": 8,
  "num_eval_nodes": 9,
  "resource_model": "online_cumulative_k8s_filter_no_release",
  "ca_model": "parallel_virtual_guarantee",
  "ca_bandwidth_mb_s": 70.0,
  "ca_extra_delay": 300.0,
  "ca_penalty": 883.75,
  "ca_fixed_penalty": 1000.0,
  "ACT": 300.8918013392845,
  "AMS": 347.9142857142857,
  "AMS_mode": "max",
  "downloaded_mb": 412898.0,
  "reused_mb": 3865.0,
  "reuse_rate": 0.009273855884519499,
  "objective_without_ca_penalty": 324.4030435267851,
  "objective": 1208.153043526785
}
[RUN][max_delay300][fg] drtp_img88_cacheonly_1024mb_900.json
{
  "algo": "fg-online-k8sca",
  "num_containers": 900,
  "num_edge_containers": 94,
  "num_ca_containers": 806,
  "failed_deployments": 806,
  "fail_rate": 0.8955555555555555,
  "num_nodes": 8,
  "num_eval_nodes": 9,
  "resource_model": "online_cumulative_k8s_filter_no_release",
  "ca_model": "parallel_virtual_guarantee",
  "ca_bandwidth_mb_s": 70.0,
  "ca_extra_delay": 300.0,
  "ca_penalty": 895.5555555555555,
  "ca_fixed_penalty": 1000.0,
  "ACT": 303.76975198412583,
  "AMS": 347.9142857142857,
  "AMS_mode": "max",
  "downloaded_mb": 437290.0,
  "reused_mb": 26778.0,
  "reuse_rate": 0.05770275045898446,
  "objective_without_ca_penalty": 325.8420188492058,
  "objective": 1221.3975744047614
}
[RUN][max_delay300][ilrsa] drtp_img88_cacheonly_1024mb_900.json
{
  "algo": "ilrsa-online-k8sca",
  "num_containers": 900,
  "num_edge_containers": 93,
  "num_ca_containers": 807,
  "failed_deployments": 807,
  "fail_rate": 0.8966666666666666,
  "num_nodes": 8,
  "num_eval_nodes": 9,
  "resource_model": "online_cumulative_k8s_filter_no_release",
  "ca_model": "parallel_virtual_guarantee",
  "ca_bandwidth_mb_s": 70.0,
  "ca_extra_delay": 300.0,
  "ca_penalty": 896.6666666666666,
  "ca_fixed_penalty": 1000.0,
  "ACT": 305.0268505290995,
  "AMS": 347.9142857142857,
  "AMS_mode": "max",
  "downloaded_mb": 443398.0,
  "reused_mb": 20670.0,
  "reuse_rate": 0.044540886249428965,
  "objective_without_ca_penalty": 326.4705681216926,
  "objective": 1223.1372347883594
}
[RUN][max_delay300][lrscheduler] drtp_img88_cacheonly_1024mb_900.json
{
  "algo": "lrscheduler-online-k8sca",
  "num_containers": 900,
  "num_edge_containers": 94,
  "num_ca_containers": 806,
  "failed_deployments": 806,
  "fail_rate": 0.8955555555555555,
  "num_nodes": 8,
  "num_eval_nodes": 9,
  "resource_model": "online_cumulative_k8s_filter_no_release",
  "ca_model": "parallel_virtual_guarantee",
  "ca_bandwidth_mb_s": 70.0,
  "ca_extra_delay": 300.0,
  "ca_penalty": 895.5555555555555,
  "ca_fixed_penalty": 1000.0,
  "ACT": 303.7377202380941,
  "AMS": 347.9142857142857,
  "AMS_mode": "max",
  "downloaded_mb": 432834.0,
  "reused_mb": 31270.0,
  "reuse_rate": 0.0673771396066399,
  "objective_without_ca_penalty": 325.8260029761899,
  "objective": 1221.3815585317454
}
[RUN][max_delay300][gahrl] drtp_img88_cacheonly_1024mb_900.json
{
  "algo": "gahrl-online-k8sca",
  "num_containers": 900,
  "num_edge_containers": 95,
  "num_ca_containers": 805,
  "failed_deployments": 805,
  "fail_rate": 0.8944444444444445,
  "num_nodes": 8,
  "num_eval_nodes": 9,
  "resource_model": "online_cumulative_k8s_filter_no_release",
  "ca_model": "parallel_virtual_guarantee",
  "ca_bandwidth_mb_s": 70.0,
  "ca_extra_delay": 300.0,
  "ca_penalty": 894.4444444444445,
  "ca_fixed_penalty": 1000.0,
  "ACT": 303.6082189153428,
  "AMS": 347.9142857142857,
  "AMS_mode": "max",
  "downloaded_mb": 434409.0,
  "reused_mb": 29695.0,
  "reuse_rate": 0.06398350369744712,
  "objective_without_ca_penalty": 325.7612523148142,
  "objective": 1220.2056967592587
}
[RUN][max_delay300][orr] drtp_img88_cacheonly_1024mb_900.json
{
  "algo": "orr-online-k8sca",
  "num_containers": 900,
  "num_edge_containers": 94,
  "num_ca_containers": 806,
  "failed_deployments": 806,
  "fail_rate": 0.8955555555555555,
  "num_nodes": 8,
  "num_eval_nodes": 9,
  "resource_model": "online_cumulative_k8s_filter_no_release",
  "ca_model": "parallel_virtual_guarantee",
  "ca_bandwidth_mb_s": 70.0,
  "ca_extra_delay": 300.0,
  "ca_penalty": 895.5555555555555,
  "ca_fixed_penalty": 1000.0,
  "ACT": 304.393363095237,
  "AMS": 347.9142857142857,
  "AMS_mode": "max",
  "downloaded_mb": 441424.0,
  "reused_mb": 22680.0,
  "reuse_rate": 0.048868357092375844,
  "objective_without_ca_penalty": 326.1538244047614,
  "objective": 1221.709379960317
}
[RUN][max_delay300][lasa] drtp_img88_cacheonly_1024mb_900.json
{
  "algo": "lasa-online-k8sca",
  "num_containers": 900,
  "num_edge_containers": 94,
  "num_ca_containers": 806,
  "failed_deployments": 806,
  "fail_rate": 0.8955555555555555,
  "num_nodes": 8,
  "num_eval_nodes": 9,
  "resource_model": "online_cumulative_k8s_filter_no_release",
  "ca_model": "parallel_virtual_guarantee",
  "ca_bandwidth_mb_s": 70.0,
  "ca_extra_delay": 300.0,
  "ca_penalty": 895.5555555555555,
  "ca_fixed_penalty": 1000.0,
  "ACT": 302.94644907407303,
  "AMS": 347.9142857142857,
  "AMS_mode": "max",
  "downloaded_mb": 460480.0,
  "reused_mb": 3624.0,
  "reuse_rate": 0.007808594625342596,
  "objective_without_ca_penalty": 325.43036739417937,
  "objective": 1220.985922949735
}
[RUN][max_delay300][fg] drtp_img88_cacheonly_1024mb_1000.json
{
  "algo": "fg-online-k8sca",
  "num_containers": 1000,
  "num_edge_containers": 94,
  "num_ca_containers": 906,
  "failed_deployments": 906,
  "fail_rate": 0.906,
  "num_nodes": 8,
  "num_eval_nodes": 9,
  "resource_model": "online_cumulative_k8s_filter_no_release",
  "ca_model": "parallel_virtual_guarantee",
  "ca_bandwidth_mb_s": 70.0,
  "ca_extra_delay": 300.0,
  "ca_penalty": 906.0,
  "ca_fixed_penalty": 1000.0,
  "ACT": 305.9066196428565,
  "AMS": 347.9142857142857,
  "AMS_mode": "max",
  "downloaded_mb": 489219.0,
  "reused_mb": 26778.0,
  "reuse_rate": 0.05189565055610788,
  "objective_without_ca_penalty": 326.9104526785711,
  "objective": 1232.9104526785711
}
[RUN][max_delay300][ilrsa] drtp_img88_cacheonly_1024mb_1000.json
{
  "algo": "ilrsa-online-k8sca",
  "num_containers": 1000,
  "num_edge_containers": 94,
  "num_ca_containers": 906,
  "failed_deployments": 906,
  "fail_rate": 0.906,
  "num_nodes": 8,
  "num_eval_nodes": 9,
  "resource_model": "online_cumulative_k8s_filter_no_release",
  "ca_model": "parallel_virtual_guarantee",
  "ca_bandwidth_mb_s": 70.0,
  "ca_extra_delay": 300.0,
  "ca_penalty": 906.0,
  "ca_fixed_penalty": 1000.0,
  "ACT": 306.862491071428,
  "AMS": 347.9142857142857,
  "AMS_mode": "max",
  "downloaded_mb": 492099.0,
  "reused_mb": 23897.0,
  "reuse_rate": 0.04631237451453112,
  "objective_without_ca_penalty": 327.3883883928569,
  "objective": 1233.388388392857
}
[RUN][max_delay300][lrscheduler] drtp_img88_cacheonly_1024mb_1000.json
{
  "algo": "lrscheduler-online-k8sca",
  "num_containers": 1000,
  "num_edge_containers": 94,
  "num_ca_containers": 906,
  "failed_deployments": 906,
  "fail_rate": 0.906,
  "num_nodes": 8,
  "num_eval_nodes": 9,
  "resource_model": "online_cumulative_k8s_filter_no_release",
  "ca_model": "parallel_virtual_guarantee",
  "ca_bandwidth_mb_s": 70.0,
  "ca_extra_delay": 300.0,
  "ca_penalty": 906.0,
  "ca_fixed_penalty": 1000.0,
  "ACT": 305.8777910714279,
  "AMS": 347.9142857142857,
  "AMS_mode": "max",
  "downloaded_mb": 484763.0,
  "reused_mb": 31270.0,
  "reuse_rate": 0.060596899810671026,
  "objective_without_ca_penalty": 326.8960383928568,
  "objective": 1232.8960383928568
}
[RUN][max_delay300][gahrl] drtp_img88_cacheonly_1024mb_1000.json
{
  "algo": "gahrl-online-k8sca",
  "num_containers": 1000,
  "num_edge_containers": 95,
  "num_ca_containers": 905,
  "failed_deployments": 905,
  "fail_rate": 0.905,
  "num_nodes": 8,
  "num_eval_nodes": 9,
  "resource_model": "online_cumulative_k8s_filter_no_release",
  "ca_model": "parallel_virtual_guarantee",
  "ca_bandwidth_mb_s": 70.0,
  "ca_extra_delay": 300.0,
  "ca_penalty": 905.0,
  "ca_fixed_penalty": 1000.0,
  "ACT": 305.76123988095173,
  "AMS": 347.9142857142857,
  "AMS_mode": "max",
  "downloaded_mb": 486338.0,
  "reused_mb": 29695.0,
  "reuse_rate": 0.05754476942366089,
  "objective_without_ca_penalty": 326.8377627976187,
  "objective": 1231.8377627976188
}
[RUN][max_delay300][orr] drtp_img88_cacheonly_1024mb_1000.json
{
  "algo": "orr-online-k8sca",
  "num_containers": 1000,
  "num_edge_containers": 94,
  "num_ca_containers": 906,
  "failed_deployments": 906,
  "fail_rate": 0.906,
  "num_nodes": 8,
  "num_eval_nodes": 9,
  "resource_model": "online_cumulative_k8s_filter_no_release",
  "ca_model": "parallel_virtual_guarantee",
  "ca_bandwidth_mb_s": 70.0,
  "ca_extra_delay": 300.0,
  "ca_penalty": 906.0,
  "ca_fixed_penalty": 1000.0,
  "ACT": 306.4678696428566,
  "AMS": 347.9142857142857,
  "AMS_mode": "max",
  "downloaded_mb": 493353.0,
  "reused_mb": 22680.0,
  "reuse_rate": 0.04395067757294591,
  "objective_without_ca_penalty": 327.19107767857116,
  "objective": 1233.1910776785712
}
[RUN][max_delay300][lasa] drtp_img88_cacheonly_1024mb_1000.json
{
  "algo": "lasa-online-k8sca",
  "num_containers": 1000,
  "num_edge_containers": 93,
  "num_ca_containers": 907,
  "failed_deployments": 907,
  "fail_rate": 0.907,
  "num_nodes": 8,
  "num_eval_nodes": 9,
  "resource_model": "online_cumulative_k8s_filter_no_release",
  "ca_model": "parallel_virtual_guarantee",
  "ca_bandwidth_mb_s": 70.0,
  "ca_extra_delay": 300.0,
  "ca_penalty": 907.0,
  "ca_fixed_penalty": 1000.0,
  "ACT": 305.26149285714223,
  "AMS": 347.9142857142857,
  "AMS_mode": "max",
  "downloaded_mb": 513224.0,
  "reused_mb": 2809.0,
  "reuse_rate": 0.005443450321975533,
  "objective_without_ca_penalty": 326.58788928571397,
  "objective": 1233.587889285714
}
