{
  "summary": {
    "algo": "FG-DSCR-GC-K8s-selected",
    "num_containers": 200,
    "num_assigned": 121,
    "num_failed": 79,
    "fail_rate": 0.395,
    "num_nodes": 8,
    "ACT": 202.0085399449036,
    "AMS": 404.1113095238095,
    "downloaded_mb": 64931,
    "reused_mb": 0,
    "reuse_rate": 0.0,
    "objective_base": 303.0599247343565,
    "fail_penalty": 395.0,
    "lambda_fail": 1000.0,
    "objective": 698.0599247343565
  },
  "assignment": {
    "edge-1": [
      "c135",
      "c053",
      "c059",
      "c113",
      "c179",
      "c051",
      "c159",
      "c003",
      "c155",
      "c090",
      "c119",
      "c175",
      "c063",
      "c005",
      "c187",
      "c006",
      "c010",
      "c079",
      "c131",
      "c047"
    ],
    "edge-2": [
      "c097",
      "c149",
      "c184",
      "c120",
      "c020",
      "c001",
      "c109",
      "c076",
      "c165",
      "c154",
      "c060",
      "c176",
      "c188",
      "c193",
      "c108",
      "c142",
      "c002"
    ],
    "edge-3": [
      "c021",
      "c073",
      "c048",
      "c174",
      "c062",
      "c150",
      "c111",
      "c081",
      "c012",
      "c057",
      "c066",
      "c182",
      "c196",
      "c025"
    ],
    "edge-4": [
      "c043",
      "c114",
      "c014",
      "c148",
      "c026",
      "c033",
      "c009",
      "c151",
      "c170",
      "c088",
      "c029",
      "c198",
      "c077",
      "c044"
    ],
    "edge-5": [
      "c124",
      "c070",
      "c058",
      "c153",
      "c067",
      "c071",
      "c092",
      "c022",
      "c054",
      "c185",
      "c056",
      "c052",
      "c095",
      "c103",
      "c138",
      "c061"
    ],
    "edge-6": [
      "c094",
      "c039",
      "c162",
      "c186",
      "c118",
      "c125",
      "c158",
      "c112",
      "c200",
      "c183",
      "c152"
    ],
    "edge-7": [
      "c195",
      "c035",
      "c177",
      "c137",
      "c016",
      "c072",
      "c123",
      "c168",
      "c045",
      "c084",
      "c117",
      "c099",
      "c121",
      "c181",
      "c139",
      "c046"
    ],
    "edge-8": [
      "c031",
      "c136",
      "c050",
      "c192",
      "c141",
      "c127",
      "c143",
      "c089",
      "c110",
      "c133",
      "c140",
      "c167",
      "c082"
    ]
  },
  "ordered_queues": {
    "edge-1": [
      "c003",
      "c006",
      "c010",
      "c047",
      "c051",
      "c059",
      "c113",
      "c179",
      "c187",
      "c005",
      "c175",
      "c053",
      "c131",
      "c090",
      "c135",
      "c063",
      "c159",
      "c079",
      "c119",
      "c155"
    ],
    "edge-2": [
      "c002",
      "c060",
      "c184",
      "c020",
      "c108",
      "c076",
      "c120",
      "c097",
      "c154",
      "c001",
      "c193",
      "c142",
      "c109",
      "c149",
      "c165",
      "c176",
      "c188"
    ],
    "edge-3": [
      "c081",
      "c048",
      "c174",
      "c062",
      "c150",
      "c021",
      "c073",
      "c025",
      "c182",
      "c196",
      "c012",
      "c057",
      "c066",
      "c111"
    ],
    "edge-4": [
      "c148",
      "c026",
      "c033",
      "c077",
      "c014",
      "c043",
      "c009",
      "c114",
      "c151",
      "c044",
      "c088",
      "c029",
      "c170",
      "c198"
    ],
    "edge-5": [
      "c124",
      "c054",
      "c185",
      "c103",
      "c058",
      "c056",
      "c070",
      "c061",
      "c138",
      "c022",
      "c153",
      "c067",
      "c092",
      "c071",
      "c052",
      "c095"
    ],
    "edge-6": [
      "c039",
      "c125",
      "c094",
      "c186",
      "c112",
      "c118",
      "c158",
      "c200",
      "c162",
      "c183",
      "c152"
    ],
    "edge-7": [
      "c016",
      "c072",
      "c084",
      "c099",
      "c137",
      "c181",
      "c035",
      "c195",
      "c046",
      "c045",
      "c117",
      "c139",
      "c177",
      "c121",
      "c123",
      "c168"
    ],
    "edge-8": [
      "c050",
      "c110",
      "c143",
      "c141",
      "c192",
      "c031",
      "c127",
      "c133",
      "c136",
      "c140",
      "c167",
      "c089",
      "c082"
    ]
  }
}
