{
  "summary": {
    "algo": "FG-DSCR-GC-K8s-selected",
    "num_containers": 600,
    "num_assigned": 165,
    "num_failed": 435,
    "fail_rate": 0.725,
    "num_nodes": 8,
    "ACT": 268.9163059163059,
    "AMS": 539.1255952380952,
    "downloaded_mb": 77577,
    "reused_mb": 0,
    "reuse_rate": 0.0,
    "objective_base": 404.02095057720055,
    "fail_penalty": 725.0,
    "lambda_fail": 1000.0,
    "objective": 1129.0209505772004
  },
  "assignment": {
    "edge-1": [
      "c091",
      "c375",
      "c071",
      "c336",
      "c083",
      "c401",
      "c589",
      "c068",
      "c154",
      "c264",
      "c459",
      "c562",
      "c473",
      "c055",
      "c256",
      "c041",
      "c053",
      "c189",
      "c203",
      "c230",
      "c280",
      "c378",
      "c537",
      "c572"
    ],
    "edge-2": [
      "c360",
      "c443",
      "c167",
      "c161",
      "c228",
      "c025",
      "c504",
      "c350",
      "c380",
      "c482",
      "c570",
      "c583",
      "c407",
      "c559",
      "c273",
      "c031",
      "c103",
      "c282",
      "c422",
      "c548",
      "c212",
      "c480",
      "c233"
    ],
    "edge-3": [
      "c580",
      "c075",
      "c540",
      "c145",
      "c541",
      "c536",
      "c056",
      "c301",
      "c390",
      "c545",
      "c251",
      "c272",
      "c546",
      "c292",
      "c185",
      "c534",
      "c550"
    ],
    "edge-4": [
      "c085",
      "c237",
      "c462",
      "c250",
      "c102",
      "c465",
      "c115",
      "c372",
      "c144",
      "c130",
      "c389",
      "c481",
      "c141",
      "c377",
      "c176",
      "c067",
      "c139"
    ],
    "edge-5": [
      "c369",
      "c568",
      "c435",
      "c471",
      "c494",
      "c138",
      "c364",
      "c509",
      "c437",
      "c162",
      "c007",
      "c042",
      "c591",
      "c046",
      "c158",
      "c351",
      "c468",
      "c418",
      "c211",
      "c310",
      "c454",
      "c032",
      "c159"
    ],
    "edge-6": [
      "c398",
      "c110",
      "c484",
      "c057",
      "c290",
      "c382",
      "c243",
      "c295",
      "c483",
      "c210",
      "c202",
      "c412",
      "c444",
      "c314",
      "c288",
      "c402",
      "c182",
      "c244",
      "c419",
      "c070"
    ],
    "edge-7": [
      "c551",
      "c286",
      "c426",
      "c532",
      "c235",
      "c023",
      "c472",
      "c333",
      "c344",
      "c491",
      "c395",
      "c525",
      "c299",
      "c269",
      "c582",
      "c512",
      "c597",
      "c259",
      "c315",
      "c503",
      "c072",
      "c552",
      "c565"
    ],
    "edge-8": [
      "c024",
      "c592",
      "c213",
      "c142",
      "c374",
      "c318",
      "c376",
      "c126",
      "c069",
      "c523",
      "c478",
      "c476",
      "c257",
      "c077",
      "c002",
      "c337",
      "c487",
      "c416"
    ]
  },
  "ordered_queues": {
    "edge-1": [
      "c041",
      "c053",
      "c068",
      "c071",
      "c083",
      "c154",
      "c189",
      "c203",
      "c230",
      "c264",
      "c280",
      "c336",
      "c378",
      "c401",
      "c091",
      "c473",
      "c459",
      "c055",
      "c256",
      "c375",
      "c537",
      "c562",
      "c572",
      "c589"
    ],
    "edge-2": [
      "c233",
      "c350",
      "c360",
      "c228",
      "c407",
      "c025",
      "c167",
      "c380",
      "c031",
      "c548",
      "c422",
      "c559",
      "c443",
      "c103",
      "c273",
      "c570",
      "c504",
      "c212",
      "c482",
      "c161",
      "c480",
      "c583",
      "c282"
    ],
    "edge-3": [
      "c145",
      "c541",
      "c580",
      "c075",
      "c056",
      "c301",
      "c390",
      "c536",
      "c540",
      "c185",
      "c546",
      "c251",
      "c272",
      "c292",
      "c534",
      "c545",
      "c550"
    ],
    "edge-4": [
      "c102",
      "c465",
      "c085",
      "c141",
      "c115",
      "c139",
      "c237",
      "c067",
      "c250",
      "c462",
      "c130",
      "c389",
      "c377",
      "c372",
      "c176",
      "c144",
      "c481"
    ],
    "edge-5": [
      "c032",
      "c158",
      "c162",
      "c364",
      "c159",
      "c042",
      "c369",
      "c435",
      "c046",
      "c471",
      "c211",
      "c007",
      "c138",
      "c494",
      "c509",
      "c418",
      "c310",
      "c568",
      "c437",
      "c454",
      "c351",
      "c468",
      "c591"
    ],
    "edge-6": [
      "c244",
      "c419",
      "c070",
      "c210",
      "c243",
      "c057",
      "c484",
      "c288",
      "c110",
      "c295",
      "c202",
      "c398",
      "c182",
      "c290",
      "c402",
      "c314",
      "c382",
      "c483",
      "c412",
      "c444"
    ],
    "edge-7": [
      "c525",
      "c565",
      "c426",
      "c512",
      "c551",
      "c259",
      "c235",
      "c597",
      "c023",
      "c299",
      "c269",
      "c333",
      "c286",
      "c532",
      "c344",
      "c395",
      "c582",
      "c491",
      "c472",
      "c072",
      "c552",
      "c315",
      "c503"
    ],
    "edge-8": [
      "c376",
      "c478",
      "c257",
      "c142",
      "c374",
      "c077",
      "c416",
      "c318",
      "c126",
      "c024",
      "c337",
      "c002",
      "c069",
      "c487",
      "c476",
      "c213",
      "c592",
      "c523"
    ]
  }
}
