{
  "summary": {
    "algo": "FG-DSCR-GC-K8s-selected",
    "num_containers": 500,
    "num_assigned": 150,
    "num_failed": 350,
    "fail_rate": 0.7,
    "num_nodes": 8,
    "ACT": 179.35744444444447,
    "AMS": 334.9385416666667,
    "downloaded_mb": 47727,
    "reused_mb": 27635,
    "reuse_rate": 0.3666967437169926,
    "objective_base": 257.1479930555556,
    "fail_penalty": 700.0,
    "lambda_fail": 1000.0,
    "objective": 957.1479930555556
  },
  "assignment": {
    "edge-1": [
      "c390",
      "c377",
      "c278",
      "c432",
      "c116",
      "c384",
      "c415",
      "c097",
      "c246",
      "c128",
      "c298",
      "c481",
      "c487",
      "c479",
      "c261",
      "c029",
      "c375",
      "c445",
      "c047",
      "c077",
      "c290",
      "c404",
      "c436",
      "c030"
    ],
    "edge-2": [
      "c328",
      "c297",
      "c409",
      "c306",
      "c268",
      "c010",
      "c253",
      "c348",
      "c356",
      "c387",
      "c437",
      "c491",
      "c232",
      "c403",
      "c465",
      "c486",
      "c496",
      "c251",
      "c362"
    ],
    "edge-3": [
      "c416",
      "c364",
      "c152",
      "c163",
      "c075",
      "c361",
      "c095",
      "c313",
      "c020",
      "c108",
      "c197",
      "c305",
      "c339",
      "c111",
      "c494",
      "c490",
      "c469"
    ],
    "edge-4": [
      "c406",
      "c213",
      "c038",
      "c139",
      "c214",
      "c250",
      "c158",
      "c430",
      "c395",
      "c025",
      "c325",
      "c434",
      "c005",
      "c360",
      "c027",
      "c236",
      "c379",
      "c291"
    ],
    "edge-5": [
      "c444",
      "c052",
      "c218",
      "c033",
      "c013",
      "c222",
      "c310",
      "c089",
      "c124",
      "c082",
      "c212",
      "c346",
      "c069",
      "c045",
      "c258",
      "c389",
      "c414",
      "c474",
      "c294"
    ],
    "edge-6": [
      "c470",
      "c183",
      "c401",
      "c092",
      "c211",
      "c120",
      "c420",
      "c006",
      "c174",
      "c130",
      "c191",
      "c466",
      "c035",
      "c056",
      "c115",
      "c134"
    ],
    "edge-7": [
      "c057",
      "c388",
      "c400",
      "c084",
      "c423",
      "c393",
      "c433",
      "c156",
      "c192",
      "c107",
      "c034",
      "c074",
      "c123",
      "c153",
      "c225",
      "c135",
      "c274",
      "c242",
      "c330"
    ],
    "edge-8": [
      "c168",
      "c223",
      "c373",
      "c065",
      "c143",
      "c017",
      "c396",
      "c255",
      "c472",
      "c204",
      "c161",
      "c438",
      "c205",
      "c352",
      "c407",
      "c260",
      "c455",
      "c179"
    ]
  },
  "ordered_queues": {
    "edge-1": [
      "c029",
      "c030",
      "c047",
      "c077",
      "c116",
      "c128",
      "c278",
      "c290",
      "c298",
      "c384",
      "c404",
      "c415",
      "c436",
      "c481",
      "c097",
      "c390",
      "c246",
      "c261",
      "c375",
      "c479",
      "c432",
      "c445",
      "c377",
      "c487"
    ],
    "edge-2": [
      "c251",
      "c253",
      "c348",
      "c356",
      "c362",
      "c387",
      "c437",
      "c486",
      "c232",
      "c268",
      "c328",
      "c403",
      "c409",
      "c465",
      "c491",
      "c010",
      "c297",
      "c306",
      "c496"
    ],
    "edge-3": [
      "c020",
      "c108",
      "c197",
      "c075",
      "c095",
      "c111",
      "c152",
      "c163",
      "c313",
      "c416",
      "c305",
      "c490",
      "c361",
      "c339",
      "c469",
      "c364",
      "c494"
    ],
    "edge-4": [
      "c025",
      "c214",
      "c236",
      "c250",
      "c360",
      "c379",
      "c406",
      "c038",
      "c139",
      "c158",
      "c213",
      "c291",
      "c325",
      "c395",
      "c430",
      "c434",
      "c005",
      "c027"
    ],
    "edge-5": [
      "c013",
      "c069",
      "c082",
      "c212",
      "c218",
      "c444",
      "c045",
      "c222",
      "c258",
      "c346",
      "c310",
      "c033",
      "c052",
      "c124",
      "c474",
      "c294",
      "c389",
      "c089",
      "c414"
    ],
    "edge-6": [
      "c092",
      "c120",
      "c191",
      "c401",
      "c420",
      "c470",
      "c035",
      "c056",
      "c174",
      "c006",
      "c211",
      "c130",
      "c115",
      "c183",
      "c466",
      "c134"
    ],
    "edge-7": [
      "c084",
      "c107",
      "c400",
      "c423",
      "c135",
      "c123",
      "c242",
      "c192",
      "c330",
      "c156",
      "c433",
      "c057",
      "c074",
      "c034",
      "c153",
      "c393",
      "c225",
      "c388",
      "c274"
    ],
    "edge-8": [
      "c065",
      "c168",
      "c223",
      "c255",
      "c352",
      "c373",
      "c438",
      "c455",
      "c472",
      "c204",
      "c205",
      "c143",
      "c396",
      "c017",
      "c407",
      "c161",
      "c260",
      "c179"
    ]
  }
}
