{
  "summary": {
    "algo": "FG-DSCR-GC-K8s-selected",
    "num_containers": 300,
    "num_assigned": 137,
    "num_failed": 163,
    "fail_rate": 0.5433333333333333,
    "num_nodes": 8,
    "ACT": 183.13605839416059,
    "AMS": 336.605,
    "downloaded_mb": 67926,
    "reused_mb": 0,
    "reuse_rate": 0.0,
    "objective_base": 259.8705291970803,
    "fail_penalty": 543.3333333333334,
    "lambda_fail": 1000.0,
    "objective": 803.2038625304137
  },
  "assignment": {
    "edge-1": [
      "c091",
      "c286",
      "c228",
      "c075",
      "c023",
      "c162",
      "c273",
      "c077",
      "c270",
      "c165",
      "c190",
      "c206",
      "c030",
      "c178",
      "c137",
      "c209",
      "c168"
    ],
    "edge-2": [
      "c167",
      "c237",
      "c250",
      "c269",
      "c259",
      "c257",
      "c139",
      "c284",
      "c233",
      "c079",
      "c016",
      "c113",
      "c039",
      "c275"
    ],
    "edge-3": [
      "c161",
      "c256",
      "c031",
      "c103",
      "c282",
      "c130",
      "c002",
      "c067",
      "c080",
      "c108",
      "c227",
      "c146",
      "c064",
      "c246",
      "c010",
      "c017",
      "c118"
    ],
    "edge-4": [
      "c071",
      "c083",
      "c068",
      "c154",
      "c264",
      "c007",
      "c041",
      "c053",
      "c189",
      "c203",
      "c230",
      "c280",
      "c142",
      "c158",
      "c211",
      "c102",
      "c145",
      "c115",
      "c056",
      "c251",
      "c272"
    ],
    "edge-5": [
      "c025",
      "c235",
      "c243",
      "c295",
      "c210",
      "c126",
      "c288",
      "c144",
      "c212",
      "c114",
      "c198",
      "c003",
      "c239",
      "c283",
      "c200",
      "c173",
      "c224",
      "c094"
    ],
    "edge-6": [
      "c085",
      "c110",
      "c055",
      "c057",
      "c290",
      "c202",
      "c141",
      "c244",
      "c265",
      "c132",
      "c063",
      "c171",
      "c217",
      "c249",
      "c026",
      "c247",
      "c292"
    ],
    "edge-7": [
      "c024",
      "c213",
      "c299",
      "c069",
      "c032",
      "c159",
      "c185",
      "c015",
      "c205",
      "c240",
      "c252",
      "c112",
      "c070",
      "c140",
      "c216",
      "c133",
      "c176"
    ],
    "edge-8": [
      "c138",
      "c042",
      "c046",
      "c182",
      "c072",
      "c215",
      "c179",
      "c105",
      "c232",
      "c225",
      "c008",
      "c253",
      "c006",
      "c258",
      "c149",
      "c157"
    ]
  },
  "ordered_queues": {
    "edge-1": [
      "c023",
      "c091",
      "c162",
      "c228",
      "c030",
      "c075",
      "c190",
      "c270",
      "c165",
      "c077",
      "c168",
      "c206",
      "c137",
      "c209",
      "c273",
      "c178",
      "c286"
    ],
    "edge-2": [
      "c113",
      "c139",
      "c039",
      "c257",
      "c079",
      "c233",
      "c237",
      "c016",
      "c167",
      "c259",
      "c275",
      "c250",
      "c269",
      "c284"
    ],
    "edge-3": [
      "c031",
      "c103",
      "c067",
      "c108",
      "c161",
      "c130",
      "c002",
      "c118",
      "c064",
      "c256",
      "c246",
      "c080",
      "c010",
      "c146",
      "c227",
      "c017",
      "c282"
    ],
    "edge-4": [
      "c041",
      "c053",
      "c068",
      "c071",
      "c083",
      "c154",
      "c158",
      "c189",
      "c203",
      "c211",
      "c230",
      "c251",
      "c102",
      "c145",
      "c142",
      "c264",
      "c007",
      "c115",
      "c056",
      "c272",
      "c280"
    ],
    "edge-5": [
      "c003",
      "c114",
      "c144",
      "c173",
      "c224",
      "c198",
      "c243",
      "c210",
      "c212",
      "c200",
      "c025",
      "c126",
      "c288",
      "c235",
      "c295",
      "c094",
      "c239",
      "c283"
    ],
    "edge-6": [
      "c132",
      "c171",
      "c026",
      "c057",
      "c063",
      "c110",
      "c217",
      "c244",
      "c249",
      "c055",
      "c141",
      "c085",
      "c202",
      "c290",
      "c265",
      "c247",
      "c292"
    ],
    "edge-7": [
      "c015",
      "c032",
      "c112",
      "c159",
      "c185",
      "c070",
      "c024",
      "c205",
      "c299",
      "c216",
      "c069",
      "c133",
      "c176",
      "c213",
      "c240",
      "c140",
      "c252"
    ],
    "edge-8": [
      "c042",
      "c046",
      "c105",
      "c008",
      "c253",
      "c006",
      "c225",
      "c182",
      "c072",
      "c258",
      "c138",
      "c157",
      "c232",
      "c149",
      "c215",
      "c179"
    ]
  }
}
