{
  "summary": {
    "algo": "FG-DSCR-GC-K8s-selected",
    "num_containers": 800,
    "num_assigned": 178,
    "num_failed": 622,
    "fail_rate": 0.7775,
    "num_nodes": 8,
    "ACT": 220.00831995719636,
    "AMS": 450.5476190476191,
    "downloaded_mb": 30136,
    "reused_mb": 52639,
    "reuse_rate": 0.6359287224403504,
    "objective_base": 335.2779695024077,
    "fail_penalty": 777.5,
    "lambda_fail": 1000.0,
    "objective": 1112.7779695024078
  },
  "assignment": {
    "edge-1": [
      "c091",
      "c375",
      "c071",
      "c336",
      "c083",
      "c401",
      "c589",
      "c629",
      "c730",
      "c753",
      "c068",
      "c154",
      "c264",
      "c459",
      "c562",
      "c782",
      "c007",
      "c256",
      "c659",
      "c661",
      "c545",
      "c602",
      "c758",
      "c144"
    ],
    "edge-2": [
      "c360",
      "c443",
      "c167",
      "c398",
      "c532",
      "c795",
      "c055",
      "c693",
      "c484",
      "c382",
      "c422",
      "c732",
      "c269",
      "c582",
      "c670",
      "c243",
      "c295",
      "c483",
      "c637",
      "c787",
      "c390",
      "c288",
      "c697"
    ],
    "edge-3": [
      "c580",
      "c138",
      "c725",
      "c437",
      "c042",
      "c041",
      "c053",
      "c189",
      "c203",
      "c230",
      "c280",
      "c378",
      "c537",
      "c572",
      "c591",
      "c678",
      "c761",
      "c046",
      "c158",
      "c351",
      "c272",
      "c478",
      "c664"
    ],
    "edge-4": [
      "c085",
      "c237",
      "c738",
      "c473",
      "c689",
      "c525",
      "c250",
      "c748",
      "c318",
      "c210",
      "c310",
      "c315",
      "c503",
      "c775",
      "c723",
      "c056",
      "c301",
      "c402",
      "c069",
      "c607",
      "c251"
    ],
    "edge-5": [
      "c369",
      "c568",
      "c676",
      "c777",
      "c161",
      "c228",
      "c435",
      "c471",
      "c494",
      "c504",
      "c364",
      "c509",
      "c790",
      "c350",
      "c380",
      "c162",
      "c482",
      "c110",
      "c583",
      "c630",
      "c407",
      "c273",
      "c057",
      "c290"
    ],
    "edge-6": [
      "c025",
      "c075",
      "c540",
      "c715",
      "c374",
      "c512",
      "c597",
      "c259",
      "c202",
      "c412",
      "c444",
      "c785",
      "c102",
      "c145",
      "c541",
      "c465",
      "c115",
      "c130",
      "c389",
      "c233"
    ],
    "edge-7": [
      "c551",
      "c286",
      "c024",
      "c592",
      "c426",
      "c023",
      "c570",
      "c472",
      "c712",
      "c462",
      "c559",
      "c395",
      "c673",
      "c213",
      "c031",
      "c103",
      "c282",
      "c636",
      "c736",
      "c468",
      "c771",
      "c182",
      "c372",
      "c754"
    ],
    "edge-8": [
      "c690",
      "c235",
      "c333",
      "c344",
      "c491",
      "c142",
      "c299",
      "c684",
      "c766",
      "c548",
      "c418",
      "c376",
      "c536",
      "c647",
      "c126",
      "c314",
      "c523",
      "c565",
      "c211"
    ]
  },
  "ordered_queues": {
    "edge-1": [
      "c068",
      "c071",
      "c083",
      "c154",
      "c264",
      "c336",
      "c401",
      "c459",
      "c545",
      "c562",
      "c589",
      "c629",
      "c730",
      "c753",
      "c782",
      "c091",
      "c256",
      "c375",
      "c659",
      "c661",
      "c007",
      "c602",
      "c758",
      "c144"
    ],
    "edge-2": [
      "c243",
      "c288",
      "c295",
      "c398",
      "c483",
      "c795",
      "c484",
      "c697",
      "c360",
      "c422",
      "c443",
      "c732",
      "c055",
      "c693",
      "c269",
      "c532",
      "c582",
      "c167",
      "c382",
      "c637",
      "c390",
      "c670",
      "c787"
    ],
    "edge-3": [
      "c041",
      "c053",
      "c158",
      "c189",
      "c203",
      "c230",
      "c272",
      "c280",
      "c351",
      "c378",
      "c537",
      "c572",
      "c591",
      "c678",
      "c761",
      "c580",
      "c478",
      "c664",
      "c042",
      "c046",
      "c138",
      "c437",
      "c725"
    ],
    "edge-4": [
      "c525",
      "c473",
      "c748",
      "c607",
      "c085",
      "c237",
      "c250",
      "c738",
      "c318",
      "c689",
      "c210",
      "c402",
      "c723",
      "c056",
      "c301",
      "c069",
      "c251",
      "c310",
      "c315",
      "c503",
      "c775"
    ],
    "edge-5": [
      "c162",
      "c273",
      "c364",
      "c369",
      "c435",
      "c471",
      "c482",
      "c494",
      "c509",
      "c568",
      "c676",
      "c777",
      "c350",
      "c630",
      "c228",
      "c407",
      "c057",
      "c110",
      "c290",
      "c380",
      "c504",
      "c583",
      "c161",
      "c790"
    ],
    "edge-6": [
      "c145",
      "c541",
      "c785",
      "c102",
      "c233",
      "c374",
      "c465",
      "c512",
      "c597",
      "c025",
      "c115",
      "c075",
      "c389",
      "c130",
      "c259",
      "c540",
      "c715",
      "c202",
      "c412",
      "c444"
    ],
    "edge-7": [
      "c023",
      "c286",
      "c395",
      "c472",
      "c673",
      "c426",
      "c551",
      "c182",
      "c559",
      "c570",
      "c736",
      "c024",
      "c213",
      "c592",
      "c712",
      "c031",
      "c103",
      "c282",
      "c771",
      "c462",
      "c636",
      "c754",
      "c372",
      "c468"
    ],
    "edge-8": [
      "c565",
      "c376",
      "c142",
      "c299",
      "c684",
      "c126",
      "c235",
      "c333",
      "c344",
      "c491",
      "c766",
      "c536",
      "c647",
      "c690",
      "c314",
      "c548",
      "c523",
      "c418",
      "c211"
    ]
  }
}
