nohup: ignoring input
========================================
SCALE
========================================
reuse FG state: cider_nodes20_domains4_req400_weak seed=1
[1/1] N=20 seed=1  WAN=250  peersync_style              mean=41.03 p95=232.89 reg=18402 peer=12310 cross=3152 offload=40.1%

Scale baseline sweep completed.
Saved: /home/zhjia/FG-DSCR/results/formal_peersync_corrected_20260927_225613/scale/N20/raw.csv
reuse FG state: cider_nodes30_domains5_req600_weak seed=1
[1/1] N=30 seed=1  WAN=250  peersync_style              mean=35.72 p95=200.77 reg=17939 peer=16480 cross=4493 offload=47.9%

Scale baseline sweep completed.
Saved: /home/zhjia/FG-DSCR/results/formal_peersync_corrected_20260927_225613/scale/N30/raw.csv
reuse FG state: cider_nodes40_domains8_req800_weak seed=1
[1/1] N=40 seed=1  WAN=250  peersync_style              mean=60.51 p95=366.37 reg=17934 peer=29088 cross=11084 offload=61.9%

Scale baseline sweep completed.
Saved: /home/zhjia/FG-DSCR/results/formal_peersync_corrected_20260927_225613/scale/N40/raw.csv
reuse FG state: cider_nodes50_domains10_req1000_weak seed=1
[1/1] N=50 seed=1  WAN=250  peersync_style              mean=28.45 p95=212.10 reg=17583 peer=25823 cross=9161 offload=59.5%

Scale baseline sweep completed.
Saved: /home/zhjia/FG-DSCR/results/formal_peersync_corrected_20260927_225613/scale/N50/raw.csv
========================================
WAN
========================================
reuse FG state: cider_nodes40_domains8_req800_weak seed=1
[1/1] N=40 seed=1  WAN=125  peersync_style              mean=33.87 p95=261.70 reg=16274 peer=29229 cross=13405 offload=64.2%

Scale baseline sweep completed.
Saved: /home/zhjia/FG-DSCR/results/formal_peersync_corrected_20260927_225613/wan/125/raw.csv
reuse FG state: cider_nodes40_domains8_req800_weak seed=1
[1/1] N=40 seed=1  WAN=250  peersync_style              mean=60.51 p95=366.37 reg=17934 peer=29088 cross=11084 offload=61.9%

Scale baseline sweep completed.
Saved: /home/zhjia/FG-DSCR/results/formal_peersync_corrected_20260927_225613/wan/250/raw.csv
reuse FG state: cider_nodes40_domains8_req800_weak seed=1
[1/1] N=40 seed=1  WAN=500  peersync_style              mean=38.23 p95=248.40 reg=20391 peer=24469 cross=8757 offload=54.5%

Scale baseline sweep completed.
Saved: /home/zhjia/FG-DSCR/results/formal_peersync_corrected_20260927_225613/wan/500/raw.csv
========================================
PEER UPLOAD
========================================
reuse FG state: cider_nodes40_domains8_req800_weak seed=1
[1/1] N=40 seed=1  WAN=250  peersync_style              mean=60.51 p95=366.37 reg=17934 peer=29088 cross=11084 offload=61.9%

Scale baseline sweep completed.
Saved: /home/zhjia/FG-DSCR/results/formal_peersync_corrected_20260927_225613/peer/12p5/raw.csv
reuse FG state: cider_nodes40_domains8_req800_weak seed=1
[1/1] N=40 seed=1  WAN=250  peersync_style              mean=10.88 p95=53.50 reg=14325 peer=33317 cross=16513 offload=69.9%

Scale baseline sweep completed.
Saved: /home/zhjia/FG-DSCR/results/formal_peersync_corrected_20260927_225613/peer/25/raw.csv
reuse FG state: cider_nodes40_domains8_req800_weak seed=1
[1/1] N=40 seed=1  WAN=250  peersync_style              mean=4.18 p95=18.34 reg=10271 peer=45165 cross=27379 offload=81.5%

Scale baseline sweep completed.
Saved: /home/zhjia/FG-DSCR/results/formal_peersync_corrected_20260927_225613/peer/50/raw.csv
========================================
RTT
========================================
reuse FG state: cider_nodes40_domains8_req800_weak seed=1
[1/1] N=40 seed=1  WAN=250  peersync_style              mean=60.49 p95=366.35 reg=18035 peer=28970 cross=10983 offload=61.6%

Scale baseline sweep completed.
Saved: /home/zhjia/FG-DSCR/results/formal_peersync_corrected_20260927_225613/rtt/0p5/raw.csv
reuse FG state: cider_nodes40_domains8_req800_weak seed=1
[1/1] N=40 seed=1  WAN=250  peersync_style              mean=60.51 p95=366.37 reg=17934 peer=29088 cross=11084 offload=61.9%

Scale baseline sweep completed.
Saved: /home/zhjia/FG-DSCR/results/formal_peersync_corrected_20260927_225613/rtt/1/raw.csv
reuse FG state: cider_nodes40_domains8_req800_weak seed=1
[1/1] N=40 seed=1  WAN=250  peersync_style              mean=60.37 p95=366.41 reg=17888 peer=28868 cross=10913 offload=61.7%

Scale baseline sweep completed.
Saved: /home/zhjia/FG-DSCR/results/formal_peersync_corrected_20260927_225613/rtt/2/raw.csv
========================================
ARRIVAL LOAD
========================================
reuse FG state: cider_nodes40_domains8_req800_weak seed=1
[1/1] N=40 seed=1  WAN=250  peersync_style              mean=75.81 p95=545.75 reg=18983 peer=28666 cross=10069 offload=60.2%

Scale baseline sweep completed.
Saved: /home/zhjia/FG-DSCR/results/formal_peersync_corrected_20260927_225613/load/0p5x/raw.csv
reuse FG state: cider_nodes40_domains8_req800_weak seed=1
[1/1] N=40 seed=1  WAN=250  peersync_style              mean=60.51 p95=366.37 reg=17934 peer=29088 cross=11084 offload=61.9%

Scale baseline sweep completed.
Saved: /home/zhjia/FG-DSCR/results/formal_peersync_corrected_20260927_225613/load/1x/raw.csv
reuse FG state: cider_nodes40_domains8_req800_weak seed=1
[1/1] N=40 seed=1  WAN=250  peersync_style              mean=28.92 p95=151.82 reg=17785 peer=20860 cross=6063 offload=54.0%

Scale baseline sweep completed.
Saved: /home/zhjia/FG-DSCR/results/formal_peersync_corrected_20260927_225613/load/2x/raw.csv
reuse FG state: cider_nodes40_domains8_req800_weak seed=1
[1/1] N=40 seed=1  WAN=250  peersync_style              mean=27.40 p95=142.82 reg=16143 peer=19348 cross=6608 offload=54.5%

Scale baseline sweep completed.
Saved: /home/zhjia/FG-DSCR/results/formal_peersync_corrected_20260927_225613/load/4x/raw.csv

PEERSYNC CORRECTED FORMAL RUN FINISHED
ROOT=results/formal_peersync_corrected_20260927_225613
