{
  "algo": "LRScheduler-source-inspired",
  "num_containers": 680,
  "num_scheduled_containers": 94,
  "num_assigned": 94,
  "ca_triggered": 586,
  "ca_rate": 0.861764705882353,
  "ca_penalty": 861.764705882353,
  "lambda_ca": 1000.0,
  "num_nodes": 8,
  "ACT": 127.10793439716305,
  "AMS": 259.7875,
  "downloaded_mb": 15531,
  "reused_mb": 30798,
  "reuse_rate": 0.6647672084439552,
  "objective_without_ca_penalty": 193.44771719858153,
  "objective_ca": 1055.2124230809345,
  "objective": 1055.2124230809345,
  "params": {
    "layer_mb_threshold": 10.0,
    "std_threshold": 0.16,
    "cpu_threshold": 0.6,
    "high_weight": 2.0,
    "low_weight": 0.5,
    "plugin_weight_layer": 2.0,
    "plugin_weight_resource": 1.0
  }
}
