{
  "summary": {
    "algo": "FG-DSCR-GC-K8s-selected",
    "num_containers": 200,
    "num_assigned": 96,
    "num_failed": 104,
    "fail_rate": 0.52,
    "num_nodes": 8,
    "ACT": 133.09782986111114,
    "AMS": 249.37500000000003,
    "downloaded_mb": 24128,
    "reused_mb": 30302,
    "reuse_rate": 0.5567150468491641,
    "objective_base": 191.23641493055558,
    "fail_penalty": 520.0,
    "lambda_fail": 1000.0,
    "objective": 711.2364149305556
  },
  "assignment": {
    "edge-1": [
      "c020",
      "c032",
      "c035",
      "c045",
      "c059",
      "c061",
      "c067",
      "c071",
      "c075",
      "c076",
      "c078",
      "c081",
      "c088",
      "c089",
      "c097"
    ],
    "edge-2": [
      "c001",
      "c023",
      "c024",
      "c030",
      "c036",
      "c037",
      "c047",
      "c049",
      "c050",
      "c051",
      "c084"
    ],
    "edge-3": [
      "c021",
      "c026",
      "c028",
      "c033",
      "c044",
      "c062",
      "c069",
      "c072",
      "c073",
      "c074",
      "c079",
      "c085"
    ],
    "edge-4": [
      "c002",
      "c003",
      "c004",
      "c006",
      "c010",
      "c012",
      "c013",
      "c015",
      "c016",
      "c017",
      "c019",
      "c029"
    ],
    "edge-5": [
      "c011",
      "c022",
      "c038",
      "c040",
      "c042",
      "c054",
      "c064",
      "c068",
      "c083",
      "c090"
    ],
    "edge-6": [
      "c005",
      "c009",
      "c025",
      "c027",
      "c034",
      "c052",
      "c053",
      "c055",
      "c057",
      "c058",
      "c091",
      "c092",
      "c094"
    ],
    "edge-7": [
      "c018",
      "c031",
      "c039",
      "c048",
      "c056",
      "c065",
      "c070",
      "c077",
      "c080",
      "c082",
      "c086",
      "c087"
    ],
    "edge-8": [
      "c007",
      "c008",
      "c014",
      "c041",
      "c043",
      "c046",
      "c060",
      "c063",
      "c066",
      "c093",
      "c095"
    ]
  },
  "ordered_queues": {
    "edge-1": [
      "c059",
      "c081",
      "c075",
      "c020",
      "c076",
      "c088",
      "c097",
      "c032",
      "c035",
      "c045",
      "c061",
      "c067",
      "c071",
      "c089",
      "c078"
    ],
    "edge-2": [
      "c030",
      "c036",
      "c037",
      "c047",
      "c049",
      "c051",
      "c084",
      "c023",
      "c050",
      "c024",
      "c001"
    ],
    "edge-3": [
      "c085",
      "c026",
      "c033",
      "c062",
      "c021",
      "c073",
      "c028",
      "c044",
      "c069",
      "c072",
      "c074",
      "c079"
    ],
    "edge-4": [
      "c002",
      "c003",
      "c004",
      "c006",
      "c010",
      "c012",
      "c016",
      "c017",
      "c019",
      "c029",
      "c015",
      "c013"
    ],
    "edge-5": [
      "c038",
      "c011",
      "c042",
      "c054",
      "c040",
      "c064",
      "c083",
      "c090",
      "c022",
      "c068"
    ],
    "edge-6": [
      "c025",
      "c027",
      "c034",
      "c058",
      "c005",
      "c055",
      "c009",
      "c091",
      "c092",
      "c094",
      "c052",
      "c053",
      "c057"
    ],
    "edge-7": [
      "c048",
      "c087",
      "c077",
      "c018",
      "c031",
      "c080",
      "c056",
      "c070",
      "c039",
      "c065",
      "c082",
      "c086"
    ],
    "edge-8": [
      "c060",
      "c063",
      "c066",
      "c093",
      "c095",
      "c008",
      "c014",
      "c043",
      "c041",
      "c046",
      "c007"
    ]
  }
}
	Command being timed: "scripts/k8s_same_scale/run_one.sh fg cases/drtp_cache_only_sweep_88/drtp_img88_cacheonly_1024mb_200.json results/drtp/k8s_same_scale/sweep/fg_params/initarrival_frag5_aff0.2_glf0.8_req200.json"
	User time (seconds): 0.55
	System time (seconds): 0.00
	Percent of CPU this job got: 99%
	Elapsed (wall clock) time (h:mm:ss or m:ss): 0:00.56
	Average shared text size (kbytes): 0
	Average unshared data size (kbytes): 0
	Average stack size (kbytes): 0
	Average total size (kbytes): 0
	Maximum resident set size (kbytes): 17404
	Average resident set size (kbytes): 0
	Major (requiring I/O) page faults: 0
	Minor (reclaiming a frame) page faults: 3750
	Voluntary context switches: 8
	Involuntary context switches: 57
	Swaps: 0
	File system inputs: 0
	File system outputs: 272
	Socket messages sent: 0
	Socket messages received: 0
	Signals delivered: 0
	Page size (bytes): 4096
	Exit status: 0
