{
  "summary": {
    "algo": "FG-DSCR-GC-K8s-selected",
    "num_containers": 500,
    "num_assigned": 151,
    "num_failed": 349,
    "fail_rate": 0.698,
    "num_nodes": 8,
    "ACT": 176.15035871964676,
    "AMS": 359.4057291666667,
    "downloaded_mb": 33702,
    "reused_mb": 42683,
    "reuse_rate": 0.5587877201021143,
    "objective_base": 267.7780439431567,
    "fail_penalty": 698.0,
    "lambda_fail": 1000.0,
    "objective": 965.7780439431567
  },
  "assignment": {
    "edge-1": [
      "c057",
      "c388",
      "c261",
      "c433",
      "c156",
      "c192",
      "c430",
      "c034",
      "c074",
      "c153",
      "c225",
      "c260",
      "c466",
      "c236",
      "c379",
      "c274",
      "c291"
    ],
    "edge-2": [
      "c390",
      "c328",
      "c432",
      "c297",
      "c409",
      "c268",
      "c364",
      "c010",
      "c017",
      "c211",
      "c232",
      "c403",
      "c465",
      "c006",
      "c130",
      "c352",
      "c414",
      "c455",
      "c179"
    ],
    "edge-3": [
      "c416",
      "c306",
      "c152",
      "c163",
      "c075",
      "c143",
      "c396",
      "c204",
      "c434",
      "c095",
      "c313",
      "c205",
      "c339",
      "c111",
      "c027",
      "c035",
      "c056"
    ],
    "edge-4": [
      "c377",
      "c168",
      "c223",
      "c213",
      "c038",
      "c139",
      "c373",
      "c065",
      "c158",
      "c255",
      "c472",
      "c437",
      "c491",
      "c395",
      "c486",
      "c496",
      "c161",
      "c325",
      "c438",
      "c123",
      "c330"
    ],
    "edge-5": [
      "c470",
      "c400",
      "c401",
      "c084",
      "c423",
      "c393",
      "c092",
      "c120",
      "c420",
      "c107",
      "c089",
      "c135",
      "c191",
      "c005",
      "c389",
      "c242",
      "c280",
      "c469"
    ],
    "edge-6": [
      "c444",
      "c052",
      "c218",
      "c033",
      "c013",
      "c222",
      "c310",
      "c124",
      "c082",
      "c212",
      "c346",
      "c069",
      "c045",
      "c258",
      "c020",
      "c108",
      "c197",
      "c305",
      "c294"
    ],
    "edge-7": [
      "c406",
      "c183",
      "c214",
      "c250",
      "c361",
      "c025",
      "c174",
      "c407",
      "c360",
      "c115",
      "c134",
      "c251",
      "c362",
      "c494",
      "c490",
      "c474"
    ],
    "edge-8": [
      "c278",
      "c116",
      "c384",
      "c415",
      "c097",
      "c246",
      "c128",
      "c298",
      "c481",
      "c487",
      "c479",
      "c029",
      "c375",
      "c445",
      "c047",
      "c077",
      "c290",
      "c404",
      "c436",
      "c030",
      "c253",
      "c348",
      "c356",
      "c387"
    ]
  },
  "ordered_queues": {
    "edge-1": [
      "c261",
      "c192",
      "c430",
      "c156",
      "c433",
      "c057",
      "c074",
      "c260",
      "c034",
      "c153",
      "c225",
      "c388",
      "c466",
      "c291",
      "c236",
      "c379",
      "c274"
    ],
    "edge-2": [
      "c232",
      "c268",
      "c328",
      "c403",
      "c409",
      "c465",
      "c390",
      "c432",
      "c017",
      "c010",
      "c130",
      "c297",
      "c006",
      "c211",
      "c364",
      "c414",
      "c352",
      "c455",
      "c179"
    ],
    "edge-3": [
      "c075",
      "c095",
      "c111",
      "c152",
      "c163",
      "c313",
      "c416",
      "c204",
      "c205",
      "c434",
      "c143",
      "c396",
      "c306",
      "c027",
      "c035",
      "c056",
      "c339"
    ],
    "edge-4": [
      "c065",
      "c168",
      "c223",
      "c255",
      "c373",
      "c438",
      "c472",
      "c038",
      "c139",
      "c158",
      "c213",
      "c325",
      "c395",
      "c123",
      "c437",
      "c330",
      "c161",
      "c377",
      "c486",
      "c491",
      "c496"
    ],
    "edge-5": [
      "c092",
      "c120",
      "c191",
      "c401",
      "c420",
      "c470",
      "c005",
      "c084",
      "c107",
      "c400",
      "c423",
      "c135",
      "c393",
      "c389",
      "c469",
      "c089",
      "c242",
      "c280"
    ],
    "edge-6": [
      "c013",
      "c069",
      "c082",
      "c212",
      "c218",
      "c444",
      "c310",
      "c294",
      "c045",
      "c222",
      "c258",
      "c346",
      "c033",
      "c052",
      "c124",
      "c020",
      "c108",
      "c197",
      "c305"
    ],
    "edge-7": [
      "c474",
      "c174",
      "c490",
      "c407",
      "c025",
      "c214",
      "c250",
      "c360",
      "c406",
      "c361",
      "c115",
      "c134",
      "c183",
      "c251",
      "c362",
      "c494"
    ],
    "edge-8": [
      "c029",
      "c030",
      "c047",
      "c077",
      "c116",
      "c128",
      "c253",
      "c278",
      "c290",
      "c298",
      "c348",
      "c356",
      "c384",
      "c387",
      "c404",
      "c415",
      "c436",
      "c481",
      "c487",
      "c097",
      "c479",
      "c246",
      "c375",
      "c445"
    ]
  }
}
	Command being timed: "scripts/k8s_same_scale/run_one.sh fg cases/drtp_cache_only_sweep_88/drtp_img88_cacheonly_1024mb_500.json results/drtp/k8s_same_scale/sweep/fg_params/initresource_asc_frag1_aff0.05_glf1.0_req500.json"
	User time (seconds): 1.20
	System time (seconds): 0.03
	Percent of CPU this job got: 99%
	Elapsed (wall clock) time (h:mm:ss or m:ss): 0:01.23
	Average shared text size (kbytes): 0
	Average unshared data size (kbytes): 0
	Average stack size (kbytes): 0
	Average total size (kbytes): 0
	Maximum resident set size (kbytes): 18468
	Average resident set size (kbytes): 0
	Major (requiring I/O) page faults: 0
	Minor (reclaiming a frame) page faults: 4149
	Voluntary context switches: 7
	Involuntary context switches: 126
	Swaps: 0
	File system inputs: 0
	File system outputs: 416
	Socket messages sent: 0
	Socket messages received: 0
	Signals delivered: 0
	Page size (bytes): 4096
	Exit status: 0
