{
  "summary": {
    "algo": "FG-DSCR-GC-K8s-selected",
    "num_containers": 1000,
    "num_assigned": 94,
    "num_failed": 906,
    "fail_rate": 0.906,
    "num_nodes": 8,
    "ACT": 122.44109042553193,
    "AMS": 233.29375,
    "downloaded_mb": 18500,
    "reused_mb": 27793,
    "reuse_rate": 0.6003715464541075,
    "objective_base": 177.86742021276595,
    "fail_penalty": 906.0,
    "lambda_fail": 1000.0,
    "objective": 1083.8674202127659
  },
  "assignment": {
    "edge-1": [
      "c011",
      "c013",
      "c023",
      "c056",
      "c058",
      "c060",
      "c074",
      "c076",
      "c089",
      "c091"
    ],
    "edge-2": [
      "c001",
      "c006",
      "c007",
      "c008",
      "c010",
      "c030",
      "c034",
      "c035",
      "c040",
      "c071",
      "c078",
      "c083"
    ],
    "edge-3": [
      "c014",
      "c029",
      "c031",
      "c036",
      "c054",
      "c055",
      "c059",
      "c070",
      "c073",
      "c081",
      "c092",
      "c102"
    ],
    "edge-4": [
      "c002",
      "c020",
      "c037",
      "c042",
      "c046",
      "c051",
      "c053",
      "c062",
      "c063",
      "c065",
      "c087",
      "c103"
    ],
    "edge-5": [
      "c016",
      "c018",
      "c024",
      "c038",
      "c052",
      "c061",
      "c064",
      "c067",
      "c069",
      "c075",
      "c077",
      "c086",
      "c088"
    ],
    "edge-6": [
      "c003",
      "c005",
      "c009",
      "c012",
      "c015",
      "c019",
      "c022",
      "c027",
      "c028",
      "c032",
      "c068",
      "c080"
    ],
    "edge-7": [
      "c017",
      "c025",
      "c026",
      "c045",
      "c047",
      "c048",
      "c057",
      "c066",
      "c072",
      "c079",
      "c082",
      "c090"
    ],
    "edge-8": [
      "c004",
      "c021",
      "c033",
      "c039",
      "c041",
      "c043",
      "c044",
      "c049",
      "c050",
      "c084",
      "c085"
    ]
  },
  "ordered_queues": {
    "edge-1": [
      "c091",
      "c011",
      "c013",
      "c058",
      "c076",
      "c089",
      "c023",
      "c060",
      "c074",
      "c056"
    ],
    "edge-2": [
      "c008",
      "c006",
      "c001",
      "c030",
      "c007",
      "c034",
      "c040",
      "c035",
      "c010",
      "c071",
      "c078",
      "c083"
    ],
    "edge-3": [
      "c102",
      "c029",
      "c070",
      "c055",
      "c036",
      "c014",
      "c031",
      "c054",
      "c059",
      "c081",
      "c092",
      "c073"
    ],
    "edge-4": [
      "c063",
      "c051",
      "c053",
      "c062",
      "c087",
      "c020",
      "c037",
      "c042",
      "c046",
      "c065",
      "c002",
      "c103"
    ],
    "edge-5": [
      "c024",
      "c038",
      "c052",
      "c064",
      "c069",
      "c016",
      "c075",
      "c077",
      "c018",
      "c061",
      "c067",
      "c086",
      "c088"
    ],
    "edge-6": [
      "c003",
      "c005",
      "c009",
      "c012",
      "c015",
      "c022",
      "c028",
      "c032",
      "c068",
      "c019",
      "c027",
      "c080"
    ],
    "edge-7": [
      "c048",
      "c017",
      "c026",
      "c047",
      "c057",
      "c082",
      "c079",
      "c066",
      "c090",
      "c025",
      "c045",
      "c072"
    ],
    "edge-8": [
      "c033",
      "c041",
      "c043",
      "c044",
      "c049",
      "c050",
      "c085",
      "c004",
      "c039",
      "c084",
      "c021"
    ]
  }
}
	Command being timed: "scripts/k8s_same_scale/run_one.sh fg cases/drtp_cache_only_sweep_88/drtp_img88_cacheonly_1024mb_1000.json results/drtp/k8s_same_scale/sweep/fg_params/initarrival_frag5_aff0.2_glf1.0_req1000.json"
	User time (seconds): 0.63
	System time (seconds): 0.01
	Percent of CPU this job got: 100%
	Elapsed (wall clock) time (h:mm:ss or m:ss): 0:00.64
	Average shared text size (kbytes): 0
	Average unshared data size (kbytes): 0
	Average stack size (kbytes): 0
	Average total size (kbytes): 0
	Maximum resident set size (kbytes): 19916
	Average resident set size (kbytes): 0
	Major (requiring I/O) page faults: 0
	Minor (reclaiming a frame) page faults: 4715
	Voluntary context switches: 8
	Involuntary context switches: 64
	Swaps: 0
	File system inputs: 0
	File system outputs: 288
	Socket messages sent: 0
	Socket messages received: 0
	Signals delivered: 0
	Page size (bytes): 4096
	Exit status: 0
