{
  "summary": {
    "algo": "FG-DSCR-GC-K8s-selected",
    "num_containers": 500,
    "num_assigned": 82,
    "num_failed": 418,
    "fail_rate": 0.836,
    "num_nodes": 8,
    "ACT": 108.39176829268293,
    "AMS": 182.41875,
    "downloaded_mb": 8184,
    "reused_mb": 75702,
    "reuse_rate": 0.9024390243902439,
    "objective_base": 145.40525914634145,
    "fail_penalty": 836.0,
    "lambda_fail": 1000.0,
    "objective": 981.4052591463415
  },
  "assignment": {
    "edge-1": [
      "c185",
      "c196",
      "c197",
      "c207",
      "c224",
      "c226",
      "c235",
      "c305",
      "c315",
      "c461",
      "c491"
    ],
    "edge-2": [
      "c078",
      "c270",
      "c041",
      "c063",
      "c090",
      "c173",
      "c186",
      "c273",
      "c146"
    ],
    "edge-3": [
      "c262",
      "c280",
      "c282",
      "c287",
      "c296",
      "c302",
      "c303",
      "c319",
      "c329",
      "c062",
      "c387"
    ],
    "edge-4": [
      "c292",
      "c354",
      "c363",
      "c370",
      "c019",
      "c021",
      "c043",
      "c055",
      "c311"
    ],
    "edge-5": [
      "c339",
      "c344",
      "c357",
      "c369",
      "c421",
      "c441",
      "c443",
      "c453",
      "c103",
      "c106",
      "c179"
    ],
    "edge-6": [
      "c136",
      "c142",
      "c170",
      "c193",
      "c245",
      "c256",
      "c265",
      "c312",
      "c020"
    ],
    "edge-7": [
      "c067",
      "c108",
      "c113",
      "c121",
      "c122",
      "c147",
      "c165",
      "c181",
      "c242",
      "c093",
      "c437"
    ],
    "edge-8": [
      "c331",
      "c345",
      "c349",
      "c385",
      "c493",
      "c500",
      "c002",
      "c003",
      "c015",
      "c087",
      "c274"
    ]
  },
  "ordered_queues": {
    "edge-1": [
      "c185",
      "c196",
      "c197",
      "c207",
      "c224",
      "c226",
      "c235",
      "c305",
      "c315",
      "c461",
      "c491"
    ],
    "edge-2": [
      "c041",
      "c063",
      "c078",
      "c090",
      "c146",
      "c173",
      "c186",
      "c270",
      "c273"
    ],
    "edge-3": [
      "c062",
      "c262",
      "c280",
      "c282",
      "c287",
      "c296",
      "c302",
      "c303",
      "c319",
      "c329",
      "c387"
    ],
    "edge-4": [
      "c019",
      "c021",
      "c043",
      "c055",
      "c292",
      "c311",
      "c354",
      "c363",
      "c370"
    ],
    "edge-5": [
      "c103",
      "c106",
      "c179",
      "c339",
      "c344",
      "c357",
      "c369",
      "c421",
      "c441",
      "c443",
      "c453"
    ],
    "edge-6": [
      "c020",
      "c136",
      "c142",
      "c170",
      "c193",
      "c245",
      "c256",
      "c265",
      "c312"
    ],
    "edge-7": [
      "c067",
      "c093",
      "c108",
      "c113",
      "c121",
      "c122",
      "c147",
      "c165",
      "c181",
      "c242",
      "c437"
    ],
    "edge-8": [
      "c002",
      "c003",
      "c015",
      "c087",
      "c274",
      "c331",
      "c345",
      "c349",
      "c385",
      "c493",
      "c500"
    ]
  }
}
	Command being timed: "scripts/k8s_same_scale/run_one.sh fg cases/drtp_cache_only_sweep_88/drtp_img88_cacheonly_1024mb_500.json results/drtp/k8s_same_scale/sweep/fg_params/initimage_resource_frag5_aff0.4_glf1.0_req500.json"
	User time (seconds): 0.22
	System time (seconds): 0.02
	Percent of CPU this job got: 99%
	Elapsed (wall clock) time (h:mm:ss or m:ss): 0:00.24
	Average shared text size (kbytes): 0
	Average unshared data size (kbytes): 0
	Average stack size (kbytes): 0
	Average total size (kbytes): 0
	Maximum resident set size (kbytes): 18100
	Average resident set size (kbytes): 0
	Major (requiring I/O) page faults: 0
	Minor (reclaiming a frame) page faults: 4063
	Voluntary context switches: 8
	Involuntary context switches: 25
	Swaps: 0
	File system inputs: 0
	File system outputs: 248
	Socket messages sent: 0
	Socket messages received: 0
	Signals delivered: 0
	Page size (bytes): 4096
	Exit status: 0
