{
  "summary": {
    "algo": "FG-DSCR-GC-K8s-selected",
    "num_containers": 1000,
    "num_assigned": 188,
    "num_failed": 812,
    "fail_rate": 0.812,
    "num_nodes": 8,
    "ACT": 216.44824911347519,
    "AMS": 421.2484375,
    "downloaded_mb": 25438,
    "reused_mb": 66031,
    "reuse_rate": 0.7218948496211831,
    "objective_base": 318.8483433067376,
    "fail_penalty": 812.0,
    "lambda_fail": 1000.0,
    "objective": 1130.8483433067377
  },
  "assignment": {
    "edge-1": [
      "c580",
      "c161",
      "c925",
      "c790",
      "c350",
      "c110",
      "c057",
      "c290",
      "c382",
      "c031",
      "c103",
      "c282",
      "c537",
      "c572",
      "c591",
      "c678",
      "c761",
      "c805",
      "c992",
      "c637",
      "c310",
      "c315",
      "c503",
      "c775"
    ],
    "edge-2": [
      "c091",
      "c976",
      "c024",
      "c592",
      "c918",
      "c570",
      "c540",
      "c712",
      "c007",
      "c843",
      "c559",
      "c715",
      "c213",
      "c982",
      "c736",
      "c873",
      "c046",
      "c548",
      "c210",
      "c867",
      "c801",
      "c909",
      "c785",
      "c723"
    ],
    "edge-3": [
      "c167",
      "c228",
      "c025",
      "c085",
      "c075",
      "c235",
      "c630",
      "c333",
      "c344",
      "c491",
      "c754",
      "c525",
      "c142",
      "c374",
      "c766",
      "c942",
      "c259",
      "c920",
      "c412",
      "c444",
      "c465",
      "c115",
      "c955"
    ],
    "edge-4": [
      "c360",
      "c443",
      "c987",
      "c690",
      "c237",
      "c738",
      "c380",
      "c162",
      "c482",
      "c055",
      "c862",
      "c273",
      "c250",
      "c422",
      "c732",
      "c670",
      "c243",
      "c295",
      "c483",
      "c748",
      "c102",
      "c145",
      "c697"
    ],
    "edge-5": [
      "c375",
      "c504",
      "c583",
      "c407",
      "c473",
      "c462",
      "c256",
      "c659",
      "c661",
      "c689",
      "c978",
      "c988",
      "c636",
      "c158",
      "c351",
      "c468",
      "c787",
      "c926",
      "c875",
      "c202",
      "c845",
      "c418",
      "c211"
    ],
    "edge-6": [
      "c369",
      "c833",
      "c568",
      "c676",
      "c777",
      "c071",
      "c336",
      "c981",
      "c435",
      "c471",
      "c494",
      "c930",
      "c959",
      "c984",
      "c364",
      "c509",
      "c835",
      "c083",
      "c401",
      "c589",
      "c629",
      "c730",
      "c753",
      "c068"
    ],
    "edge-7": [
      "c551",
      "c286",
      "c426",
      "c532",
      "c023",
      "c921",
      "c472",
      "c693",
      "c395",
      "c673",
      "c972",
      "c299",
      "c684",
      "c269",
      "c582",
      "c512",
      "c597",
      "c903",
      "c874",
      "c318",
      "c541",
      "c376",
      "c233"
    ],
    "edge-8": [
      "c928",
      "c935",
      "c398",
      "c138",
      "c725",
      "c437",
      "c876",
      "c795",
      "c154",
      "c264",
      "c459",
      "c562",
      "c782",
      "c844",
      "c871",
      "c484",
      "c042",
      "c041",
      "c053",
      "c189",
      "c203",
      "c230",
      "c280",
      "c378"
    ]
  },
  "ordered_queues": {
    "edge-1": [
      "c310",
      "c315",
      "c503",
      "c537",
      "c572",
      "c591",
      "c678",
      "c761",
      "c775",
      "c805",
      "c992",
      "c580",
      "c350",
      "c031",
      "c103",
      "c161",
      "c282",
      "c790",
      "c925",
      "c057",
      "c110",
      "c290",
      "c382",
      "c637"
    ],
    "edge-2": [
      "c548",
      "c559",
      "c570",
      "c736",
      "c918",
      "c024",
      "c213",
      "c592",
      "c712",
      "c873",
      "c091",
      "c785",
      "c540",
      "c715",
      "c867",
      "c976",
      "c007",
      "c843",
      "c982",
      "c210",
      "c723",
      "c046",
      "c801",
      "c909"
    ],
    "edge-3": [
      "c955",
      "c630",
      "c525",
      "c235",
      "c333",
      "c344",
      "c491",
      "c754",
      "c766",
      "c228",
      "c142",
      "c374",
      "c085",
      "c025",
      "c167",
      "c465",
      "c115",
      "c075",
      "c259",
      "c412",
      "c444",
      "c920",
      "c942"
    ],
    "edge-4": [
      "c360",
      "c380",
      "c422",
      "c443",
      "c732",
      "c697",
      "c102",
      "c987",
      "c145",
      "c055",
      "c748",
      "c237",
      "c250",
      "c738",
      "c162",
      "c273",
      "c482",
      "c670",
      "c243",
      "c295",
      "c483",
      "c690",
      "c862"
    ],
    "edge-5": [
      "c256",
      "c375",
      "c659",
      "c661",
      "c689",
      "c978",
      "c407",
      "c158",
      "c211",
      "c473",
      "c462",
      "c636",
      "c875",
      "c351",
      "c504",
      "c583",
      "c988",
      "c468",
      "c202",
      "c845",
      "c418",
      "c787",
      "c926"
    ],
    "edge-6": [
      "c068",
      "c071",
      "c083",
      "c336",
      "c401",
      "c589",
      "c629",
      "c730",
      "c753",
      "c930",
      "c959",
      "c981",
      "c984",
      "c364",
      "c369",
      "c435",
      "c471",
      "c494",
      "c509",
      "c568",
      "c676",
      "c777",
      "c833",
      "c835"
    ],
    "edge-7": [
      "c023",
      "c286",
      "c395",
      "c472",
      "c673",
      "c972",
      "c541",
      "c376",
      "c233",
      "c426",
      "c551",
      "c921",
      "c512",
      "c597",
      "c693",
      "c874",
      "c903",
      "c299",
      "c684",
      "c269",
      "c532",
      "c582",
      "c318"
    ],
    "edge-8": [
      "c041",
      "c053",
      "c154",
      "c189",
      "c203",
      "c230",
      "c264",
      "c280",
      "c378",
      "c459",
      "c562",
      "c782",
      "c844",
      "c871",
      "c042",
      "c138",
      "c437",
      "c725",
      "c876",
      "c928",
      "c484",
      "c398",
      "c795",
      "c935"
    ]
  }
}
	Command being timed: "scripts/k8s_same_scale/run_one.sh fg cases/drtp_cache_only_sweep_88/drtp_img88_cacheonly_1024mb_1000.json results/drtp/k8s_same_scale/sweep/fg_params/initresource_asc_frag2_aff0.4_glf0.9_req1000.json"
	User time (seconds): 1.72
	System time (seconds): 0.02
	Percent of CPU this job got: 99%
	Elapsed (wall clock) time (h:mm:ss or m:ss): 0:01.75
	Average shared text size (kbytes): 0
	Average unshared data size (kbytes): 0
	Average stack size (kbytes): 0
	Average total size (kbytes): 0
	Maximum resident set size (kbytes): 20040
	Average resident set size (kbytes): 0
	Major (requiring I/O) page faults: 0
	Minor (reclaiming a frame) page faults: 4811
	Voluntary context switches: 8
	Involuntary context switches: 175
	Swaps: 0
	File system inputs: 0
	File system outputs: 504
	Socket messages sent: 0
	Socket messages received: 0
	Signals delivered: 0
	Page size (bytes): 4096
	Exit status: 0
