{
  "summary": {
    "algo": "FG-DSCR-GC-K8s-selected",
    "num_containers": 500,
    "num_assigned": 150,
    "num_failed": 350,
    "fail_rate": 0.7,
    "num_nodes": 8,
    "ACT": 177.03569444444446,
    "AMS": 337.73541666666665,
    "downloaded_mb": 22289,
    "reused_mb": 53729,
    "reuse_rate": 0.7067931279433818,
    "objective_base": 257.3855555555556,
    "fail_penalty": 700.0,
    "lambda_fail": 1000.0,
    "objective": 957.3855555555556
  },
  "assignment": {
    "edge-1": [
      "c057",
      "c052",
      "c033",
      "c143",
      "c396",
      "c192",
      "c204",
      "c074",
      "c124",
      "c174",
      "c205",
      "c020",
      "c108",
      "c197",
      "c305",
      "c179",
      "c274"
    ],
    "edge-2": [
      "c390",
      "c377",
      "c432",
      "c416",
      "c097",
      "c246",
      "c388",
      "c152",
      "c163",
      "c075",
      "c017",
      "c437",
      "c491",
      "c486",
      "c496",
      "c161",
      "c123",
      "c225",
      "c362",
      "c494",
      "c294"
    ],
    "edge-3": [
      "c470",
      "c213",
      "c401",
      "c038",
      "c139",
      "c092",
      "c158",
      "c120",
      "c420",
      "c034",
      "c395",
      "c325",
      "c153",
      "c191",
      "c260",
      "c379",
      "c455",
      "c469"
    ],
    "edge-4": [
      "c328",
      "c297",
      "c409",
      "c306",
      "c268",
      "c433",
      "c010",
      "c156",
      "c211",
      "c232",
      "c403",
      "c465",
      "c006",
      "c130",
      "c095",
      "c313",
      "c242",
      "c280",
      "c474"
    ],
    "edge-5": [
      "c168",
      "c223",
      "c222",
      "c373",
      "c065",
      "c255",
      "c472",
      "c438",
      "c346",
      "c045",
      "c258",
      "c352",
      "c407",
      "c466",
      "c111",
      "c414",
      "c236"
    ],
    "edge-6": [
      "c444",
      "c218",
      "c400",
      "c084",
      "c423",
      "c393",
      "c013",
      "c310",
      "c107",
      "c361",
      "c089",
      "c135",
      "c005",
      "c082",
      "c212",
      "c069",
      "c490",
      "c389"
    ],
    "edge-7": [
      "c406",
      "c364",
      "c214",
      "c250",
      "c430",
      "c025",
      "c434",
      "c339",
      "c360",
      "c027",
      "c035",
      "c056",
      "c115",
      "c134",
      "c251",
      "c330"
    ],
    "edge-8": [
      "c278",
      "c116",
      "c384",
      "c415",
      "c128",
      "c298",
      "c481",
      "c487",
      "c479",
      "c261",
      "c183",
      "c029",
      "c375",
      "c445",
      "c047",
      "c077",
      "c290",
      "c404",
      "c436",
      "c030",
      "c253",
      "c348",
      "c356",
      "c387"
    ]
  },
  "ordered_queues": {
    "edge-1": [
      "c192",
      "c174",
      "c204",
      "c205",
      "c143",
      "c396",
      "c020",
      "c108",
      "c057",
      "c074",
      "c179",
      "c033",
      "c052",
      "c124",
      "c197",
      "c274",
      "c305"
    ],
    "edge-2": [
      "c123",
      "c362",
      "c437",
      "c486",
      "c491",
      "c494",
      "c496",
      "c097",
      "c390",
      "c246",
      "c432",
      "c017",
      "c294",
      "c161",
      "c377",
      "c075",
      "c152",
      "c163",
      "c416",
      "c225",
      "c388"
    ],
    "edge-3": [
      "c038",
      "c139",
      "c158",
      "c213",
      "c325",
      "c395",
      "c092",
      "c120",
      "c191",
      "c401",
      "c420",
      "c470",
      "c260",
      "c034",
      "c153",
      "c469",
      "c379",
      "c455"
    ],
    "edge-4": [
      "c232",
      "c268",
      "c328",
      "c403",
      "c409",
      "c465",
      "c474",
      "c156",
      "c433",
      "c010",
      "c130",
      "c297",
      "c006",
      "c211",
      "c306",
      "c095",
      "c313",
      "c242",
      "c280"
    ],
    "edge-5": [
      "c065",
      "c168",
      "c223",
      "c255",
      "c352",
      "c373",
      "c438",
      "c472",
      "c407",
      "c045",
      "c222",
      "c258",
      "c346",
      "c111",
      "c414",
      "c466",
      "c236"
    ],
    "edge-6": [
      "c013",
      "c069",
      "c082",
      "c212",
      "c218",
      "c444",
      "c310",
      "c005",
      "c084",
      "c107",
      "c400",
      "c423",
      "c135",
      "c490",
      "c393",
      "c389",
      "c361",
      "c089"
    ],
    "edge-7": [
      "c027",
      "c035",
      "c056",
      "c115",
      "c134",
      "c251",
      "c339",
      "c430",
      "c330",
      "c434",
      "c025",
      "c214",
      "c250",
      "c360",
      "c406",
      "c364"
    ],
    "edge-8": [
      "c029",
      "c030",
      "c047",
      "c077",
      "c116",
      "c128",
      "c253",
      "c278",
      "c290",
      "c298",
      "c348",
      "c356",
      "c384",
      "c387",
      "c404",
      "c415",
      "c436",
      "c481",
      "c487",
      "c479",
      "c261",
      "c375",
      "c445",
      "c183"
    ]
  }
}
	Command being timed: "scripts/k8s_same_scale/run_one.sh fg cases/drtp_cache_only_sweep_88/drtp_img88_cacheonly_1024mb_500.json results/drtp/k8s_same_scale/sweep/fg_params/initresource_asc_frag2_aff0.4_glf0.8_req500.json"
	User time (seconds): 1.23
	System time (seconds): 0.00
	Percent of CPU this job got: 99%
	Elapsed (wall clock) time (h:mm:ss or m:ss): 0:01.24
	Average shared text size (kbytes): 0
	Average unshared data size (kbytes): 0
	Average stack size (kbytes): 0
	Average total size (kbytes): 0
	Maximum resident set size (kbytes): 18280
	Average resident set size (kbytes): 0
	Major (requiring I/O) page faults: 0
	Minor (reclaiming a frame) page faults: 4131
	Voluntary context switches: 8
	Involuntary context switches: 122
	Swaps: 0
	File system inputs: 0
	File system outputs: 408
	Socket messages sent: 0
	Socket messages received: 0
	Signals delivered: 0
	Page size (bytes): 4096
	Exit status: 0
