{
  "summary": {
    "algo": "FG-DSCR-GC-K8s-selected",
    "num_containers": 500,
    "num_assigned": 91,
    "num_failed": 409,
    "fail_rate": 0.818,
    "num_nodes": 8,
    "ACT": 131.98910256410255,
    "AMS": 245.76249999999996,
    "downloaded_mb": 26333,
    "reused_mb": 24243,
    "reuse_rate": 0.4793380259411579,
    "objective_base": 188.87580128205127,
    "fail_penalty": 818.0,
    "lambda_fail": 1000.0,
    "objective": 1006.8758012820513
  },
  "assignment": {
    "edge-1": [
      "c006",
      "c013",
      "c040",
      "c044",
      "c049",
      "c059",
      "c068",
      "c069",
      "c070",
      "c072",
      "c082",
      "c084",
      "c086"
    ],
    "edge-2": [
      "c001",
      "c017",
      "c024",
      "c025",
      "c039",
      "c045",
      "c048",
      "c057",
      "c058",
      "c061",
      "c063",
      "c071",
      "c087",
      "c092",
      "c095"
    ],
    "edge-3": [
      "c008",
      "c032",
      "c033",
      "c038",
      "c046",
      "c052",
      "c054",
      "c064",
      "c067",
      "c077",
      "c078"
    ],
    "edge-4": [
      "c002",
      "c003",
      "c015",
      "c019",
      "c020",
      "c021",
      "c027",
      "c028",
      "c029",
      "c030",
      "c031",
      "c034",
      "c035"
    ],
    "edge-5": [
      "c009",
      "c022",
      "c026",
      "c042",
      "c053",
      "c065",
      "c088"
    ],
    "edge-6": [
      "c004",
      "c007",
      "c011",
      "c016",
      "c018",
      "c055",
      "c056",
      "c060",
      "c062"
    ],
    "edge-7": [
      "c010",
      "c014",
      "c037",
      "c066",
      "c073",
      "c074",
      "c075",
      "c076",
      "c079",
      "c080",
      "c081",
      "c085",
      "c089"
    ],
    "edge-8": [
      "c005",
      "c012",
      "c023",
      "c036",
      "c041",
      "c043",
      "c047",
      "c050",
      "c051",
      "c083"
    ]
  },
  "ordered_queues": {
    "edge-1": [
      "c049",
      "c040",
      "c072",
      "c013",
      "c069",
      "c082",
      "c044",
      "c059",
      "c006",
      "c084",
      "c068",
      "c070",
      "c086"
    ],
    "edge-2": [
      "c001",
      "c025",
      "c039",
      "c058",
      "c061",
      "c017",
      "c048",
      "c057",
      "c024",
      "c045",
      "c071",
      "c092",
      "c095",
      "c063",
      "c087"
    ],
    "edge-3": [
      "c032",
      "c054",
      "c033",
      "c046",
      "c052",
      "c008",
      "c038",
      "c064",
      "c067",
      "c077",
      "c078"
    ],
    "edge-4": [
      "c002",
      "c003",
      "c015",
      "c019",
      "c020",
      "c021",
      "c027",
      "c028",
      "c029",
      "c030",
      "c035",
      "c031",
      "c034"
    ],
    "edge-5": [
      "c009",
      "c022",
      "c026",
      "c053",
      "c088",
      "c042",
      "c065"
    ],
    "edge-6": [
      "c011",
      "c055",
      "c056",
      "c060",
      "c062",
      "c007",
      "c018",
      "c016",
      "c004"
    ],
    "edge-7": [
      "c014",
      "c076",
      "c079",
      "c010",
      "c074",
      "c081",
      "c085",
      "c089",
      "c037",
      "c075",
      "c073",
      "c080",
      "c066"
    ],
    "edge-8": [
      "c012",
      "c023",
      "c036",
      "c041",
      "c051",
      "c005",
      "c083",
      "c043",
      "c050",
      "c047"
    ]
  }
}
	Command being timed: "scripts/k8s_same_scale/run_one.sh fg cases/drtp_cache_only_sweep_88/drtp_img88_cacheonly_1024mb_500.json results/drtp/k8s_same_scale/sweep/fg_params/initarrival_frag2_aff0.4_glf0.8_req500.json"
	User time (seconds): 0.66
	System time (seconds): 0.01
	Percent of CPU this job got: 99%
	Elapsed (wall clock) time (h:mm:ss or m:ss): 0:00.67
	Average shared text size (kbytes): 0
	Average unshared data size (kbytes): 0
	Average stack size (kbytes): 0
	Average total size (kbytes): 0
	Maximum resident set size (kbytes): 18492
	Average resident set size (kbytes): 0
	Major (requiring I/O) page faults: 0
	Minor (reclaiming a frame) page faults: 4147
	Voluntary context switches: 8
	Involuntary context switches: 69
	Swaps: 0
	File system inputs: 0
	File system outputs: 272
	Socket messages sent: 0
	Socket messages received: 0
	Signals delivered: 0
	Page size (bytes): 4096
	Exit status: 0
