{
  "summary": {
    "algo": "FG-DSCR-GC-K8s-selected",
    "num_containers": 900,
    "num_assigned": 80,
    "num_failed": 820,
    "fail_rate": 0.9111111111111111,
    "num_nodes": 8,
    "ACT": 106.12531249999999,
    "AMS": 179.41875,
    "downloaded_mb": 8184,
    "reused_mb": 73656,
    "reuse_rate": 0.9,
    "objective_base": 142.77203125,
    "fail_penalty": 911.1111111111111,
    "lambda_fail": 1000.0,
    "objective": 1053.8831423611111
  },
  "assignment": {
    "edge-1": [
      "c479",
      "c531",
      "c567",
      "c579",
      "c588",
      "c590",
      "c624",
      "c644",
      "c327",
      "c356",
      "c550"
    ],
    "edge-2": [
      "c296",
      "c363",
      "c428",
      "c553",
      "c656",
      "c716",
      "c739",
      "c816"
    ],
    "edge-3": [
      "c708",
      "c737",
      "c799",
      "c800",
      "c829",
      "c848",
      "c890",
      "c032",
      "c199",
      "c214"
    ],
    "edge-4": [
      "c851",
      "c855",
      "c028",
      "c043",
      "c088",
      "c143",
      "c174",
      "c180",
      "c321"
    ],
    "edge-5": [
      "c033",
      "c044",
      "c051",
      "c116",
      "c156",
      "c159",
      "c169",
      "c185",
      "c187",
      "c751"
    ],
    "edge-6": [
      "c322",
      "c343",
      "c449",
      "c493",
      "c501",
      "c508",
      "c528",
      "c601",
      "c841",
      "c534"
    ],
    "edge-7": [
      "c265",
      "c266",
      "c323",
      "c325",
      "c328",
      "c330",
      "c367",
      "c408",
      "c467",
      "c262",
      "c285"
    ],
    "edge-8": [
      "c724",
      "c003",
      "c022",
      "c049",
      "c078",
      "c136",
      "c155",
      "c239",
      "c261",
      "c220",
      "c632"
    ]
  },
  "ordered_queues": {
    "edge-1": [
      "c327",
      "c356",
      "c479",
      "c531",
      "c550",
      "c567",
      "c579",
      "c588",
      "c590",
      "c624",
      "c644"
    ],
    "edge-2": [
      "c296",
      "c363",
      "c428",
      "c553",
      "c656",
      "c716",
      "c739",
      "c816"
    ],
    "edge-3": [
      "c032",
      "c199",
      "c214",
      "c708",
      "c737",
      "c799",
      "c800",
      "c829",
      "c848",
      "c890"
    ],
    "edge-4": [
      "c028",
      "c043",
      "c088",
      "c143",
      "c174",
      "c180",
      "c321",
      "c851",
      "c855"
    ],
    "edge-5": [
      "c033",
      "c044",
      "c051",
      "c116",
      "c156",
      "c159",
      "c169",
      "c185",
      "c187",
      "c751"
    ],
    "edge-6": [
      "c322",
      "c343",
      "c449",
      "c493",
      "c501",
      "c508",
      "c528",
      "c534",
      "c601",
      "c841"
    ],
    "edge-7": [
      "c262",
      "c265",
      "c266",
      "c285",
      "c323",
      "c325",
      "c328",
      "c330",
      "c367",
      "c408",
      "c467"
    ],
    "edge-8": [
      "c003",
      "c022",
      "c049",
      "c078",
      "c136",
      "c155",
      "c220",
      "c239",
      "c261",
      "c632",
      "c724"
    ]
  }
}
