{
  "summary": {
    "algo": "FG-DSCR-GC-K8s-selected",
    "num_containers": 700,
    "num_assigned": 81,
    "num_failed": 619,
    "fail_rate": 0.8842857142857142,
    "num_nodes": 8,
    "ACT": 106.74753086419753,
    "AMS": 178.91875,
    "downloaded_mb": 8184,
    "reused_mb": 74679,
    "reuse_rate": 0.9012345679012346,
    "objective_base": 142.83314043209876,
    "fail_penalty": 884.2857142857142,
    "lambda_fail": 1000.0,
    "objective": 1027.118854717813
  },
  "assignment": {
    "edge-1": [
      "c624",
      "c644",
      "c032",
      "c033",
      "c044",
      "c051",
      "c116",
      "c159",
      "c185",
      "c073",
      "c112"
    ],
    "edge-2": [
      "c296",
      "c363",
      "c428",
      "c553",
      "c656",
      "c028",
      "c043",
      "c088",
      "c143"
    ],
    "edge-3": [
      "c156",
      "c169",
      "c187",
      "c199",
      "c214",
      "c220",
      "c262",
      "c560",
      "c198"
    ],
    "edge-4": [
      "c174",
      "c180",
      "c321",
      "c322",
      "c343",
      "c449",
      "c493",
      "c501",
      "c632"
    ],
    "edge-5": [
      "c285",
      "c327",
      "c356",
      "c424",
      "c439",
      "c474",
      "c521",
      "c534",
      "c550",
      "c687",
      "c062"
    ],
    "edge-6": [
      "c508",
      "c528",
      "c601",
      "c003",
      "c022",
      "c049",
      "c078",
      "c136",
      "c590",
      "c610",
      "c114"
    ],
    "edge-7": [
      "c367",
      "c408",
      "c467",
      "c479",
      "c531",
      "c567",
      "c579",
      "c588",
      "c566",
      "c639"
    ],
    "edge-8": [
      "c155",
      "c239",
      "c261",
      "c265",
      "c266",
      "c323",
      "c325",
      "c328",
      "c330",
      "c575",
      "c050"
    ]
  },
  "ordered_queues": {
    "edge-1": [
      "c032",
      "c033",
      "c044",
      "c051",
      "c073",
      "c112",
      "c116",
      "c159",
      "c185",
      "c624",
      "c644"
    ],
    "edge-2": [
      "c028",
      "c043",
      "c088",
      "c143",
      "c296",
      "c363",
      "c428",
      "c553",
      "c656"
    ],
    "edge-3": [
      "c156",
      "c169",
      "c187",
      "c198",
      "c199",
      "c214",
      "c220",
      "c262",
      "c560"
    ],
    "edge-4": [
      "c174",
      "c180",
      "c321",
      "c322",
      "c343",
      "c449",
      "c493",
      "c501",
      "c632"
    ],
    "edge-5": [
      "c062",
      "c285",
      "c327",
      "c356",
      "c424",
      "c439",
      "c474",
      "c521",
      "c534",
      "c550",
      "c687"
    ],
    "edge-6": [
      "c003",
      "c022",
      "c049",
      "c078",
      "c114",
      "c136",
      "c508",
      "c528",
      "c590",
      "c601",
      "c610"
    ],
    "edge-7": [
      "c367",
      "c408",
      "c467",
      "c479",
      "c531",
      "c566",
      "c567",
      "c579",
      "c588",
      "c639"
    ],
    "edge-8": [
      "c050",
      "c155",
      "c239",
      "c261",
      "c265",
      "c266",
      "c323",
      "c325",
      "c328",
      "c330",
      "c575"
    ]
  }
}
