{
  "summary": {
    "algo": "FG-DSCR-GC-JointJsysOptuna",
    "num_containers": 400,
    "num_nodes": 8,
    "ACT": 630.3024583333334,
    "AMS": 1215.0833333333335,
    "downloaded_mb": 209993,
    "reused_mb": 0,
    "reuse_rate": 0.0,
    "objective": 922.6928958333335
  },
  "assignment": {
    "edge-1": [
      "c196",
      "c271",
      "c287",
      "c111",
      "c221",
      "c093",
      "c236",
      "c291",
      "c354",
      "c195",
      "c289",
      "c176",
      "c284",
      "c373",
      "c125",
      "c231",
      "c234",
      "c329",
      "c275",
      "c056",
      "c301",
      "c390",
      "c194",
      "c137",
      "c380",
      "c263",
      "c223",
      "c130",
      "c061",
      "c067",
      "c256",
      "c375",
      "c311",
      "c186",
      "c352",
      "c258",
      "c318",
      "c225",
      "c370",
      "c276",
      "c007",
      "c270",
      "c030",
      "c229",
      "c233",
      "c360",
      "c100",
      "c142",
      "c376",
      "c102",
      "c309"
    ],
    "edge-2": [
      "c296",
      "c363",
      "c143",
      "c174",
      "c180",
      "c321",
      "c322",
      "c343",
      "c003",
      "c022",
      "c049",
      "c078",
      "c136",
      "c155",
      "c239",
      "c261",
      "c265",
      "c266",
      "c323",
      "c325",
      "c328",
      "c330",
      "c367",
      "c032",
      "c033",
      "c044",
      "c051",
      "c116",
      "c156",
      "c159",
      "c169",
      "c185",
      "c187",
      "c199",
      "c214",
      "c220",
      "c262",
      "c285",
      "c152",
      "c027",
      "c238",
      "c357",
      "c115",
      "c184",
      "c036",
      "c085",
      "c249",
      "c346",
      "c281",
      "c302",
      "c241"
    ],
    "edge-3": [
      "c120",
      "c054",
      "c123",
      "c393",
      "c164",
      "c345",
      "c014",
      "c059",
      "c103",
      "c246",
      "c282",
      "c031",
      "c106",
      "c332",
      "c161",
      "c335",
      "c394",
      "c168",
      "c273",
      "c364",
      "c162",
      "c369",
      "c004",
      "c157",
      "c331",
      "c377",
      "c150",
      "c259",
      "c312",
      "c039",
      "c269",
      "c319",
      "c124",
      "c389",
      "c113",
      "c139",
      "c250",
      "c237",
      "c013",
      "c058",
      "c011",
      "c147",
      "c359",
      "c388",
      "c374",
      "c248",
      "c079",
      "c257",
      "c006",
      "c108",
      "c029",
      "c349",
      "c350"
    ],
    "edge-4": [
      "c327",
      "c356",
      "c050",
      "c062",
      "c073",
      "c087",
      "c101",
      "c112",
      "c114",
      "c151",
      "c166",
      "c191",
      "c198",
      "c211",
      "c245",
      "c260",
      "c267",
      "c277",
      "c292",
      "c294",
      "c297",
      "c304",
      "c307",
      "c308",
      "c310",
      "c315",
      "c316",
      "c317",
      "c361",
      "c381",
      "c383",
      "c005",
      "c015",
      "c041",
      "c095",
      "c129",
      "c158",
      "c175",
      "c205",
      "c230",
      "c240",
      "c089",
      "c077",
      "c208",
      "c075",
      "c141",
      "c055",
      "c066",
      "c254",
      "c244",
      "c091"
    ],
    "edge-5": [
      "c305",
      "c072",
      "c400",
      "c181",
      "c215",
      "c371",
      "c226",
      "c010",
      "c127",
      "c348",
      "c144",
      "c224",
      "c243",
      "c295",
      "c362",
      "c173",
      "c178",
      "c288",
      "c338",
      "c398",
      "c218",
      "c035",
      "c207",
      "c210",
      "c212",
      "c372",
      "c192",
      "c002",
      "c172",
      "c080",
      "c274",
      "c149",
      "c347",
      "c365",
      "c076",
      "c163",
      "c081",
      "c119",
      "c104",
      "c084",
      "c128",
      "c131",
      "c001",
      "c099",
      "c340",
      "c242",
      "c253",
      "c145",
      "c121",
      "c255"
    ],
    "edge-6": [
      "c251",
      "c252",
      "c272",
      "c341",
      "c351",
      "c353",
      "c391",
      "c009",
      "c012",
      "c053",
      "c083",
      "c132",
      "c171",
      "c183",
      "c189",
      "c200",
      "c203",
      "c217",
      "c219",
      "c280",
      "c334",
      "c378",
      "c392",
      "c068",
      "c154",
      "c264",
      "c283",
      "c071",
      "c336",
      "c134",
      "c278",
      "c117",
      "c342",
      "c074",
      "c397",
      "c209",
      "c337",
      "c126",
      "c063",
      "c070",
      "c016",
      "c170",
      "c028",
      "c043",
      "c088"
    ],
    "edge-7": [
      "c082",
      "c092",
      "c160",
      "c368",
      "c047",
      "c366",
      "c026",
      "c094",
      "c202",
      "c017",
      "c290",
      "c382",
      "c057",
      "c110",
      "c293",
      "c118",
      "c097",
      "c165",
      "c379",
      "c060",
      "c339",
      "c146",
      "c023",
      "c395",
      "c286",
      "c235",
      "c333",
      "c344",
      "c045",
      "c399",
      "c098",
      "c358",
      "c313",
      "c021",
      "c190",
      "c206",
      "c216",
      "c306",
      "c197",
      "c018",
      "c201",
      "c355",
      "c048",
      "c122",
      "c228",
      "c008"
    ],
    "edge-8": [
      "c020",
      "c109",
      "c065",
      "c324",
      "c384",
      "c396",
      "c037",
      "c148",
      "c153",
      "c177",
      "c179",
      "c268",
      "c042",
      "c046",
      "c140",
      "c247",
      "c303",
      "c135",
      "c105",
      "c138",
      "c052",
      "c038",
      "c188",
      "c385",
      "c204",
      "c213",
      "c064",
      "c069",
      "c227",
      "c024",
      "c387",
      "c298",
      "c300",
      "c086",
      "c040",
      "c133",
      "c034",
      "c182",
      "c320",
      "c232",
      "c314",
      "c222",
      "c019",
      "c299",
      "c326",
      "c386",
      "c096",
      "c025",
      "c167",
      "c279",
      "c090",
      "c193",
      "c107"
    ]
  },
  "ordered_queues": {
    "edge-1": [
      "c056",
      "c093",
      "c125",
      "c111",
      "c176",
      "c231",
      "c195",
      "c234",
      "c061",
      "c186",
      "c196",
      "c275",
      "c225",
      "c067",
      "c233",
      "c360",
      "c309",
      "c284",
      "c102",
      "c258",
      "c376",
      "c130",
      "c221",
      "c142",
      "c100",
      "c229",
      "c030",
      "c311",
      "c289",
      "c223",
      "c270",
      "c318",
      "c236",
      "c256",
      "c301",
      "c137",
      "c007",
      "c352",
      "c263",
      "c276",
      "c194",
      "c329",
      "c370",
      "c271",
      "c375",
      "c380",
      "c373",
      "c287",
      "c390",
      "c291",
      "c354"
    ],
    "edge-2": [
      "c003",
      "c022",
      "c032",
      "c033",
      "c044",
      "c049",
      "c051",
      "c078",
      "c116",
      "c136",
      "c143",
      "c155",
      "c156",
      "c159",
      "c169",
      "c174",
      "c180",
      "c185",
      "c187",
      "c199",
      "c214",
      "c220",
      "c239",
      "c241",
      "c261",
      "c262",
      "c265",
      "c266",
      "c281",
      "c285",
      "c296",
      "c302",
      "c321",
      "c322",
      "c323",
      "c325",
      "c115",
      "c328",
      "c238",
      "c036",
      "c027",
      "c346",
      "c085",
      "c249",
      "c357",
      "c184",
      "c152",
      "c330",
      "c343",
      "c363",
      "c367"
    ],
    "edge-3": [
      "c014",
      "c031",
      "c054",
      "c059",
      "c103",
      "c106",
      "c004",
      "c120",
      "c039",
      "c123",
      "c150",
      "c157",
      "c161",
      "c162",
      "c349",
      "c029",
      "c113",
      "c259",
      "c350",
      "c168",
      "c006",
      "c108",
      "c164",
      "c124",
      "c079",
      "c257",
      "c248",
      "c374",
      "c269",
      "c359",
      "c388",
      "c139",
      "c273",
      "c312",
      "c246",
      "c011",
      "c147",
      "c237",
      "c335",
      "c013",
      "c319",
      "c250",
      "c282",
      "c058",
      "c364",
      "c389",
      "c331",
      "c369",
      "c332",
      "c377",
      "c394",
      "c345",
      "c393"
    ],
    "edge-4": [
      "c005",
      "c015",
      "c041",
      "c050",
      "c062",
      "c073",
      "c087",
      "c095",
      "c101",
      "c112",
      "c114",
      "c129",
      "c151",
      "c158",
      "c166",
      "c175",
      "c191",
      "c198",
      "c205",
      "c211",
      "c230",
      "c240",
      "c245",
      "c260",
      "c267",
      "c277",
      "c292",
      "c294",
      "c297",
      "c304",
      "c307",
      "c308",
      "c310",
      "c315",
      "c316",
      "c317",
      "c327",
      "c091",
      "c075",
      "c077",
      "c244",
      "c254",
      "c089",
      "c066",
      "c055",
      "c208",
      "c141",
      "c356",
      "c361",
      "c381",
      "c383"
    ],
    "edge-5": [
      "c010",
      "c127",
      "c144",
      "c173",
      "c178",
      "c224",
      "c243",
      "c035",
      "c288",
      "c207",
      "c210",
      "c295",
      "c072",
      "c212",
      "c255",
      "c121",
      "c145",
      "c002",
      "c242",
      "c253",
      "c181",
      "c076",
      "c218",
      "c340",
      "c001",
      "c081",
      "c080",
      "c338",
      "c099",
      "c119",
      "c215",
      "c131",
      "c149",
      "c084",
      "c163",
      "c372",
      "c226",
      "c104",
      "c172",
      "c128",
      "c365",
      "c348",
      "c347",
      "c192",
      "c305",
      "c362",
      "c274",
      "c398",
      "c371",
      "c400"
    ],
    "edge-6": [
      "c009",
      "c012",
      "c028",
      "c043",
      "c053",
      "c068",
      "c071",
      "c083",
      "c088",
      "c132",
      "c154",
      "c171",
      "c183",
      "c189",
      "c200",
      "c203",
      "c217",
      "c219",
      "c251",
      "c252",
      "c264",
      "c272",
      "c280",
      "c283",
      "c334",
      "c336",
      "c074",
      "c341",
      "c117",
      "c126",
      "c134",
      "c063",
      "c070",
      "c209",
      "c351",
      "c278",
      "c170",
      "c016",
      "c337",
      "c342",
      "c353",
      "c397",
      "c378",
      "c391",
      "c392"
    ],
    "edge-7": [
      "c017",
      "c026",
      "c047",
      "c057",
      "c023",
      "c082",
      "c060",
      "c097",
      "c092",
      "c118",
      "c094",
      "c146",
      "c021",
      "c110",
      "c098",
      "c165",
      "c048",
      "c008",
      "c190",
      "c122",
      "c160",
      "c228",
      "c286",
      "c206",
      "c018",
      "c202",
      "c197",
      "c313",
      "c293",
      "c201",
      "c216",
      "c358",
      "c290",
      "c355",
      "c235",
      "c306",
      "c339",
      "c399",
      "c045",
      "c333",
      "c366",
      "c379",
      "c344",
      "c368",
      "c395",
      "c382"
    ],
    "edge-8": [
      "c020",
      "c037",
      "c042",
      "c046",
      "c065",
      "c105",
      "c109",
      "c135",
      "c138",
      "c140",
      "c148",
      "c153",
      "c024",
      "c038",
      "c034",
      "c177",
      "c052",
      "c040",
      "c179",
      "c064",
      "c086",
      "c133",
      "c069",
      "c247",
      "c182",
      "c188",
      "c232",
      "c268",
      "c204",
      "c107",
      "c298",
      "c019",
      "c090",
      "c193",
      "c025",
      "c326",
      "c213",
      "c222",
      "c279",
      "c303",
      "c096",
      "c167",
      "c386",
      "c299",
      "c300",
      "c227",
      "c314",
      "c324",
      "c385",
      "c320",
      "c387",
      "c384",
      "c396"
    ]
  }
}
