{
  "summary": {
    "algo": "FG-DSCR-GC-K8s-selected",
    "num_containers": 200,
    "num_assigned": 119,
    "num_failed": 81,
    "fail_rate": 0.405,
    "num_nodes": 8,
    "ACT": 158.74964985994393,
    "AMS": 307.82343749999995,
    "downloaded_mb": 38275,
    "reused_mb": 19496,
    "reuse_rate": 0.33747035709958284,
    "objective_base": 233.28654367997194,
    "fail_penalty": 405.0,
    "lambda_fail": 1000.0,
    "objective": 638.2865436799719
  },
  "assignment": {
    "edge-1": [
      "c024",
      "c069",
      "c072",
      "c030",
      "c064",
      "c018",
      "c181",
      "c122",
      "c186",
      "c086",
      "c035",
      "c197",
      "c134",
      "c041"
    ],
    "edge-2": [
      "c091",
      "c161",
      "c085",
      "c162",
      "c031",
      "c103",
      "c141",
      "c008",
      "c168",
      "c036",
      "c191",
      "c029",
      "c014",
      "c028",
      "c043",
      "c158"
    ],
    "edge-3": [
      "c138",
      "c042",
      "c046",
      "c144",
      "c179",
      "c105",
      "c178",
      "c173",
      "c140",
      "c010",
      "c127",
      "c059",
      "c065",
      "c022",
      "c032"
    ],
    "edge-4": [
      "c167",
      "c055",
      "c142",
      "c056",
      "c176",
      "c139",
      "c157",
      "c113",
      "c039",
      "c194",
      "c004",
      "c125",
      "c150",
      "c193",
      "c081"
    ],
    "edge-5": [
      "c023",
      "c182",
      "c165",
      "c118",
      "c108",
      "c190",
      "c146",
      "c006",
      "c133",
      "c040",
      "c050",
      "c098",
      "c049",
      "c152"
    ],
    "edge-6": [
      "c071",
      "c083",
      "c068",
      "c154",
      "c007",
      "c053",
      "c189",
      "c102",
      "c145",
      "c115",
      "c130",
      "c159",
      "c185",
      "c067",
      "c070"
    ],
    "edge-7": [
      "c075",
      "c126",
      "c077",
      "c112",
      "c114",
      "c198",
      "c003",
      "c132",
      "c200",
      "c063",
      "c171",
      "c095",
      "c101",
      "c088",
      "c090"
    ],
    "edge-8": [
      "c025",
      "c110",
      "c057",
      "c002",
      "c080",
      "c079",
      "c016",
      "c149",
      "c094",
      "c137",
      "c017",
      "c026",
      "c082",
      "c160",
      "c015"
    ]
  },
  "ordered_queues": {
    "edge-1": [
      "c122",
      "c018",
      "c197",
      "c030",
      "c186",
      "c024",
      "c064",
      "c069",
      "c086",
      "c072",
      "c181",
      "c134",
      "c035",
      "c041"
    ],
    "edge-2": [
      "c008",
      "c091",
      "c029",
      "c141",
      "c036",
      "c085",
      "c014",
      "c031",
      "c103",
      "c161",
      "c028",
      "c043",
      "c162",
      "c168",
      "c158",
      "c191"
    ],
    "edge-3": [
      "c042",
      "c046",
      "c065",
      "c105",
      "c138",
      "c140",
      "c179",
      "c010",
      "c127",
      "c144",
      "c173",
      "c178",
      "c059",
      "c022",
      "c032"
    ],
    "edge-4": [
      "c142",
      "c004",
      "c039",
      "c150",
      "c157",
      "c055",
      "c193",
      "c113",
      "c139",
      "c167",
      "c056",
      "c125",
      "c176",
      "c081",
      "c194"
    ],
    "edge-5": [
      "c006",
      "c108",
      "c023",
      "c118",
      "c146",
      "c165",
      "c098",
      "c190",
      "c152",
      "c040",
      "c133",
      "c182",
      "c049",
      "c050"
    ],
    "edge-6": [
      "c053",
      "c068",
      "c071",
      "c070",
      "c083",
      "c154",
      "c102",
      "c145",
      "c007",
      "c115",
      "c067",
      "c130",
      "c159",
      "c185",
      "c189"
    ],
    "edge-7": [
      "c003",
      "c088",
      "c095",
      "c101",
      "c063",
      "c112",
      "c114",
      "c075",
      "c077",
      "c090",
      "c132",
      "c126",
      "c171",
      "c198",
      "c200"
    ],
    "edge-8": [
      "c017",
      "c026",
      "c057",
      "c082",
      "c094",
      "c110",
      "c160",
      "c079",
      "c016",
      "c025",
      "c002",
      "c080",
      "c149",
      "c137",
      "c015"
    ]
  }
}
