{
  "algo": "GAHRL-objective-greedy",
  "num_containers": 200,
  "num_scheduled_containers": 94,
  "num_assigned": 94,
  "ca_triggered": 106,
  "ca_rate": 0.53,
  "ca_penalty": 530.0,
  "lambda_ca": 1000.0,
  "num_nodes": 8,
  "ACT": 144.83572695035463,
  "AMS": 340.81250000000006,
  "downloaded_mb": 40758,
  "reused_mb": 5571,
  "reuse_rate": 0.12024865634915495,
  "objective_without_ca_penalty": 242.82411347517734,
  "objective_ca": 772.8241134751773,
  "objective": 772.8241134751773,
  "params": {
    "lambda_latency": 0.5,
    "w_resource": 0.3,
    "w_imbalance": 0.2,
    "w_cache_pressure": 0.2,
    "w_layer_hit": 0.2,
    "order": "cache"
  }
}
