{
  "algo": "GAHRL-objective-greedy",
  "num_containers": 200,
  "num_scheduled_containers": 94,
  "num_assigned": 94,
  "ca_triggered": 106,
  "ca_rate": 0.53,
  "ca_penalty": 530.0,
  "lambda_ca": 1000.0,
  "num_nodes": 8,
  "ACT": 140.34064716312056,
  "AMS": 313.45000000000005,
  "downloaded_mb": 38471,
  "reused_mb": 8378,
  "reuse_rate": 0.17882985762769749,
  "objective_without_ca_penalty": 226.89532358156032,
  "objective_ca": 756.8953235815603,
  "objective": 756.8953235815603,
  "params": {
    "lambda_latency": 0.5,
    "w_resource": 0.3,
    "w_imbalance": 0.2,
    "w_cache_pressure": 0.2,
    "w_layer_hit": 0.2,
    "order": "cache"
  }
}
