{
  "summary": {
    "num_containers": 600,
    "num_scheduled_containers": 94,
    "num_assigned": 94,
    "ca_triggered": 506,
    "ca_rate": 0.8433333333333334,
    "ca_penalty": 843.3333333333334,
    "lambda_ca": 1000.0,
    "num_nodes": 8,
    "ACT": 148.98156028368794,
    "AMS": 282.83750000000003,
    "downloaded_mb": 46293,
    "reused_mb": 0,
    "reuse_rate": 0.0,
    "objective_without_ca_penalty": 215.909530141844,
    "objective_ca": 1059.2428634751773,
    "objective": 1059.2428634751773
  },
  "assignment": {
    "edge-1": [
      "c005",
      "c016",
      "c020",
      "c031",
      "c040",
      "c047",
      "c056",
      "c063",
      "c069",
      "c076",
      "c086",
      "c102"
    ],
    "edge-2": [
      "c001",
      "c012",
      "c022",
      "c032",
      "c045",
      "c050",
      "c061",
      "c068",
      "c078",
      "c087"
    ],
    "edge-3": [
      "c006",
      "c009",
      "c019",
      "c027",
      "c034",
      "c041",
      "c053",
      "c064",
      "c070",
      "c077",
      "c084"
    ],
    "edge-4": [
      "c002",
      "c014",
      "c018",
      "c025",
      "c028",
      "c038",
      "c046",
      "c051",
      "c057",
      "c066",
      "c075",
      "c081",
      "c089"
    ],
    "edge-5": [
      "c007",
      "c010",
      "c015",
      "c026",
      "c035",
      "c044",
      "c054",
      "c062",
      "c072",
      "c083",
      "c090",
      "c092"
    ],
    "edge-6": [
      "c003",
      "c017",
      "c023",
      "c033",
      "c039",
      "c048",
      "c055",
      "c059",
      "c065",
      "c073",
      "c082",
      "c088"
    ],
    "edge-7": [
      "c008",
      "c013",
      "c021",
      "c029",
      "c036",
      "c042",
      "c049",
      "c060",
      "c067",
      "c074",
      "c079"
    ],
    "edge-8": [
      "c004",
      "c011",
      "c024",
      "c030",
      "c037",
      "c043",
      "c052",
      "c058",
      "c071",
      "c080",
      "c085",
      "c091",
      "c103"
    ]
  },
  "ordered_queues": {
    "edge-1": [
      "c102",
      "c076",
      "c031",
      "c016",
      "c069",
      "c056",
      "c047",
      "c086",
      "c040",
      "c020",
      "c063",
      "c005"
    ],
    "edge-2": [
      "c061",
      "c045",
      "c087",
      "c078",
      "c068",
      "c050",
      "c032",
      "c022",
      "c012",
      "c001"
    ],
    "edge-3": [
      "c084",
      "c077",
      "c070",
      "c053",
      "c041",
      "c009",
      "c064",
      "c034",
      "c027",
      "c019",
      "c006"
    ],
    "edge-4": [
      "c089",
      "c051",
      "c046",
      "c025",
      "c014",
      "c081",
      "c075",
      "c066",
      "c057",
      "c038",
      "c028",
      "c018",
      "c002"
    ],
    "edge-5": [
      "c090",
      "c054",
      "c010",
      "c035",
      "c072",
      "c092",
      "c026",
      "c083",
      "c062",
      "c044",
      "c015",
      "c007"
    ],
    "edge-6": [
      "c059",
      "c023",
      "c065",
      "c055",
      "c039",
      "c048",
      "c082",
      "c017",
      "c088",
      "c073",
      "c033",
      "c003"
    ],
    "edge-7": [
      "c079",
      "c074",
      "c067",
      "c049",
      "c042",
      "c036",
      "c029",
      "c060",
      "c021",
      "c013",
      "c008"
    ],
    "edge-8": [
      "c103",
      "c091",
      "c080",
      "c071",
      "c052",
      "c037",
      "c024",
      "c085",
      "c004",
      "c043",
      "c030",
      "c058",
      "c011"
    ]
  }
}
