{
  "algo": "LASA-reimpl-K8s",
  "num_containers": 600,
  "num_scheduled_containers": 98,
  "num_assigned": 98,
  "ca_triggered": 502,
  "ca_rate": 0.8366666666666667,
  "ca_penalty": 836.6666666666666,
  "lambda_ca": 1000.0,
  "num_nodes": 8,
  "ACT": 123.10238095238103,
  "AMS": 286.83750000000003,
  "downloaded_mb": 5319,
  "reused_mb": 5648,
  "reuse_rate": 0.5149995440868059,
  "objective_without_ca_penalty": 204.96994047619052,
  "objective_ca": 1041.6366071428572,
  "objective": 1041.6366071428572,
  "elapsed_s_internal": 3.6009721755981445
}
