{
  "algo": "LRScheduler-source-inspired",
  "num_containers": 800,
  "num_scheduled_containers": 94,
  "num_assigned": 94,
  "ca_triggered": 706,
  "ca_rate": 0.8825,
  "ca_penalty": 882.5,
  "lambda_ca": 1000.0,
  "num_nodes": 8,
  "ACT": 152.6664893617022,
  "AMS": 365.00000000000006,
  "downloaded_mb": 41459,
  "reused_mb": 4870,
  "reuse_rate": 0.10511774482505558,
  "objective_without_ca_penalty": 258.8332446808511,
  "objective_ca": 1141.333244680851,
  "objective": 1141.333244680851,
  "params": {
    "layer_mb_threshold": 10.0,
    "std_threshold": 0.16,
    "cpu_threshold": 0.6,
    "high_weight": 2.0,
    "low_weight": 0.5,
    "plugin_weight_layer": 2.0,
    "plugin_weight_resource": 1.0
  }
}
