{
  "algo": "LRScheduler-source-inspired",
  "num_containers": 700,
  "num_scheduled_containers": 94,
  "num_assigned": 94,
  "ca_triggered": 606,
  "ca_rate": 0.8657142857142858,
  "ca_penalty": 865.7142857142858,
  "lambda_ca": 1000.0,
  "num_nodes": 8,
  "ACT": 149.95363475177308,
  "AMS": 338.6,
  "downloaded_mb": 39019,
  "reused_mb": 7310,
  "reuse_rate": 0.15778454100023742,
  "objective_without_ca_penalty": 244.27681737588654,
  "objective_ca": 1109.9911030901724,
  "objective": 1109.9911030901724,
  "params": {
    "layer_mb_threshold": 10.0,
    "std_threshold": 0.16,
    "cpu_threshold": 0.6,
    "high_weight": 2.0,
    "low_weight": 0.5,
    "plugin_weight_layer": 2.0,
    "plugin_weight_resource": 1.0
  }
}
