{
  "algo": "ORR-inspired-LGreedy",
  "num_containers": 800,
  "num_scheduled_containers": 94,
  "num_assigned": 94,
  "ca_triggered": 706,
  "ca_rate": 0.8825,
  "ca_penalty": 882.5,
  "lambda_ca": 1000.0,
  "num_nodes": 8,
  "ACT": 143.34946808510637,
  "AMS": 345.8500000000001,
  "downloaded_mb": 46329,
  "reused_mb": 0,
  "reuse_rate": 0.0,
  "objective_without_ca_penalty": 244.59973404255322,
  "objective_ca": 1127.0997340425533,
  "objective": 1127.0997340425533,
  "prefetch_mb": 0,
  "count_prefetch_in_downloaded": false
}
