{
  "algo": "ORR-inspired-LGreedy",
  "num_containers": 200,
  "num_scheduled_containers": 94,
  "num_assigned": 94,
  "ca_triggered": 106,
  "ca_rate": 0.53,
  "ca_penalty": 530.0,
  "lambda_ca": 1000.0,
  "num_nodes": 8,
  "ACT": 137.08896276595746,
  "AMS": 350.2,
  "downloaded_mb": 30662,
  "reused_mb": 16187,
  "reuse_rate": 0.34551431193835513,
  "objective_without_ca_penalty": 243.6444813829787,
  "objective_ca": 773.6444813829787,
  "objective": 773.6444813829787,
  "prefetch_mb": 0,
  "count_prefetch_in_downloaded": false
}
