{
  "algo": "ORR-inspired-LGreedy",
  "num_containers": 900,
  "num_scheduled_containers": 93,
  "num_assigned": 93,
  "ca_triggered": 807,
  "ca_rate": 0.8966666666666666,
  "ca_penalty": 896.6666666666666,
  "lambda_ca": 1000.0,
  "num_nodes": 8,
  "ACT": 142.95658602150536,
  "AMS": 351.75000000000006,
  "downloaded_mb": 39412,
  "reused_mb": 6837,
  "reuse_rate": 0.14783022335618068,
  "objective_without_ca_penalty": 247.3532930107527,
  "objective_ca": 1144.0199596774194,
  "objective": 1144.0199596774194,
  "prefetch_mb": 0,
  "count_prefetch_in_downloaded": false
}
