{
  "summary": {
    "algo": "FG-DSCR-GC-K8s-selected",
    "num_containers": 300,
    "num_assigned": 138,
    "num_failed": 162,
    "fail_rate": 0.54,
    "num_nodes": 8,
    "ACT": 204.83686594202896,
    "AMS": 386.1963541666666,
    "downloaded_mb": 56802,
    "reused_mb": 12147,
    "reuse_rate": 0.1761736935996171,
    "objective_base": 295.5166100543478,
    "fail_penalty": 540.0,
    "lambda_fail": 1000.0,
    "objective": 835.5166100543478
  },
  "assignment": {
    "edge-1": [
      "c025",
      "c235",
      "c126",
      "c272",
      "c292",
      "c032",
      "c159",
      "c185",
      "c015",
      "c205",
      "c240",
      "c252",
      "c112",
      "c216",
      "c137",
      "c209"
    ],
    "edge-2": [
      "c091",
      "c286",
      "c228",
      "c075",
      "c023",
      "c162",
      "c273",
      "c077",
      "c072",
      "c215",
      "c165",
      "c118",
      "c190",
      "c206",
      "c146",
      "c064",
      "c168",
      "c173"
    ],
    "edge-3": [
      "c085",
      "c110",
      "c057",
      "c290",
      "c202",
      "c141",
      "c270",
      "c079",
      "c030",
      "c225",
      "c246",
      "c008",
      "c253",
      "c017",
      "c026",
      "c103"
    ],
    "edge-4": [
      "c167",
      "c237",
      "c299",
      "c250",
      "c182",
      "c176",
      "c139",
      "c284",
      "c108",
      "c232",
      "c016",
      "c113",
      "c039",
      "c171",
      "c133",
      "c010"
    ],
    "edge-5": [
      "c024",
      "c213",
      "c269",
      "c259",
      "c069",
      "c244",
      "c157",
      "c239",
      "c265",
      "c070",
      "c227",
      "c132",
      "c200",
      "c063",
      "c247",
      "c095"
    ],
    "edge-6": [
      "c161",
      "c256",
      "c031",
      "c282",
      "c243",
      "c295",
      "c210",
      "c288",
      "c144",
      "c130",
      "c067",
      "c212",
      "c114",
      "c198",
      "c283",
      "c224",
      "c094",
      "c140"
    ],
    "edge-7": [
      "c138",
      "c042",
      "c046",
      "c257",
      "c002",
      "c080",
      "c179",
      "c233",
      "c105",
      "c178",
      "c217",
      "c006",
      "c249",
      "c149",
      "c275",
      "c003"
    ],
    "edge-8": [
      "c071",
      "c083",
      "c068",
      "c154",
      "c264",
      "c055",
      "c007",
      "c041",
      "c053",
      "c189",
      "c203",
      "c230",
      "c280",
      "c142",
      "c158",
      "c211",
      "c102",
      "c145",
      "c115",
      "c056",
      "c251",
      "c258"
    ]
  },
  "ordered_queues": {
    "edge-1": [
      "c015",
      "c032",
      "c112",
      "c159",
      "c185",
      "c205",
      "c025",
      "c240",
      "c216",
      "c126",
      "c209",
      "c235",
      "c137",
      "c252",
      "c272",
      "c292"
    ],
    "edge-2": [
      "c023",
      "c118",
      "c146",
      "c165",
      "c286",
      "c091",
      "c228",
      "c190",
      "c206",
      "c075",
      "c077",
      "c162",
      "c168",
      "c273",
      "c072",
      "c215",
      "c173",
      "c064"
    ],
    "edge-3": [
      "c008",
      "c017",
      "c026",
      "c057",
      "c253",
      "c079",
      "c110",
      "c141",
      "c030",
      "c270",
      "c202",
      "c085",
      "c290",
      "c225",
      "c103",
      "c246"
    ],
    "edge-4": [
      "c108",
      "c113",
      "c139",
      "c237",
      "c250",
      "c016",
      "c167",
      "c299",
      "c133",
      "c182",
      "c232",
      "c039",
      "c176",
      "c284",
      "c010",
      "c171"
    ],
    "edge-5": [
      "c063",
      "c070",
      "c095",
      "c244",
      "c132",
      "c024",
      "c069",
      "c213",
      "c227",
      "c157",
      "c259",
      "c269",
      "c200",
      "c239",
      "c247",
      "c265"
    ],
    "edge-6": [
      "c144",
      "c224",
      "c243",
      "c288",
      "c295",
      "c210",
      "c212",
      "c067",
      "c130",
      "c256",
      "c031",
      "c161",
      "c282",
      "c094",
      "c114",
      "c198",
      "c140",
      "c283"
    ],
    "edge-7": [
      "c006",
      "c257",
      "c233",
      "c249",
      "c042",
      "c046",
      "c002",
      "c080",
      "c149",
      "c105",
      "c275",
      "c178",
      "c138",
      "c179",
      "c003",
      "c217"
    ],
    "edge-8": [
      "c041",
      "c053",
      "c068",
      "c071",
      "c083",
      "c154",
      "c158",
      "c189",
      "c203",
      "c211",
      "c230",
      "c102",
      "c145",
      "c142",
      "c007",
      "c055",
      "c115",
      "c258",
      "c056",
      "c251",
      "c264",
      "c280"
    ]
  }
}
