{
  "summary": {
    "algo": "FG-DSCR-GC-K8s-orig",
    "num_containers": 900,
    "num_assigned": 78,
    "num_failed": 822,
    "fail_rate": 0.9133333333333333,
    "num_nodes": 8,
    "ACT": 161.50576923076923,
    "AMS": 289.065625,
    "downloaded_mb": 70274,
    "reused_mb": 9520,
    "reuse_rate": 0.11930721608140964,
    "objective_base": 225.2856971153846,
    "fail_penalty": 913.3333333333334,
    "lambda_fail": 1000.0,
    "objective": 1138.619030448718
  },
  "assignment": {
    "edge-1": [
      "c325",
      "c328",
      "c330",
      "c367",
      "c408",
      "c467",
      "c479",
      "c531",
      "c567",
      "c588"
    ],
    "edge-2": [
      "c296",
      "c363",
      "c428",
      "c553",
      "c656",
      "c716",
      "c739",
      "c816"
    ],
    "edge-3": [
      "c579",
      "c590",
      "c624",
      "c644",
      "c708",
      "c737",
      "c799",
      "c800",
      "c829",
      "c848"
    ],
    "edge-4": [
      "c851",
      "c855",
      "c028",
      "c043",
      "c088",
      "c143",
      "c174",
      "c180",
      "c321"
    ],
    "edge-5": [
      "c890",
      "c032",
      "c033",
      "c044",
      "c051",
      "c116",
      "c156",
      "c159",
      "c169",
      "c185"
    ],
    "edge-6": [
      "c322",
      "c343",
      "c449",
      "c493",
      "c501",
      "c508",
      "c528",
      "c601",
      "c724"
    ],
    "edge-7": [
      "c187",
      "c199",
      "c214",
      "c220",
      "c262",
      "c285",
      "c327",
      "c356",
      "c424",
      "c534"
    ],
    "edge-8": [
      "c841",
      "c003",
      "c022",
      "c049",
      "c078",
      "c136",
      "c155",
      "c239",
      "c261",
      "c265",
      "c266",
      "c323"
    ]
  },
  "ordered_queues": {
    "edge-1": [
      "c325",
      "c328",
      "c330",
      "c367",
      "c408",
      "c467",
      "c479",
      "c531",
      "c567",
      "c588"
    ],
    "edge-2": [
      "c296",
      "c363",
      "c428",
      "c553",
      "c656",
      "c716",
      "c739",
      "c816"
    ],
    "edge-3": [
      "c579",
      "c590",
      "c624",
      "c644",
      "c708",
      "c737",
      "c799",
      "c800",
      "c829",
      "c848"
    ],
    "edge-4": [
      "c028",
      "c043",
      "c088",
      "c143",
      "c174",
      "c180",
      "c321",
      "c851",
      "c855"
    ],
    "edge-5": [
      "c032",
      "c033",
      "c044",
      "c051",
      "c116",
      "c156",
      "c159",
      "c169",
      "c185",
      "c890"
    ],
    "edge-6": [
      "c322",
      "c343",
      "c449",
      "c493",
      "c501",
      "c508",
      "c528",
      "c601",
      "c724"
    ],
    "edge-7": [
      "c187",
      "c199",
      "c214",
      "c220",
      "c262",
      "c285",
      "c327",
      "c356",
      "c424",
      "c534"
    ],
    "edge-8": [
      "c003",
      "c022",
      "c049",
      "c078",
      "c136",
      "c155",
      "c239",
      "c261",
      "c265",
      "c266",
      "c323",
      "c841"
    ]
  }
}
