{
  "summary": {
    "algo": "FG-DSCR-GC-K8s-orig",
    "num_containers": 200,
    "num_assigned": 92,
    "num_failed": 108,
    "fail_rate": 0.54,
    "num_nodes": 8,
    "ACT": 175.96462862318842,
    "AMS": 314.79010416666665,
    "downloaded_mb": 68694,
    "reused_mb": 9933,
    "reuse_rate": 0.12633064977679423,
    "objective_base": 245.37736639492755,
    "fail_penalty": 540.0,
    "lambda_fail": 1000.0,
    "objective": 785.3773663949275
  },
  "assignment": {
    "edge-1": [
      "c117",
      "c122",
      "c170",
      "c006",
      "c010",
      "c030",
      "c051",
      "c052",
      "c060",
      "c119",
      "c176",
      "c188",
      "c003",
      "c155",
      "c177"
    ],
    "edge-2": [
      "c166",
      "c019",
      "c074",
      "c129",
      "c157",
      "c172",
      "c004",
      "c049",
      "c082"
    ],
    "edge-3": [
      "c053",
      "c190",
      "c076",
      "c088",
      "c109",
      "c180",
      "c149",
      "c097",
      "c156",
      "c130",
      "c152",
      "c092"
    ],
    "edge-4": [
      "c078",
      "c086",
      "c115",
      "c160",
      "c165",
      "c199",
      "c016",
      "c017",
      "c047",
      "c072",
      "c098",
      "c121"
    ],
    "edge-5": [
      "c034",
      "c178",
      "c147",
      "c144",
      "c182",
      "c196",
      "c027",
      "c025",
      "c058",
      "c091",
      "c022"
    ],
    "edge-6": [
      "c123",
      "c128",
      "c142",
      "c168",
      "c173",
      "c198",
      "c012",
      "c029",
      "c036",
      "c057",
      "c079",
      "c093"
    ],
    "edge-7": [
      "c061",
      "c067",
      "c071",
      "c126",
      "c007",
      "c134",
      "c105",
      "c107",
      "c020"
    ],
    "edge-8": [
      "c095",
      "c099",
      "c106",
      "c108",
      "c111",
      "c164",
      "c002",
      "c037",
      "c063",
      "c066",
      "c069",
      "c084"
    ]
  },
  "ordered_queues": {
    "edge-1": [
      "c003",
      "c006",
      "c010",
      "c030",
      "c051",
      "c052",
      "c060",
      "c117",
      "c119",
      "c122",
      "c155",
      "c170",
      "c177",
      "c176",
      "c188"
    ],
    "edge-2": [
      "c004",
      "c019",
      "c049",
      "c074",
      "c082",
      "c129",
      "c157",
      "c166",
      "c172"
    ],
    "edge-3": [
      "c076",
      "c088",
      "c097",
      "c109",
      "c149",
      "c180",
      "c092",
      "c130",
      "c152",
      "c156",
      "c190",
      "c053"
    ],
    "edge-4": [
      "c016",
      "c017",
      "c047",
      "c072",
      "c078",
      "c086",
      "c098",
      "c115",
      "c121",
      "c160",
      "c165",
      "c199"
    ],
    "edge-5": [
      "c025",
      "c027",
      "c034",
      "c058",
      "c144",
      "c147",
      "c178",
      "c022",
      "c091",
      "c182",
      "c196"
    ],
    "edge-6": [
      "c012",
      "c029",
      "c036",
      "c057",
      "c079",
      "c093",
      "c123",
      "c128",
      "c142",
      "c168",
      "c173",
      "c198"
    ],
    "edge-7": [
      "c007",
      "c105",
      "c126",
      "c134",
      "c061",
      "c067",
      "c020",
      "c107",
      "c071"
    ],
    "edge-8": [
      "c002",
      "c037",
      "c063",
      "c066",
      "c069",
      "c084",
      "c095",
      "c099",
      "c106",
      "c108",
      "c111",
      "c164"
    ]
  }
}
