{
  "summary": {
    "algo": "FG-DSCR-GC-K8s-orig",
    "num_containers": 800,
    "num_assigned": 79,
    "num_failed": 721,
    "fail_rate": 0.90125,
    "num_nodes": 8,
    "ACT": 105.22420886075949,
    "AMS": 175.91874999999996,
    "downloaded_mb": 8184,
    "reused_mb": 72633,
    "reuse_rate": 0.8987341772151899,
    "objective_base": 140.57147943037972,
    "fail_penalty": 901.25,
    "lambda_fail": 1000.0,
    "objective": 1041.8214794303797
  },
  "assignment": {
    "edge-1": [
      "c367",
      "c467",
      "c479",
      "c531",
      "c567",
      "c579",
      "c588",
      "c590",
      "c624",
      "c644"
    ],
    "edge-2": [
      "c296",
      "c363",
      "c428",
      "c553",
      "c656",
      "c716",
      "c739",
      "c028",
      "c159"
    ],
    "edge-3": [
      "c708",
      "c737",
      "c799",
      "c800",
      "c032",
      "c033",
      "c044",
      "c051",
      "c116",
      "c534"
    ],
    "edge-4": [
      "c043",
      "c088",
      "c143",
      "c174",
      "c180",
      "c321",
      "c322",
      "c343",
      "c449"
    ],
    "edge-5": [
      "c156",
      "c169",
      "c185",
      "c187",
      "c199",
      "c214",
      "c220",
      "c262",
      "c285",
      "c632"
    ],
    "edge-6": [
      "c493",
      "c501",
      "c508",
      "c528",
      "c601",
      "c724",
      "c003",
      "c022",
      "c049",
      "c078"
    ],
    "edge-7": [
      "c327",
      "c356",
      "c424",
      "c439",
      "c474",
      "c521",
      "c550",
      "c560",
      "c566",
      "c575"
    ],
    "edge-8": [
      "c136",
      "c155",
      "c239",
      "c261",
      "c265",
      "c266",
      "c323",
      "c325",
      "c328",
      "c330",
      "c408"
    ]
  },
  "ordered_queues": {
    "edge-1": [
      "c367",
      "c467",
      "c479",
      "c531",
      "c567",
      "c579",
      "c588",
      "c590",
      "c624",
      "c644"
    ],
    "edge-2": [
      "c028",
      "c159",
      "c296",
      "c363",
      "c428",
      "c553",
      "c656",
      "c716",
      "c739"
    ],
    "edge-3": [
      "c032",
      "c033",
      "c044",
      "c051",
      "c116",
      "c534",
      "c708",
      "c737",
      "c799",
      "c800"
    ],
    "edge-4": [
      "c043",
      "c088",
      "c143",
      "c174",
      "c180",
      "c321",
      "c322",
      "c343",
      "c449"
    ],
    "edge-5": [
      "c156",
      "c169",
      "c185",
      "c187",
      "c199",
      "c214",
      "c220",
      "c262",
      "c285",
      "c632"
    ],
    "edge-6": [
      "c003",
      "c022",
      "c049",
      "c078",
      "c493",
      "c501",
      "c508",
      "c528",
      "c601",
      "c724"
    ],
    "edge-7": [
      "c327",
      "c356",
      "c424",
      "c439",
      "c474",
      "c521",
      "c550",
      "c560",
      "c566",
      "c575"
    ],
    "edge-8": [
      "c136",
      "c155",
      "c239",
      "c261",
      "c265",
      "c266",
      "c323",
      "c325",
      "c328",
      "c330",
      "c408"
    ]
  }
}
