{
  "algo": "GAHRL-objective-greedy",
  "num_containers": 500,
  "num_scheduled_containers": 92,
  "num_assigned": 92,
  "ca_triggered": 408,
  "ca_rate": 0.816,
  "ca_penalty": 816.0,
  "lambda_ca": 1000.0,
  "num_nodes": 8,
  "ACT": 145.05724637681166,
  "AMS": 332.1,
  "downloaded_mb": 48544,
  "reused_mb": 2546,
  "reuse_rate": 0.04983362693286358,
  "objective_without_ca_penalty": 238.57862318840586,
  "objective_ca": 1054.5786231884058,
  "objective": 1054.5786231884058,
  "params": {
    "lambda_latency": 0.5,
    "w_resource": 0.3,
    "w_imbalance": 0.2,
    "w_cache_pressure": 0.2,
    "w_layer_hit": 0.2,
    "order": "cache"
  }
}
