{
  "summary": {
    "num_containers": 200,
    "num_scheduled_containers": 97,
    "num_assigned": 97,
    "ca_triggered": 103,
    "ca_rate": 0.515,
    "ca_penalty": 515.0,
    "lambda_ca": 1000.0,
    "num_nodes": 8,
    "ACT": 152.98539518900347,
    "AMS": 296.33854166666663,
    "downloaded_mb": 50320,
    "reused_mb": 4614,
    "reuse_rate": 0.08399169912986493,
    "objective_without_ca_penalty": 224.66196842783506,
    "objective_ca": 739.6619684278351,
    "objective": 739.6619684278351
  },
  "assignment": {
    "edge-1": [
      "c005",
      "c011",
      "c023",
      "c028",
      "c036",
      "c046",
      "c053",
      "c063",
      "c073",
      "c080",
      "c088"
    ],
    "edge-2": [
      "c001",
      "c009",
      "c013",
      "c020",
      "c026",
      "c033",
      "c039",
      "c045",
      "c051",
      "c058",
      "c066",
      "c074",
      "c085"
    ],
    "edge-3": [
      "c006",
      "c015",
      "c018",
      "c025",
      "c034",
      "c043",
      "c050",
      "c056",
      "c062",
      "c068",
      "c075",
      "c084"
    ],
    "edge-4": [
      "c002",
      "c012",
      "c022",
      "c032",
      "c040",
      "c047",
      "c057",
      "c065",
      "c071",
      "c079",
      "c089",
      "c092",
      "c093"
    ],
    "edge-5": [
      "c007",
      "c017",
      "c030",
      "c041",
      "c048",
      "c055",
      "c064",
      "c072",
      "c082",
      "c090",
      "c097"
    ],
    "edge-6": [
      "c003",
      "c016",
      "c024",
      "c029",
      "c037",
      "c044",
      "c052",
      "c060",
      "c069",
      "c078",
      "c087"
    ],
    "edge-7": [
      "c008",
      "c010",
      "c019",
      "c031",
      "c038",
      "c049",
      "c059",
      "c067",
      "c077",
      "c083",
      "c091",
      "c099"
    ],
    "edge-8": [
      "c004",
      "c014",
      "c021",
      "c027",
      "c035",
      "c042",
      "c054",
      "c061",
      "c070",
      "c076",
      "c081",
      "c086",
      "c094",
      "c109"
    ]
  },
  "ordered_queues": {
    "edge-1": [
      "c088",
      "c073",
      "c046",
      "c028",
      "c023",
      "c011",
      "c080",
      "c063",
      "c053",
      "c036",
      "c005"
    ],
    "edge-2": [
      "c085",
      "c009",
      "c013",
      "c020",
      "c026",
      "c033",
      "c051",
      "c066",
      "c074",
      "c045",
      "c039",
      "c058",
      "c001"
    ],
    "edge-3": [
      "c075",
      "c056",
      "c050",
      "c043",
      "c015",
      "c062",
      "c068",
      "c034",
      "c025",
      "c018",
      "c084",
      "c006"
    ],
    "edge-4": [
      "c040",
      "c065",
      "c092",
      "c089",
      "c022",
      "c032",
      "c071",
      "c079",
      "c093",
      "c057",
      "c047",
      "c012",
      "c002"
    ],
    "edge-5": [
      "c097",
      "c041",
      "c090",
      "c064",
      "c055",
      "c048",
      "c082",
      "c072",
      "c030",
      "c017",
      "c007"
    ],
    "edge-6": [
      "c044",
      "c024",
      "c087",
      "c078",
      "c069",
      "c060",
      "c052",
      "c037",
      "c029",
      "c016",
      "c003"
    ],
    "edge-7": [
      "c059",
      "c038",
      "c083",
      "c077",
      "c091",
      "c067",
      "c031",
      "c099",
      "c049",
      "c019",
      "c010",
      "c008"
    ],
    "edge-8": [
      "c109",
      "c076",
      "c070",
      "c094",
      "c061",
      "c054",
      "c042",
      "c035",
      "c021",
      "c014",
      "c027",
      "c081",
      "c086",
      "c004"
    ]
  }
}
