{
  "algo": "LASA-reimpl-K8s",
  "num_containers": 300,
  "num_scheduled_containers": 91,
  "num_assigned": 91,
  "ca_triggered": 209,
  "ca_rate": 0.6966666666666667,
  "ca_penalty": 696.6666666666666,
  "lambda_ca": 1000.0,
  "num_nodes": 8,
  "ACT": 121.82733516483515,
  "AMS": 272.08750000000003,
  "downloaded_mb": 12282,
  "reused_mb": 3212,
  "reuse_rate": 0.2073060539563702,
  "objective_without_ca_penalty": 196.95741758241758,
  "objective_ca": 893.6240842490843,
  "objective": 893.6240842490843,
  "elapsed_s_internal": 1.289963722229004
}
