{
  "algo": "LASA-reimpl-K8s",
  "num_containers": 500,
  "num_scheduled_containers": 94,
  "num_assigned": 94,
  "ca_triggered": 406,
  "ca_rate": 0.812,
  "ca_penalty": 812.0,
  "lambda_ca": 1000.0,
  "num_nodes": 8,
  "ACT": 115.53470744680848,
  "AMS": 260.86249999999995,
  "downloaded_mb": 5212,
  "reused_mb": 4825,
  "reuse_rate": 0.4807213310750224,
  "objective_without_ca_penalty": 188.19860372340423,
  "objective_ca": 1000.1986037234042,
  "objective": 1000.1986037234042,
  "elapsed_s_internal": 2.36742901802063
}
