{
  "algo": "LASA-reimpl-K8s",
  "num_containers": 500,
  "num_scheduled_containers": 94,
  "num_assigned": 94,
  "ca_triggered": 406,
  "ca_rate": 0.812,
  "ca_penalty": 812.0,
  "lambda_ca": 1000.0,
  "num_nodes": 8,
  "ACT": 115.55953014184395,
  "AMS": 260.86249999999995,
  "downloaded_mb": 5240,
  "reused_mb": 4797,
  "reuse_rate": 0.477931652884328,
  "objective_without_ca_penalty": 188.21101507092195,
  "objective_ca": 1000.2110150709219,
  "objective": 1000.2110150709219,
  "elapsed_s_internal": 2.4196505546569824
}
