{
  "algo": "LASA-reimpl-K8s",
  "num_containers": 800,
  "num_scheduled_containers": 93,
  "num_assigned": 93,
  "ca_triggered": 707,
  "ca_rate": 0.88375,
  "ca_penalty": 883.75,
  "lambda_ca": 1000.0,
  "num_nodes": 8,
  "ACT": 114.97235663082438,
  "AMS": 303.7,
  "downloaded_mb": 4760,
  "reused_mb": 3017,
  "reuse_rate": 0.38793879387938796,
  "objective_without_ca_penalty": 209.33617831541218,
  "objective_ca": 1093.086178315412,
  "objective": 1093.086178315412,
  "elapsed_s_internal": 4.4116692543029785
}
