{
  "algo": "LASA-reimpl-K8s",
  "num_containers": 400,
  "num_scheduled_containers": 90,
  "num_assigned": 90,
  "ca_triggered": 310,
  "ca_rate": 0.775,
  "ca_penalty": 775.0,
  "lambda_ca": 1000.0,
  "num_nodes": 8,
  "ACT": 114.28652777777776,
  "AMS": 248.98333333333335,
  "downloaded_mb": 6638,
  "reused_mb": 6312,
  "reuse_rate": 0.4874131274131274,
  "objective_without_ca_penalty": 181.63493055555557,
  "objective_ca": 956.6349305555556,
  "objective": 956.6349305555556,
  "elapsed_s_internal": 1.972588300704956
}
