{
  "algo": "LASA-reimpl-K8s",
  "num_containers": 400,
  "num_scheduled_containers": 90,
  "num_assigned": 90,
  "ca_triggered": 310,
  "ca_rate": 0.775,
  "ca_penalty": 775.0,
  "lambda_ca": 1000.0,
  "num_nodes": 8,
  "ACT": 114.3275462962963,
  "AMS": 248.98333333333335,
  "downloaded_mb": 6793,
  "reused_mb": 6157,
  "reuse_rate": 0.47544401544401543,
  "objective_without_ca_penalty": 181.65543981481483,
  "objective_ca": 956.6554398148148,
  "objective": 956.6554398148148,
  "elapsed_s_internal": 1.8954544067382812
}
