{
  "algo": "LRScheduler-source-inspired",
  "num_containers": 900,
  "num_scheduled_containers": 94,
  "num_assigned": 94,
  "ca_triggered": 806,
  "ca_rate": 0.8955555555555555,
  "ca_penalty": 895.5555555555555,
  "lambda_ca": 1000.0,
  "num_nodes": 8,
  "ACT": 150.99171099290783,
  "AMS": 335.2,
  "downloaded_mb": 43590,
  "reused_mb": 3259,
  "reuse_rate": 0.06956391811991718,
  "objective_without_ca_penalty": 243.0958554964539,
  "objective_ca": 1138.6514110520095,
  "objective": 1138.6514110520095,
  "params": {
    "layer_mb_threshold": 10.0,
    "std_threshold": 0.16,
    "cpu_threshold": 0.6,
    "high_weight": 2.0,
    "low_weight": 0.5,
    "plugin_weight_layer": 2.0,
    "plugin_weight_resource": 1.0
  }
}
