{
  "algo": "LRScheduler-source-inspired",
  "num_containers": 500,
  "num_scheduled_containers": 91,
  "num_assigned": 91,
  "ca_triggered": 409,
  "ca_rate": 0.818,
  "ca_penalty": 818.0,
  "lambda_ca": 1000.0,
  "num_nodes": 8,
  "ACT": 157.59317765567766,
  "AMS": 368.6625,
  "downloaded_mb": 46704,
  "reused_mb": 3914,
  "reuse_rate": 0.07732427199810345,
  "objective_without_ca_penalty": 263.12783882783884,
  "objective_ca": 1081.1278388278388,
  "objective": 1081.1278388278388,
  "params": {
    "layer_mb_threshold": 10.0,
    "std_threshold": 0.16,
    "cpu_threshold": 0.6,
    "high_weight": 2.0,
    "low_weight": 0.5,
    "plugin_weight_layer": 2.0,
    "plugin_weight_resource": 1.0
  }
}
