{
  "algo": "LRScheduler-source-inspired",
  "num_containers": 300,
  "num_scheduled_containers": 95,
  "num_assigned": 95,
  "ca_triggered": 205,
  "ca_rate": 0.6833333333333333,
  "ca_penalty": 683.3333333333334,
  "lambda_ca": 1000.0,
  "num_nodes": 8,
  "ACT": 151.1200877192982,
  "AMS": 341.16666666666663,
  "downloaded_mb": 40082,
  "reused_mb": 6714,
  "reuse_rate": 0.143473801179588,
  "objective_without_ca_penalty": 246.14337719298243,
  "objective_ca": 929.4767105263159,
  "objective": 929.4767105263159,
  "params": {
    "layer_mb_threshold": 10.0,
    "std_threshold": 0.16,
    "cpu_threshold": 0.6,
    "high_weight": 2.0,
    "low_weight": 0.5,
    "plugin_weight_layer": 2.0,
    "plugin_weight_resource": 1.0
  }
}
