{
  "algo": "ORR-inspired-LGreedy",
  "num_containers": 900,
  "num_scheduled_containers": 94,
  "num_assigned": 94,
  "ca_triggered": 806,
  "ca_rate": 0.8955555555555555,
  "ca_penalty": 895.5555555555555,
  "lambda_ca": 1000.0,
  "num_nodes": 8,
  "ACT": 138.24485815602836,
  "AMS": 293.725,
  "downloaded_mb": 36933,
  "reused_mb": 9396,
  "reuse_rate": 0.20281033477951174,
  "objective_without_ca_penalty": 215.9849290780142,
  "objective_ca": 1111.5404846335698,
  "objective": 1111.5404846335698,
  "prefetch_mb": 0,
  "count_prefetch_in_downloaded": false
}
