[INFO] cases = 81
[INFO] weights = {'act': 0.3, 'ams': 0.2, 'frag': 0.2, 'download': 0.2, 'load': 0.1}
[INFO] base_dir = results/drtp/final_exp/cacheonly_dg_0_1024_fg
[BASE] {
  "ACT": 889.3942489513931,
  "AMS": 1628.6662615740745,
  "old_obj": 1259.0302552627336,
  "downloaded": 203179.71604938273,
  "reuse": 0.3449537716045495,
  "frag": 1.3707288793408856,
  "load_var": 200.38888888888889
}
[I 2026-05-16 19:59:41,293] A new study created in RDB with name: fg_phase1_jsys_full81_cacheonly
[Trial 0] case 1/81 drtp_img88_cacheonly_0mb_1000
[Trial 0] case 2/81 drtp_img88_cacheonly_0mb_200
[Trial 0] case 3/81 drtp_img88_cacheonly_0mb_300
[Trial 0] case 4/81 drtp_img88_cacheonly_0mb_400
[Trial 0] case 5/81 drtp_img88_cacheonly_0mb_500
[Trial 0] case 6/81 drtp_img88_cacheonly_0mb_600
[Trial 0] case 7/81 drtp_img88_cacheonly_0mb_700
[Trial 0] case 8/81 drtp_img88_cacheonly_0mb_800
[Trial 0] case 9/81 drtp_img88_cacheonly_0mb_900
[Trial 0] case 10/81 drtp_img88_cacheonly_1024mb_1000
[Trial 0] case 11/81 drtp_img88_cacheonly_1024mb_200
[Trial 0] case 12/81 drtp_img88_cacheonly_1024mb_300
[Trial 0] case 13/81 drtp_img88_cacheonly_1024mb_400
[Trial 0] case 14/81 drtp_img88_cacheonly_1024mb_500
[Trial 0] case 15/81 drtp_img88_cacheonly_1024mb_600
[Trial 0] case 16/81 drtp_img88_cacheonly_1024mb_700
[Trial 0] case 17/81 drtp_img88_cacheonly_1024mb_800
[Trial 0] case 18/81 drtp_img88_cacheonly_1024mb_900
[Trial 0] case 19/81 drtp_img88_cacheonly_128mb_1000
[Trial 0] case 20/81 drtp_img88_cacheonly_128mb_200
[Trial 0] case 21/81 drtp_img88_cacheonly_128mb_300
[Trial 0] case 22/81 drtp_img88_cacheonly_128mb_400
[Trial 0] case 23/81 drtp_img88_cacheonly_128mb_500
[Trial 0] case 24/81 drtp_img88_cacheonly_128mb_600
[Trial 0] case 25/81 drtp_img88_cacheonly_128mb_700
[Trial 0] case 26/81 drtp_img88_cacheonly_128mb_800
[Trial 0] case 27/81 drtp_img88_cacheonly_128mb_900
[Trial 0] case 28/81 drtp_img88_cacheonly_256mb_1000
[Trial 0] case 29/81 drtp_img88_cacheonly_256mb_200
[Trial 0] case 30/81 drtp_img88_cacheonly_256mb_300
[Trial 0] case 31/81 drtp_img88_cacheonly_256mb_400
[Trial 0] case 32/81 drtp_img88_cacheonly_256mb_500
[Trial 0] case 33/81 drtp_img88_cacheonly_256mb_600
[Trial 0] case 34/81 drtp_img88_cacheonly_256mb_700
[Trial 0] case 35/81 drtp_img88_cacheonly_256mb_800
[Trial 0] case 36/81 drtp_img88_cacheonly_256mb_900
[Trial 0] case 37/81 drtp_img88_cacheonly_384mb_1000
[Trial 0] case 38/81 drtp_img88_cacheonly_384mb_200
[Trial 0] case 39/81 drtp_img88_cacheonly_384mb_300
[Trial 0] case 40/81 drtp_img88_cacheonly_384mb_400
[Trial 0] case 41/81 drtp_img88_cacheonly_384mb_500
[Trial 0] case 42/81 drtp_img88_cacheonly_384mb_600
[Trial 0] case 43/81 drtp_img88_cacheonly_384mb_700
[Trial 0] case 44/81 drtp_img88_cacheonly_384mb_800
[Trial 0] case 45/81 drtp_img88_cacheonly_384mb_900
[Trial 0] case 46/81 drtp_img88_cacheonly_512mb_1000
[Trial 0] case 47/81 drtp_img88_cacheonly_512mb_200
[Trial 0] case 48/81 drtp_img88_cacheonly_512mb_300
[Trial 0] case 49/81 drtp_img88_cacheonly_512mb_400
[Trial 0] case 50/81 drtp_img88_cacheonly_512mb_500
[Trial 0] case 51/81 drtp_img88_cacheonly_512mb_600
[Trial 0] case 52/81 drtp_img88_cacheonly_512mb_700
[Trial 0] case 53/81 drtp_img88_cacheonly_512mb_800
[Trial 0] case 54/81 drtp_img88_cacheonly_512mb_900
[Trial 0] case 55/81 drtp_img88_cacheonly_640mb_1000
[Trial 0] case 56/81 drtp_img88_cacheonly_640mb_200
[Trial 0] case 57/81 drtp_img88_cacheonly_640mb_300
[Trial 0] case 58/81 drtp_img88_cacheonly_640mb_400
[Trial 0] case 59/81 drtp_img88_cacheonly_640mb_500
[Trial 0] case 60/81 drtp_img88_cacheonly_640mb_600
[Trial 0] case 61/81 drtp_img88_cacheonly_640mb_700
[Trial 0] case 62/81 drtp_img88_cacheonly_640mb_800
[Trial 0] case 63/81 drtp_img88_cacheonly_640mb_900
[Trial 0] case 64/81 drtp_img88_cacheonly_768mb_1000
[Trial 0] case 65/81 drtp_img88_cacheonly_768mb_200
[Trial 0] case 66/81 drtp_img88_cacheonly_768mb_300
[Trial 0] case 67/81 drtp_img88_cacheonly_768mb_400
[Trial 0] case 68/81 drtp_img88_cacheonly_768mb_500
[Trial 0] case 69/81 drtp_img88_cacheonly_768mb_600
[Trial 0] case 70/81 drtp_img88_cacheonly_768mb_700
[Trial 0] case 71/81 drtp_img88_cacheonly_768mb_800
[Trial 0] case 72/81 drtp_img88_cacheonly_768mb_900
[Trial 0] case 73/81 drtp_img88_cacheonly_896mb_1000
[Trial 0] case 74/81 drtp_img88_cacheonly_896mb_200
[Trial 0] case 75/81 drtp_img88_cacheonly_896mb_300
[Trial 0] case 76/81 drtp_img88_cacheonly_896mb_400
[Trial 0] case 77/81 drtp_img88_cacheonly_896mb_500
[Trial 0] case 78/81 drtp_img88_cacheonly_896mb_600
[Trial 0] case 79/81 drtp_img88_cacheonly_896mb_700
[Trial 0] case 80/81 drtp_img88_cacheonly_896mb_800
[Trial 0] case 81/81 drtp_img88_cacheonly_896mb_900
[TRIAL DONE] 0 J_sys = 1.6393019455983824 attrs = {'avg_ACT': 1032.2664676391337, 'avg_AMS': 1619.1701581790126, 'avg_old_obj': 1325.7183129090733, 'avg_frag': 1.31512233867336, 'avg_downloaded': 201646.14814814815, 'avg_reuse': 0.3497832088451451, 'avg_load_var': 1406.5277777777778, 'ratio_ACT': 1.160639917400173, 'ratio_AMS': 0.9941693988393397, 'ratio_frag': 0.9594328670639346, 'ratio_downloaded': 0.9924521604269697, 'ratio_load_var': 7.018990851122817, 'J_sys': 1.6393019455983824}
[I 2026-05-16 20:42:13,877] Trial 0 finished with value: 1.6393019455983824 and parameters: {'lambda_cong': 0.06750942084641665, 'lambda_frag': 0.9782150159311693, 'lambda_aff': 1.6921701945617658, 'lambda_task_load': 0.41140199980977443, 'greedy_load_factor': 1.7628307474615295, 'theta_cong_count': 0.290943237266134}. Best is trial 0 with value: 1.6393019455983824.
[Trial 1] case 1/81 drtp_img88_cacheonly_0mb_1000
[Trial 1] case 2/81 drtp_img88_cacheonly_0mb_200
[Trial 1] case 3/81 drtp_img88_cacheonly_0mb_300
[Trial 1] case 4/81 drtp_img88_cacheonly_0mb_400
[Trial 1] case 5/81 drtp_img88_cacheonly_0mb_500
[Trial 1] case 6/81 drtp_img88_cacheonly_0mb_600
[Trial 1] case 7/81 drtp_img88_cacheonly_0mb_700
[Trial 1] case 8/81 drtp_img88_cacheonly_0mb_800
[Trial 1] case 9/81 drtp_img88_cacheonly_0mb_900
[Trial 1] case 10/81 drtp_img88_cacheonly_1024mb_1000
[Trial 1] case 11/81 drtp_img88_cacheonly_1024mb_200
[Trial 1] case 12/81 drtp_img88_cacheonly_1024mb_300
[Trial 1] case 13/81 drtp_img88_cacheonly_1024mb_400
[Trial 1] case 14/81 drtp_img88_cacheonly_1024mb_500
[Trial 1] case 15/81 drtp_img88_cacheonly_1024mb_600
[Trial 1] case 16/81 drtp_img88_cacheonly_1024mb_700
[Trial 1] case 17/81 drtp_img88_cacheonly_1024mb_800
[Trial 1] case 18/81 drtp_img88_cacheonly_1024mb_900
[Trial 1] case 19/81 drtp_img88_cacheonly_128mb_1000
[Trial 1] case 20/81 drtp_img88_cacheonly_128mb_200
[Trial 1] case 21/81 drtp_img88_cacheonly_128mb_300
[Trial 1] case 22/81 drtp_img88_cacheonly_128mb_400
[Trial 1] case 23/81 drtp_img88_cacheonly_128mb_500
[Trial 1] case 24/81 drtp_img88_cacheonly_128mb_600
[Trial 1] case 25/81 drtp_img88_cacheonly_128mb_700
[Trial 1] case 26/81 drtp_img88_cacheonly_128mb_800
[Trial 1] case 27/81 drtp_img88_cacheonly_128mb_900
[Trial 1] case 28/81 drtp_img88_cacheonly_256mb_1000
[Trial 1] case 29/81 drtp_img88_cacheonly_256mb_200
[Trial 1] case 30/81 drtp_img88_cacheonly_256mb_300
[Trial 1] case 31/81 drtp_img88_cacheonly_256mb_400
[Trial 1] case 32/81 drtp_img88_cacheonly_256mb_500
[Trial 1] case 33/81 drtp_img88_cacheonly_256mb_600
[Trial 1] case 34/81 drtp_img88_cacheonly_256mb_700
[Trial 1] case 35/81 drtp_img88_cacheonly_256mb_800
[Trial 1] case 36/81 drtp_img88_cacheonly_256mb_900
[Trial 1] case 37/81 drtp_img88_cacheonly_384mb_1000
[Trial 1] case 38/81 drtp_img88_cacheonly_384mb_200
[Trial 1] case 39/81 drtp_img88_cacheonly_384mb_300
[Trial 1] case 40/81 drtp_img88_cacheonly_384mb_400
[Trial 1] case 41/81 drtp_img88_cacheonly_384mb_500
[Trial 1] case 42/81 drtp_img88_cacheonly_384mb_600
[Trial 1] case 43/81 drtp_img88_cacheonly_384mb_700
[Trial 1] case 44/81 drtp_img88_cacheonly_384mb_800
[Trial 1] case 45/81 drtp_img88_cacheonly_384mb_900
[Trial 1] case 46/81 drtp_img88_cacheonly_512mb_1000
[Trial 1] case 47/81 drtp_img88_cacheonly_512mb_200
[Trial 1] case 48/81 drtp_img88_cacheonly_512mb_300
[Trial 1] case 49/81 drtp_img88_cacheonly_512mb_400
[Trial 1] case 50/81 drtp_img88_cacheonly_512mb_500
[Trial 1] case 51/81 drtp_img88_cacheonly_512mb_600
[Trial 1] case 52/81 drtp_img88_cacheonly_512mb_700
[Trial 1] case 53/81 drtp_img88_cacheonly_512mb_800
[Trial 1] case 54/81 drtp_img88_cacheonly_512mb_900
[Trial 1] case 55/81 drtp_img88_cacheonly_640mb_1000
[Trial 1] case 56/81 drtp_img88_cacheonly_640mb_200
[Trial 1] case 57/81 drtp_img88_cacheonly_640mb_300
[Trial 1] case 58/81 drtp_img88_cacheonly_640mb_400
[Trial 1] case 59/81 drtp_img88_cacheonly_640mb_500
[Trial 1] case 60/81 drtp_img88_cacheonly_640mb_600
[Trial 1] case 61/81 drtp_img88_cacheonly_640mb_700
[Trial 1] case 62/81 drtp_img88_cacheonly_640mb_800
[Trial 1] case 63/81 drtp_img88_cacheonly_640mb_900
[Trial 1] case 64/81 drtp_img88_cacheonly_768mb_1000
[Trial 1] case 65/81 drtp_img88_cacheonly_768mb_200
[Trial 1] case 66/81 drtp_img88_cacheonly_768mb_300
[Trial 1] case 67/81 drtp_img88_cacheonly_768mb_400
[Trial 1] case 68/81 drtp_img88_cacheonly_768mb_500
[Trial 1] case 69/81 drtp_img88_cacheonly_768mb_600
[Trial 1] case 70/81 drtp_img88_cacheonly_768mb_700
[Trial 1] case 71/81 drtp_img88_cacheonly_768mb_800
[Trial 1] case 72/81 drtp_img88_cacheonly_768mb_900
[Trial 1] case 73/81 drtp_img88_cacheonly_896mb_1000
[Trial 1] case 74/81 drtp_img88_cacheonly_896mb_200
[Trial 1] case 75/81 drtp_img88_cacheonly_896mb_300
[Trial 1] case 76/81 drtp_img88_cacheonly_896mb_400
[Trial 1] case 77/81 drtp_img88_cacheonly_896mb_500
[Trial 1] case 78/81 drtp_img88_cacheonly_896mb_600
[Trial 1] case 79/81 drtp_img88_cacheonly_896mb_700
[Trial 1] case 80/81 drtp_img88_cacheonly_896mb_800
[Trial 1] case 81/81 drtp_img88_cacheonly_896mb_900
[TRIAL DONE] 1 J_sys = 1.304701456889371 attrs = {'avg_ACT': 958.7986457182053, 'avg_AMS': 1616.74710005144, 'avg_old_obj': 1287.7728728848228, 'avg_frag': 1.5003886431978162, 'avg_downloaded': 199717.37037037036, 'avg_reuse': 0.35569030915208544, 'avg_load_var': 735.9166666666666, 'ratio_ACT': 1.0780355807884308, 'ratio_AMS': 0.99268164276264, 'ratio_frag': 1.0945918378251995, 'ratio_downloaded': 0.9829591961917555, 'ratio_load_var': 3.672442472969226, 'J_sys': 1.304701456889371}
[I 2026-05-16 21:17:43,131] Trial 1 finished with value: 1.304701456889371 and parameters: {'lambda_cong': 1.0856005778604187, 'lambda_frag': 0.45636275980660757, 'lambda_aff': 0.4805526588408038, 'lambda_task_load': 0.9534575270642959, 'greedy_load_factor': 1.7916208643301696, 'theta_cong_count': 0.017857153491414923}. Best is trial 1 with value: 1.304701456889371.
[Trial 2] case 1/81 drtp_img88_cacheonly_0mb_1000
[Trial 2] case 2/81 drtp_img88_cacheonly_0mb_200
[Trial 2] case 3/81 drtp_img88_cacheonly_0mb_300
[Trial 2] case 4/81 drtp_img88_cacheonly_0mb_400
[Trial 2] case 5/81 drtp_img88_cacheonly_0mb_500
[Trial 2] case 6/81 drtp_img88_cacheonly_0mb_600
[Trial 2] case 7/81 drtp_img88_cacheonly_0mb_700
[Trial 2] case 8/81 drtp_img88_cacheonly_0mb_800
[Trial 2] case 9/81 drtp_img88_cacheonly_0mb_900
[Trial 2] case 10/81 drtp_img88_cacheonly_1024mb_1000
[Trial 2] case 11/81 drtp_img88_cacheonly_1024mb_200
[Trial 2] case 12/81 drtp_img88_cacheonly_1024mb_300
[Trial 2] case 13/81 drtp_img88_cacheonly_1024mb_400
[Trial 2] case 14/81 drtp_img88_cacheonly_1024mb_500
[Trial 2] case 15/81 drtp_img88_cacheonly_1024mb_600
[Trial 2] case 16/81 drtp_img88_cacheonly_1024mb_700
[Trial 2] case 17/81 drtp_img88_cacheonly_1024mb_800
[Trial 2] case 18/81 drtp_img88_cacheonly_1024mb_900
[Trial 2] case 19/81 drtp_img88_cacheonly_128mb_1000
[Trial 2] case 20/81 drtp_img88_cacheonly_128mb_200
[Trial 2] case 21/81 drtp_img88_cacheonly_128mb_300
[Trial 2] case 22/81 drtp_img88_cacheonly_128mb_400
[Trial 2] case 23/81 drtp_img88_cacheonly_128mb_500
[Trial 2] case 24/81 drtp_img88_cacheonly_128mb_600
[Trial 2] case 25/81 drtp_img88_cacheonly_128mb_700
[Trial 2] case 26/81 drtp_img88_cacheonly_128mb_800
[Trial 2] case 27/81 drtp_img88_cacheonly_128mb_900
[Trial 2] case 28/81 drtp_img88_cacheonly_256mb_1000
[Trial 2] case 29/81 drtp_img88_cacheonly_256mb_200
[Trial 2] case 30/81 drtp_img88_cacheonly_256mb_300
[Trial 2] case 31/81 drtp_img88_cacheonly_256mb_400
[Trial 2] case 32/81 drtp_img88_cacheonly_256mb_500
[Trial 2] case 33/81 drtp_img88_cacheonly_256mb_600
[Trial 2] case 34/81 drtp_img88_cacheonly_256mb_700
[Trial 2] case 35/81 drtp_img88_cacheonly_256mb_800
[Trial 2] case 36/81 drtp_img88_cacheonly_256mb_900
[Trial 2] case 37/81 drtp_img88_cacheonly_384mb_1000
[Trial 2] case 38/81 drtp_img88_cacheonly_384mb_200
[Trial 2] case 39/81 drtp_img88_cacheonly_384mb_300
[Trial 2] case 40/81 drtp_img88_cacheonly_384mb_400
[Trial 2] case 41/81 drtp_img88_cacheonly_384mb_500
[Trial 2] case 42/81 drtp_img88_cacheonly_384mb_600
[Trial 2] case 43/81 drtp_img88_cacheonly_384mb_700
[Trial 2] case 44/81 drtp_img88_cacheonly_384mb_800
[Trial 2] case 45/81 drtp_img88_cacheonly_384mb_900
[Trial 2] case 46/81 drtp_img88_cacheonly_512mb_1000
[Trial 2] case 47/81 drtp_img88_cacheonly_512mb_200
[Trial 2] case 48/81 drtp_img88_cacheonly_512mb_300
[Trial 2] case 49/81 drtp_img88_cacheonly_512mb_400
[Trial 2] case 50/81 drtp_img88_cacheonly_512mb_500
[Trial 2] case 51/81 drtp_img88_cacheonly_512mb_600
[Trial 2] case 52/81 drtp_img88_cacheonly_512mb_700
[Trial 2] case 53/81 drtp_img88_cacheonly_512mb_800
[Trial 2] case 54/81 drtp_img88_cacheonly_512mb_900
[Trial 2] case 55/81 drtp_img88_cacheonly_640mb_1000
[Trial 2] case 56/81 drtp_img88_cacheonly_640mb_200
[Trial 2] case 57/81 drtp_img88_cacheonly_640mb_300
[Trial 2] case 58/81 drtp_img88_cacheonly_640mb_400
[Trial 2] case 59/81 drtp_img88_cacheonly_640mb_500
[Trial 2] case 60/81 drtp_img88_cacheonly_640mb_600
[Trial 2] case 61/81 drtp_img88_cacheonly_640mb_700
[Trial 2] case 62/81 drtp_img88_cacheonly_640mb_800
[Trial 2] case 63/81 drtp_img88_cacheonly_640mb_900
[Trial 2] case 64/81 drtp_img88_cacheonly_768mb_1000
[Trial 2] case 65/81 drtp_img88_cacheonly_768mb_200
[Trial 2] case 66/81 drtp_img88_cacheonly_768mb_300
[Trial 2] case 67/81 drtp_img88_cacheonly_768mb_400
[Trial 2] case 68/81 drtp_img88_cacheonly_768mb_500
[Trial 2] case 69/81 drtp_img88_cacheonly_768mb_600
[Trial 2] case 70/81 drtp_img88_cacheonly_768mb_700
[Trial 2] case 71/81 drtp_img88_cacheonly_768mb_800
[Trial 2] case 72/81 drtp_img88_cacheonly_768mb_900
[Trial 2] case 73/81 drtp_img88_cacheonly_896mb_1000
[Trial 2] case 74/81 drtp_img88_cacheonly_896mb_200
[Trial 2] case 75/81 drtp_img88_cacheonly_896mb_300
[Trial 2] case 76/81 drtp_img88_cacheonly_896mb_400
[Trial 2] case 77/81 drtp_img88_cacheonly_896mb_500
[Trial 2] case 78/81 drtp_img88_cacheonly_896mb_600
[Trial 2] case 79/81 drtp_img88_cacheonly_896mb_700
[Trial 2] case 80/81 drtp_img88_cacheonly_896mb_800
[Trial 2] case 81/81 drtp_img88_cacheonly_896mb_900
[TRIAL DONE] 2 J_sys = 0.9801388484566249 attrs = {'avg_ACT': 875.948633241884, 'avg_AMS': 1632.7317965534983, 'avg_old_obj': 1254.3402148976909, 'avg_frag': 1.4077639613207749, 'avg_downloaded': 207060.17283950618, 'avg_reuse': 0.33389616434405106, 'avg_load_var': 150.19444444444446, 'ratio_ACT': 0.9848822772068048, 'ratio_AMS': 1.0024962357699327, 'ratio_frag': 1.0270185319198188, 'ratio_downloaded': 1.019098642647873, 'ratio_load_var': 0.749514832270585, 'J_sys': 0.9801388484566249}
[I 2026-05-16 23:16:58,598] Trial 2 finished with value: 0.9801388484566249 and parameters: {'lambda_cong': 1.992251637093233, 'lambda_frag': 1.470389069077567, 'lambda_aff': 1.4438849217316503, 'lambda_task_load': 0.41049650828268813, 'greedy_load_factor': 0.9075603856789807, 'theta_cong_count': 0.9621025290385223}. Best is trial 2 with value: 0.9801388484566249.
[Trial 3] case 1/81 drtp_img88_cacheonly_0mb_1000
[Trial 3] case 2/81 drtp_img88_cacheonly_0mb_200
[Trial 3] case 3/81 drtp_img88_cacheonly_0mb_300
[Trial 3] case 4/81 drtp_img88_cacheonly_0mb_400
[Trial 3] case 5/81 drtp_img88_cacheonly_0mb_500
[Trial 3] case 6/81 drtp_img88_cacheonly_0mb_600
[Trial 3] case 7/81 drtp_img88_cacheonly_0mb_700
[Trial 3] case 8/81 drtp_img88_cacheonly_0mb_800
[Trial 3] case 9/81 drtp_img88_cacheonly_0mb_900
[Trial 3] case 10/81 drtp_img88_cacheonly_1024mb_1000
[Trial 3] case 11/81 drtp_img88_cacheonly_1024mb_200
[Trial 3] case 12/81 drtp_img88_cacheonly_1024mb_300
[Trial 3] case 13/81 drtp_img88_cacheonly_1024mb_400
[Trial 3] case 14/81 drtp_img88_cacheonly_1024mb_500
[Trial 3] case 15/81 drtp_img88_cacheonly_1024mb_600
[Trial 3] case 16/81 drtp_img88_cacheonly_1024mb_700
[Trial 3] case 17/81 drtp_img88_cacheonly_1024mb_800
[Trial 3] case 18/81 drtp_img88_cacheonly_1024mb_900
[Trial 3] case 19/81 drtp_img88_cacheonly_128mb_1000
[Trial 3] case 20/81 drtp_img88_cacheonly_128mb_200
[Trial 3] case 21/81 drtp_img88_cacheonly_128mb_300
[Trial 3] case 22/81 drtp_img88_cacheonly_128mb_400
[Trial 3] case 23/81 drtp_img88_cacheonly_128mb_500
[Trial 3] case 24/81 drtp_img88_cacheonly_128mb_600
[Trial 3] case 25/81 drtp_img88_cacheonly_128mb_700
[Trial 3] case 26/81 drtp_img88_cacheonly_128mb_800
