nohup: ignoring input

============================================================
KEEP V = 0.25
============================================================

================================================================================
CIDER N=40 domains=8 WAN=30
================================================================================
mean=25.31s p95=96.55s registry=3081MB peer=25876MB cross=14062MB offload=89.4% scheduler=5612.15ms

Saved: /home/zhjia/FG-DSCR/results/cider_keep_v_sensitivity_20260923_225649/V_0p25/raw.csv

============================================================
KEEP V = 0.5
============================================================

================================================================================
CIDER N=40 domains=8 WAN=30
================================================================================
mean=25.31s p95=96.55s registry=3081MB peer=25876MB cross=14062MB offload=89.4% scheduler=5662.12ms

Saved: /home/zhjia/FG-DSCR/results/cider_keep_v_sensitivity_20260923_225649/V_0p5/raw.csv

============================================================
KEEP V = 1
============================================================

================================================================================
CIDER N=40 domains=8 WAN=30
================================================================================
mean=25.31s p95=96.55s registry=3081MB peer=25876MB cross=14062MB offload=89.4% scheduler=5613.11ms

Saved: /home/zhjia/FG-DSCR/results/cider_keep_v_sensitivity_20260923_225649/V_1/raw.csv

============================================================
KEEP V = 2
============================================================

================================================================================
CIDER N=40 domains=8 WAN=30
================================================================================
mean=25.31s p95=96.55s registry=3081MB peer=25876MB cross=14062MB offload=89.4% scheduler=5629.04ms

Saved: /home/zhjia/FG-DSCR/results/cider_keep_v_sensitivity_20260923_225649/V_2/raw.csv

============================================================
KEEP V = 4
============================================================

================================================================================
CIDER N=40 domains=8 WAN=30
================================================================================
mean=25.31s p95=96.55s registry=3081MB peer=25876MB cross=14062MB offload=89.4% scheduler=5706.44ms

Saved: /home/zhjia/FG-DSCR/results/cider_keep_v_sensitivity_20260923_225649/V_4/raw.csv

============================================================
KEEP V = 8
============================================================

================================================================================
CIDER N=40 domains=8 WAN=30
================================================================================
mean=25.31s p95=96.55s registry=3081MB peer=25876MB cross=14062MB offload=89.4% scheduler=5704.96ms

Saved: /home/zhjia/FG-DSCR/results/cider_keep_v_sensitivity_20260923_225649/V_8/raw.csv

============================================================
KEEP V SWEEP FINISHED
============================================================
