{
  "algo": "ORR-inspired-LGreedy",
  "num_containers": 200,
  "num_scheduled_containers": 94,
  "num_assigned": 94,
  "ca_triggered": 106,
  "ca_rate": 0.53,
  "ca_penalty": 530.0,
  "lambda_ca": 1000.0,
  "num_nodes": 8,
  "ACT": 122.37127659574472,
  "AMS": 257.0375,
  "downloaded_mb": 14263,
  "reused_mb": 32586,
  "reuse_rate": 0.6955538005080151,
  "objective_without_ca_penalty": 189.70438829787236,
  "objective_ca": 719.7043882978724,
  "objective": 719.7043882978724,
  "prefetch_mb": 0,
  "count_prefetch_in_downloaded": false
}
