{
  "summary": {
    "algo": "FG-DSCR-GC-OnlineNorm-Optuna",
    "num_containers": 300,
    "num_nodes": 8,
    "ACT": 452.19918055555553,
    "AMS": 890.9203124999999,
    "downloaded_mb": 132937,
    "reused_mb": 23327,
    "reuse_rate": 0.1492794245635591,
    "objective": 671.5597465277777
  },
  "assignment": {
    "edge-1": [
      "c296",
      "c049",
      "c198",
      "c297",
      "c240",
      "c012",
      "c200",
      "c154",
      "c153",
      "c140",
      "c291",
      "c059",
      "c215",
      "c094",
      "c213",
      "c127",
      "c173",
      "c176",
      "c234",
      "c232",
      "c002",
      "c194",
      "c137",
      "c081",
      "c119",
      "c216",
      "c128",
      "c089",
      "c131",
      "c222",
      "c147",
      "c229",
      "c233",
      "c253",
      "c091",
      "c022",
      "c028",
      "c265"
    ],
    "edge-2": [
      "c112",
      "c294",
      "c205",
      "c009",
      "c189",
      "c283",
      "c148",
      "c046",
      "c111",
      "c123",
      "c106",
      "c092",
      "c290",
      "c118",
      "c060",
      "c288",
      "c035",
      "c212",
      "c040",
      "c117",
      "c004",
      "c045",
      "c263",
      "c258",
      "c104",
      "c027",
      "c099",
      "c299",
      "c249",
      "c248",
      "c029",
      "c239",
      "c159",
      "c044",
      "c211",
      "c185"
    ],
    "edge-3": [
      "c169",
      "c062",
      "c005",
      "c230",
      "c281",
      "c183",
      "c020",
      "c196",
      "c271",
      "c120",
      "c072",
      "c082",
      "c110",
      "c144",
      "c224",
      "c243",
      "c178",
      "c289",
      "c231",
      "c182",
      "c192",
      "c269",
      "c124",
      "c186",
      "c225",
      "c197",
      "c201",
      "c075",
      "c036",
      "c025",
      "c170",
      "c145",
      "c156",
      "c245",
      "c199"
    ],
    "edge-4": [
      "c043",
      "c155",
      "c101",
      "c260",
      "c015",
      "c175",
      "c272",
      "c203",
      "c109",
      "c042",
      "c195",
      "c103",
      "c282",
      "c052",
      "c038",
      "c188",
      "c204",
      "c069",
      "c227",
      "c286",
      "c162",
      "c210",
      "c034",
      "c209",
      "c039",
      "c190",
      "c067",
      "c076",
      "c018",
      "c077",
      "c141",
      "c055",
      "c070",
      "c048",
      "c006",
      "c102",
      "c136",
      "c143"
    ],
    "edge-5": [
      "c262",
      "c267",
      "c251",
      "c132",
      "c280",
      "c179",
      "c268",
      "c138",
      "c287",
      "c054",
      "c031",
      "c047",
      "c017",
      "c293",
      "c165",
      "c298",
      "c300",
      "c086",
      "c172",
      "c080",
      "c274",
      "c149",
      "c113",
      "c139",
      "c250",
      "c237",
      "c223",
      "c013",
      "c084",
      "c152",
      "c030",
      "c019",
      "c063",
      "c254",
      "c079",
      "c107",
      "c255",
      "c033",
      "c088",
      "c277",
      "c191"
    ],
    "edge-6": [
      "c187",
      "c292",
      "c241",
      "c053",
      "c217",
      "c071",
      "c037",
      "c135",
      "c221",
      "c014",
      "c181",
      "c026",
      "c064",
      "c010",
      "c295",
      "c218",
      "c207",
      "c275",
      "c134",
      "c126",
      "c259",
      "c206",
      "c256",
      "c163",
      "c208",
      "c279",
      "c066",
      "c090",
      "c016",
      "c100",
      "c142",
      "c257",
      "c122",
      "c228",
      "c166",
      "c151",
      "c214",
      "c051",
      "c180",
      "c078"
    ],
    "edge-7": [
      "c003",
      "c220",
      "c285",
      "c041",
      "c129",
      "c083",
      "c171",
      "c264",
      "c177",
      "c247",
      "c236",
      "c246",
      "c226",
      "c202",
      "c024",
      "c023",
      "c273",
      "c125",
      "c133",
      "c074",
      "c150",
      "c098",
      "c061",
      "c011",
      "c007",
      "c115",
      "c001",
      "c085",
      "c167",
      "c193",
      "c242",
      "c008",
      "c114",
      "c174",
      "c266"
    ],
    "edge-8": [
      "c032",
      "c073",
      "c158",
      "c252",
      "c219",
      "c068",
      "c065",
      "c105",
      "c093",
      "c164",
      "c161",
      "c160",
      "c057",
      "c097",
      "c146",
      "c168",
      "c284",
      "c056",
      "c278",
      "c235",
      "c157",
      "c021",
      "c130",
      "c058",
      "c276",
      "c238",
      "c270",
      "c184",
      "c096",
      "c244",
      "c108",
      "c121",
      "c087",
      "c050",
      "c116",
      "c095",
      "c261"
    ]
  },
  "ordered_queues": {
    "edge-1": [
      "c131",
      "c128",
      "c089",
      "c012",
      "c022",
      "c028",
      "c049",
      "c154",
      "c198",
      "c200",
      "c240",
      "c265",
      "c137",
      "c194",
      "c233",
      "c081",
      "c119",
      "c296",
      "c127",
      "c173",
      "c176",
      "c234",
      "c091",
      "c232",
      "c215",
      "c140",
      "c153",
      "c094",
      "c297",
      "c222",
      "c002",
      "c213",
      "c253",
      "c229",
      "c147",
      "c216",
      "c059",
      "c291"
    ],
    "edge-2": [
      "c035",
      "c212",
      "c288",
      "c249",
      "c299",
      "c027",
      "c004",
      "c040",
      "c046",
      "c148",
      "c092",
      "c290",
      "c045",
      "c009",
      "c044",
      "c112",
      "c159",
      "c185",
      "c189",
      "c205",
      "c211",
      "c239",
      "c283",
      "c099",
      "c060",
      "c118",
      "c263",
      "c258",
      "c029",
      "c106",
      "c294",
      "c248",
      "c123",
      "c104",
      "c117",
      "c111"
    ],
    "edge-3": [
      "c144",
      "c178",
      "c224",
      "c243",
      "c145",
      "c075",
      "c005",
      "c062",
      "c156",
      "c169",
      "c183",
      "c199",
      "c230",
      "c197",
      "c201",
      "c186",
      "c225",
      "c245",
      "c036",
      "c231",
      "c289",
      "c124",
      "c269",
      "c082",
      "c110",
      "c182",
      "c072",
      "c020",
      "c281",
      "c192",
      "c170",
      "c025",
      "c120",
      "c196",
      "c271"
    ],
    "edge-4": [
      "c070",
      "c038",
      "c052",
      "c069",
      "c188",
      "c204",
      "c227",
      "c015",
      "c043",
      "c101",
      "c136",
      "c143",
      "c155",
      "c175",
      "c203",
      "c260",
      "c077",
      "c102",
      "c048",
      "c141",
      "c055",
      "c034",
      "c103",
      "c282",
      "c190",
      "c286",
      "c042",
      "c039",
      "c109",
      "c272",
      "c018",
      "c210",
      "c006",
      "c067",
      "c076",
      "c209",
      "c162",
      "c195"
    ],
    "edge-5": [
      "c063",
      "c033",
      "c088",
      "c132",
      "c113",
      "c139",
      "c237",
      "c250",
      "c191",
      "c251",
      "c107",
      "c080",
      "c149",
      "c172",
      "c274",
      "c262",
      "c267",
      "c277",
      "c086",
      "c298",
      "c300",
      "c030",
      "c165",
      "c293",
      "c152",
      "c138",
      "c179",
      "c268",
      "c255",
      "c079",
      "c031",
      "c054",
      "c084",
      "c013",
      "c017",
      "c047",
      "c019",
      "c254",
      "c223",
      "c280",
      "c287"
    ],
    "edge-6": [
      "c207",
      "c218",
      "c010",
      "c295",
      "c259",
      "c275",
      "c064",
      "c181",
      "c037",
      "c135",
      "c026",
      "c051",
      "c053",
      "c071",
      "c078",
      "c151",
      "c166",
      "c180",
      "c187",
      "c214",
      "c066",
      "c090",
      "c279",
      "c217",
      "c241",
      "c122",
      "c208",
      "c016",
      "c126",
      "c228",
      "c257",
      "c142",
      "c100",
      "c134",
      "c292",
      "c256",
      "c163",
      "c206",
      "c014",
      "c221"
    ],
    "edge-7": [
      "c001",
      "c007",
      "c003",
      "c041",
      "c083",
      "c114",
      "c129",
      "c171",
      "c174",
      "c220",
      "c264",
      "c266",
      "c085",
      "c115",
      "c133",
      "c226",
      "c193",
      "c098",
      "c285",
      "c023",
      "c150",
      "c177",
      "c247",
      "c202",
      "c125",
      "c024",
      "c008",
      "c242",
      "c167",
      "c011",
      "c061",
      "c074",
      "c273",
      "c246",
      "c236"
    ],
    "edge-8": [
      "c270",
      "c276",
      "c032",
      "c050",
      "c068",
      "c073",
      "c087",
      "c095",
      "c116",
      "c158",
      "c219",
      "c097",
      "c146",
      "c252",
      "c056",
      "c284",
      "c184",
      "c096",
      "c235",
      "c278",
      "c238",
      "c021",
      "c161",
      "c164",
      "c157",
      "c057",
      "c160",
      "c121",
      "c108",
      "c261",
      "c065",
      "c105",
      "c244",
      "c130",
      "c058",
      "c168",
      "c093"
    ]
  }
}
